Archive member included because of file (symbol)

./Drivers/libgr.a(context.o)  formike128x128x16.o (GrContextInit)
./Drivers/libgr.a(fontcmss12.o)
                              formike128x128x16.o (g_sFontCmss12)
./Drivers/libgr.a(image.o)    formike128x128x16.o (GrImageDraw)
./Drivers/libgr.a(rectangle.o)
                              formike128x128x16.o (GrRectFill)
./Drivers/libgr.a(string.o)   formike128x128x16.o (GrStringDraw)
./Drivers/libgr.a(line.o)     ./Drivers/libgr.a(rectangle.o) (GrLineDrawH)
c:/program files (x86)/codesourcery/sourcery g++ lite/bin/../lib/gcc/arm-none-eabi/4.4.1/../../../../arm-none-eabi/lib/thumb2\libc.a(lib_a-memcmp.o)
                              ../../../Source/tasks.o (memcmp)
c:/program files (x86)/codesourcery/sourcery g++ lite/bin/../lib/gcc/arm-none-eabi/4.4.1/../../../../arm-none-eabi/lib/thumb2\libc.a(lib_a-memcpy.o)
                              ./API/ustdlib.o (memcpy)
c:/program files (x86)/codesourcery/sourcery g++ lite/bin/../lib/gcc/arm-none-eabi/4.4.1/../../../../arm-none-eabi/lib/thumb2\libc.a(lib_a-memset.o)
                              ../../../Source/tasks.o (memset)
c:/program files (x86)/codesourcery/sourcery g++ lite/bin/../lib/gcc/arm-none-eabi/4.4.1/../../../../arm-none-eabi/lib/thumb2\libc.a(lib_a-strcat.o)
                              ../../../Source/tasks.o (strcat)
c:/program files (x86)/codesourcery/sourcery g++ lite/bin/../lib/gcc/arm-none-eabi/4.4.1/../../../../arm-none-eabi/lib/thumb2\libc.a(lib_a-strcpy.o)
                              c:/program files (x86)/codesourcery/sourcery g++ lite/bin/../lib/gcc/arm-none-eabi/4.4.1/../../../../arm-none-eabi/lib/thumb2\libc.a(lib_a-strcat.o) (strcpy)
c:/program files (x86)/codesourcery/sourcery g++ lite/bin/../lib/gcc/arm-none-eabi/4.4.1/../../../../arm-none-eabi/lib/thumb2\libc.a(lib_a-strlen.o)
                              formike128x128x16.o (strlen)
c:/program files (x86)/codesourcery/sourcery g++ lite/bin/../lib/gcc/arm-none-eabi/4.4.1/../../../../arm-none-eabi/lib/thumb2\libc.a(lib_a-strncpy.o)
                              ./API/ustdlib.o (strncpy)

Allocating common symbols
Common symbol       size              file

xOLEDQueue          0x4               main.o
xQueueRegistry      0x50              ../../../Source/queue.o

Memory Configuration

Name             Origin             Length             Attributes
FLASH            0x00000000         0x00040000         xr
SRAM             0x20000000         0x00010000         xrw
*default*        0x00000000         0xffffffff

Linker script and memory map

LOAD ./Drivers/adc.o
LOAD ./Drivers/can.o
LOAD ./Drivers/comp.o
LOAD ./Drivers/cpu.o
LOAD ./Drivers/epi.o
LOAD ./Drivers/ethernet.o
LOAD ./Drivers/flash.o
LOAD ./Drivers/gpio.o
LOAD ./Drivers/hibernate.o
LOAD ./Drivers/i2c.o
LOAD ./Drivers/i2s.o
LOAD ./Drivers/interrupt.o
LOAD ./Drivers/mpu.o
LOAD ./Drivers/pwm.o
LOAD ./Drivers/qei.o
LOAD ./Drivers/ssi.o
LOAD ./Drivers/sysctl.o
LOAD ./Drivers/systick.o
LOAD ./Drivers/timer.o
LOAD ./Drivers/uart.o
LOAD ./Drivers/udma.o
LOAD ./Drivers/usb.o
LOAD ./Drivers/watchdog.o
LOAD ./API/led.o
LOAD ./API/comport.o
LOAD ./API/buttons.o
LOAD ./API/ustdlib.o
LOAD main.o
LOAD rit128x96x4.o
LOAD osram128x64x4.o
LOAD formike128x128x16.o
LOAD ../../../Source/list.o
LOAD ../../../Source/queue.o
LOAD ../../../Source/tasks.o
LOAD ../../../Source/portable/GCC/ARM_CM3/port.o
LOAD ../../../Source/portable/MemMang/heap_2.o
LOAD startup.o
LOAD ./Drivers/libgr.a
START GROUP
LOAD c:/program files (x86)/codesourcery/sourcery g++ lite/bin/../lib/gcc/arm-none-eabi/4.4.1/thumb2\libgcc.a
LOAD c:/program files (x86)/codesourcery/sourcery g++ lite/bin/../lib/gcc/arm-none-eabi/4.4.1/../../../../arm-none-eabi/lib/thumb2\libc.a
END GROUP

.text           0x00000000    0x122fc
 *(.isr_vector)
 .isr_vector    0x00000000       0xf0 startup.o
                0x00000000                g_pfnVectors
 *(.text*)
 .text          0x000000f0        0x0 ./Drivers/adc.o
 .text.ADCIntRegister
                0x000000f0       0x2c ./Drivers/adc.o
                0x000000f0                ADCIntRegister
 .text.ADCIntUnregister
                0x0000011c       0x28 ./Drivers/adc.o
                0x0000011c                ADCIntUnregister
 .text.ADCIntDisable
                0x00000144       0x38 ./Drivers/adc.o
                0x00000144                ADCIntDisable
 .text.ADCIntEnable
                0x0000017c       0x44 ./Drivers/adc.o
                0x0000017c                ADCIntEnable
 .text.ADCIntStatus
                0x000001c0       0x80 ./Drivers/adc.o
                0x000001c0                ADCIntStatus
 .text.ADCIntClear
                0x00000240       0x28 ./Drivers/adc.o
                0x00000240                ADCIntClear
 .text.ADCSequenceEnable
                0x00000268       0x2c ./Drivers/adc.o
                0x00000268                ADCSequenceEnable
 .text.ADCSequenceDisable
                0x00000294       0x30 ./Drivers/adc.o
                0x00000294                ADCSequenceDisable
 .text.ADCSequenceConfigure
                0x000002c4       0x84 ./Drivers/adc.o
                0x000002c4                ADCSequenceConfigure
 .text.ADCSequenceStepConfigure
                0x00000348      0x130 ./Drivers/adc.o
                0x00000348                ADCSequenceStepConfigure
 .text.ADCSequenceOverflow
                0x00000478       0x2c ./Drivers/adc.o
                0x00000478                ADCSequenceOverflow
 .text.ADCSequenceOverflowClear
                0x000004a4       0x28 ./Drivers/adc.o
                0x000004a4                ADCSequenceOverflowClear
 .text.ADCSequenceUnderflow
                0x000004cc       0x2c ./Drivers/adc.o
                0x000004cc                ADCSequenceUnderflow
 .text.ADCSequenceUnderflowClear
                0x000004f8       0x28 ./Drivers/adc.o
                0x000004f8                ADCSequenceUnderflowClear
 .text.ADCSequenceDataGet
                0x00000520       0x64 ./Drivers/adc.o
                0x00000520                ADCSequenceDataGet
 .text.ADCProcessorTrigger
                0x00000584       0x3c ./Drivers/adc.o
                0x00000584                ADCProcessorTrigger
 .text.ADCSoftwareOversampleConfigure
                0x000005c0       0x4c ./Drivers/adc.o
                0x000005c0                ADCSoftwareOversampleConfigure
 .text.ADCSoftwareOversampleStepConfigure
                0x0000060c       0xfc ./Drivers/adc.o
                0x0000060c                ADCSoftwareOversampleStepConfigure
 .text.ADCSoftwareOversampleDataGet
                0x00000708       0x9c ./Drivers/adc.o
                0x00000708                ADCSoftwareOversampleDataGet
 .text.ADCHardwareOversampleConfigure
                0x000007a4       0x44 ./Drivers/adc.o
                0x000007a4                ADCHardwareOversampleConfigure
 .text.ADCComparatorConfigure
                0x000007e8       0x28 ./Drivers/adc.o
                0x000007e8                ADCComparatorConfigure
 .text.ADCComparatorRegionSet
                0x00000810       0x34 ./Drivers/adc.o
                0x00000810                ADCComparatorRegionSet
 .text.ADCComparatorReset
                0x00000844       0x5c ./Drivers/adc.o
                0x00000844                ADCComparatorReset
 .text.ADCComparatorIntDisable
                0x000008a0       0x38 ./Drivers/adc.o
                0x000008a0                ADCComparatorIntDisable
 .text.ADCComparatorIntEnable
                0x000008d8       0x34 ./Drivers/adc.o
                0x000008d8                ADCComparatorIntEnable
 .text.ADCComparatorIntStatus
                0x0000090c       0x1c ./Drivers/adc.o
                0x0000090c                ADCComparatorIntStatus
 .text.ADCComparatorIntClear
                0x00000928       0x20 ./Drivers/adc.o
                0x00000928                ADCComparatorIntClear
 .text.ADCReferenceSet
                0x00000948       0x30 ./Drivers/adc.o
                0x00000948                ADCReferenceSet
 .text.ADCReferenceGet
                0x00000978       0x20 ./Drivers/adc.o
                0x00000978                ADCReferenceGet
 .text.ADCPhaseDelaySet
                0x00000998       0x20 ./Drivers/adc.o
                0x00000998                ADCPhaseDelaySet
 .text.ADCPhaseDelayGet
                0x000009b8       0x1c ./Drivers/adc.o
                0x000009b8                ADCPhaseDelayGet
 .text          0x000009d4        0x0 ./Drivers/can.o
 .text.CANIntNumberGet
                0x000009d4       0x5c ./Drivers/can.o
 .text.CANRegRead
                0x00000a30       0x80 ./Drivers/can.o
 .text.CANRegWrite
                0x00000ab0       0x30 ./Drivers/can.o
 .text.CANDataRegWrite
                0x00000ae0       0x6c ./Drivers/can.o
 .text.CANDataRegRead
                0x00000b4c       0x6c ./Drivers/can.o
 .text.CANInit  0x00000bb8       0xf4 ./Drivers/can.o
                0x00000bb8                CANInit
 .text.CANEnable
                0x00000cac       0x24 ./Drivers/can.o
                0x00000cac                CANEnable
 .text.CANDisable
                0x00000cd0       0x24 ./Drivers/can.o
                0x00000cd0                CANDisable
 .text.CANBitTimingGet
                0x00000cf4       0x80 ./Drivers/can.o
                0x00000cf4                CANBitTimingGet
 .text.CANBitRateSet
                0x00000d74      0x100 ./Drivers/can.o
                0x00000d74                CANBitRateSet
 .text.CANBitTimingSet
                0x00000e74       0xd0 ./Drivers/can.o
                0x00000e74                CANBitTimingSet
 .text.CANIntRegister
                0x00000f44       0x2c ./Drivers/can.o
                0x00000f44                CANIntRegister
 .text.CANIntUnregister
                0x00000f70       0x28 ./Drivers/can.o
                0x00000f70                CANIntUnregister
 .text.CANIntEnable
                0x00000f98       0x28 ./Drivers/can.o
                0x00000f98                CANIntEnable
 .text.CANIntDisable
                0x00000fc0       0x2c ./Drivers/can.o
                0x00000fc0                CANIntDisable
 .text.CANIntStatus
                0x00000fec       0x70 ./Drivers/can.o
                0x00000fec                CANIntStatus
 .text.CANIntClear
                0x0000105c       0x78 ./Drivers/can.o
                0x0000105c                CANIntClear
 .text.CANRetrySet
                0x000010d4       0x40 ./Drivers/can.o
                0x000010d4                CANRetrySet
 .text.CANRetryGet
                0x00001114       0x2c ./Drivers/can.o
                0x00001114                CANRetryGet
 .text.CANStatusGet
                0x00001140       0xe0 ./Drivers/can.o
                0x00001140                CANStatusGet
 .text.CANErrCntrGet
                0x00001220       0x54 ./Drivers/can.o
                0x00001220                CANErrCntrGet
 .text.CANMessageSet
                0x00001274      0x2ec ./Drivers/can.o
                0x00001274                CANMessageSet
 .text.CANMessageGet
                0x00001560      0x2bc ./Drivers/can.o
                0x00001560                CANMessageGet
 .text.CANMessageClear
                0x0000181c       0x6c ./Drivers/can.o
                0x0000181c                CANMessageClear
 .text          0x00001888        0x0 ./Drivers/comp.o
 .text.ComparatorConfigure
                0x00001888       0x28 ./Drivers/comp.o
                0x00001888                ComparatorConfigure
 .text.ComparatorRefSet
                0x000018b0       0x20 ./Drivers/comp.o
                0x000018b0                ComparatorRefSet
 .text.ComparatorValueGet
                0x000018d0       0x38 ./Drivers/comp.o
                0x000018d0                ComparatorValueGet
 .text.ComparatorIntRegister
                0x00001908       0x4c ./Drivers/comp.o
                0x00001908                ComparatorIntRegister
 .text.ComparatorIntUnregister
                0x00001954       0x4c ./Drivers/comp.o
                0x00001954                ComparatorIntUnregister
 .text.ComparatorIntEnable
                0x000019a0       0x34 ./Drivers/comp.o
                0x000019a0                ComparatorIntEnable
 .text.ComparatorIntDisable
                0x000019d4       0x38 ./Drivers/comp.o
                0x000019d4                ComparatorIntDisable
 .text.ComparatorIntStatus
                0x00001a0c       0x48 ./Drivers/comp.o
                0x00001a0c                ComparatorIntStatus
 .text.ComparatorIntClear
                0x00001a54       0x24 ./Drivers/comp.o
                0x00001a54                ComparatorIntClear
 .text          0x00001a78        0x0 ./Drivers/cpu.o
 .text.CPUcpsid
                0x00001a78        0xc ./Drivers/cpu.o
                0x00001a78                CPUcpsid
 .text.CPUcpsie
                0x00001a84        0xc ./Drivers/cpu.o
                0x00001a84                CPUcpsie
 .text.CPUwfi   0x00001a90        0x4 ./Drivers/cpu.o
                0x00001a90                CPUwfi
 .text          0x00001a94        0x0 ./Drivers/epi.o
 .text.EPIModeSet
                0x00001a94       0x1c ./Drivers/epi.o
                0x00001a94                EPIModeSet
 .text.EPIDividerSet
                0x00001ab0       0x20 ./Drivers/epi.o
                0x00001ab0                EPIDividerSet
 .text.EPIConfigSDRAMSet
                0x00001ad0       0x3c ./Drivers/epi.o
                0x00001ad0                EPIConfigSDRAMSet
 .text.EPIConfigHB8Set
                0x00001b0c       0x7c ./Drivers/epi.o
                0x00001b0c                EPIConfigHB8Set
 .text.EPIConfigGPModeSet
                0x00001b88       0x6c ./Drivers/epi.o
                0x00001b88                EPIConfigGPModeSet
 .text.EPIAddressMapSet
                0x00001bf4       0x20 ./Drivers/epi.o
                0x00001bf4                EPIAddressMapSet
 .text.EPINonBlockingReadConfigure
                0x00001c14       0x3c ./Drivers/epi.o
                0x00001c14                EPINonBlockingReadConfigure
 .text.EPINonBlockingReadStart
                0x00001c50       0x2c ./Drivers/epi.o
                0x00001c50                EPINonBlockingReadStart
 .text.EPINonBlockingReadStop
                0x00001c7c       0x2c ./Drivers/epi.o
                0x00001c7c                EPINonBlockingReadStop
 .text.EPINonBlockingReadCount
                0x00001ca8       0x2c ./Drivers/epi.o
                0x00001ca8                EPINonBlockingReadCount
 .text.EPINonBlockingReadAvail
                0x00001cd4       0x1c ./Drivers/epi.o
                0x00001cd4                EPINonBlockingReadAvail
 .text.EPINonBlockingReadGet32
                0x00001cf0       0x64 ./Drivers/epi.o
                0x00001cf0                EPINonBlockingReadGet32
 .text.EPINonBlockingReadGet16
                0x00001d54       0x64 ./Drivers/epi.o
                0x00001d54                EPINonBlockingReadGet16
 .text.EPINonBlockingReadGet8
                0x00001db8       0x64 ./Drivers/epi.o
                0x00001db8                EPINonBlockingReadGet8
 .text.EPIFIFOConfig
                0x00001e1c       0x20 ./Drivers/epi.o
                0x00001e1c                EPIFIFOConfig
 .text.EPIWriteFIFOCountGet
                0x00001e3c       0x1c ./Drivers/epi.o
                0x00001e3c                EPIWriteFIFOCountGet
 .text.EPIIntEnable
                0x00001e58       0x2c ./Drivers/epi.o
                0x00001e58                EPIIntEnable
 .text.EPIIntDisable
                0x00001e84       0x30 ./Drivers/epi.o
                0x00001e84                EPIIntDisable
 .text.EPIIntStatus
                0x00001eb4       0x30 ./Drivers/epi.o
                0x00001eb4                EPIIntStatus
 .text.EPIIntErrorStatus
                0x00001ee4       0x1c ./Drivers/epi.o
                0x00001ee4                EPIIntErrorStatus
 .text.EPIIntErrorClear
                0x00001f00       0x20 ./Drivers/epi.o
                0x00001f00                EPIIntErrorClear
 .text.EPIIntRegister
                0x00001f20       0x24 ./Drivers/epi.o
                0x00001f20                EPIIntRegister
 .text.EPIIntUnregister
                0x00001f44       0x20 ./Drivers/epi.o
                0x00001f44                EPIIntUnregister
 .text          0x00001f64        0x0 ./Drivers/ethernet.o
 .text.EthernetInitExpClk
                0x00001f64       0x38 ./Drivers/ethernet.o
                0x00001f64                EthernetInitExpClk
 .text.EthernetConfigSet
                0x00001f9c       0x9c ./Drivers/ethernet.o
                0x00001f9c                EthernetConfigSet
 .text.EthernetConfigGet
                0x00002038       0x50 ./Drivers/ethernet.o
                0x00002038                EthernetConfigGet
 .text.EthernetMACAddrSet
                0x00002088       0x88 ./Drivers/ethernet.o
                0x00002088                EthernetMACAddrSet
 .text.EthernetMACAddrGet
                0x00002110       0x84 ./Drivers/ethernet.o
                0x00002110                EthernetMACAddrGet
 .text.EthernetEnable
                0x00002194       0x64 ./Drivers/ethernet.o
                0x00002194                EthernetEnable
 .text.EthernetDisable
                0x000021f8       0x64 ./Drivers/ethernet.o
                0x000021f8                EthernetDisable
 .text.EthernetPacketAvail
                0x0000225c       0x28 ./Drivers/ethernet.o
                0x0000225c                EthernetPacketAvail
 .text.EthernetSpaceAvail
                0x00002284       0x30 ./Drivers/ethernet.o
                0x00002284                EthernetSpaceAvail
 .text.EthernetPacketGetInternal
                0x000022b4      0x1b4 ./Drivers/ethernet.o
 .text.EthernetPacketGetNonBlocking
                0x00002468       0x38 ./Drivers/ethernet.o
                0x00002468                EthernetPacketGetNonBlocking
 .text.EthernetPacketGet
                0x000024a0       0x34 ./Drivers/ethernet.o
                0x000024a0                EthernetPacketGet
 .text.EthernetPacketPutInternal
                0x000024d4      0x188 ./Drivers/ethernet.o
 .text.EthernetPacketPutNonBlocking
                0x0000265c       0x3c ./Drivers/ethernet.o
                0x0000265c                EthernetPacketPutNonBlocking
 .text.EthernetPacketPut
                0x00002698       0x34 ./Drivers/ethernet.o
                0x00002698                EthernetPacketPut
 .text.EthernetIntRegister
                0x000026cc       0x24 ./Drivers/ethernet.o
                0x000026cc                EthernetIntRegister
 .text.EthernetIntUnregister
                0x000026f0       0x20 ./Drivers/ethernet.o
                0x000026f0                EthernetIntUnregister
 .text.EthernetIntEnable
                0x00002710       0x2c ./Drivers/ethernet.o
                0x00002710                EthernetIntEnable
 .text.EthernetIntDisable
                0x0000273c       0x30 ./Drivers/ethernet.o
                0x0000273c                EthernetIntDisable
 .text.EthernetIntStatus
                0x0000276c       0x38 ./Drivers/ethernet.o
                0x0000276c                EthernetIntStatus
 .text.EthernetIntClear
                0x000027a4       0x1c ./Drivers/ethernet.o
                0x000027a4                EthernetIntClear
 .text.EthernetPHYWrite
                0x000027c0       0x68 ./Drivers/ethernet.o
                0x000027c0                EthernetPHYWrite
 .text.EthernetPHYRead
                0x00002828       0x64 ./Drivers/ethernet.o
                0x00002828                EthernetPHYRead
 .text          0x0000288c        0x0 ./Drivers/flash.o
 .text.FlashUsecGet
                0x0000288c       0x1c ./Drivers/flash.o
                0x0000288c                FlashUsecGet
 .text.FlashUsecSet
                0x000028a8       0x24 ./Drivers/flash.o
                0x000028a8                FlashUsecSet
 .text.FlashErase
                0x000028cc       0x70 ./Drivers/flash.o
                0x000028cc                FlashErase
 .text.FlashProgram
                0x0000293c      0x144 ./Drivers/flash.o
                0x0000293c                FlashProgram
 .text.FlashProtectGet
                0x00002a80       0xfc ./Drivers/flash.o
                0x00002a80                FlashProtectGet
 .text.FlashProtectSet
                0x00002b7c      0x20c ./Drivers/flash.o
                0x00002b7c                FlashProtectSet
 .text.FlashProtectSave
                0x00002d88       0x98 ./Drivers/flash.o
                0x00002d88                FlashProtectSave
 .text.FlashUserGet
                0x00002e20       0x6c ./Drivers/flash.o
                0x00002e20                FlashUserGet
 .text.FlashUserSet
                0x00002e8c       0x68 ./Drivers/flash.o
                0x00002e8c                FlashUserSet
 .text.FlashUserSave
                0x00002ef4       0xac ./Drivers/flash.o
                0x00002ef4                FlashUserSave
 .text.FlashIntRegister
                0x00002fa0       0x24 ./Drivers/flash.o
                0x00002fa0                FlashIntRegister
 .text.FlashIntUnregister
                0x00002fc4       0x18 ./Drivers/flash.o
                0x00002fc4                FlashIntUnregister
 .text.FlashIntEnable
                0x00002fdc       0x2c ./Drivers/flash.o
                0x00002fdc                FlashIntEnable
 .text.FlashIntDisable
                0x00003008       0x30 ./Drivers/flash.o
                0x00003008                FlashIntDisable
 .text.FlashIntStatus
                0x00003038       0x34 ./Drivers/flash.o
                0x00003038                FlashIntStatus
 .text.FlashIntClear
                0x0000306c       0x20 ./Drivers/flash.o
                0x0000306c                FlashIntClear
 .text          0x0000308c        0x0 ./Drivers/gpio.o
 .text.GPIOGetIntNumber
                0x0000308c      0x198 ./Drivers/gpio.o
 .text.GPIODirModeSet
                0x00003224       0x88 ./Drivers/gpio.o
                0x00003224                GPIODirModeSet
 .text.GPIODirModeGet
                0x000032ac       0x64 ./Drivers/gpio.o
                0x000032ac                GPIODirModeGet
 .text.GPIOIntTypeSet
                0x00003310       0xd4 ./Drivers/gpio.o
                0x00003310                GPIOIntTypeSet
 .text.GPIOIntTypeGet
                0x000033e4       0x90 ./Drivers/gpio.o
                0x000033e4                GPIOIntTypeGet
 .text.GPIOPadConfigSet
                0x00003474      0x230 ./Drivers/gpio.o
                0x00003474                GPIOPadConfigSet
 .text.GPIOPadConfigGet
                0x000036a4      0x150 ./Drivers/gpio.o
                0x000036a4                GPIOPadConfigGet
 .text.GPIOPinIntEnable
                0x000037f4       0x2c ./Drivers/gpio.o
                0x000037f4                GPIOPinIntEnable
 .text.GPIOPinIntDisable
                0x00003820       0x30 ./Drivers/gpio.o
                0x00003820                GPIOPinIntDisable
 .text.GPIOPinIntStatus
                0x00003850       0x34 ./Drivers/gpio.o
                0x00003850                GPIOPinIntStatus
 .text.GPIOPinIntClear
                0x00003884       0x24 ./Drivers/gpio.o
                0x00003884                GPIOPinIntClear
 .text.GPIOPortIntRegister
                0x000038a8       0x2c ./Drivers/gpio.o
                0x000038a8                GPIOPortIntRegister
 .text.GPIOPortIntUnregister
                0x000038d4       0x28 ./Drivers/gpio.o
                0x000038d4                GPIOPortIntUnregister
 .text.GPIOPinRead
                0x000038fc       0x28 ./Drivers/gpio.o
                0x000038fc                GPIOPinRead
 .text.GPIOPinWrite
                0x00003924       0x2c ./Drivers/gpio.o
                0x00003924                GPIOPinWrite
 .text.GPIOPinTypeADC
                0x00003950       0x34 ./Drivers/gpio.o
                0x00003950                GPIOPinTypeADC
 .text.GPIOPinTypeCAN
                0x00003984       0x34 ./Drivers/gpio.o
                0x00003984                GPIOPinTypeCAN
 .text.GPIOPinTypeComparator
                0x000039b8       0x34 ./Drivers/gpio.o
                0x000039b8                GPIOPinTypeComparator
 .text.GPIOPinTypeGPIOInput
                0x000039ec       0x34 ./Drivers/gpio.o
                0x000039ec                GPIOPinTypeGPIOInput
 .text.GPIOPinTypeGPIOOutput
                0x00003a20       0x34 ./Drivers/gpio.o
                0x00003a20                GPIOPinTypeGPIOOutput
 .text.GPIOPinTypeGPIOOutputOD
                0x00003a54       0x34 ./Drivers/gpio.o
                0x00003a54                GPIOPinTypeGPIOOutputOD
 .text.GPIOPinTypeI2C
                0x00003a88       0x34 ./Drivers/gpio.o
                0x00003a88                GPIOPinTypeI2C
 .text.GPIOPinTypePWM
                0x00003abc       0x34 ./Drivers/gpio.o
                0x00003abc                GPIOPinTypePWM
 .text.GPIOPinTypeQEI
                0x00003af0       0x34 ./Drivers/gpio.o
                0x00003af0                GPIOPinTypeQEI
 .text.GPIOPinTypeSSI
                0x00003b24       0x34 ./Drivers/gpio.o
                0x00003b24                GPIOPinTypeSSI
 .text.GPIOPinTypeTimer
                0x00003b58       0x34 ./Drivers/gpio.o
                0x00003b58                GPIOPinTypeTimer
 .text.GPIOPinTypeUART
                0x00003b8c       0x34 ./Drivers/gpio.o
                0x00003b8c                GPIOPinTypeUART
 .text.GPIOPinTypeUSBDigital
                0x00003bc0       0x34 ./Drivers/gpio.o
                0x00003bc0                GPIOPinTypeUSBDigital
 .text.GPIOPinTypeUSBAnalog
                0x00003bf4       0x34 ./Drivers/gpio.o
                0x00003bf4                GPIOPinTypeUSBAnalog
 .text.GPIOPinTypeI2S
                0x00003c28       0x34 ./Drivers/gpio.o
                0x00003c28                GPIOPinTypeI2S
 .text.GPIOPinTypeEthernetLED
                0x00003c5c       0x34 ./Drivers/gpio.o
                0x00003c5c                GPIOPinTypeEthernetLED
 .text.GPIOPinTypeEPI
                0x00003c90       0x34 ./Drivers/gpio.o
                0x00003c90                GPIOPinTypeEPI
 .text.GPIOPinConfigure
                0x00003cc4       0xb0 ./Drivers/gpio.o
                0x00003cc4                GPIOPinConfigure
 .text          0x00003d74        0x0 ./Drivers/hibernate.o
 .text.HibernateWriteComplete
                0x00003d74       0x18 ./Drivers/hibernate.o
                0x00003d74                HibernateWriteComplete
 .text.HibernateEnableExpClk
                0x00003d8c       0xa0 ./Drivers/hibernate.o
                0x00003d8c                HibernateEnableExpClk
 .text.HibernateDisable
                0x00003e2c       0x24 ./Drivers/hibernate.o
                0x00003e2c                HibernateDisable
 .text.HibernateClockSelect
                0x00003e50       0x30 ./Drivers/hibernate.o
                0x00003e50                HibernateClockSelect
 .text.HibernateRTCEnable
                0x00003e80       0x24 ./Drivers/hibernate.o
                0x00003e80                HibernateRTCEnable
 .text.HibernateRTCDisable
                0x00003ea4       0x24 ./Drivers/hibernate.o
                0x00003ea4                HibernateRTCDisable
 .text.HibernateWakeSet
                0x00003ec8       0x30 ./Drivers/hibernate.o
                0x00003ec8                HibernateWakeSet
 .text.HibernateWakeGet
                0x00003ef8       0x1c ./Drivers/hibernate.o
                0x00003ef8                HibernateWakeGet
 .text.HibernateLowBatSet
                0x00003f14       0x30 ./Drivers/hibernate.o
                0x00003f14                HibernateLowBatSet
 .text.HibernateLowBatGet
                0x00003f44       0x1c ./Drivers/hibernate.o
                0x00003f44                HibernateLowBatGet
 .text.HibernateRTCSet
                0x00003f60       0x54 ./Drivers/hibernate.o
                0x00003f60                HibernateRTCSet
 .text.HibernateRTCGet
                0x00003fb4       0x18 ./Drivers/hibernate.o
                0x00003fb4                HibernateRTCGet
 .text.HibernateRTCMatch0Set
                0x00003fcc       0x54 ./Drivers/hibernate.o
                0x00003fcc                HibernateRTCMatch0Set
 .text.HibernateRTCMatch0Get
                0x00004020       0x18 ./Drivers/hibernate.o
                0x00004020                HibernateRTCMatch0Get
 .text.HibernateRTCMatch1Set
                0x00004038       0x54 ./Drivers/hibernate.o
                0x00004038                HibernateRTCMatch1Set
 .text.HibernateRTCMatch1Get
                0x0000408c       0x18 ./Drivers/hibernate.o
                0x0000408c                HibernateRTCMatch1Get
 .text.HibernateRTCTrimSet
                0x000040a4       0x54 ./Drivers/hibernate.o
                0x000040a4                HibernateRTCTrimSet
 .text.HibernateRTCTrimGet
                0x000040f8       0x18 ./Drivers/hibernate.o
                0x000040f8                HibernateRTCTrimGet
 .text.HibernateDataSet
                0x00004110       0x80 ./Drivers/hibernate.o
                0x00004110                HibernateDataSet
 .text.HibernateDataGet
                0x00004190       0x4c ./Drivers/hibernate.o
                0x00004190                HibernateDataGet
 .text.HibernateRequest
                0x000041dc       0x24 ./Drivers/hibernate.o
                0x000041dc                HibernateRequest
 .text.HibernateIntEnable
                0x00004200       0x2c ./Drivers/hibernate.o
                0x00004200                HibernateIntEnable
 .text.HibernateIntDisable
                0x0000422c       0x30 ./Drivers/hibernate.o
                0x0000422c                HibernateIntDisable
 .text.HibernateIntRegister
                0x0000425c       0x24 ./Drivers/hibernate.o
                0x0000425c                HibernateIntRegister
 .text.HibernateIntUnregister
                0x00004280       0x18 ./Drivers/hibernate.o
                0x00004280                HibernateIntUnregister
 .text.HibernateIntStatus
                0x00004298       0x3c ./Drivers/hibernate.o
                0x00004298                HibernateIntStatus
 .text.HibernateIntClear
                0x000042d4       0x2c ./Drivers/hibernate.o
                0x000042d4                HibernateIntClear
 .text.HibernateIsActive
                0x00004300       0x24 ./Drivers/hibernate.o
                0x00004300                HibernateIsActive
 .text          0x00004324        0x0 ./Drivers/i2c.o
 .text.I2CMasterInitExpClk
                0x00004324       0x74 ./Drivers/i2c.o
                0x00004324                I2CMasterInitExpClk
 .text.I2CSlaveInit
                0x00004398       0x20 ./Drivers/i2c.o
                0x00004398                I2CSlaveInit
 .text.I2CMasterEnable
                0x000043b8       0x28 ./Drivers/i2c.o
                0x000043b8                I2CMasterEnable
 .text.I2CSlaveEnable
                0x000043e0       0x34 ./Drivers/i2c.o
                0x000043e0                I2CSlaveEnable
 .text.I2CMasterDisable
                0x00004414       0x28 ./Drivers/i2c.o
                0x00004414                I2CMasterDisable
 .text.I2CSlaveDisable
                0x0000443c       0x34 ./Drivers/i2c.o
                0x0000443c                I2CSlaveDisable
 .text.I2CIntRegister
                0x00004470       0x3c ./Drivers/i2c.o
                0x00004470                I2CIntRegister
 .text.I2CIntUnregister
                0x000044ac       0x38 ./Drivers/i2c.o
                0x000044ac                I2CIntUnregister
 .text.I2CMasterIntEnable
                0x000044e4       0x20 ./Drivers/i2c.o
                0x000044e4                I2CMasterIntEnable
 .text.I2CSlaveIntEnable
                0x00004504       0x28 ./Drivers/i2c.o
                0x00004504                I2CSlaveIntEnable
 .text.I2CSlaveIntEnableEx
                0x0000452c       0x2c ./Drivers/i2c.o
                0x0000452c                I2CSlaveIntEnableEx
 .text.I2CMasterIntDisable
                0x00004558       0x20 ./Drivers/i2c.o
                0x00004558                I2CMasterIntDisable
 .text.I2CSlaveIntDisable
                0x00004578       0x28 ./Drivers/i2c.o
                0x00004578                I2CSlaveIntDisable
 .text.I2CSlaveIntDisableEx
                0x000045a0       0x30 ./Drivers/i2c.o
                0x000045a0                I2CSlaveIntDisableEx
 .text.I2CMasterIntStatus
                0x000045d0       0x40 ./Drivers/i2c.o
                0x000045d0                I2CMasterIntStatus
 .text.I2CSlaveIntStatus
                0x00004610       0x40 ./Drivers/i2c.o
                0x00004610                I2CSlaveIntStatus
 .text.I2CSlaveIntStatusEx
                0x00004650       0x84 ./Drivers/i2c.o
                0x00004650                I2CSlaveIntStatusEx
 .text.I2CMasterIntClear
                0x000046d4       0x2c ./Drivers/i2c.o
                0x000046d4                I2CMasterIntClear
 .text.I2CSlaveIntClear
                0x00004700       0x20 ./Drivers/i2c.o
                0x00004700                I2CSlaveIntClear
 .text.I2CSlaveIntClearEx
                0x00004720       0x20 ./Drivers/i2c.o
                0x00004720                I2CSlaveIntClearEx
 .text.I2CMasterSlaveAddrSet
                0x00004740       0x2c ./Drivers/i2c.o
                0x00004740                I2CMasterSlaveAddrSet
 .text.I2CMasterBusy
                0x0000476c       0x30 ./Drivers/i2c.o
                0x0000476c                I2CMasterBusy
 .text.I2CMasterBusBusy
                0x0000479c       0x30 ./Drivers/i2c.o
                0x0000479c                I2CMasterBusBusy
 .text.I2CMasterControl
                0x000047cc       0x20 ./Drivers/i2c.o
                0x000047cc                I2CMasterControl
 .text.I2CMasterErr
                0x000047ec       0x48 ./Drivers/i2c.o
                0x000047ec                I2CMasterErr
 .text.I2CMasterDataPut
                0x00004834       0x20 ./Drivers/i2c.o
                0x00004834                I2CMasterDataPut
 .text.I2CMasterDataGet
                0x00004854       0x1c ./Drivers/i2c.o
                0x00004854                I2CMasterDataGet
 .text.I2CSlaveStatus
                0x00004870       0x1c ./Drivers/i2c.o
                0x00004870                I2CSlaveStatus
 .text.I2CSlaveDataPut
                0x0000488c       0x20 ./Drivers/i2c.o
                0x0000488c                I2CSlaveDataPut
 .text.I2CSlaveDataGet
                0x000048ac       0x1c ./Drivers/i2c.o
                0x000048ac                I2CSlaveDataGet
 .text          0x000048c8        0x0 ./Drivers/i2s.o
 .text.I2STxEnable
                0x000048c8       0x34 ./Drivers/i2s.o
                0x000048c8                I2STxEnable
 .text.I2STxDisable
                0x000048fc       0x28 ./Drivers/i2s.o
                0x000048fc                I2STxDisable
 .text.I2STxDataPut
                0x00004924       0x28 ./Drivers/i2s.o
                0x00004924                I2STxDataPut
 .text.I2STxDataPutNonBlocking
                0x0000494c       0x34 ./Drivers/i2s.o
                0x0000494c                I2STxDataPutNonBlocking
 .text.I2STxConfigSet
                0x00004980       0x4c ./Drivers/i2s.o
                0x00004980                I2STxConfigSet
 .text.I2STxFIFOLimitSet
                0x000049cc       0x20 ./Drivers/i2s.o
                0x000049cc                I2STxFIFOLimitSet
 .text.I2STxFIFOLimitGet
                0x000049ec       0x1c ./Drivers/i2s.o
                0x000049ec                I2STxFIFOLimitGet
 .text.I2STxFIFOLevelGet
                0x00004a08       0x1c ./Drivers/i2s.o
                0x00004a08                I2STxFIFOLevelGet
 .text.I2SRxEnable
                0x00004a24       0x34 ./Drivers/i2s.o
                0x00004a24                I2SRxEnable
 .text.I2SRxDisable
                0x00004a58       0x28 ./Drivers/i2s.o
                0x00004a58                I2SRxDisable
 .text.I2SRxDataGet
                0x00004a80       0x30 ./Drivers/i2s.o
                0x00004a80                I2SRxDataGet
 .text.I2SRxDataGetNonBlocking
                0x00004ab0       0x3c ./Drivers/i2s.o
                0x00004ab0                I2SRxDataGetNonBlocking
 .text.I2SRxConfigSet
                0x00004aec       0x90 ./Drivers/i2s.o
                0x00004aec                I2SRxConfigSet
 .text.I2SRxFIFOLimitSet
                0x00004b7c       0x24 ./Drivers/i2s.o
                0x00004b7c                I2SRxFIFOLimitSet
 .text.I2SRxFIFOLimitGet
                0x00004ba0       0x2c ./Drivers/i2s.o
                0x00004ba0                I2SRxFIFOLimitGet
 .text.I2SRxFIFOLevelGet
                0x00004bcc       0x20 ./Drivers/i2s.o
                0x00004bcc                I2SRxFIFOLevelGet
 .text.I2STxRxEnable
                0x00004bec       0x40 ./Drivers/i2s.o
                0x00004bec                I2STxRxEnable
 .text.I2STxRxDisable
                0x00004c2c       0x28 ./Drivers/i2s.o
                0x00004c2c                I2STxRxDisable
 .text.I2STxRxConfigSet
                0x00004c54       0xb8 ./Drivers/i2s.o
                0x00004c54                I2STxRxConfigSet
 .text.I2SMasterClockSelect
                0x00004d0c       0x34 ./Drivers/i2s.o
                0x00004d0c                I2SMasterClockSelect
 .text.I2SIntEnable
                0x00004d40       0x2c ./Drivers/i2s.o
                0x00004d40                I2SIntEnable
 .text.I2SIntDisable
                0x00004d6c       0x30 ./Drivers/i2s.o
                0x00004d6c                I2SIntDisable
 .text.I2SIntStatus
                0x00004d9c       0x38 ./Drivers/i2s.o
                0x00004d9c                I2SIntStatus
 .text.I2SIntClear
                0x00004dd4       0x24 ./Drivers/i2s.o
                0x00004dd4                I2SIntClear
 .text.I2SIntRegister
                0x00004df8       0x24 ./Drivers/i2s.o
                0x00004df8                I2SIntRegister
 .text.I2SIntUnregister
                0x00004e1c       0x20 ./Drivers/i2s.o
                0x00004e1c                I2SIntUnregister
 .text          0x00004e3c        0x0 ./Drivers/interrupt.o
 .text.IntDefaultHandler
                0x00004e3c        0x8 ./Drivers/interrupt.o
 .text.IntMasterEnable
                0x00004e44       0x14 ./Drivers/interrupt.o
                0x00004e44                IntMasterEnable
 .text.IntMasterDisable
                0x00004e58       0x14 ./Drivers/interrupt.o
                0x00004e58                IntMasterDisable
 .text.IntRegister
                0x00004e6c       0x8c ./Drivers/interrupt.o
                0x00004e6c                IntRegister
 .text.IntUnregister
                0x00004ef8       0x28 ./Drivers/interrupt.o
                0x00004ef8                IntUnregister
 .text.IntPriorityGroupingSet
                0x00004f20       0x34 ./Drivers/interrupt.o
                0x00004f20                IntPriorityGroupingSet
 .text.IntPriorityGroupingGet
                0x00004f54       0x54 ./Drivers/interrupt.o
                0x00004f54                IntPriorityGroupingGet
 .text.IntPrioritySet
                0x00004fa8       0x78 ./Drivers/interrupt.o
                0x00004fa8                IntPrioritySet
 .text.IntPriorityGet
                0x00005020       0x3c ./Drivers/interrupt.o
                0x00005020                IntPriorityGet
 .text.IntEnable
                0x0000505c       0xd8 ./Drivers/interrupt.o
                0x0000505c                IntEnable
 .text.IntDisable
                0x00005134       0xd8 ./Drivers/interrupt.o
                0x00005134                IntDisable
 .text.IntPendSet
                0x0000520c       0xb8 ./Drivers/interrupt.o
                0x0000520c                IntPendSet
 .text.IntPendClear
                0x000052c4       0x98 ./Drivers/interrupt.o
                0x000052c4                IntPendClear
 .text          0x0000535c        0x0 ./Drivers/mpu.o
 .text.MPUEnable
                0x0000535c       0x24 ./Drivers/mpu.o
                0x0000535c                MPUEnable
 .text.MPUDisable
                0x00005380       0x24 ./Drivers/mpu.o
                0x00005380                MPUDisable
 .text.MPURegionCountGet
                0x000053a4       0x20 ./Drivers/mpu.o
                0x000053a4                MPURegionCountGet
 .text.MPURegionEnable
                0x000053c4       0x38 ./Drivers/mpu.o
                0x000053c4                MPURegionEnable
 .text.MPURegionDisable
                0x000053fc       0x38 ./Drivers/mpu.o
                0x000053fc                MPURegionDisable
 .text.MPURegionSet
                0x00005434       0x40 ./Drivers/mpu.o
                0x00005434                MPURegionSet
 .text.MPURegionGet
                0x00005474       0x40 ./Drivers/mpu.o
                0x00005474                MPURegionGet
 .text.MPUIntRegister
                0x000054b4       0x24 ./Drivers/mpu.o
                0x000054b4                MPUIntRegister
 .text.MPUIntUnregister
                0x000054d8       0x18 ./Drivers/mpu.o
                0x000054d8                MPUIntUnregister
 .text          0x000054f0        0x0 ./Drivers/pwm.o
 .text.PWMGenConfigure
                0x000054f0       0x74 ./Drivers/pwm.o
                0x000054f0                PWMGenConfigure
 .text.PWMGenPeriodSet
                0x00005564       0x48 ./Drivers/pwm.o
                0x00005564                PWMGenPeriodSet
 .text.PWMGenPeriodGet
                0x000055ac       0x44 ./Drivers/pwm.o
                0x000055ac                PWMGenPeriodGet
 .text.PWMGenEnable
                0x000055f0       0x28 ./Drivers/pwm.o
                0x000055f0                PWMGenEnable
 .text.PWMGenDisable
                0x00005618       0x28 ./Drivers/pwm.o
                0x00005618                PWMGenDisable
 .text.PWMPulseWidthSet
                0x00005640       0x6c ./Drivers/pwm.o
                0x00005640                PWMPulseWidthSet
 .text.PWMPulseWidthGet
                0x000056ac       0x70 ./Drivers/pwm.o
                0x000056ac                PWMPulseWidthGet
 .text.PWMDeadBandEnable
                0x0000571c       0x48 ./Drivers/pwm.o
                0x0000571c                PWMDeadBandEnable
 .text.PWMDeadBandDisable
                0x00005764       0x30 ./Drivers/pwm.o
                0x00005764                PWMDeadBandDisable
 .text.PWMSyncUpdate
                0x00005794       0x1c ./Drivers/pwm.o
                0x00005794                PWMSyncUpdate
 .text.PWMSyncTimeBase
                0x000057b0       0x20 ./Drivers/pwm.o
                0x000057b0                PWMSyncTimeBase
 .text.PWMOutputState
                0x000057d0       0x50 ./Drivers/pwm.o
                0x000057d0                PWMOutputState
 .text.PWMOutputInvert
                0x00005820       0x50 ./Drivers/pwm.o
                0x00005820                PWMOutputInvert
 .text.PWMOutputFaultLevel
                0x00005870       0x50 ./Drivers/pwm.o
                0x00005870                PWMOutputFaultLevel
 .text.PWMOutputFault
                0x000058c0       0x50 ./Drivers/pwm.o
                0x000058c0                PWMOutputFault
 .text.PWMGenIntRegister
                0x00005910       0x40 ./Drivers/pwm.o
                0x00005910                PWMGenIntRegister
 .text.PWMGenIntUnregister
                0x00005950       0x3c ./Drivers/pwm.o
                0x00005950                PWMGenIntUnregister
 .text.PWMFaultIntRegister
                0x0000598c       0x24 ./Drivers/pwm.o
                0x0000598c                PWMFaultIntRegister
 .text.PWMFaultIntUnregister
                0x000059b0       0x20 ./Drivers/pwm.o
                0x000059b0                PWMFaultIntUnregister
 .text.PWMGenIntTrigEnable
                0x000059d0       0x34 ./Drivers/pwm.o
                0x000059d0                PWMGenIntTrigEnable
 .text.PWMGenIntTrigDisable
                0x00005a04       0x38 ./Drivers/pwm.o
                0x00005a04                PWMGenIntTrigDisable
 .text.PWMGenIntStatus
                0x00005a3c       0x3c ./Drivers/pwm.o
                0x00005a3c                PWMGenIntStatus
 .text.PWMGenIntClear
                0x00005a78       0x24 ./Drivers/pwm.o
                0x00005a78                PWMGenIntClear
 .text.PWMIntEnable
                0x00005a9c       0x2c ./Drivers/pwm.o
                0x00005a9c                PWMIntEnable
 .text.PWMIntDisable
                0x00005ac8       0x30 ./Drivers/pwm.o
                0x00005ac8                PWMIntDisable
 .text.PWMFaultIntClear
                0x00005af8       0x20 ./Drivers/pwm.o
                0x00005af8                PWMFaultIntClear
 .text.PWMIntStatus
                0x00005b18       0x30 ./Drivers/pwm.o
                0x00005b18                PWMIntStatus
 .text.PWMFaultIntClearExt
                0x00005b48       0x20 ./Drivers/pwm.o
                0x00005b48                PWMFaultIntClearExt
 .text.PWMGenFaultConfigure
                0x00005b68       0x40 ./Drivers/pwm.o
                0x00005b68                PWMGenFaultConfigure
 .text.PWMGenFaultTriggerSet
                0x00005ba8       0x3c ./Drivers/pwm.o
                0x00005ba8                PWMGenFaultTriggerSet
 .text.PWMGenFaultTriggerGet
                0x00005be4       0x38 ./Drivers/pwm.o
                0x00005be4                PWMGenFaultTriggerGet
 .text.PWMGenFaultStatus
                0x00005c1c       0x58 ./Drivers/pwm.o
                0x00005c1c                PWMGenFaultStatus
 .text.PWMGenFaultClear
                0x00005c74       0x5c ./Drivers/pwm.o
                0x00005c74                PWMGenFaultClear
 .text          0x00005cd0        0x0 ./Drivers/qei.o
 .text.QEIEnable
                0x00005cd0       0x20 ./Drivers/qei.o
                0x00005cd0                QEIEnable
 .text.QEIDisable
                0x00005cf0       0x20 ./Drivers/qei.o
                0x00005cf0                QEIDisable
 .text.QEIConfigure
                0x00005d10       0x34 ./Drivers/qei.o
                0x00005d10                QEIConfigure
 .text.QEIPositionGet
                0x00005d44       0x1c ./Drivers/qei.o
                0x00005d44                QEIPositionGet
 .text.QEIPositionSet
                0x00005d60       0x20 ./Drivers/qei.o
                0x00005d60                QEIPositionSet
 .text.QEIDirectionGet
                0x00005d80       0x30 ./Drivers/qei.o
                0x00005d80                QEIDirectionGet
 .text.QEIErrorGet
                0x00005db0       0x24 ./Drivers/qei.o
                0x00005db0                QEIErrorGet
 .text.QEIVelocityEnable
                0x00005dd4       0x20 ./Drivers/qei.o
                0x00005dd4                QEIVelocityEnable
 .text.QEIVelocityDisable
                0x00005df4       0x20 ./Drivers/qei.o
                0x00005df4                QEIVelocityDisable
 .text.QEIVelocityConfigure
                0x00005e14       0x38 ./Drivers/qei.o
                0x00005e14                QEIVelocityConfigure
 .text.QEIVelocityGet
                0x00005e4c       0x1c ./Drivers/qei.o
                0x00005e4c                QEIVelocityGet
 .text.QEIIntRegister
                0x00005e68       0x3c ./Drivers/qei.o
                0x00005e68                QEIIntRegister
 .text.QEIIntUnregister
                0x00005ea4       0x38 ./Drivers/qei.o
                0x00005ea4                QEIIntUnregister
 .text.QEIIntEnable
                0x00005edc       0x2c ./Drivers/qei.o
                0x00005edc                QEIIntEnable
 .text.QEIIntDisable
                0x00005f08       0x30 ./Drivers/qei.o
                0x00005f08                QEIIntDisable
 .text.QEIIntStatus
                0x00005f38       0x30 ./Drivers/qei.o
                0x00005f38                QEIIntStatus
 .text.QEIIntClear
                0x00005f68       0x20 ./Drivers/qei.o
                0x00005f68                QEIIntClear
 .text          0x00005f88        0x0 ./Drivers/ssi.o
 .text.SSIConfigSetExpClk
                0x00005f88       0xbc ./Drivers/ssi.o
                0x00005f88                SSIConfigSetExpClk
 .text.SSIEnable
                0x00006044       0x28 ./Drivers/ssi.o
                0x00006044                SSIEnable
 .text.SSIDisable
                0x0000606c       0x28 ./Drivers/ssi.o
                0x0000606c                SSIDisable
 .text.SSIIntRegister
                0x00006094       0x3c ./Drivers/ssi.o
                0x00006094                SSIIntRegister
 .text.SSIIntUnregister
                0x000060d0       0x38 ./Drivers/ssi.o
                0x000060d0                SSIIntUnregister
 .text.SSIIntEnable
                0x00006108       0x2c ./Drivers/ssi.o
                0x00006108                SSIIntEnable
 .text.SSIIntDisable
                0x00006134       0x30 ./Drivers/ssi.o
                0x00006134                SSIIntDisable
 .text.SSIIntStatus
                0x00006164       0x30 ./Drivers/ssi.o
                0x00006164                SSIIntStatus
 .text.SSIIntClear
                0x00006194       0x20 ./Drivers/ssi.o
                0x00006194                SSIIntClear
 .text.SSIDataPut
                0x000061b4       0x30 ./Drivers/ssi.o
                0x000061b4                SSIDataPut
 .text.SSIDataPutNonBlocking
                0x000061e4       0x3c ./Drivers/ssi.o
                0x000061e4                SSIDataPutNonBlocking
 .text.SSIDataGet
                0x00006220       0x30 ./Drivers/ssi.o
                0x00006220                SSIDataGet
 .text.SSIDataGetNonBlocking
                0x00006250       0x3c ./Drivers/ssi.o
                0x00006250                SSIDataGetNonBlocking
 .text.SSIDMAEnable
                0x0000628c       0x2c ./Drivers/ssi.o
                0x0000628c                SSIDMAEnable
 .text.SSIDMADisable
                0x000062b8       0x30 ./Drivers/ssi.o
                0x000062b8                SSIDMADisable
 .text.SSIBusy  0x000062e8       0x28 ./Drivers/ssi.o
                0x000062e8                SSIBusy
 .text          0x00006310        0x0 ./Drivers/sysctl.o
 .text.SysCtlSRAMSizeGet
                0x00006310       0x28 ./Drivers/sysctl.o
                0x00006310                SysCtlSRAMSizeGet
 .text.SysCtlFlashSizeGet
                0x00006338       0x28 ./Drivers/sysctl.o
                0x00006338                SysCtlFlashSizeGet
 .text.SysCtlPinPresent
                0x00006360       0x34 ./Drivers/sysctl.o
                0x00006360                SysCtlPinPresent
 .text.SysCtlPeripheralPresent
                0x00006394       0x80 ./Drivers/sysctl.o
                0x00006394                SysCtlPeripheralPresent
 .text.SysCtlPeripheralReset
                0x00006414       0xb8 ./Drivers/sysctl.o
                0x00006414                SysCtlPeripheralReset
 .text.SysCtlPeripheralEnable
                0x000064cc       0x58 ./Drivers/sysctl.o
                0x000064cc                SysCtlPeripheralEnable
 .text.SysCtlPeripheralDisable
                0x00006524       0x5c ./Drivers/sysctl.o
                0x00006524                SysCtlPeripheralDisable
 .text.SysCtlPeripheralSleepEnable
                0x00006580       0x58 ./Drivers/sysctl.o
                0x00006580                SysCtlPeripheralSleepEnable
 .text.SysCtlPeripheralSleepDisable
                0x000065d8       0x5c ./Drivers/sysctl.o
                0x000065d8                SysCtlPeripheralSleepDisable
 .text.SysCtlPeripheralDeepSleepEnable
                0x00006634       0x58 ./Drivers/sysctl.o
                0x00006634                SysCtlPeripheralDeepSleepEnable
 .text.SysCtlPeripheralDeepSleepDisable
                0x0000668c       0x5c ./Drivers/sysctl.o
                0x0000668c                SysCtlPeripheralDeepSleepDisable
 .text.SysCtlPeripheralClockGating
                0x000066e8       0x4c ./Drivers/sysctl.o
                0x000066e8                SysCtlPeripheralClockGating
 .text.SysCtlIntRegister
                0x00006734       0x24 ./Drivers/sysctl.o
                0x00006734                SysCtlIntRegister
 .text.SysCtlIntUnregister
                0x00006758       0x18 ./Drivers/sysctl.o
                0x00006758                SysCtlIntUnregister
 .text.SysCtlIntEnable
                0x00006770       0x2c ./Drivers/sysctl.o
                0x00006770                SysCtlIntEnable
 .text.SysCtlIntDisable
                0x0000679c       0x30 ./Drivers/sysctl.o
                0x0000679c                SysCtlIntDisable
 .text.SysCtlIntClear
                0x000067cc       0x20 ./Drivers/sysctl.o
                0x000067cc                SysCtlIntClear
 .text.SysCtlIntStatus
                0x000067ec       0x34 ./Drivers/sysctl.o
                0x000067ec                SysCtlIntStatus
 .text.SysCtlLDOSet
                0x00006820       0x20 ./Drivers/sysctl.o
                0x00006820                SysCtlLDOSet
 .text.SysCtlLDOGet
                0x00006840       0x18 ./Drivers/sysctl.o
                0x00006840                SysCtlLDOGet
 .text.SysCtlLDOConfigSet
                0x00006858       0x20 ./Drivers/sysctl.o
                0x00006858                SysCtlLDOConfigSet
 .text.SysCtlReset
                0x00006878       0x18 ./Drivers/sysctl.o
                0x00006878                SysCtlReset
 .text.SysCtlSleep
                0x00006890        0xc ./Drivers/sysctl.o
                0x00006890                SysCtlSleep
 .text.SysCtlDeepSleep
                0x0000689c       0x3c ./Drivers/sysctl.o
                0x0000689c                SysCtlDeepSleep
 .text.SysCtlResetCauseGet
                0x000068d8       0x18 ./Drivers/sysctl.o
                0x000068d8                SysCtlResetCauseGet
 .text.SysCtlResetCauseClear
                0x000068f0       0x30 ./Drivers/sysctl.o
                0x000068f0                SysCtlResetCauseClear
 .text.SysCtlBrownOutConfigSet
                0x00006920       0x2c ./Drivers/sysctl.o
                0x00006920                SysCtlBrownOutConfigSet
 .text.SysCtlDelay
                0x0000694c        0x8 ./Drivers/sysctl.o
                0x0000694c                SysCtlDelay
 .text.SysCtlClockSet
                0x00006954      0x298 ./Drivers/sysctl.o
                0x00006954                SysCtlClockSet
 .text.SysCtlClockGet
                0x00006bec      0x38c ./Drivers/sysctl.o
                0x00006bec                SysCtlClockGet
 .text.SysCtlPWMClockSet
                0x00006f78       0x30 ./Drivers/sysctl.o
                0x00006f78                SysCtlPWMClockSet
 .text.SysCtlPWMClockGet
                0x00006fa8       0x34 ./Drivers/sysctl.o
                0x00006fa8                SysCtlPWMClockGet
 .text.SysCtlADCSpeedSet
                0x00006fdc       0x50 ./Drivers/sysctl.o
                0x00006fdc                SysCtlADCSpeedSet
 .text.SysCtlADCSpeedGet
                0x0000702c       0x1c ./Drivers/sysctl.o
                0x0000702c                SysCtlADCSpeedGet
 .text.SysCtlIOSCVerificationSet
                0x00007048       0x4c ./Drivers/sysctl.o
                0x00007048                SysCtlIOSCVerificationSet
 .text.SysCtlMOSCVerificationSet
                0x00007094       0x4c ./Drivers/sysctl.o
                0x00007094                SysCtlMOSCVerificationSet
 .text.SysCtlPLLVerificationSet
                0x000070e0       0x4c ./Drivers/sysctl.o
                0x000070e0                SysCtlPLLVerificationSet
 .text.SysCtlClkVerificationClear
                0x0000712c       0x28 ./Drivers/sysctl.o
                0x0000712c                SysCtlClkVerificationClear
 .text.SysCtlGPIOAHBEnable
                0x00007154       0x34 ./Drivers/sysctl.o
                0x00007154                SysCtlGPIOAHBEnable
 .text.SysCtlGPIOAHBDisable
                0x00007188       0x38 ./Drivers/sysctl.o
                0x00007188                SysCtlGPIOAHBDisable
 .text.SysCtlUSBPLLEnable
                0x000071c0       0x24 ./Drivers/sysctl.o
                0x000071c0                SysCtlUSBPLLEnable
 .text.SysCtlUSBPLLDisable
                0x000071e4       0x24 ./Drivers/sysctl.o
                0x000071e4                SysCtlUSBPLLDisable
 .text.SysCtlI2SMClkSet
                0x00007208      0x1cc ./Drivers/sysctl.o
                0x00007208                SysCtlI2SMClkSet
 .text          0x000073d4        0x0 ./Drivers/systick.o
 .text.SysTickEnable
                0x000073d4       0x24 ./Drivers/systick.o
                0x000073d4                SysTickEnable
 .text.SysTickDisable
                0x000073f8       0x24 ./Drivers/systick.o
                0x000073f8                SysTickDisable
 .text.SysTickIntRegister
                0x0000741c       0x34 ./Drivers/systick.o
                0x0000741c                SysTickIntRegister
 .text.SysTickIntUnregister
                0x00007450       0x28 ./Drivers/systick.o
                0x00007450                SysTickIntUnregister
 .text.SysTickIntEnable
                0x00007478       0x24 ./Drivers/systick.o
                0x00007478                SysTickIntEnable
 .text.SysTickIntDisable
                0x0000749c       0x24 ./Drivers/systick.o
                0x0000749c                SysTickIntDisable
 .text.SysTickPeriodSet
                0x000074c0       0x24 ./Drivers/systick.o
                0x000074c0                SysTickPeriodSet
 .text.SysTickPeriodGet
                0x000074e4       0x1c ./Drivers/systick.o
                0x000074e4                SysTickPeriodGet
 .text.SysTickValueGet
                0x00007500       0x18 ./Drivers/systick.o
                0x00007500                SysTickValueGet
 .text          0x00007518        0x0 ./Drivers/timer.o
 .text.TimerEnable
                0x00007518       0x38 ./Drivers/timer.o
                0x00007518                TimerEnable
 .text.TimerDisable
                0x00007550       0x3c ./Drivers/timer.o
                0x00007550                TimerDisable
 .text.TimerConfigure
                0x0000758c       0x58 ./Drivers/timer.o
                0x0000758c                TimerConfigure
 .text.TimerControlLevel
                0x000075e4       0x5c ./Drivers/timer.o
                0x000075e4                TimerControlLevel
 .text.TimerControlTrigger
                0x00007640       0x5c ./Drivers/timer.o
                0x00007640                TimerControlTrigger
 .text.TimerControlEvent
                0x0000769c       0x4c ./Drivers/timer.o
                0x0000769c                TimerControlEvent
 .text.TimerControlStall
                0x000076e8       0x5c ./Drivers/timer.o
                0x000076e8                TimerControlStall
 .text.TimerControlWaitOnTrigger
                0x00007744       0x8c ./Drivers/timer.o
                0x00007744                TimerControlWaitOnTrigger
 .text.TimerRTCEnable
                0x000077d0       0x28 ./Drivers/timer.o
                0x000077d0                TimerRTCEnable
 .text.TimerRTCDisable
                0x000077f8       0x28 ./Drivers/timer.o
                0x000077f8                TimerRTCDisable
 .text.TimerPrescaleSet
                0x00007820       0x40 ./Drivers/timer.o
                0x00007820                TimerPrescaleSet
 .text.TimerPrescaleGet
                0x00007860       0x30 ./Drivers/timer.o
                0x00007860                TimerPrescaleGet
 .text.TimerPrescaleMatchSet
                0x00007890       0x40 ./Drivers/timer.o
                0x00007890                TimerPrescaleMatchSet
 .text.TimerPrescaleMatchGet
                0x000078d0       0x30 ./Drivers/timer.o
                0x000078d0                TimerPrescaleMatchGet
 .text.TimerLoadSet
                0x00007900       0x40 ./Drivers/timer.o
                0x00007900                TimerLoadSet
 .text.TimerLoadGet
                0x00007940       0x30 ./Drivers/timer.o
                0x00007940                TimerLoadGet
 .text.TimerValueGet
                0x00007970       0x30 ./Drivers/timer.o
                0x00007970                TimerValueGet
 .text.TimerMatchSet
                0x000079a0       0x40 ./Drivers/timer.o
                0x000079a0                TimerMatchSet
 .text.TimerMatchGet
                0x000079e0       0x30 ./Drivers/timer.o
                0x000079e0                TimerMatchGet
 .text.TimerIntRegister
                0x00007a10       0x94 ./Drivers/timer.o
                0x00007a10                TimerIntRegister
 .text.TimerIntUnregister
                0x00007aa4       0x8c ./Drivers/timer.o
                0x00007aa4                TimerIntUnregister
 .text.TimerIntEnable
                0x00007b30       0x2c ./Drivers/timer.o
                0x00007b30                TimerIntEnable
 .text.TimerIntDisable
                0x00007b5c       0x30 ./Drivers/timer.o
                0x00007b5c                TimerIntDisable
 .text.TimerIntStatus
                0x00007b8c       0x30 ./Drivers/timer.o
                0x00007b8c                TimerIntStatus
 .text.TimerIntClear
                0x00007bbc       0x20 ./Drivers/timer.o
                0x00007bbc                TimerIntClear
 .text.TimerQuiesce
                0x00007bdc       0xf0 ./Drivers/timer.o
                0x00007bdc                TimerQuiesce
 .text          0x00007ccc        0x0 ./Drivers/uart.o
 .text.UARTParityModeSet
                0x00007ccc       0x30 ./Drivers/uart.o
                0x00007ccc                UARTParityModeSet
 .text.UARTParityModeGet
                0x00007cfc       0x20 ./Drivers/uart.o
                0x00007cfc                UARTParityModeGet
 .text.UARTFIFOLevelSet
                0x00007d1c       0x28 ./Drivers/uart.o
                0x00007d1c                UARTFIFOLevelSet
 .text.UARTFIFOLevelGet
                0x00007d44       0x34 ./Drivers/uart.o
                0x00007d44                UARTFIFOLevelGet
 .text.UARTConfigSetExpClk
                0x00007d78       0xa8 ./Drivers/uart.o
                0x00007d78                UARTConfigSetExpClk
 .text.UARTConfigGetExpClk
                0x00007e20       0x70 ./Drivers/uart.o
                0x00007e20                UARTConfigGetExpClk
 .text.UARTEnable
                0x00007e90       0x40 ./Drivers/uart.o
                0x00007e90                UARTEnable
 .text.UARTDisable
                0x00007ed0       0x50 ./Drivers/uart.o
                0x00007ed0                UARTDisable
 .text.UARTFIFOEnable
                0x00007f20       0x28 ./Drivers/uart.o
                0x00007f20                UARTFIFOEnable
 .text.UARTFIFODisable
                0x00007f48       0x28 ./Drivers/uart.o
                0x00007f48                UARTFIFODisable
 .text.UARTEnableSIR
                0x00007f70       0x48 ./Drivers/uart.o
                0x00007f70                UARTEnableSIR
 .text.UARTDisableSIR
                0x00007fb8       0x28 ./Drivers/uart.o
                0x00007fb8                UARTDisableSIR
 .text.UARTSmartCardEnable
                0x00007fe0       0x4c ./Drivers/uart.o
                0x00007fe0                UARTSmartCardEnable
 .text.UARTSmartCardDisable
                0x0000802c       0x28 ./Drivers/uart.o
                0x0000802c                UARTSmartCardDisable
 .text.UARTModemControlSet
                0x00008054       0x38 ./Drivers/uart.o
                0x00008054                UARTModemControlSet
 .text.UARTModemControlClear
                0x0000808c       0x3c ./Drivers/uart.o
                0x0000808c                UARTModemControlClear
 .text.UARTModemControlGet
                0x000080c8       0x20 ./Drivers/uart.o
                0x000080c8                UARTModemControlGet
 .text.UARTModemStatusGet
                0x000080e8       0x28 ./Drivers/uart.o
                0x000080e8                UARTModemStatusGet
 .text.UARTFlowControlSet
                0x00008110       0x30 ./Drivers/uart.o
                0x00008110                UARTFlowControlSet
 .text.UARTFlowControlGet
                0x00008140       0x20 ./Drivers/uart.o
                0x00008140                UARTFlowControlGet
 .text.UARTTxIntModeSet
                0x00008160       0x30 ./Drivers/uart.o
                0x00008160                UARTTxIntModeSet
 .text.UARTTxIntModeGet
                0x00008190       0x20 ./Drivers/uart.o
                0x00008190                UARTTxIntModeGet
 .text.UARTCharsAvail
                0x000081b0       0x28 ./Drivers/uart.o
                0x000081b0                UARTCharsAvail
 .text.UARTSpaceAvail
                0x000081d8       0x28 ./Drivers/uart.o
                0x000081d8                UARTSpaceAvail
 .text.UARTCharGetNonBlocking
                0x00008200       0x30 ./Drivers/uart.o
                0x00008200                UARTCharGetNonBlocking
 .text.UARTCharGet
                0x00008230       0x28 ./Drivers/uart.o
                0x00008230                UARTCharGet
 .text.UARTCharPutNonBlocking
                0x00008258       0x38 ./Drivers/uart.o
                0x00008258                UARTCharPutNonBlocking
 .text.UARTCharPut
                0x00008290       0x2c ./Drivers/uart.o
                0x00008290                UARTCharPut
 .text.UARTBreakCtl
                0x000082bc       0x40 ./Drivers/uart.o
                0x000082bc                UARTBreakCtl
 .text.UARTBusy
                0x000082fc       0x28 ./Drivers/uart.o
                0x000082fc                UARTBusy
 .text.UARTIntRegister
                0x00008324       0x50 ./Drivers/uart.o
                0x00008324                UARTIntRegister
 .text.UARTIntUnregister
                0x00008374       0x4c ./Drivers/uart.o
                0x00008374                UARTIntUnregister
 .text.UARTIntEnable
                0x000083c0       0x2c ./Drivers/uart.o
                0x000083c0                UARTIntEnable
 .text.UARTIntDisable
                0x000083ec       0x30 ./Drivers/uart.o
                0x000083ec                UARTIntDisable
 .text.UARTIntStatus
                0x0000841c       0x30 ./Drivers/uart.o
                0x0000841c                UARTIntStatus
 .text.UARTIntClear
                0x0000844c       0x20 ./Drivers/uart.o
                0x0000844c                UARTIntClear
 .text.UARTDMAEnable
                0x0000846c       0x2c ./Drivers/uart.o
                0x0000846c                UARTDMAEnable
 .text.UARTDMADisable
                0x00008498       0x30 ./Drivers/uart.o
                0x00008498                UARTDMADisable
 .text.UARTRxErrorGet
                0x000084c8       0x20 ./Drivers/uart.o
                0x000084c8                UARTRxErrorGet
 .text.UARTRxErrorClear
                0x000084e8       0x20 ./Drivers/uart.o
                0x000084e8                UARTRxErrorClear
 .text          0x00008508        0x0 ./Drivers/udma.o
 .text.uDMAEnable
                0x00008508       0x18 ./Drivers/udma.o
                0x00008508                uDMAEnable
 .text.uDMADisable
                0x00008520       0x18 ./Drivers/udma.o
                0x00008520                uDMADisable
 .text.uDMAErrorStatusGet
                0x00008538       0x18 ./Drivers/udma.o
                0x00008538                uDMAErrorStatusGet
 .text.uDMAErrorStatusClear
                0x00008550       0x18 ./Drivers/udma.o
                0x00008550                uDMAErrorStatusClear
 .text.uDMAChannelEnable
                0x00008568       0x28 ./Drivers/udma.o
                0x00008568                uDMAChannelEnable
 .text.uDMAChannelDisable
                0x00008590       0x28 ./Drivers/udma.o
                0x00008590                uDMAChannelDisable
 .text.uDMAChannelIsEnabled
                0x000085b8       0x34 ./Drivers/udma.o
                0x000085b8                uDMAChannelIsEnabled
 .text.uDMAControlBaseSet
                0x000085ec       0x20 ./Drivers/udma.o
                0x000085ec                uDMAControlBaseSet
 .text.uDMAControlBaseGet
                0x0000860c       0x18 ./Drivers/udma.o
                0x0000860c                uDMAControlBaseGet
 .text.uDMAChannelRequest
                0x00008624       0x28 ./Drivers/udma.o
                0x00008624                uDMAChannelRequest
 .text.uDMAChannelAttributeEnable
                0x0000864c       0x90 ./Drivers/udma.o
                0x0000864c                uDMAChannelAttributeEnable
 .text.uDMAChannelAttributeDisable
                0x000086dc       0x90 ./Drivers/udma.o
                0x000086dc                uDMAChannelAttributeDisable
 .text.uDMAChannelAttributeGet
                0x0000876c       0xac ./Drivers/udma.o
                0x0000876c                uDMAChannelAttributeGet
 .text.uDMAChannelControlSet
                0x00008818       0x4c ./Drivers/udma.o
                0x00008818                uDMAChannelControlSet
 .text.uDMAChannelTransferSet
                0x00008864       0xe8 ./Drivers/udma.o
                0x00008864                uDMAChannelTransferSet
 .text.uDMAChannelSizeGet
                0x0000894c       0x50 ./Drivers/udma.o
                0x0000894c                uDMAChannelSizeGet
 .text.uDMAChannelModeGet
                0x0000899c       0x50 ./Drivers/udma.o
                0x0000899c                uDMAChannelModeGet
 .text.uDMAChannelSelectSecondary
                0x000089ec       0x2c ./Drivers/udma.o
                0x000089ec                uDMAChannelSelectSecondary
 .text.uDMAChannelSelectDefault
                0x00008a18       0x30 ./Drivers/udma.o
                0x00008a18                uDMAChannelSelectDefault
 .text.uDMAIntRegister
                0x00008a48       0x20 ./Drivers/udma.o
                0x00008a48                uDMAIntRegister
 .text.uDMAIntUnregister
                0x00008a68       0x1c ./Drivers/udma.o
                0x00008a68                uDMAIntUnregister
 .text          0x00008a84        0x0 ./Drivers/usb.o
 .text.USBIndexWrite
                0x00008a84       0x5c ./Drivers/usb.o
 .text.USBIndexRead
                0x00008ae0       0x5c ./Drivers/usb.o
 .text.USBHostSuspend
                0x00008b3c       0x2c ./Drivers/usb.o
                0x00008b3c                USBHostSuspend
 .text.USBHostReset
                0x00008b68       0x50 ./Drivers/usb.o
                0x00008b68                USBHostReset
 .text.USBHostResume
                0x00008bb8       0x50 ./Drivers/usb.o
                0x00008bb8                USBHostResume
 .text.USBHostSpeedGet
                0x00008c08       0x48 ./Drivers/usb.o
                0x00008c08                USBHostSpeedGet
 .text.USBIntStatus
                0x00008c50       0xc4 ./Drivers/usb.o
                0x00008c50                USBIntStatus
 .text.USBIntDisable
                0x00008d14       0xd8 ./Drivers/usb.o
                0x00008d14                USBIntDisable
 .text.USBIntEnable
                0x00008dec       0xc8 ./Drivers/usb.o
                0x00008dec                USBIntEnable
 .text.USBIntDisableControl
                0x00008eb4       0x70 ./Drivers/usb.o
                0x00008eb4                USBIntDisableControl
 .text.USBIntEnableControl
                0x00008f24       0x68 ./Drivers/usb.o
                0x00008f24                USBIntEnableControl
 .text.USBIntStatusControl
                0x00008f8c       0x98 ./Drivers/usb.o
                0x00008f8c                USBIntStatusControl
 .text.USBIntDisableEndpoint
                0x00009024       0x68 ./Drivers/usb.o
                0x00009024                USBIntDisableEndpoint
 .text.USBIntEnableEndpoint
                0x0000908c       0x5c ./Drivers/usb.o
                0x0000908c                USBIntEnableEndpoint
 .text.USBIntStatusEndpoint
                0x000090e8       0x38 ./Drivers/usb.o
                0x000090e8                USBIntStatusEndpoint
 .text.USBIntRegister
                0x00009120       0x24 ./Drivers/usb.o
                0x00009120                USBIntRegister
 .text.USBIntUnregister
                0x00009144       0x20 ./Drivers/usb.o
                0x00009144                USBIntUnregister
 .text.USBEndpointStatus
                0x00009164       0x44 ./Drivers/usb.o
                0x00009164                USBEndpointStatus
 .text.USBHostEndpointStatusClear
                0x000091a8       0x98 ./Drivers/usb.o
                0x000091a8                USBHostEndpointStatusClear
 .text.USBDevEndpointStatusClear
                0x00009240       0xf4 ./Drivers/usb.o
                0x00009240                USBDevEndpointStatusClear
 .text.USBHostEndpointDataToggle
                0x00009334       0xfc ./Drivers/usb.o
                0x00009334                USBHostEndpointDataToggle
 .text.USBEndpointDataToggleClear
                0x00009430       0x68 ./Drivers/usb.o
                0x00009430                USBEndpointDataToggleClear
 .text.USBDevEndpointStall
                0x00009498       0x80 ./Drivers/usb.o
                0x00009498                USBDevEndpointStall
 .text.USBDevEndpointStallClear
                0x00009518       0xc0 ./Drivers/usb.o
                0x00009518                USBDevEndpointStallClear
 .text.USBDevConnect
                0x000095d8       0x2c ./Drivers/usb.o
                0x000095d8                USBDevConnect
 .text.USBDevDisconnect
                0x00009604       0x2c ./Drivers/usb.o
                0x00009604                USBDevDisconnect
 .text.USBDevAddrSet
                0x00009630       0x1c ./Drivers/usb.o
                0x00009630                USBDevAddrSet
 .text.USBDevAddrGet
                0x0000964c       0x1c ./Drivers/usb.o
                0x0000964c                USBDevAddrGet
 .text.USBHostEndpointConfig
                0x00009668      0x1c0 ./Drivers/usb.o
                0x00009668                USBHostEndpointConfig
 .text.USBDevEndpointConfigSet
                0x00009828      0x12c ./Drivers/usb.o
                0x00009828                USBDevEndpointConfigSet
 .text.USBDevEndpointConfigGet
                0x00009954      0x150 ./Drivers/usb.o
                0x00009954                USBDevEndpointConfigGet
 .text.USBFIFOConfigSet
                0x00009aa4       0x94 ./Drivers/usb.o
                0x00009aa4                USBFIFOConfigSet
 .text.USBFIFOConfigGet
                0x00009b38       0x9c ./Drivers/usb.o
                0x00009b38                USBFIFOConfigGet
 .text.USBEndpointDMAEnable
                0x00009bd4       0x80 ./Drivers/usb.o
                0x00009bd4                USBEndpointDMAEnable
 .text.USBEndpointDMADisable
                0x00009c54       0x7c ./Drivers/usb.o
                0x00009c54                USBEndpointDMADisable
 .text.USBEndpointDataAvail
                0x00009cd0       0x54 ./Drivers/usb.o
                0x00009cd0                USBEndpointDataAvail
 .text.USBEndpointDataGet
                0x00009d24       0xac ./Drivers/usb.o
                0x00009d24                USBEndpointDataGet
 .text.USBDevEndpointDataAck
                0x00009dd0       0x5c ./Drivers/usb.o
                0x00009dd0                USBDevEndpointDataAck
 .text.USBHostEndpointDataAck
                0x00009e2c       0x54 ./Drivers/usb.o
                0x00009e2c                USBHostEndpointDataAck
 .text.USBEndpointDataPut
                0x00009e80       0x84 ./Drivers/usb.o
                0x00009e80                USBEndpointDataPut
 .text.USBEndpointDataSend
                0x00009f04       0x64 ./Drivers/usb.o
                0x00009f04                USBEndpointDataSend
 .text.USBFIFOFlush
                0x00009f68       0xc4 ./Drivers/usb.o
                0x00009f68                USBFIFOFlush
 .text.USBHostRequestIN
                0x0000a02c       0x38 ./Drivers/usb.o
                0x0000a02c                USBHostRequestIN
 .text.USBHostRequestStatus
                0x0000a064       0x20 ./Drivers/usb.o
                0x0000a064                USBHostRequestStatus
 .text.USBHostAddrSet
                0x0000a084       0x4c ./Drivers/usb.o
                0x0000a084                USBHostAddrSet
 .text.USBHostAddrGet
                0x0000a0d0       0x48 ./Drivers/usb.o
                0x0000a0d0                USBHostAddrGet
 .text.USBHostHubAddrSet
                0x0000a118       0x4c ./Drivers/usb.o
                0x0000a118                USBHostHubAddrSet
 .text.USBHostHubAddrGet
                0x0000a164       0x48 ./Drivers/usb.o
                0x0000a164                USBHostHubAddrGet
 .text.USBHostPwrConfig
                0x0000a1ac       0x50 ./Drivers/usb.o
                0x0000a1ac                USBHostPwrConfig
 .text.USBHostPwrFaultEnable
                0x0000a1fc       0x2c ./Drivers/usb.o
                0x0000a1fc                USBHostPwrFaultEnable
 .text.USBHostPwrFaultDisable
                0x0000a228       0x38 ./Drivers/usb.o
                0x0000a228                USBHostPwrFaultDisable
 .text.USBHostPwrEnable
                0x0000a260       0x2c ./Drivers/usb.o
                0x0000a260                USBHostPwrEnable
 .text.USBHostPwrDisable
                0x0000a28c       0x38 ./Drivers/usb.o
                0x0000a28c                USBHostPwrDisable
 .text.USBFrameNumberGet
                0x0000a2c4       0x20 ./Drivers/usb.o
                0x0000a2c4                USBFrameNumberGet
 .text.USBOTGSessionRequest
                0x0000a2e4       0x50 ./Drivers/usb.o
                0x0000a2e4                USBOTGSessionRequest
 .text.USBFIFOAddrGet
                0x0000a334       0x24 ./Drivers/usb.o
                0x0000a334                USBFIFOAddrGet
 .text.USBModeGet
                0x0000a358       0x24 ./Drivers/usb.o
                0x0000a358                USBModeGet
 .text.USBEndpointDMAChannel
                0x0000a37c       0x5c ./Drivers/usb.o
                0x0000a37c                USBEndpointDMAChannel
 .text.USBHostMode
                0x0000a3d8       0x34 ./Drivers/usb.o
                0x0000a3d8                USBHostMode
 .text          0x0000a40c        0x0 ./Drivers/watchdog.o
 .text.WatchdogRunning
                0x0000a40c       0x24 ./Drivers/watchdog.o
                0x0000a40c                WatchdogRunning
 .text.WatchdogEnable
                0x0000a430       0x28 ./Drivers/watchdog.o
                0x0000a430                WatchdogEnable
 .text.WatchdogResetEnable
                0x0000a458       0x28 ./Drivers/watchdog.o
                0x0000a458                WatchdogResetEnable
 .text.WatchdogResetDisable
                0x0000a480       0x28 ./Drivers/watchdog.o
                0x0000a480                WatchdogResetDisable
 .text.WatchdogLock
                0x0000a4a8       0x20 ./Drivers/watchdog.o
                0x0000a4a8                WatchdogLock
 .text.WatchdogUnlock
                0x0000a4c8       0x24 ./Drivers/watchdog.o
                0x0000a4c8                WatchdogUnlock
 .text.WatchdogLockState
                0x0000a4ec       0x24 ./Drivers/watchdog.o
                0x0000a4ec                WatchdogLockState
 .text.WatchdogReloadSet
                0x0000a510       0x1c ./Drivers/watchdog.o
                0x0000a510                WatchdogReloadSet
 .text.WatchdogReloadGet
                0x0000a52c       0x18 ./Drivers/watchdog.o
                0x0000a52c                WatchdogReloadGet
 .text.WatchdogValueGet
[...]
 .debug_loc     0x000074f1       0x6e ./API/buttons.o
 .debug_loc     0x0000755f       0xbd ./API/ustdlib.o
 .debug_loc     0x0000761c      0x178 main.o
 .debug_loc     0x00007794      0x21a rit128x96x4.o
 .debug_loc     0x000079ae      0x21a osram128x64x4.o
 .debug_loc     0x00007bc8      0x358 formike128x128x16.o
 .debug_loc     0x00007f20      0x113 ../../../Source/list.o
 .debug_loc     0x00008033      0x44c ../../../Source/queue.o
 .debug_loc     0x0000847f      0x7fb ../../../Source/tasks.o
 .debug_loc     0x00008c7a      0x170 ../../../Source/portable/GCC/ARM_CM3/port.o
 .debug_loc     0x00008dea       0xc4 ../../../Source/portable/MemMang/heap_2.o
 .debug_loc     0x00008eae       0x51 startup.o

.debug_pubnames
                0x00000000     0x3a2a
 .debug_pubnames
                0x00000000      0x315 ./Drivers/adc.o
 .debug_pubnames
                0x00000315      0x15c ./Drivers/can.o
 .debug_pubnames
                0x00000471       0xec ./Drivers/comp.o
 .debug_pubnames
                0x0000055d       0x37 ./Drivers/cpu.o
 .debug_pubnames
                0x00000594      0x21d ./Drivers/epi.o
 .debug_pubnames
                0x000007b1      0x1fa ./Drivers/ethernet.o
 .debug_pubnames
                0x000009ab      0x13d ./Drivers/flash.o
 .debug_pubnames
                0x00000ae8      0x2bc ./Drivers/gpio.o
 .debug_pubnames
                0x00000da4      0x2a1 ./Drivers/hibernate.o
 .debug_pubnames
                0x00001045      0x293 ./Drivers/i2c.o
 .debug_pubnames
                0x000012d8      0x217 ./Drivers/i2s.o
 .debug_pubnames
                0x000014ef       0xf6 ./Drivers/interrupt.o
 .debug_pubnames
                0x000015e5       0xb8 ./Drivers/mpu.o
 .debug_pubnames
                0x0000169d      0x2d1 ./Drivers/pwm.o
 .debug_pubnames
                0x0000196e      0x14f ./Drivers/qei.o
 .debug_pubnames
                0x00001abd      0x133 ./Drivers/ssi.o
 .debug_pubnames
                0x00001bf0      0x41f ./Drivers/sysctl.o
 .debug_pubnames
                0x0000200f       0xd0 ./Drivers/systick.o
 .debug_pubnames
                0x000020df      0x224 ./Drivers/timer.o
 .debug_pubnames
                0x00002303      0x346 ./Drivers/uart.o
 .debug_pubnames
                0x00002649      0x210 ./Drivers/udma.o
 .debug_pubnames
                0x00002859      0x521 ./Drivers/usb.o
 .debug_pubnames
                0x00002d7a      0x189 ./Drivers/watchdog.o
 .debug_pubnames
                0x00002f03       0x20 ./API/led.o
 .debug_pubnames
                0x00002f23       0x81 ./API/comport.o
 .debug_pubnames
                0x00002fa4       0x2e ./API/buttons.o
 .debug_pubnames
                0x00002fd2       0x3c ./API/ustdlib.o
 .debug_pubnames
                0x0000300e       0xc3 main.o
 .debug_pubnames
                0x000030d1      0x10c rit128x96x4.o
 .debug_pubnames
                0x000031dd       0xde osram128x64x4.o
 .debug_pubnames
                0x000032bb      0x100 formike128x128x16.o
 .debug_pubnames
                0x000033bb       0x71 ../../../Source/list.o
 .debug_pubnames
                0x0000342c      0x18c ../../../Source/queue.o
 .debug_pubnames
                0x000035b8      0x2c3 ../../../Source/tasks.o
 .debug_pubnames
                0x0000387b      0x10d ../../../Source/portable/GCC/ARM_CM3/port.o
 .debug_pubnames
                0x00003988       0x64 ../../../Source/portable/MemMang/heap_2.o
 .debug_pubnames
                0x000039ec       0x3e startup.o

.debug_aranges  0x00000000     0x1908
 .debug_aranges
                0x00000000      0x110 ./Drivers/adc.o
 .debug_aranges
                0x00000110       0xd8 ./Drivers/can.o
 .debug_aranges
                0x000001e8       0x60 ./Drivers/comp.o
 .debug_aranges
                0x00000248       0x30 ./Drivers/cpu.o
 .debug_aranges
                0x00000278       0xd0 ./Drivers/epi.o
 .debug_aranges
                0x00000348       0xd0 ./Drivers/ethernet.o
 .debug_aranges
                0x00000418       0x98 ./Drivers/flash.o
 .debug_aranges
                0x000004b0      0x120 ./Drivers/gpio.o
 .debug_aranges
                0x000005d0       0xf8 ./Drivers/hibernate.o
 .debug_aranges
                0x000006c8      0x108 ./Drivers/i2c.o
 .debug_aranges
                0x000007d0       0xe8 ./Drivers/i2s.o
 .debug_aranges
                0x000008b8       0x80 ./Drivers/interrupt.o
 .debug_aranges
                0x00000938       0x60 ./Drivers/mpu.o
 .debug_aranges
                0x00000998      0x120 ./Drivers/pwm.o
 .debug_aranges
                0x00000ab8       0xa0 ./Drivers/qei.o
 .debug_aranges
                0x00000b58       0x98 ./Drivers/ssi.o
 .debug_aranges
                0x00000bf0      0x170 ./Drivers/sysctl.o
 .debug_aranges
                0x00000d60       0x60 ./Drivers/systick.o
 .debug_aranges
                0x00000dc0       0xe8 ./Drivers/timer.o
 .debug_aranges
                0x00000ea8      0x158 ./Drivers/uart.o
 .debug_aranges
                0x00001000       0xc0 ./Drivers/udma.o
 .debug_aranges
                0x000010c0      0x1f0 ./Drivers/usb.o
 .debug_aranges
                0x000012b0       0xa0 ./Drivers/watchdog.o
 .debug_aranges
                0x00001350       0x28 ./API/led.o
 .debug_aranges
                0x00001378       0x58 ./API/comport.o
 .debug_aranges
                0x000013d0       0x28 ./API/buttons.o
 .debug_aranges
                0x000013f8       0x30 ./API/ustdlib.o
 .debug_aranges
                0x00001428       0x50 main.o
 .debug_aranges
                0x00001478       0x68 rit128x96x4.o
 .debug_aranges
                0x000014e0       0x68 osram128x64x4.o
 .debug_aranges
                0x00001548       0x98 formike128x128x16.o
 .debug_aranges
                0x000015e0       0x40 ../../../Source/list.o
 .debug_aranges
                0x00001620       0xb8 ../../../Source/queue.o
 .debug_aranges
                0x000016d8      0x148 ../../../Source/tasks.o
 .debug_aranges
                0x00001820       0x70 ../../../Source/portable/GCC/ARM_CM3/port.o
 .debug_aranges
                0x00001890       0x38 ../../../Source/portable/MemMang/heap_2.o
 .debug_aranges
                0x000018c8       0x40 startup.o

.debug_ranges   0x00000000     0x17e0
 .debug_ranges  0x00000000      0x108 ./Drivers/adc.o
 .debug_ranges  0x00000108       0xd0 ./Drivers/can.o
 .debug_ranges  0x000001d8       0x58 ./Drivers/comp.o
 .debug_ranges  0x00000230       0x28 ./Drivers/cpu.o
 .debug_ranges  0x00000258       0xc8 ./Drivers/epi.o
 .debug_ranges  0x00000320       0xc8 ./Drivers/ethernet.o
 .debug_ranges  0x000003e8       0x90 ./Drivers/flash.o
 .debug_ranges  0x00000478      0x118 ./Drivers/gpio.o
 .debug_ranges  0x00000590       0xf0 ./Drivers/hibernate.o
 .debug_ranges  0x00000680      0x100 ./Drivers/i2c.o
 .debug_ranges  0x00000780       0xe0 ./Drivers/i2s.o
 .debug_ranges  0x00000860       0x78 ./Drivers/interrupt.o
 .debug_ranges  0x000008d8       0x58 ./Drivers/mpu.o
 .debug_ranges  0x00000930      0x118 ./Drivers/pwm.o
 .debug_ranges  0x00000a48       0x98 ./Drivers/qei.o
 .debug_ranges  0x00000ae0       0x90 ./Drivers/ssi.o
 .debug_ranges  0x00000b70      0x168 ./Drivers/sysctl.o
 .debug_ranges  0x00000cd8       0x58 ./Drivers/systick.o
 .debug_ranges  0x00000d30       0xe0 ./Drivers/timer.o
 .debug_ranges  0x00000e10      0x150 ./Drivers/uart.o
 .debug_ranges  0x00000f60       0xb8 ./Drivers/udma.o
 .debug_ranges  0x00001018      0x1e8 ./Drivers/usb.o
 .debug_ranges  0x00001200       0x98 ./Drivers/watchdog.o
 .debug_ranges  0x00001298       0x20 ./API/led.o
 .debug_ranges  0x000012b8       0x50 ./API/comport.o
 .debug_ranges  0x00001308       0x20 ./API/buttons.o
 .debug_ranges  0x00001328       0x28 ./API/ustdlib.o
 .debug_ranges  0x00001350       0x48 main.o
 .debug_ranges  0x00001398       0x60 rit128x96x4.o
 .debug_ranges  0x000013f8       0x60 osram128x64x4.o
 .debug_ranges  0x00001458       0x90 formike128x128x16.o
 .debug_ranges  0x000014e8       0x38 ../../../Source/list.o
 .debug_ranges  0x00001520       0xb0 ../../../Source/queue.o
 .debug_ranges  0x000015d0      0x140 ../../../Source/tasks.o
 .debug_ranges  0x00001710       0x68 ../../../Source/portable/GCC/ARM_CM3/port.o
 .debug_ranges  0x00001778       0x30 ../../../Source/portable/MemMang/heap_2.o
 .debug_ranges  0x000017a8       0x38 startup.o

.debug_str      0x00000000     0x4d9b
 .debug_str     0x00000000      0x3dd ./Drivers/adc.o
                                0x40c (size before relaxing)
 .debug_str     0x000003dd      0x494 ./Drivers/can.o
                                0x568 (size before relaxing)
 .debug_str     0x00000871       0x61 ./Drivers/comp.o
                                0x17d (size before relaxing)
 .debug_str     0x000008d2       0x2d ./Drivers/cpu.o
                                 0x9e (size before relaxing)
 .debug_str     0x000008ff      0x249 ./Drivers/epi.o
                                0x31a (size before relaxing)
 .debug_str     0x00000b48      0x222 ./Drivers/ethernet.o
                                0x2ff (size before relaxing)
 .debug_str     0x00000d6a      0x1bb ./Drivers/flash.o
                                0x293 (size before relaxing)
 .debug_str     0x00000f25      0x301 ./Drivers/gpio.o
                                0x3c9 (size before relaxing)
 .debug_str     0x00001226      0x291 ./Drivers/hibernate.o
                                0x354 (size before relaxing)
 .debug_str     0x000014b7      0x257 ./Drivers/i2c.o
                                0x319 (size before relaxing)
 .debug_str     0x0000170e      0x1bc ./Drivers/i2s.o
                                0x28a (size before relaxing)
 .debug_str     0x000018ca       0xf8 ./Drivers/interrupt.o
                                0x1d8 (size before relaxing)
 .debug_str     0x000019c2       0xb6 ./Drivers/mpu.o
                                0x14f (size before relaxing)
 .debug_str     0x00001a78      0x32e ./Drivers/pwm.o
                                0x3f5 (size before relaxing)
 .debug_str     0x00001da6      0x129 ./Drivers/qei.o
                                0x1f7 (size before relaxing)
 .debug_str     0x00001ecf      0x140 ./Drivers/ssi.o
                                0x225 (size before relaxing)
 .debug_str     0x0000200f      0x448 ./Drivers/sysctl.o
                                0x503 (size before relaxing)
 .debug_str     0x00002457       0xac ./Drivers/systick.o
                                0x13f (size before relaxing)
 .debug_str     0x00002503      0x1d7 ./Drivers/timer.o
                                0x2a5 (size before relaxing)
 .debug_str     0x000026da      0x30b ./Drivers/uart.o
                                0x411 (size before relaxing)
 .debug_str     0x000029e5      0x256 ./Drivers/udma.o
                                0x30b (size before relaxing)
 .debug_str     0x00002c3b      0x542 ./Drivers/usb.o
                                0x665 (size before relaxing)
 .debug_str     0x0000317d      0x150 ./Drivers/watchdog.o
                                0x1f2 (size before relaxing)
 .debug_str     0x000032cd       0x28 ./API/led.o
                                 0xa3 (size before relaxing)
 .debug_str     0x000032f5      0x279 ./API/comport.o
                                0x342 (size before relaxing)
 .debug_str     0x0000356e       0x91 ./API/buttons.o
                                0x11a (size before relaxing)
 .debug_str     0x000035ff       0xbb ./API/ustdlib.o
                                0x1a9 (size before relaxing)
 .debug_str     0x000036ba      0x17a main.o
                                0x278 (size before relaxing)
 .debug_str     0x00003834      0x1aa rit128x96x4.o
                                0x284 (size before relaxing)
 .debug_str     0x000039de      0x12e osram128x64x4.o
                                0x274 (size before relaxing)
 .debug_str     0x00003b0c      0x31b formike128x128x16.o
                                0x47f (size before relaxing)
 .debug_str     0x00003e27      0x135 ../../../Source/list.o
                                0x230 (size before relaxing)
 .debug_str     0x00003f5c      0x3ad ../../../Source/queue.o
                                0x57a (size before relaxing)
 .debug_str     0x00004309      0x78e ../../../Source/tasks.o
                                0x9a0 (size before relaxing)
 .debug_str     0x00004a97      0x133 ../../../Source/portable/GCC/ARM_CM3/port.o
                                0x1ff (size before relaxing)
 .debug_str     0x00004bca      0x161 ../../../Source/portable/MemMang/heap_2.o
                                0x25b (size before relaxing)
 .debug_str     0x00004d2b       0x70 startup.o
                                 0xf8 (size before relaxing)

.comment        0x00000000      0x6de
 .comment       0x00000000       0x2a ./Drivers/adc.o
 .comment       0x0000002a       0x2a ./Drivers/can.o
 .comment       0x00000054       0x2a ./Drivers/comp.o
 .comment       0x0000007e       0x2a ./Drivers/cpu.o
 .comment       0x000000a8       0x2a ./Drivers/epi.o
 .comment       0x000000d2       0x2a ./Drivers/ethernet.o
 .comment       0x000000fc       0x2a ./Drivers/flash.o
 .comment       0x00000126       0x2a ./Drivers/gpio.o
 .comment       0x00000150       0x2a ./Drivers/hibernate.o
 .comment       0x0000017a       0x2a ./Drivers/i2c.o
 .comment       0x000001a4       0x2a ./Drivers/i2s.o
 .comment       0x000001ce       0x2a ./Drivers/interrupt.o
 .comment       0x000001f8       0x2a ./Drivers/mpu.o
 .comment       0x00000222       0x2a ./Drivers/pwm.o
 .comment       0x0000024c       0x2a ./Drivers/qei.o
 .comment       0x00000276       0x2a ./Drivers/ssi.o
 .comment       0x000002a0       0x2a ./Drivers/sysctl.o
 .comment       0x000002ca       0x2a ./Drivers/systick.o
 .comment       0x000002f4       0x2a ./Drivers/timer.o
 .comment       0x0000031e       0x2a ./Drivers/uart.o
 .comment       0x00000348       0x2a ./Drivers/udma.o
 .comment       0x00000372       0x2a ./Drivers/usb.o
 .comment       0x0000039c       0x2a ./Drivers/watchdog.o
 .comment       0x000003c6       0x2a ./API/led.o
 .comment       0x000003f0       0x2a ./API/comport.o
 .comment       0x0000041a       0x2a ./API/buttons.o
 .comment       0x00000444       0x2a ./API/ustdlib.o
 .comment       0x0000046e       0x2a main.o
 .comment       0x00000498       0x2a rit128x96x4.o
 .comment       0x000004c2       0x2a osram128x64x4.o
 .comment       0x000004ec       0x2a formike128x128x16.o
 .comment       0x00000516       0x2a ../../../Source/list.o
 .comment       0x00000540       0x2a ../../../Source/queue.o
 .comment       0x0000056a       0x2a ../../../Source/tasks.o
 .comment       0x00000594       0x2a ../../../Source/portable/GCC/ARM_CM3/port.o
 .comment       0x000005be       0x2a ../../../Source/portable/MemMang/heap_2.o
 .comment       0x000005e8       0x2a startup.o
 .comment       0x00000612       0x22 ./Drivers/libgr.a(context.o)
 .comment       0x00000634       0x22 ./Drivers/libgr.a(fontcmss12.o)
 .comment       0x00000656       0x22 ./Drivers/libgr.a(image.o)
 .comment       0x00000678       0x22 ./Drivers/libgr.a(rectangle.o)
 .comment       0x0000069a       0x22 ./Drivers/libgr.a(string.o)
 .comment       0x000006bc       0x22 ./Drivers/libgr.a(line.o)

.ARM.attributes
                0x00000000       0x31
 .ARM.attributes
                0x00000000       0x31 ./Drivers/adc.o
 .ARM.attributes
                0x00000031       0x31 ./Drivers/can.o
 .ARM.attributes
                0x00000062       0x31 ./Drivers/comp.o
 .ARM.attributes
                0x00000093       0x31 ./Drivers/cpu.o
 .ARM.attributes
                0x000000c4       0x31 ./Drivers/epi.o
 .ARM.attributes
                0x000000f5       0x31 ./Drivers/ethernet.o
 .ARM.attributes
                0x00000126       0x31 ./Drivers/flash.o
 .ARM.attributes
                0x00000157       0x31 ./Drivers/gpio.o
 .ARM.attributes
                0x00000188       0x31 ./Drivers/hibernate.o
 .ARM.attributes
                0x000001b9       0x31 ./Drivers/i2c.o
 .ARM.attributes
                0x000001ea       0x31 ./Drivers/i2s.o
 .ARM.attributes
                0x0000021b       0x31 ./Drivers/interrupt.o
 .ARM.attributes
                0x0000024c       0x31 ./Drivers/mpu.o
 .ARM.attributes
                0x0000027d       0x31 ./Drivers/pwm.o
 .ARM.attributes
                0x000002ae       0x31 ./Drivers/qei.o
 .ARM.attributes
                0x000002df       0x31 ./Drivers/ssi.o
 .ARM.attributes
                0x00000310       0x31 ./Drivers/sysctl.o
 .ARM.attributes
                0x00000341       0x31 ./Drivers/systick.o
 .ARM.attributes
                0x00000372       0x31 ./Drivers/timer.o
 .ARM.attributes
                0x000003a3       0x31 ./Drivers/uart.o
 .ARM.attributes
                0x000003d4       0x31 ./Drivers/udma.o
 .ARM.attributes
                0x00000405       0x31 ./Drivers/usb.o
 .ARM.attributes
                0x00000436       0x31 ./Drivers/watchdog.o
 .ARM.attributes
                0x00000467       0x31 ./API/led.o
 .ARM.attributes
                0x00000498       0x31 ./API/comport.o
 .ARM.attributes
                0x000004c9       0x31 ./API/buttons.o
 .ARM.attributes
                0x000004fa       0x31 ./API/ustdlib.o
 .ARM.attributes
                0x0000052b       0x31 main.o
 .ARM.attributes
                0x0000055c       0x31 rit128x96x4.o
 .ARM.attributes
                0x0000058d       0x31 osram128x64x4.o
 .ARM.attributes
                0x000005be       0x31 formike128x128x16.o
 .ARM.attributes
                0x000005ef       0x31 ../../../Source/list.o
 .ARM.attributes
                0x00000620       0x31 ../../../Source/queue.o
 .ARM.attributes
                0x00000651       0x31 ../../../Source/tasks.o
 .ARM.attributes
                0x00000682       0x31 ../../../Source/portable/GCC/ARM_CM3/port.o
 .ARM.attributes
                0x000006b3       0x31 ../../../Source/portable/MemMang/heap_2.o
 .ARM.attributes
                0x000006e4       0x31 startup.o
 .ARM.attributes
                0x00000715       0x31 ./Drivers/libgr.a(context.o)
 .ARM.attributes
                0x00000746       0x2f ./Drivers/libgr.a(fontcmss12.o)
 .ARM.attributes
                0x00000775       0x31 ./Drivers/libgr.a(image.o)
 .ARM.attributes
                0x000007a6       0x31 ./Drivers/libgr.a(rectangle.o)
 .ARM.attributes
                0x000007d7       0x31 ./Drivers/libgr.a(string.o)
 .ARM.attributes
                0x00000808       0x31 ./Drivers/libgr.a(line.o)
 .ARM.attributes
                0x00000839       0x27 c:/program files (x86)/codesourcery/sourcery g++ lite/bin/../lib/gcc/arm-none-eabi/4.4.1/../../../../arm-none-eabi/lib/thumb2\libc.a(lib_a-memcmp.o)
 .ARM.attributes
                0x00000860       0x27 c:/program files (x86)/codesourcery/sourcery g++ lite/bin/../lib/gcc/arm-none-eabi/4.4.1/../../../../arm-none-eabi/lib/thumb2\libc.a(lib_a-memcpy.o)
 .ARM.attributes
                0x00000887       0x27 c:/program files (x86)/codesourcery/sourcery g++ lite/bin/../lib/gcc/arm-none-eabi/4.4.1/../../../../arm-none-eabi/lib/thumb2\libc.a(lib_a-memset.o)
 .ARM.attributes
                0x000008ae       0x27 c:/program files (x86)/codesourcery/sourcery g++ lite/bin/../lib/gcc/arm-none-eabi/4.4.1/../../../../arm-none-eabi/lib/thumb2\libc.a(lib_a-strcat.o)
 .ARM.attributes
                0x000008d5       0x27 c:/program files (x86)/codesourcery/sourcery g++ lite/bin/../lib/gcc/arm-none-eabi/4.4.1/../../../../arm-none-eabi/lib/thumb2\libc.a(lib_a-strcpy.o)
 .ARM.attributes
                0x000008fc       0x27 c:/program files (x86)/codesourcery/sourcery g++ lite/bin/../lib/gcc/arm-none-eabi/4.4.1/../../../../arm-none-eabi/lib/thumb2\libc.a(lib_a-strlen.o)
 .ARM.attributes
                0x00000923       0x27 c:/program files (x86)/codesourcery/sourcery g++ lite/bin/../lib/gcc/arm-none-eabi/4.4.1/../../../../arm-none-eabi/lib/thumb2\libc.a(lib_a-strncpy.o)
