Archive member included because of file (symbol)

../../Common/drivers/LuminaryMicro/arm-none-eabi-gcc/libdriver.a(gpio.o)
                              main.o (GPIODirModeSet)
../../Common/drivers/LuminaryMicro/arm-none-eabi-gcc/libdriver.a(interrupt.o)
                              ../../Common/drivers/LuminaryMicro/arm-none-eabi-gcc/libdriver.a(gpio.o) (IntRegister)
../../Common/drivers/LuminaryMicro/arm-none-eabi-gcc/libdriver.a(ssi.o)
                              rit128x96x4.o (SSIConfigSetExpClk)
../../Common/drivers/LuminaryMicro/arm-none-eabi-gcc/libdriver.a(sysctl.o)
                              rit128x96x4.o (SysCtlPeripheralPresent)
../../Common/drivers/LuminaryMicro/arm-none-eabi-gcc/libdriver.a(timer.o)
                              timertest.o (TimerEnable)
../../Common/drivers/LuminaryMicro/arm-none-eabi-gcc/libdriver.a(cpu.o)
                              ../../Common/drivers/LuminaryMicro/arm-none-eabi-gcc/libdriver.a(interrupt.o) (CPUcpsid)
../../Common/drivers/LuminaryMicro/arm-none-eabi-gcc/libgr.a(context.o)
                              formike128x128x16.o (GrContextInit)
../../Common/drivers/LuminaryMicro/arm-none-eabi-gcc/libgr.a(fontcmss12.o)
                              formike128x128x16.o (g_sFontCmss12)
../../Common/drivers/LuminaryMicro/arm-none-eabi-gcc/libgr.a(image.o)
                              formike128x128x16.o (GrImageDraw)
../../Common/drivers/LuminaryMicro/arm-none-eabi-gcc/libgr.a(rectangle.o)
                              formike128x128x16.o (GrRectFill)
../../Common/drivers/LuminaryMicro/arm-none-eabi-gcc/libgr.a(string.o)
                              formike128x128x16.o (GrStringDraw)
../../Common/drivers/LuminaryMicro/arm-none-eabi-gcc/libgr.a(line.o)
                              ../../Common/drivers/LuminaryMicro/arm-none-eabi-gcc/libgr.a(rectangle.o) (GrLineDrawH)
c:/program files (x86)/codesourcery/sourcery g++ lite/bin/../lib/gcc/arm-none-eabi/4.4.1/../../../../arm-none-eabi/lib/thumb2\libc.a(lib_a-memcmp.o)
                              ../../../Source/tasks.o (memcmp)
c:/program files (x86)/codesourcery/sourcery g++ lite/bin/../lib/gcc/arm-none-eabi/4.4.1/../../../../arm-none-eabi/lib/thumb2\libc.a(lib_a-memcpy.o)
                              ../../Common/drivers/LuminaryMicro/ustdlib.o (memcpy)
c:/program files (x86)/codesourcery/sourcery g++ lite/bin/../lib/gcc/arm-none-eabi/4.4.1/../../../../arm-none-eabi/lib/thumb2\libc.a(lib_a-memset.o)
                              ../../../Source/tasks.o (memset)
c:/program files (x86)/codesourcery/sourcery g++ lite/bin/../lib/gcc/arm-none-eabi/4.4.1/../../../../arm-none-eabi/lib/thumb2\libc.a(lib_a-strcat.o)
                              ../../../Source/tasks.o (strcat)
c:/program files (x86)/codesourcery/sourcery g++ lite/bin/../lib/gcc/arm-none-eabi/4.4.1/../../../../arm-none-eabi/lib/thumb2\libc.a(lib_a-strcpy.o)
                              c:/program files (x86)/codesourcery/sourcery g++ lite/bin/../lib/gcc/arm-none-eabi/4.4.1/../../../../arm-none-eabi/lib/thumb2\libc.a(lib_a-strcat.o) (strcpy)
c:/program files (x86)/codesourcery/sourcery g++ lite/bin/../lib/gcc/arm-none-eabi/4.4.1/../../../../arm-none-eabi/lib/thumb2\libc.a(lib_a-strlen.o)
                              formike128x128x16.o (strlen)
c:/program files (x86)/codesourcery/sourcery g++ lite/bin/../lib/gcc/arm-none-eabi/4.4.1/../../../../arm-none-eabi/lib/thumb2\libc.a(lib_a-strncpy.o)
                              ../../Common/drivers/LuminaryMicro/ustdlib.o (strncpy)

Allocating common symbols
Common symbol       size              file

xOLEDQueue          0x4               main.o
xQueueRegistry      0x50              ../../../Source/queue.o

Memory Configuration

Name             Origin             Length             Attributes
FLASH            0x00000000         0x00040000         xr
SRAM             0x20000000         0x00010000         xrw
*default*        0x00000000         0xffffffff

Linker script and memory map

LOAD main.o
LOAD timertest.o
LOAD ./ParTest/ParTest.o
LOAD rit128x96x4.o
LOAD osram128x64x4.o
LOAD formike128x128x16.o
LOAD ../../Common/drivers/LuminaryMicro/ustdlib.o
LOAD ./IntQueueTimer.o
LOAD ../../../Source/list.o
LOAD ../../../Source/queue.o
LOAD ../../../Source/tasks.o
LOAD ../../../Source/portable/GCC/ARM_CM3/port.o
LOAD ../../../Source/portable/MemMang/heap_2.o
LOAD startup.o
LOAD ../../Common/drivers/LuminaryMicro/arm-none-eabi-gcc/libdriver.a
LOAD ../../Common/drivers/LuminaryMicro/arm-none-eabi-gcc/libgr.a
START GROUP
LOAD c:/program files (x86)/codesourcery/sourcery g++ lite/bin/../lib/gcc/arm-none-eabi/4.4.1/thumb2\libgcc.a
LOAD c:/program files (x86)/codesourcery/sourcery g++ lite/bin/../lib/gcc/arm-none-eabi/4.4.1/../../../../arm-none-eabi/lib/thumb2\libc.a
END GROUP

.text           0x00000000     0x8fe4
 *(.isr_vector)
 .isr_vector    0x00000000       0xf0 startup.o
                0x00000000                g_pfnVectors
 *(.text*)
 .text          0x000000f0        0x0 main.o
 .text.main     0x000000f0       0x64 main.o
                0x000000f0                main
 .text.prvSetupHardware
                0x00000154       0x70 main.o
 .text.vOLEDTask
                0x000001c4      0x1ec main.o
 .text.vApplicationStackOverflowHook
                0x000003b0        0xc main.o
                0x000003b0                vApplicationStackOverflowHook
 .text          0x000003bc        0x0 timertest.o
 .text.vSetupHighFrequencyTimer
                0x000003bc       0xc0 timertest.o
                0x000003bc                vSetupHighFrequencyTimer
 .text.Timer0IntHandler
                0x0000047c       0xa8 timertest.o
                0x0000047c                Timer0IntHandler
 .text          0x00000524        0x0 ./ParTest/ParTest.o
 .text.vParTestInitialise
                0x00000524       0x48 ./ParTest/ParTest.o
                0x00000524                vParTestInitialise
 .text.vParTestSetLED
                0x0000056c       0x28 ./ParTest/ParTest.o
                0x0000056c                vParTestSetLED
 .text.uxParTestGetLED
                0x00000594       0x24 ./ParTest/ParTest.o
                0x00000594                uxParTestGetLED
 .text          0x000005b8        0x0 rit128x96x4.o
 .text.RITWriteCommand
                0x000005b8       0x84 rit128x96x4.o
 .text.RITWriteData
                0x0000063c       0x90 rit128x96x4.o
 .text.RIT128x96x4Clear
                0x000006cc       0x94 rit128x96x4.o
                0x000006cc                RIT128x96x4Clear
 .text.RIT128x96x4StringDraw
                0x00000760      0x1e4 rit128x96x4.o
                0x00000760                RIT128x96x4StringDraw
 .text.RIT128x96x4ImageDraw
                0x00000944       0xec rit128x96x4.o
                0x00000944                RIT128x96x4ImageDraw
 .text.RIT128x96x4Enable
                0x00000a30       0x9c rit128x96x4.o
                0x00000a30                RIT128x96x4Enable
 .text.RIT128x96x4Disable
                0x00000acc       0x7c rit128x96x4.o
                0x00000acc                RIT128x96x4Disable
 .text.RIT128x96x4Init
                0x00000b48      0x204 rit128x96x4.o
                0x00000b48                RIT128x96x4Init
 .text.RIT128x96x4DisplayOn
                0x00000d4c       0x5c rit128x96x4.o
                0x00000d4c                RIT128x96x4DisplayOn
 .text.RIT128x96x4DisplayOff
                0x00000da8       0x18 rit128x96x4.o
                0x00000da8                RIT128x96x4DisplayOff
 .text          0x00000dc0        0x0 osram128x64x4.o
 .text.OSRAMWriteCommand
                0x00000dc0       0x78 osram128x64x4.o
 .text.OSRAMWriteData
                0x00000e38       0x78 osram128x64x4.o
 .text.OSRAM128x64x4Clear
                0x00000eb0       0x7c osram128x64x4.o
                0x00000eb0                OSRAM128x64x4Clear
 .text.OSRAM128x64x4StringDraw
                0x00000f2c      0x1e4 osram128x64x4.o
                0x00000f2c                OSRAM128x64x4StringDraw
 .text.OSRAM128x64x4ImageDraw
                0x00001110       0xec osram128x64x4.o
                0x00001110                OSRAM128x64x4ImageDraw
 .text.OSRAM128x64x4Enable
                0x000011fc       0x9c osram128x64x4.o
                0x000011fc                OSRAM128x64x4Enable
 .text.OSRAM128x64x4Disable
                0x00001298       0x80 osram128x64x4.o
                0x00001298                OSRAM128x64x4Disable
 .text.OSRAM128x64x4Init
                0x00001318      0x124 osram128x64x4.o
                0x00001318                OSRAM128x64x4Init
 .text.OSRAM128x64x4DisplayOn
                0x0000143c       0x5c osram128x64x4.o
                0x0000143c                OSRAM128x64x4DisplayOn
 .text.OSRAM128x64x4DisplayOff
                0x00001498       0x18 osram128x64x4.o
                0x00001498                OSRAM128x64x4DisplayOff
 .text          0x000014b0        0x0 formike128x128x16.o
 .text.WriteData
                0x000014b0       0x3c formike128x128x16.o
 .text.WriteCommand
                0x000014ec       0x58 formike128x128x16.o
 .text.Formike128x128x16Init
                0x00001544      0x268 formike128x128x16.o
                0x00001544                Formike128x128x16Init
 .text.Formike128x128x16BacklightOn
                0x000017ac       0x18 formike128x128x16.o
                0x000017ac                Formike128x128x16BacklightOn
 .text.Formike128x128x16BacklightOff
                0x000017c4       0x18 formike128x128x16.o
                0x000017c4                Formike128x128x16BacklightOff
 .text.Formike128x128x16PixelDraw
                0x000017dc       0x7c formike128x128x16.o
 .text.Formike128x128x16PixelDrawMultiple
                0x00001858      0x278 formike128x128x16.o
 .text.Formike128x128x16Flush
                0x00001ad0       0x14 formike128x128x16.o
 .text.Formike128x128x16LineDrawH
                0x00001ae4       0x98 formike128x128x16.o
 .text.Formike128x128x16LineDrawV
                0x00001b7c       0x98 formike128x128x16.o
 .text.Formike128x128x16RectFill
                0x00001c14       0xc0 formike128x128x16.o
 .text.Formike128x128x16ColorTranslate
                0x00001cd4       0x40 formike128x128x16.o
 .text.vFormike128x128x16Clear
                0x00001d14       0x78 formike128x128x16.o
                0x00001d14                vFormike128x128x16Clear
 .text.vFormike128x128x16StringDraw
                0x00001d8c       0x60 formike128x128x16.o
                0x00001d8c                vFormike128x128x16StringDraw
 .text.vFormike128x128x16Init
                0x00001dec       0xb8 formike128x128x16.o
                0x00001dec                vFormike128x128x16Init
 .text.vFormike128x128x16ImageDraw
                0x00001ea4       0x28 formike128x128x16.o
                0x00001ea4                vFormike128x128x16ImageDraw
 .text          0x00001ecc        0x0 ../../Common/drivers/LuminaryMicro/ustdlib.o
 .text.uvsnprintf
                0x00001ecc      0x4fc ../../Common/drivers/LuminaryMicro/ustdlib.o
                0x00001ecc                uvsnprintf
 .text.usprintf
                0x000023c8       0x34 ../../Common/drivers/LuminaryMicro/ustdlib.o
                0x000023c8                usprintf
 .text.usnprintf
                0x000023fc       0x34 ../../Common/drivers/LuminaryMicro/ustdlib.o
                0x000023fc                usnprintf
 .text          0x00002430        0x0 ./IntQueueTimer.o
 .text.vInitialiseTimerForIntQueueTest
                0x00002430       0xe8 ./IntQueueTimer.o
                0x00002430                vInitialiseTimerForIntQueueTest
 .text.vT2InterruptHandler
                0x00002518       0x18 ./IntQueueTimer.o
                0x00002518                vT2InterruptHandler
 .text.vT3InterruptHandler
                0x00002530       0x18 ./IntQueueTimer.o
                0x00002530                vT3InterruptHandler
 .text          0x00002548        0x0 ../../../Source/list.o
 .text.vListInitialise
                0x00002548       0x48 ../../../Source/list.o
                0x00002548                vListInitialise
 .text.vListInitialiseItem
                0x00002590       0x1c ../../../Source/list.o
                0x00002590                vListInitialiseItem
 .text.vListInsertEnd
                0x000025ac       0x50 ../../../Source/list.o
                0x000025ac                vListInsertEnd
 .text.vListInsert
                0x000025fc       0x74 ../../../Source/list.o
                0x000025fc                vListInsert
 .text.vListRemove
                0x00002670       0x54 ../../../Source/list.o
                0x00002670                vListRemove
 .text          0x000026c4        0x0 ../../../Source/queue.o
 .text.xQueueCreate
                0x000026c4       0xcc ../../../Source/queue.o
                0x000026c4                xQueueCreate
 .text.xQueueCreateMutex
                0x00002790       0x98 ../../../Source/queue.o
                0x00002790                xQueueCreateMutex
 .text.xQueueGiveMutexRecursive
                0x00002828       0x58 ../../../Source/queue.o
                0x00002828                xQueueGiveMutexRecursive
 .text.xQueueTakeMutexRecursive
                0x00002880       0x60 ../../../Source/queue.o
                0x00002880                xQueueTakeMutexRecursive
 .text.xQueueGenericSend
                0x000028e0      0x120 ../../../Source/queue.o
                0x000028e0                xQueueGenericSend
 .text.xQueueGenericSendFromISR
                0x00002a00       0x98 ../../../Source/queue.o
                0x00002a00                xQueueGenericSendFromISR
 .text.xQueueGenericReceive
                0x00002a98      0x190 ../../../Source/queue.o
                0x00002a98                xQueueGenericReceive
 .text.xQueueReceiveFromISR
                0x00002c28       0x9c ../../../Source/queue.o
                0x00002c28                xQueueReceiveFromISR
 .text.uxQueueMessagesWaiting
                0x00002cc4       0x24 ../../../Source/queue.o
                0x00002cc4                uxQueueMessagesWaiting
 .text.uxQueueMessagesWaitingFromISR
                0x00002ce8       0x1c ../../../Source/queue.o
                0x00002ce8                uxQueueMessagesWaitingFromISR
 .text.vQueueDelete
                0x00002d04       0x28 ../../../Source/queue.o
                0x00002d04                vQueueDelete
 .text.prvCopyDataToQueue
                0x00002d2c       0xcc ../../../Source/queue.o
 .text.prvCopyDataFromQueue
                0x00002df8       0x50 ../../../Source/queue.o
 .text.prvUnlockQueue
                0x00002e48       0xa0 ../../../Source/queue.o
 .text.prvIsQueueEmpty
                0x00002ee8       0x2c ../../../Source/queue.o
 .text.xQueueIsQueueEmptyFromISR
                0x00002f14       0x24 ../../../Source/queue.o
                0x00002f14                xQueueIsQueueEmptyFromISR
 .text.prvIsQueueFull
                0x00002f38       0x30 ../../../Source/queue.o
 .text.xQueueIsQueueFullFromISR
                0x00002f68       0x28 ../../../Source/queue.o
                0x00002f68                xQueueIsQueueFullFromISR
 .text.vQueueAddToRegistry
                0x00002f90       0x64 ../../../Source/queue.o
                0x00002f90                vQueueAddToRegistry
 .text.vQueueUnregisterQueue
                0x00002ff4       0x54 ../../../Source/queue.o
 .text          0x00003048        0x0 ../../../Source/tasks.o
 .text.xTaskGenericCreate
                0x00003048      0x1b0 ../../../Source/tasks.o
                0x00003048                xTaskGenericCreate
 .text.vTaskDelete
                0x000031f8       0xc0 ../../../Source/tasks.o
                0x000031f8                vTaskDelete
 .text.vTaskDelayUntil
                0x000032b8      0x114 ../../../Source/tasks.o
                0x000032b8                vTaskDelayUntil
 .text.vTaskDelay
                0x000033cc       0xb8 ../../../Source/tasks.o
                0x000033cc                vTaskDelay
 .text.uxTaskPriorityGet
                0x00003484       0x38 ../../../Source/tasks.o
                0x00003484                uxTaskPriorityGet
 .text.vTaskPrioritySet
                0x000034bc      0x130 ../../../Source/tasks.o
                0x000034bc                vTaskPrioritySet
 .text.vTaskSuspend
                0x000035ec       0x84 ../../../Source/tasks.o
                0x000035ec                vTaskSuspend
 .text.xTaskIsTaskSuspended
                0x00003670       0x50 ../../../Source/tasks.o
                0x00003670                xTaskIsTaskSuspended
 .text.vTaskResume
                0x000036c0       0xac ../../../Source/tasks.o
                0x000036c0                vTaskResume
 .text.xTaskResumeFromISR
                0x0000376c       0xc0 ../../../Source/tasks.o
                0x0000376c                xTaskResumeFromISR
 .text.vTaskStartScheduler
                0x0000382c       0x84 ../../../Source/tasks.o
                0x0000382c                vTaskStartScheduler
 .text.vTaskEndScheduler
                0x000038b0       0x24 ../../../Source/tasks.o
                0x000038b0                vTaskEndScheduler
 .text.vTaskSuspendAll
                0x000038d4       0x24 ../../../Source/tasks.o
                0x000038d4                vTaskSuspendAll
 .text.xTaskResumeAll
                0x000038f8      0x160 ../../../Source/tasks.o
                0x000038f8                xTaskResumeAll
 .text.xTaskGetTickCount
                0x00003a58       0x28 ../../../Source/tasks.o
                0x00003a58                xTaskGetTickCount
 .text.uxTaskGetNumberOfTasks
                0x00003a80       0x18 ../../../Source/tasks.o
                0x00003a80                uxTaskGetNumberOfTasks
 .text.vTaskList
                0x00003a98      0x130 ../../../Source/tasks.o
                0x00003a98                vTaskList
 .text.vTaskGetRunTimeStats
                0x00003bc8      0x130 ../../../Source/tasks.o
                0x00003bc8                vTaskGetRunTimeStats
 .text.vTaskStartTrace
                0x00003cf8       0x54 ../../../Source/tasks.o
                0x00003cf8                vTaskStartTrace
 .text.ulTaskEndTrace
                0x00003d4c       0x44 ../../../Source/tasks.o
                0x00003d4c                ulTaskEndTrace
 .text.vTaskIncrementTick
                0x00003d90      0x13c ../../../Source/tasks.o
                0x00003d90                vTaskIncrementTick
 .text.vTaskSwitchContext
                0x00003ecc      0x250 ../../../Source/tasks.o
                0x00003ecc                vTaskSwitchContext
 .text.vTaskPlaceOnEventList
                0x0000411c       0xd4 ../../../Source/tasks.o
                0x0000411c                vTaskPlaceOnEventList
 .text.xTaskRemoveFromEventList
                0x000041f0       0xd4 ../../../Source/tasks.o
                0x000041f0                xTaskRemoveFromEventList
 .text.vTaskSetTimeOutState
                0x000042c4       0x30 ../../../Source/tasks.o
                0x000042c4                vTaskSetTimeOutState
 .text.xTaskCheckForTimeOut
                0x000042f4       0xa8 ../../../Source/tasks.o
                0x000042f4                xTaskCheckForTimeOut
 .text.vTaskMissedYield
                0x0000439c       0x18 ../../../Source/tasks.o
                0x0000439c                vTaskMissedYield
 .text.prvIdleTask
                0x000043b4       0x10 ../../../Source/tasks.o
 .text.prvInitialiseTCBVariables
                0x000043c4       0x84 ../../../Source/tasks.o
 .text.prvInitialiseTaskLists
                0x00004448       0xa4 ../../../Source/tasks.o
 .text.prvCheckTasksWaitingTermination
                0x000044ec       0xa8 ../../../Source/tasks.o
 .text.prvAllocateTCBAndStack
                0x00004594       0x74 ../../../Source/tasks.o
 .text.prvListTaskWithinSingleList
                0x00004608       0xcc ../../../Source/tasks.o
 .text.prvGenerateRunTimeStatsForTasksInList
                0x000046d4      0x114 ../../../Source/tasks.o
 .text.usTaskCheckFreeStackSpace
                0x000047e8       0x38 ../../../Source/tasks.o
 .text.uxTaskGetStackHighWaterMark
                0x00004820       0x3c ../../../Source/tasks.o
                0x00004820                uxTaskGetStackHighWaterMark
 .text.prvDeleteTCB
                0x0000485c       0x20 ../../../Source/tasks.o
 .text.xTaskGetCurrentTaskHandle
                0x0000487c       0x20 ../../../Source/tasks.o
                0x0000487c                xTaskGetCurrentTaskHandle
 .text.vTaskPriorityInherit
                0x0000489c       0xd8 ../../../Source/tasks.o
                0x0000489c                vTaskPriorityInherit
 .text.vTaskPriorityDisinherit
                0x00004974       0x90 ../../../Source/tasks.o
                0x00004974                vTaskPriorityDisinherit
 .text          0x00004a04        0x0 ../../../Source/portable/GCC/ARM_CM3/port.o
 .text.pxPortInitialiseStack
                0x00004a04       0x60 ../../../Source/portable/GCC/ARM_CM3/port.o
                0x00004a04                pxPortInitialiseStack
 .text.vPortSVCHandler
                0x00004a64       0x20 ../../../Source/portable/GCC/ARM_CM3/port.o
                0x00004a64                vPortSVCHandler
 .text.vPortStartFirstTask
                0x00004a84       0x10 ../../../Source/portable/GCC/ARM_CM3/port.o
                0x00004a84                vPortStartFirstTask
 .text.xPortStartScheduler
                0x00004a94       0x54 ../../../Source/portable/GCC/ARM_CM3/port.o
                0x00004a94                xPortStartScheduler
 .text.vPortEndScheduler
                0x00004ae8        0xc ../../../Source/portable/GCC/ARM_CM3/port.o
                0x00004ae8                vPortEndScheduler
 .text.vPortYieldFromISR
                0x00004af4       0x18 ../../../Source/portable/GCC/ARM_CM3/port.o
                0x00004af4                vPortYieldFromISR
 .text.vPortEnterCritical
                0x00004b0c       0x2c ../../../Source/portable/GCC/ARM_CM3/port.o
                0x00004b0c                vPortEnterCritical
 .text.vPortExitCritical
                0x00004b38       0x38 ../../../Source/portable/GCC/ARM_CM3/port.o
                0x00004b38                vPortExitCritical
 .text.xPortPendSVHandler
                0x00004b70       0x3c ../../../Source/portable/GCC/ARM_CM3/port.o
                0x00004b70                xPortPendSVHandler
 .text.xPortSysTickHandler
                0x00004bac       0x38 ../../../Source/portable/GCC/ARM_CM3/port.o
                0x00004bac                xPortSysTickHandler
 .text.prvSetupTimerInterrupt
                0x00004be4       0x28 ../../../Source/portable/GCC/ARM_CM3/port.o
 .text          0x00004c0c        0x0 ../../../Source/portable/MemMang/heap_2.o
 .text.pvPortMalloc
                0x00004c0c      0x1c4 ../../../Source/portable/MemMang/heap_2.o
                0x00004c0c                pvPortMalloc
 .text.vPortFree
                0x00004dd0       0x88 ../../../Source/portable/MemMang/heap_2.o
                0x00004dd0                vPortFree
 .text.xPortGetFreeHeapSize
                0x00004e58       0x18 ../../../Source/portable/MemMang/heap_2.o
                0x00004e58                xPortGetFreeHeapSize
 .text.vPortInitialiseBlocks
                0x00004e70        0xc ../../../Source/portable/MemMang/heap_2.o
                0x00004e70                vPortInitialiseBlocks
 .text          0x00004e7c        0x0 startup.o
 .text.NmiSR    0x00004e7c        0x4 startup.o
 .text.FaultISR
                0x00004e80        0x4 startup.o
 .text.vEMAC_ISR
                0x00004e84        0x4 startup.o
                0x00004e84                vEMAC_ISR
 .text.IntDefaultHandler
                0x00004e88        0x4 startup.o
 .text.uipprintf
                0x00004e8c        0xc startup.o
                0x00004e8c                uipprintf
 .text.ResetISR
                0x00004e98       0x74 startup.o
                0x00004e98                ResetISR
 .text          0x00004f0c        0x0 ../../Common/drivers/LuminaryMicro/arm-none-eabi-gcc/libdriver.a(gpio.o)
 .text.GPIOGetIntNumber
                0x00004f0c       0xa4 ../../Common/drivers/LuminaryMicro/arm-none-eabi-gcc/libdriver.a(gpio.o)
 .text.GPIODirModeSet
                0x00004fb0       0x44 ../../Common/drivers/LuminaryMicro/arm-none-eabi-gcc/libdriver.a(gpio.o)
                0x00004fb0                GPIODirModeSet
 .text.GPIODirModeGet
                0x00004ff4       0x20 ../../Common/drivers/LuminaryMicro/arm-none-eabi-gcc/libdriver.a(gpio.o)
                0x00004ff4                GPIODirModeGet
 .text.GPIOIntTypeSet
                0x00005014       0x70 ../../Common/drivers/LuminaryMicro/arm-none-eabi-gcc/libdriver.a(gpio.o)
                0x00005014                GPIOIntTypeSet
 .text.GPIOIntTypeGet
                0x00005084       0x30 ../../Common/drivers/LuminaryMicro/arm-none-eabi-gcc/libdriver.a(gpio.o)
                0x00005084                GPIOIntTypeGet
 .text.GPIOPadConfigSet
                0x000050b4      0x130 ../../Common/drivers/LuminaryMicro/arm-none-eabi-gcc/libdriver.a(gpio.o)
                0x000050b4                GPIOPadConfigSet
 .text.GPIOPadConfigGet
                0x000051e4       0x78 ../../Common/drivers/LuminaryMicro/arm-none-eabi-gcc/libdriver.a(gpio.o)
                0x000051e4                GPIOPadConfigGet
 .text.GPIOPinIntEnable
                0x0000525c        0xc ../../Common/drivers/LuminaryMicro/arm-none-eabi-gcc/libdriver.a(gpio.o)
                0x0000525c                GPIOPinIntEnable
 .text.GPIOPinIntDisable
                0x00005268       0x10 ../../Common/drivers/LuminaryMicro/arm-none-eabi-gcc/libdriver.a(gpio.o)
                0x00005268                GPIOPinIntDisable
 .text.GPIOPinIntStatus
                0x00005278       0x10 ../../Common/drivers/LuminaryMicro/arm-none-eabi-gcc/libdriver.a(gpio.o)
                0x00005278                GPIOPinIntStatus
 .text.GPIOPinIntClear
                0x00005288        0x8 ../../Common/drivers/LuminaryMicro/arm-none-eabi-gcc/libdriver.a(gpio.o)
                0x00005288                GPIOPinIntClear
 .text.GPIOPinRead
                0x00005290        0x8 ../../Common/drivers/LuminaryMicro/arm-none-eabi-gcc/libdriver.a(gpio.o)
                0x00005290                GPIOPinRead
 .text.GPIOPinWrite
                0x00005298        0x8 ../../Common/drivers/LuminaryMicro/arm-none-eabi-gcc/libdriver.a(gpio.o)
                0x00005298                GPIOPinWrite
 .text.GPIOPinTypeADC
                0x000052a0       0x1c ../../Common/drivers/LuminaryMicro/arm-none-eabi-gcc/libdriver.a(gpio.o)
                0x000052a0                GPIOPinTypeADC
 .text.GPIOPinTypeCAN
                0x000052bc       0x1c ../../Common/drivers/LuminaryMicro/arm-none-eabi-gcc/libdriver.a(gpio.o)
                0x000052bc                GPIOPinTypeCAN
 .text.GPIOPinTypeComparator
                0x000052d8       0x1c ../../Common/drivers/LuminaryMicro/arm-none-eabi-gcc/libdriver.a(gpio.o)
                0x000052d8                GPIOPinTypeComparator
 .text.GPIOPinTypeGPIOInput
                0x000052f4       0x1c ../../Common/drivers/LuminaryMicro/arm-none-eabi-gcc/libdriver.a(gpio.o)
                0x000052f4                GPIOPinTypeGPIOInput
 .text.GPIOPinTypeGPIOOutput
                0x00005310       0x1c ../../Common/drivers/LuminaryMicro/arm-none-eabi-gcc/libdriver.a(gpio.o)
                0x00005310                GPIOPinTypeGPIOOutput
 .text.GPIOPinTypeGPIOOutputOD
                0x0000532c       0x1c ../../Common/drivers/LuminaryMicro/arm-none-eabi-gcc/libdriver.a(gpio.o)
                0x0000532c                GPIOPinTypeGPIOOutputOD
 .text.GPIOPinTypeI2C
                0x00005348       0x1c ../../Common/drivers/LuminaryMicro/arm-none-eabi-gcc/libdriver.a(gpio.o)
                0x00005348                GPIOPinTypeI2C
 .text.GPIOPinTypePWM
                0x00005364       0x1c ../../Common/drivers/LuminaryMicro/arm-none-eabi-gcc/libdriver.a(gpio.o)
                0x00005364                GPIOPinTypePWM
 .text.GPIOPinTypeQEI
                0x00005380       0x1c ../../Common/drivers/LuminaryMicro/arm-none-eabi-gcc/libdriver.a(gpio.o)
                0x00005380                GPIOPinTypeQEI
 .text.GPIOPinTypeSSI
                0x0000539c       0x1c ../../Common/drivers/LuminaryMicro/arm-none-eabi-gcc/libdriver.a(gpio.o)
                0x0000539c                GPIOPinTypeSSI
 .text.GPIOPinTypeTimer
                0x000053b8       0x1c ../../Common/drivers/LuminaryMicro/arm-none-eabi-gcc/libdriver.a(gpio.o)
                0x000053b8                GPIOPinTypeTimer
 .text.GPIOPinTypeUART
                0x000053d4       0x1c ../../Common/drivers/LuminaryMicro/arm-none-eabi-gcc/libdriver.a(gpio.o)
                0x000053d4                GPIOPinTypeUART
 .text.GPIOPinTypeUSBDigital
                0x000053f0       0x1c ../../Common/drivers/LuminaryMicro/arm-none-eabi-gcc/libdriver.a(gpio.o)
                0x000053f0                GPIOPinTypeUSBDigital
 .text.GPIOPortIntUnregister
                0x0000540c       0x14 ../../Common/drivers/LuminaryMicro/arm-none-eabi-gcc/libdriver.a(gpio.o)
                0x0000540c                GPIOPortIntUnregister
 .text.GPIOPortIntRegister
                0x00005420       0x18 ../../Common/drivers/LuminaryMicro/arm-none-eabi-gcc/libdriver.a(gpio.o)
                0x00005420                GPIOPortIntRegister
 .text          0x00005438        0x0 ../../Common/drivers/LuminaryMicro/arm-none-eabi-gcc/libdriver.a(interrupt.o)
 .text.IntDefaultHandler
                0x00005438        0x4 ../../Common/drivers/LuminaryMicro/arm-none-eabi-gcc/libdriver.a(interrupt.o)
 .text.IntRegister
                0x0000543c       0x3c ../../Common/drivers/LuminaryMicro/arm-none-eabi-gcc/libdriver.a(interrupt.o)
                0x0000543c                IntRegister
 .text.IntUnregister
                0x00005478       0x14 ../../Common/drivers/LuminaryMicro/arm-none-eabi-gcc/libdriver.a(interrupt.o)
                0x00005478                IntUnregister
 .text.IntPriorityGroupingSet
                0x0000548c       0x1c ../../Common/drivers/LuminaryMicro/arm-none-eabi-gcc/libdriver.a(interrupt.o)
                0x0000548c                IntPriorityGroupingSet
 .text.IntPriorityGroupingGet
                0x000054a8       0x24 ../../Common/drivers/LuminaryMicro/arm-none-eabi-gcc/libdriver.a(interrupt.o)
                0x000054a8                IntPriorityGroupingGet
 .text.IntPrioritySet
                0x000054cc       0x28 ../../Common/drivers/LuminaryMicro/arm-none-eabi-gcc/libdriver.a(interrupt.o)
                0x000054cc                IntPrioritySet
 .text.IntPriorityGet
                0x000054f4       0x20 ../../Common/drivers/LuminaryMicro/arm-none-eabi-gcc/libdriver.a(interrupt.o)
                0x000054f4                IntPriorityGet
 .text.IntEnable
                0x00005514       0x74 ../../Common/drivers/LuminaryMicro/arm-none-eabi-gcc/libdriver.a(interrupt.o)
                0x00005514                IntEnable
 .text.IntDisable
                0x00005588       0x74 ../../Common/drivers/LuminaryMicro/arm-none-eabi-gcc/libdriver.a(interrupt.o)
                0x00005588                IntDisable
 .text.IntMasterDisable
                0x000055fc        0xc ../../Common/drivers/LuminaryMicro/arm-none-eabi-gcc/libdriver.a(interrupt.o)
                0x000055fc                IntMasterDisable
 .text.IntMasterEnable
                0x00005608        0xc ../../Common/drivers/LuminaryMicro/arm-none-eabi-gcc/libdriver.a(interrupt.o)
                0x00005608                IntMasterEnable
 .text          0x00005614        0x0 ../../Common/drivers/LuminaryMicro/arm-none-eabi-gcc/libdriver.a(ssi.o)
 .text.SSIConfigSetExpClk
                0x00005614       0x48 ../../Common/drivers/LuminaryMicro/arm-none-eabi-gcc/libdriver.a(ssi.o)
                0x00005614                SSIConfigSetExpClk
 .text.SSIEnable
                0x0000565c        0xc ../../Common/drivers/LuminaryMicro/arm-none-eabi-gcc/libdriver.a(ssi.o)
                0x0000565c                SSIEnable
 .text.SSIDisable
                0x00005668        0xc ../../Common/drivers/LuminaryMicro/arm-none-eabi-gcc/libdriver.a(ssi.o)
                0x00005668                SSIDisable
 .text.SSIIntEnable
                0x00005674        0x8 ../../Common/drivers/LuminaryMicro/arm-none-eabi-gcc/libdriver.a(ssi.o)
                0x00005674                SSIIntEnable
 .text.SSIIntDisable
                0x0000567c        0xc ../../Common/drivers/LuminaryMicro/arm-none-eabi-gcc/libdriver.a(ssi.o)
                0x0000567c                SSIIntDisable
 .text.SSIIntStatus
                0x00005688        0xc ../../Common/drivers/LuminaryMicro/arm-none-eabi-gcc/libdriver.a(ssi.o)
                0x00005688                SSIIntStatus
 .text.SSIIntClear
                0x00005694        0x4 ../../Common/drivers/LuminaryMicro/arm-none-eabi-gcc/libdriver.a(ssi.o)
                0x00005694                SSIIntClear
 .text.SSIDataPut
                0x00005698       0x10 ../../Common/drivers/LuminaryMicro/arm-none-eabi-gcc/libdriver.a(ssi.o)
                0x00005698                SSIDataPut
 .text.SSIDataPutNonBlocking
                0x000056a8       0x10 ../../Common/drivers/LuminaryMicro/arm-none-eabi-gcc/libdriver.a(ssi.o)
                0x000056a8                SSIDataPutNonBlocking
 .text.SSIDataGet
                0x000056b8       0x14 ../../Common/drivers/LuminaryMicro/arm-none-eabi-gcc/libdriver.a(ssi.o)
                0x000056b8                SSIDataGet
 .text.SSIDataGetNonBlocking
                0x000056cc       0x14 ../../Common/drivers/LuminaryMicro/arm-none-eabi-gcc/libdriver.a(ssi.o)
                0x000056cc                SSIDataGetNonBlocking
 .text.SSIDMAEnable
                0x000056e0        0x8 ../../Common/drivers/LuminaryMicro/arm-none-eabi-gcc/libdriver.a(ssi.o)
                0x000056e0                SSIDMAEnable
 .text.SSIDMADisable
                0x000056e8        0xc ../../Common/drivers/LuminaryMicro/arm-none-eabi-gcc/libdriver.a(ssi.o)
                0x000056e8                SSIDMADisable
 .text.SSIIntUnregister
                0x000056f4       0x20 ../../Common/drivers/LuminaryMicro/arm-none-eabi-gcc/libdriver.a(ssi.o)
                0x000056f4                SSIIntUnregister
 .text.SSIIntRegister
                0x00005714       0x20 ../../Common/drivers/LuminaryMicro/arm-none-eabi-gcc/libdriver.a(ssi.o)
                0x00005714                SSIIntRegister
 .text          0x00005734        0x0 ../../Common/drivers/LuminaryMicro/arm-none-eabi-gcc/libdriver.a(sysctl.o)
 .text.SysCtlSRAMSizeGet
                0x00005734       0x14 ../../Common/drivers/LuminaryMicro/arm-none-eabi-gcc/libdriver.a(sysctl.o)
                0x00005734                SysCtlSRAMSizeGet
 .text.SysCtlFlashSizeGet
                0x00005748       0x14 ../../Common/drivers/LuminaryMicro/arm-none-eabi-gcc/libdriver.a(sysctl.o)
                0x00005748                SysCtlFlashSizeGet
 .text.SysCtlPinPresent
                0x0000575c       0x14 ../../Common/drivers/LuminaryMicro/arm-none-eabi-gcc/libdriver.a(sysctl.o)
                0x0000575c                SysCtlPinPresent
 .text.SysCtlPeripheralPresent
                0x00005770       0x28 ../../Common/drivers/LuminaryMicro/arm-none-eabi-gcc/libdriver.a(sysctl.o)
                0x00005770                SysCtlPeripheralPresent
 .text.SysCtlPeripheralReset
                0x00005798       0x44 ../../Common/drivers/LuminaryMicro/arm-none-eabi-gcc/libdriver.a(sysctl.o)
                0x00005798                SysCtlPeripheralReset
 .text.SysCtlPeripheralEnable
                0x000057dc       0x24 ../../Common/drivers/LuminaryMicro/arm-none-eabi-gcc/libdriver.a(sysctl.o)
                0x000057dc                SysCtlPeripheralEnable
 .text.SysCtlPeripheralDisable
                0x00005800       0x24 ../../Common/drivers/LuminaryMicro/arm-none-eabi-gcc/libdriver.a(sysctl.o)
                0x00005800                SysCtlPeripheralDisable
 .text.SysCtlPeripheralSleepEnable
                0x00005824       0x24 ../../Common/drivers/LuminaryMicro/arm-none-eabi-gcc/libdriver.a(sysctl.o)
                0x00005824                SysCtlPeripheralSleepEnable
 .text.SysCtlPeripheralSleepDisable
                0x00005848       0x24 ../../Common/drivers/LuminaryMicro/arm-none-eabi-gcc/libdriver.a(sysctl.o)
                0x00005848                SysCtlPeripheralSleepDisable
 .text.SysCtlPeripheralDeepSleepEnable
                0x0000586c       0x24 ../../Common/drivers/LuminaryMicro/arm-none-eabi-gcc/libdriver.a(sysctl.o)
                0x0000586c                SysCtlPeripheralDeepSleepEnable
 .text.SysCtlPeripheralDeepSleepDisable
                0x00005890       0x24 ../../Common/drivers/LuminaryMicro/arm-none-eabi-gcc/libdriver.a(sysctl.o)
                0x00005890                SysCtlPeripheralDeepSleepDisable
 .text.SysCtlPeripheralClockGating
                0x000058b4       0x20 ../../Common/drivers/LuminaryMicro/arm-none-eabi-gcc/libdriver.a(sysctl.o)
                0x000058b4                SysCtlPeripheralClockGating
 .text.SysCtlIntEnable
                0x000058d4       0x10 ../../Common/drivers/LuminaryMicro/arm-none-eabi-gcc/libdriver.a(sysctl.o)
                0x000058d4                SysCtlIntEnable
 .text.SysCtlIntDisable
                0x000058e4       0x10 ../../Common/drivers/LuminaryMicro/arm-none-eabi-gcc/libdriver.a(sysctl.o)
                0x000058e4                SysCtlIntDisable
 .text.SysCtlIntClear
                0x000058f4        0xc ../../Common/drivers/LuminaryMicro/arm-none-eabi-gcc/libdriver.a(sysctl.o)
                0x000058f4                SysCtlIntClear
 .text.SysCtlIntStatus
                0x00005900       0x18 ../../Common/drivers/LuminaryMicro/arm-none-eabi-gcc/libdriver.a(sysctl.o)
                0x00005900                SysCtlIntStatus
 .text.SysCtlLDOSet
                0x00005918        0xc ../../Common/drivers/LuminaryMicro/arm-none-eabi-gcc/libdriver.a(sysctl.o)
                0x00005918                SysCtlLDOSet
 .text.SysCtlLDOGet
                0x00005924        0xc ../../Common/drivers/LuminaryMicro/arm-none-eabi-gcc/libdriver.a(sysctl.o)
                0x00005924                SysCtlLDOGet
 .text.SysCtlLDOConfigSet
                0x00005930        0xc ../../Common/drivers/LuminaryMicro/arm-none-eabi-gcc/libdriver.a(sysctl.o)
                0x00005930                SysCtlLDOConfigSet
 .text.SysCtlReset
                0x0000593c       0x10 ../../Common/drivers/LuminaryMicro/arm-none-eabi-gcc/libdriver.a(sysctl.o)
                0x0000593c                SysCtlReset
 .text.SysCtlResetCauseGet
                0x0000594c        0xc ../../Common/drivers/LuminaryMicro/arm-none-eabi-gcc/libdriver.a(sysctl.o)
                0x0000594c                SysCtlResetCauseGet
 .text.SysCtlResetCauseClear
                0x00005958       0x10 ../../Common/drivers/LuminaryMicro/arm-none-eabi-gcc/libdriver.a(sysctl.o)
                0x00005958                SysCtlResetCauseClear
 .text.SysCtlBrownOutConfigSet
                0x00005968       0x10 ../../Common/drivers/LuminaryMicro/arm-none-eabi-gcc/libdriver.a(sysctl.o)
                0x00005968                SysCtlBrownOutConfigSet
 .text.SysCtlDelay
                0x00005978        0x8 ../../Common/drivers/LuminaryMicro/arm-none-eabi-gcc/libdriver.a(sysctl.o)
                0x00005978                SysCtlDelay
 .text.SysCtlClockSet
                0x00005980      0x168 ../../Common/drivers/LuminaryMicro/arm-none-eabi-gcc/libdriver.a(sysctl.o)
                0x00005980                SysCtlClockSet
 .text.SysCtlClockGet
                0x00005ae8      0x150 ../../Common/drivers/LuminaryMicro/arm-none-eabi-gcc/libdriver.a(sysctl.o)
                0x00005ae8                SysCtlClockGet
 .text.SysCtlPWMClockSet
                0x00005c38       0x14 ../../Common/drivers/LuminaryMicro/arm-none-eabi-gcc/libdriver.a(sysctl.o)
                0x00005c38                SysCtlPWMClockSet
 .text.SysCtlPWMClockGet
                0x00005c4c       0x18 ../../Common/drivers/LuminaryMicro/arm-none-eabi-gcc/libdriver.a(sysctl.o)
                0x00005c4c                SysCtlPWMClockGet
 .text.SysCtlADCSpeedSet
                0x00005c64       0x34 ../../Common/drivers/LuminaryMicro/arm-none-eabi-gcc/libdriver.a(sysctl.o)
                0x00005c64                SysCtlADCSpeedSet
 .text.SysCtlADCSpeedGet
                0x00005c98       0x10 ../../Common/drivers/LuminaryMicro/arm-none-eabi-gcc/libdriver.a(sysctl.o)
                0x00005c98                SysCtlADCSpeedGet
 .text.SysCtlIOSCVerificationSet
                0x00005ca8       0x20 ../../Common/drivers/LuminaryMicro/arm-none-eabi-gcc/libdriver.a(sysctl.o)
                0x00005ca8                SysCtlIOSCVerificationSet
 .text.SysCtlMOSCVerificationSet
                0x00005cc8       0x20 ../../Common/drivers/LuminaryMicro/arm-none-eabi-gcc/libdriver.a(sysctl.o)
                0x00005cc8                SysCtlMOSCVerificationSet
 .text.SysCtlPLLVerificationSet
                0x00005ce8       0x20 ../../Common/drivers/LuminaryMicro/arm-none-eabi-gcc/libdriver.a(sysctl.o)
                0x00005ce8                SysCtlPLLVerificationSet
 .text.SysCtlClkVerificationClear
                0x00005d08       0x10 ../../Common/drivers/LuminaryMicro/arm-none-eabi-gcc/libdriver.a(sysctl.o)
                0x00005d08                SysCtlClkVerificationClear
 .text.SysCtlGPIOAHBEnable
                0x00005d18       0x10 ../../Common/drivers/LuminaryMicro/arm-none-eabi-gcc/libdriver.a(sysctl.o)
                0x00005d18                SysCtlGPIOAHBEnable
 .text.SysCtlGPIOAHBDisable
                0x00005d28       0x14 ../../Common/drivers/LuminaryMicro/arm-none-eabi-gcc/libdriver.a(sysctl.o)
                0x00005d28                SysCtlGPIOAHBDisable
 .text.SysCtlUSBPLLEnable
                0x00005d3c       0x10 ../../Common/drivers/LuminaryMicro/arm-none-eabi-gcc/libdriver.a(sysctl.o)
                0x00005d3c                SysCtlUSBPLLEnable
 .text.SysCtlUSBPLLDisable
                0x00005d4c       0x10 ../../Common/drivers/LuminaryMicro/arm-none-eabi-gcc/libdriver.a(sysctl.o)
                0x00005d4c                SysCtlUSBPLLDisable
 .text.SysCtlDeepSleep
                0x00005d5c       0x20 ../../Common/drivers/LuminaryMicro/arm-none-eabi-gcc/libdriver.a(sysctl.o)
                0x00005d5c                SysCtlDeepSleep
 .text.SysCtlSleep
                0x00005d7c        0x8 ../../Common/drivers/LuminaryMicro/arm-none-eabi-gcc/libdriver.a(sysctl.o)
                0x00005d7c                SysCtlSleep
 .text.SysCtlIntUnregister
                0x00005d84       0x10 ../../Common/drivers/LuminaryMicro/arm-none-eabi-gcc/libdriver.a(sysctl.o)
                0x00005d84                SysCtlIntUnregister
 .text.SysCtlIntRegister
                0x00005d94       0x14 ../../Common/drivers/LuminaryMicro/arm-none-eabi-gcc/libdriver.a(sysctl.o)
                0x00005d94                SysCtlIntRegister
 .text          0x00005da8        0x0 ../../Common/drivers/LuminaryMicro/arm-none-eabi-gcc/libdriver.a(timer.o)
 .text.TimerEnable
                0x00005da8       0x10 ../../Common/drivers/LuminaryMicro/arm-none-eabi-gcc/libdriver.a(timer.o)
                0x00005da8                TimerEnable
 .text.TimerDisable
                0x00005db8       0x14 ../../Common/drivers/LuminaryMicro/arm-none-eabi-gcc/libdriver.a(timer.o)
                0x00005db8                TimerDisable
 .text.TimerConfigure
                0x00005dcc       0x20 ../../Common/drivers/LuminaryMicro/arm-none-eabi-gcc/libdriver.a(timer.o)
                0x00005dcc                TimerConfigure
 .text.TimerControlLevel
                0x00005dec       0x28 ../../Common/drivers/LuminaryMicro/arm-none-eabi-gcc/libdriver.a(timer.o)
                0x00005dec                TimerControlLevel
 .text.TimerControlTrigger
                0x00005e14       0x28 ../../Common/drivers/LuminaryMicro/arm-none-eabi-gcc/libdriver.a(timer.o)
                0x00005e14                TimerControlTrigger
 .text.TimerControlEvent
                0x00005e3c       0x20 ../../Common/drivers/LuminaryMicro/arm-none-eabi-gcc/libdriver.a(timer.o)
                0x00005e3c                TimerControlEvent
 .text.TimerControlStall
                0x00005e5c       0x28 ../../Common/drivers/LuminaryMicro/arm-none-eabi-gcc/libdriver.a(timer.o)
                0x00005e5c                TimerControlStall
 .text.TimerRTCEnable
                0x00005e84        0xc ../../Common/drivers/LuminaryMicro/arm-none-eabi-gcc/libdriver.a(timer.o)
                0x00005e84                TimerRTCEnable
 .text.TimerRTCDisable
                0x00005e90        0xc ../../Common/drivers/LuminaryMicro/arm-none-eabi-gcc/libdriver.a(timer.o)
                0x00005e90                TimerRTCDisable
 .text.TimerPrescaleSet
                0x00005e9c       0x14 ../../Common/drivers/LuminaryMicro/arm-none-eabi-gcc/libdriver.a(timer.o)
                0x00005e9c                TimerPrescaleSet
 .text.TimerPrescaleGet
                0x00005eb0        0xc ../../Common/drivers/LuminaryMicro/arm-none-eabi-gcc/libdriver.a(timer.o)
                0x00005eb0                TimerPrescaleGet
 .text.TimerLoadSet
                0x00005ebc       0x14 ../../Common/drivers/LuminaryMicro/arm-none-eabi-gcc/libdriver.a(timer.o)
                0x00005ebc                TimerLoadSet
 .text.TimerLoadGet
                0x00005ed0        0xc ../../Common/drivers/LuminaryMicro/arm-none-eabi-gcc/libdriver.a(timer.o)
                0x00005ed0                TimerLoadGet
 .text.TimerValueGet
                0x00005edc        0xc ../../Common/drivers/LuminaryMicro/arm-none-eabi-gcc/libdriver.a(timer.o)
                0x00005edc                TimerValueGet
 .text.TimerMatchSet
                0x00005ee8       0x14 ../../Common/drivers/LuminaryMicro/arm-none-eabi-gcc/libdriver.a(timer.o)
                0x00005ee8                TimerMatchSet
 .text.TimerMatchGet
                0x00005efc        0xc ../../Common/drivers/LuminaryMicro/arm-none-eabi-gcc/libdriver.a(timer.o)
                0x00005efc                TimerMatchGet
 .text.TimerIntEnable
                0x00005f08        0x8 ../../Common/drivers/LuminaryMicro/arm-none-eabi-gcc/libdriver.a(timer.o)
                0x00005f08                TimerIntEnable
 .text.TimerIntDisable
                0x00005f10        0xc ../../Common/drivers/LuminaryMicro/arm-none-eabi-gcc/libdriver.a(timer.o)
                0x00005f10                TimerIntDisable
 .text.TimerIntStatus
                0x00005f1c        0xc ../../Common/drivers/LuminaryMicro/arm-none-eabi-gcc/libdriver.a(timer.o)
                0x00005f1c                TimerIntStatus
 .text.TimerIntClear
                0x00005f28        0x4 ../../Common/drivers/LuminaryMicro/arm-none-eabi-gcc/libdriver.a(timer.o)
                0x00005f28                TimerIntClear
 .text.TimerIntUnregister
                0x00005f2c       0x58 ../../Common/drivers/LuminaryMicro/arm-none-eabi-gcc/libdriver.a(timer.o)
                0x00005f2c                TimerIntUnregister
 .text.TimerQuiesce
                0x00005f84       0x44 ../../Common/drivers/LuminaryMicro/arm-none-eabi-gcc/libdriver.a(timer.o)
                0x00005f84                TimerQuiesce
 .text.TimerIntRegister
                0x00005fc8       0x60 ../../Common/drivers/LuminaryMicro/arm-none-eabi-gcc/libdriver.a(timer.o)
                0x00005fc8                TimerIntRegister
 .text          0x00006028       0x14 ../../Common/drivers/LuminaryMicro/arm-none-eabi-gcc/libdriver.a(cpu.o)
                0x00006028                CPUcpsid
                0x00006030                CPUcpsie
                0x00006038                CPUwfi
 .text          0x0000603c        0x0 ../../Common/drivers/LuminaryMicro/arm-none-eabi-gcc/libgr.a(context.o)
 .text.GrContextInit
                0x0000603c       0x24 ../../Common/drivers/LuminaryMicro/arm-none-eabi-gcc/libgr.a(context.o)
                0x0000603c                GrContextInit
 .text.GrContextClipRegionSet
                0x00006060       0x88 ../../Common/drivers/LuminaryMicro/arm-none-eabi-gcc/libgr.a(context.o)
                0x00006060                GrContextClipRegionSet
 .text          0x000060e8        0x0 ../../Common/drivers/LuminaryMicro/arm-none-eabi-gcc/libgr.a(fontcmss12.o)
 .text          0x000060e8        0x0 ../../Common/drivers/LuminaryMicro/arm-none-eabi-gcc/libgr.a(image.o)
 .text.GrImageDraw
                0x000060e8      0x37c ../../Common/drivers/LuminaryMicro/arm-none-eabi-gcc/libgr.a(image.o)
                0x000060e8                GrImageDraw
 .text          0x00006464        0x0 ../../Common/drivers/LuminaryMicro/arm-none-eabi-gcc/libgr.a(rectangle.o)
 .text.GrRectFill
                0x00006464       0xb4 ../../Common/drivers/LuminaryMicro/arm-none-eabi-gcc/libgr.a(rectangle.o)
                0x00006464                GrRectFill
 .text.GrRectDraw
                0x00006518       0x64 ../../Common/drivers/LuminaryMicro/arm-none-eabi-gcc/libgr.a(rectangle.o)
                0x00006518                GrRectDraw
 .text          0x0000657c        0x0 ../../Common/drivers/LuminaryMicro/arm-none-eabi-gcc/libgr.a(string.o)
 .text.GrStringWidthGet
                0x0000657c       0x58 ../../Common/drivers/LuminaryMicro/arm-none-eabi-gcc/libgr.a(string.o)
                0x0000657c                GrStringWidthGet
 .text.GrStringDraw
                0x000065d4      0x34c ../../Common/drivers/LuminaryMicro/arm-none-eabi-gcc/libgr.a(string.o)
                0x000065d4                GrStringDraw
 .text          0x00006920        0x0 ../../Common/drivers/LuminaryMicro/arm-none-eabi-gcc/libgr.a(line.o)
 .text.GrLineDrawH
                0x00006920       0x58 ../../Common/drivers/LuminaryMicro/arm-none-eabi-gcc/libgr.a(line.o)
                0x00006920                GrLineDrawH
 .text.GrLineDrawV
                0x00006978       0x58 ../../Common/drivers/LuminaryMicro/arm-none-eabi-gcc/libgr.a(line.o)
                0x00006978                GrLineDrawV
 .text.GrClipCodeGet
                0x000069d0       0x38 ../../Common/drivers/LuminaryMicro/arm-none-eabi-gcc/libgr.a(line.o)
 .text.GrLineDraw
                0x00006a08      0x19c ../../Common/drivers/LuminaryMicro/arm-none-eabi-gcc/libgr.a(line.o)
                0x00006a08                GrLineDraw
 .text          0x00006ba4       0x64 c:/program files (x86)/codesourcery/sourcery g++ lite/bin/../lib/gcc/arm-none-eabi/4.4.1/../../../../arm-none-eabi/lib/thumb2\libc.a(lib_a-memcmp.o)
                0x00006ba4                memcmp
 .text          0x00006c08      0x190 c:/program files (x86)/codesourcery/sourcery g++ lite/bin/../lib/gcc/arm-none-eabi/4.4.1/../../../../arm-none-eabi/lib/thumb2\libc.a(lib_a-memcpy.o)
                0x00006c08                memcpy
 .text          0x00006d98       0xd4 c:/program files (x86)/codesourcery/sourcery g++ lite/bin/../lib/gcc/arm-none-eabi/4.4.1/../../../../arm-none-eabi/lib/thumb2\libc.a(lib_a-memset.o)
                0x00006d98                memset
 .text          0x00006e6c       0x48 c:/program files (x86)/codesourcery/sourcery g++ lite/bin/../lib/gcc/arm-none-eabi/4.4.1/../../../../arm-none-eabi/lib/thumb2\libc.a(lib_a-strcat.o)
                0x00006e6c                strcat
 .text          0x00006eb4       0xbc c:/program files (x86)/codesourcery/sourcery g++ lite/bin/../lib/gcc/arm-none-eabi/4.4.1/../../../../arm-none-eabi/lib/thumb2\libc.a(lib_a-strcpy.o)
                0x00006eb4                strcpy
 .text          0x00006f70       0x60 c:/program files (x86)/codesourcery/sourcery g++ lite/bin/../lib/gcc/arm-none-eabi/4.4.1/../../../../arm-none-eabi/lib/thumb2\libc.a(lib_a-strlen.o)
                0x00006f70                strlen
 .text          0x00006fd0       0x78 c:/program files (x86)/codesourcery/sourcery g++ lite/bin/../lib/gcc/arm-none-eabi/4.4.1/../../../../arm-none-eabi/lib/thumb2\libc.a(lib_a-strncpy.o)
                0x00006fd0                strncpy
 *(.rodata*)
 .rodata.pucBasicBitmap
                0x00007048      0xc84 main.o
                0x00007048                pucBasicBitmap
 .rodata.pucGrLibBitmap
                0x00007ccc      0x6a8 main.o
                0x00007ccc                pucGrLibBitmap
 .rodata        0x00008374       0x3c main.o
 .rodata.pcWelcomeMessage
                0x000083b0        0x4 main.o
                0x000083b0                pcWelcomeMessage
 .rodata.g_pucRIT128x96x4VerticalInc
                0x000083b4        0x4 rit128x96x4.o
 .rodata.g_pucRIT128x96x4HorizontalInc
                0x000083b8        0x4 rit128x96x4.o
 .rodata.g_pucFont
                0x000083bc      0x1e0 rit128x96x4.o
 .rodata.g_pucRIT128x96x4Init
                0x0000859c       0x50 rit128x96x4.o
 .rodata.pucCommand1.1739
                0x000085ec        0x4 rit128x96x4.o
 .rodata.pucCommand1.1553
                0x000085f0        0x4 rit128x96x4.o
 .rodata.pucCommand2.1554
                0x000085f4        0x4 rit128x96x4.o
 .rodata.g_pucOSRAM128x64x4VerticalInc
                0x000085f8        0x4 osram128x64x4.o
 .rodata.g_pucOSRAM128x64x4HorizontalInc
                0x000085fc        0x4 osram128x64x4.o
 .rodata.g_pucFont
                0x00008600      0x1e0 osram128x64x4.o
 .rodata.g_pucOSRAM128x64x4Init
                0x000087e0       0x50 osram128x64x4.o
 .rodata.pucCommand1.1699
                0x00008830        0x4 osram128x64x4.o
 .rodata.pucCommand1.1540
                0x00008834        0x4 osram128x64x4.o
 .rodata.pucCommand2.1541
                0x00008838        0x4 osram128x64x4.o
 .rodata.g_sFormike128x128x16
                0x0000883c       0x28 formike128x128x16.o
                0x0000883c                g_sFormike128x128x16
 .rodata        0x00008864       0x14 formike128x128x16.o
 .rodata.C.4.2326
                0x00008878        0x8 formike128x128x16.o
 .rodata        0x00008880       0x1c ../../Common/drivers/LuminaryMicro/ustdlib.o
 .rodata.g_pcHex
                0x0000889c        0x4 ../../Common/drivers/LuminaryMicro/ustdlib.o
 .rodata        0x000088a0       0x50 ../../../Source/tasks.o
 .rodata.ucExpectedStackBytes.3435
                0x000088f0       0x14 ../../../Source/tasks.o
 .rodata.ulKernelPriority
                0x00008904        0x4 ../../../Source/portable/GCC/ARM_CM3/port.o
                0x00008904                ulKernelPriority
 .rodata.heapSTRUCT_SIZE
                0x00008908        0x2 ../../../Source/portable/MemMang/heap_2.o
 *fill*         0x0000890a        0x2 00
 .rodata.g_pulPriority
                0x0000890c       0x20 ../../Common/drivers/LuminaryMicro/arm-none-eabi-gcc/libdriver.a(interrupt.o)
 .rodata.g_pulRegs
                0x0000892c       0x40 ../../Common/drivers/LuminaryMicro/arm-none-eabi-gcc/libdriver.a(interrupt.o)
 .rodata.g_pulDCRegs
                0x0000896c       0x10 ../../Common/drivers/LuminaryMicro/arm-none-eabi-gcc/libdriver.a(sysctl.o)
 .rodata.g_pulXtals
                0x0000897c       0x5c ../../Common/drivers/LuminaryMicro/arm-none-eabi-gcc/libdriver.a(sysctl.o)
 .rodata.g_pulDCGCRegs
                0x000089d8        0xc ../../Common/drivers/LuminaryMicro/arm-none-eabi-gcc/libdriver.a(sysctl.o)
 .rodata.g_pulRCGCRegs
                0x000089e4        0xc ../../Common/drivers/LuminaryMicro/arm-none-eabi-gcc/libdriver.a(sysctl.o)
 .rodata.g_pulSCGCRegs
                0x000089f0        0xc ../../Common/drivers/LuminaryMicro/arm-none-eabi-gcc/libdriver.a(sysctl.o)
 .rodata.g_pulSRCRRegs
                0x000089fc        0xc ../../Common/drivers/LuminaryMicro/arm-none-eabi-gcc/libdriver.a(sysctl.o)
 .rodata.g_sFontCmss12
                0x00008a08       0xc8 ../../Common/drivers/LuminaryMicro/arm-none-eabi-gcc/libgr.a(fontcmss12.o)
                0x00008a08                g_sFontCmss12
 .rodata.g_pucCmss12Data
                0x00008ad0      0x514 ../../Common/drivers/LuminaryMicro/arm-none-eabi-gcc/libgr.a(fontcmss12.o)
                0x00008fe4                _etext = .

.glue_7         0x00008fe4        0x0
 .glue_7        0x00000000        0x0 linker stubs

.glue_7t        0x00008fe4        0x0
 .glue_7t       0x00000000        0x0 linker stubs

.vfp11_veneer   0x00008fe4        0x0
 .vfp11_veneer  0x00000000        0x0 linker stubs

.v4_bx          0x00008fe4        0x0
 .v4_bx         0x00000000        0x0 linker stubs

.data           0x20000000      0x108 load address 0x00008fe4
                0x20000000                _data = .
 *(vtable)
 vtable         0x20000000      0x100 ../../Common/drivers/LuminaryMicro/arm-none-eabi-gcc/libdriver.a(interrupt.o)
 *(.data*)
 .data          0x20000100        0x0 main.o
 .data          0x20000100        0x0 timertest.o
 .data          0x20000100        0x0 ./ParTest/ParTest.o
 .data          0x20000100        0x0 rit128x96x4.o
 .data          0x20000100        0x0 osram128x64x4.o
 .data          0x20000100        0x0 formike128x128x16.o
 .data          0x20000100        0x0 ../../Common/drivers/LuminaryMicro/ustdlib.o
 .data          0x20000100        0x0 ./IntQueueTimer.o
 .data          0x20000100        0x0 ../../../Source/list.o
 .data          0x20000100        0x0 ../../../Source/queue.o
 .data          0x20000100        0x0 ../../../Source/tasks.o
 .data.uxPreviousTask
                0x20000100        0x4 ../../../Source/tasks.o
 .data          0x20000104        0x0 ../../../Source/portable/GCC/ARM_CM3/port.o
 .data.uxCriticalNesting
                0x20000104        0x4 ../../../Source/portable/GCC/ARM_CM3/port.o
 .data          0x20000108        0x0 ../../../Source/portable/MemMang/heap_2.o
 .data          0x20000108        0x0 startup.o
 .data          0x20000108        0x0 ../../Common/drivers/LuminaryMicro/arm-none-eabi-gcc/libdriver.a(gpio.o)
 .data          0x20000108        0x0 ../../Common/drivers/LuminaryMicro/arm-none-eabi-gcc/libdriver.a(interrupt.o)
 .data          0x20000108        0x0 ../../Common/drivers/LuminaryMicro/arm-none-eabi-gcc/libdriver.a(ssi.o)
 .data          0x20000108        0x0 ../../Common/drivers/LuminaryMicro/arm-none-eabi-gcc/libdriver.a(sysctl.o)
 .data          0x20000108        0x0 ../../Common/drivers/LuminaryMicro/arm-none-eabi-gcc/libdriver.a(timer.o)
 .data          0x20000108        0x0 ../../Common/drivers/LuminaryMicro/arm-none-eabi-gcc/libdriver.a(cpu.o)
 .data          0x20000108        0x0 ../../Common/drivers/LuminaryMicro/arm-none-eabi-gcc/libgr.a(context.o)
 .data          0x20000108        0x0 ../../Common/drivers/LuminaryMicro/arm-none-eabi-gcc/libgr.a(fontcmss12.o)
 .data          0x20000108        0x0 ../../Common/drivers/LuminaryMicro/arm-none-eabi-gcc/libgr.a(image.o)
 .data          0x20000108        0x0 ../../Common/drivers/LuminaryMicro/arm-none-eabi-gcc/libgr.a(rectangle.o)
 .data          0x20000108        0x0 ../../Common/drivers/LuminaryMicro/arm-none-eabi-gcc/libgr.a(string.o)
 .data          0x20000108        0x0 ../../Common/drivers/LuminaryMicro/arm-none-eabi-gcc/libgr.a(line.o)
 .data          0x20000108        0x0 c:/program files (x86)/codesourcery/sourcery g++ lite/bin/../lib/gcc/arm-none-eabi/4.4.1/../../../../arm-none-eabi/lib/thumb2\libc.a(lib_a-memcmp.o)
 .data          0x20000108        0x0 c:/program files (x86)/codesourcery/sourcery g++ lite/bin/../lib/gcc/arm-none-eabi/4.4.1/../../../../arm-none-eabi/lib/thumb2\libc.a(lib_a-memcpy.o)
 .data          0x20000108        0x0 c:/program files (x86)/codesourcery/sourcery g++ lite/bin/../lib/gcc/arm-none-eabi/4.4.1/../../../../arm-none-eabi/lib/thumb2\libc.a(lib_a-memset.o)
 .data          0x20000108        0x0 c:/program files (x86)/codesourcery/sourcery g++ lite/bin/../lib/gcc/arm-none-eabi/4.4.1/../../../../arm-none-eabi/lib/thumb2\libc.a(lib_a-strcat.o)
 .data          0x20000108        0x0 c:/program files (x86)/codesourcery/sourcery g++ lite/bin/../lib/gcc/arm-none-eabi/4.4.1/../../../../arm-none-eabi/lib/thumb2\libc.a(lib_a-strcpy.o)
 .data          0x20000108        0x0 c:/program files (x86)/codesourcery/sourcery g++ lite/bin/../lib/gcc/arm-none-eabi/4.4.1/../../../../arm-none-eabi/lib/thumb2\libc.a(lib_a-strlen.o)
 .data          0x20000108        0x0 c:/program files (x86)/codesourcery/sourcery g++ lite/bin/../lib/gcc/arm-none-eabi/4.4.1/../../../../arm-none-eabi/lib/thumb2\libc.a(lib_a-strncpy.o)
                0x20000108                _edata = .

.bss            0x20000108     0x622c load address 0x000090ec
                0x20000108                _bss = .
 *(.bss*)
 .bss           0x20000108        0x0 main.o
 .bss.ulIdleError
                0x20000108        0x4 main.o
                0x20000108                ulIdleError
 .bss.cMessage.3008
                0x2000010c       0x1c main.o
 .bss           0x20000128        0x0 timertest.o
 .bss.ulMaxJitter
                0x20000128        0x4 timertest.o
                0x20000128                ulMaxJitter
 .bss.ulHighFrequencyTimerTicks
                0x2000012c        0x4 timertest.o
                0x2000012c                ulHighFrequencyTimerTicks
 .bss.ulLastCount.1495
                0x20000130        0x4 timertest.o
 .bss.ulMaxDifference.1494
                0x20000134        0x4 timertest.o
 .bss           0x20000138        0x0 ./ParTest/ParTest.o
 .bss           0x20000138        0x0 rit128x96x4.o
 .bss.ulGPIOId  0x20000138        0x4 rit128x96x4.o
                0x20000138                ulGPIOId
 .bss.ulGPIOBase
                0x2000013c        0x4 rit128x96x4.o
                0x2000013c                ulGPIOBase
 .bss.ulOLEDDC_PIN
                0x20000140        0x4 rit128x96x4.o
                0x20000140                ulOLEDDC_PIN
 .bss.ulOLEDEN_PIN
                0x20000144        0x4 rit128x96x4.o
                0x20000144                ulOLEDEN_PIN
 .bss.g_bSSIEnabled
                0x20000148        0x1 rit128x96x4.o
 *fill*         0x20000149        0x3 00
 .bss.g_pucBuffer
                0x2000014c        0x8 rit128x96x4.o
 .bss           0x20000154        0x0 osram128x64x4.o
 .bss.g_bSSIEnabled
                0x20000154        0x1 osram128x64x4.o
 *fill*         0x20000155        0x3 00
 .bss.pucBuffer.1625
                0x20000158        0x8 osram128x64x4.o
 .bss.pucBuffer.1557
                0x20000160        0x8 osram128x64x4.o
 .bss.pucZeroBuffer.1544
                0x20000168        0x8 osram128x64x4.o
 .bss           0x20000170        0x0 formike128x128x16.o
 .bss.sContext  0x20000170       0x1c formike128x128x16.o
 .bss           0x2000018c        0x0 ../../Common/drivers/LuminaryMicro/ustdlib.o
 .bss           0x2000018c        0x0 ./IntQueueTimer.o
 .bss           0x2000018c        0x0 ../../../Source/list.o
 .bss           0x2000018c        0x0 ../../../Source/queue.o
 .bss           0x2000018c        0x0 ../../../Source/tasks.o
 .bss.pxCurrentTCB
                0x2000018c        0x4 ../../../Source/tasks.o
                0x2000018c                pxCurrentTCB
 .bss.pxReadyTasksLists
                0x20000190       0x64 ../../../Source/tasks.o
 .bss.xDelayedTaskList1
                0x200001f4       0x14 ../../../Source/tasks.o
 .bss.xDelayedTaskList2
                0x20000208       0x14 ../../../Source/tasks.o
 .bss.pxDelayedTaskList
                0x2000021c        0x4 ../../../Source/tasks.o
 .bss.pxOverflowDelayedTaskList
                0x20000220        0x4 ../../../Source/tasks.o
 .bss.xPendingReadyList
                0x20000224       0x14 ../../../Source/tasks.o
 .bss.xTasksWaitingTermination
                0x20000238       0x14 ../../../Source/tasks.o
 .bss.uxTasksDeleted
                0x2000024c        0x4 ../../../Source/tasks.o
 .bss.xSuspendedTaskList
                0x20000250       0x14 ../../../Source/tasks.o
 .bss.uxCurrentNumberOfTasks
                0x20000264        0x4 ../../../Source/tasks.o
 .bss.xTickCount
                0x20000268        0x4 ../../../Source/tasks.o
 .bss.uxTopUsedPriority
                0x2000026c        0x4 ../../../Source/tasks.o
 .bss.uxTopReadyPriority
                0x20000270        0x4 ../../../Source/tasks.o
 .bss.xSchedulerRunning
                0x20000274        0x4 ../../../Source/tasks.o
 .bss.uxSchedulerSuspended
                0x20000278        0x4 ../../../Source/tasks.o
 .bss.uxMissedTicks
                0x2000027c        0x4 ../../../Source/tasks.o
 .bss.xMissedYield
                0x20000280        0x4 ../../../Source/tasks.o
 .bss.xNumOfOverflows
                0x20000284        0x4 ../../../Source/tasks.o
 .bss.uxTaskNumber
                0x20000288        0x4 ../../../Source/tasks.o
 .bss.pcStatsString
                0x2000028c       0x34 ../../../Source/tasks.o
 .bss.ulTaskSwitchedInTime
                0x200002c0        0x4 ../../../Source/tasks.o
 .bss.pcTraceBuffer
                0x200002c4        0x4 ../../../Source/tasks.o
 .bss.pcTraceBufferStart
                0x200002c8        0x4 ../../../Source/tasks.o
 .bss.pcTraceBufferEnd
                0x200002cc        0x4 ../../../Source/tasks.o
 .bss.xTracing  0x200002d0        0x4 ../../../Source/tasks.o
 .bss.pcStatusString
                0x200002d4       0x34 ../../../Source/tasks.o
 .bss           0x20000308        0x0 ../../../Source/portable/GCC/ARM_CM3/port.o
 .bss           0x20000308        0x0 ../../../Source/portable/MemMang/heap_2.o
 .bss.xHeap     0x20000308     0x5dc0 ../../../Source/portable/MemMang/heap_2.o
 .bss.xStart    0x200060c8        0x8 ../../../Source/portable/MemMang/heap_2.o
 .bss.xEnd      0x200060d0        0x8 ../../../Source/portable/MemMang/heap_2.o
 .bss.xFreeBytesRemaining
                0x200060d8        0x4 ../../../Source/portable/MemMang/heap_2.o
 .bss.xHeapHasBeenInitialised.1975
                0x200060dc        0x4 ../../../Source/portable/MemMang/heap_2.o
 .bss           0x200060e0        0x0 startup.o
 .bss.pulStack  0x200060e0      0x1e0 startup.o
 .bss           0x200062c0        0x0 ../../Common/drivers/LuminaryMicro/arm-none-eabi-gcc/libdriver.a(gpio.o)
 .bss           0x200062c0        0x0 ../../Common/drivers/LuminaryMicro/arm-none-eabi-gcc/libdriver.a(interrupt.o)
 .bss           0x200062c0        0x0 ../../Common/drivers/LuminaryMicro/arm-none-eabi-gcc/libdriver.a(ssi.o)
 .bss           0x200062c0        0x0 ../../Common/drivers/LuminaryMicro/arm-none-eabi-gcc/libdriver.a(sysctl.o)
 .bss           0x200062c0        0x0 ../../Common/drivers/LuminaryMicro/arm-none-eabi-gcc/libdriver.a(timer.o)
 .bss           0x200062c0        0x0 ../../Common/drivers/LuminaryMicro/arm-none-eabi-gcc/libdriver.a(cpu.o)
 .bss           0x200062c0        0x0 ../../Common/drivers/LuminaryMicro/arm-none-eabi-gcc/libgr.a(context.o)
 .bss           0x200062c0        0x0 ../../Common/drivers/LuminaryMicro/arm-none-eabi-gcc/libgr.a(fontcmss12.o)
 .bss           0x200062c0        0x0 ../../Common/drivers/LuminaryMicro/arm-none-eabi-gcc/libgr.a(image.o)
 .bss.g_pucDictionary
                0x200062c0       0x20 ../../Common/drivers/LuminaryMicro/arm-none-eabi-gcc/libgr.a(image.o)
 .bss           0x200062e0        0x0 ../../Common/drivers/LuminaryMicro/arm-none-eabi-gcc/libgr.a(rectangle.o)
 .bss           0x200062e0        0x0 ../../Common/drivers/LuminaryMicro/arm-none-eabi-gcc/libgr.a(string.o)
 .bss           0x200062e0        0x0 ../../Common/drivers/LuminaryMicro/arm-none-eabi-gcc/libgr.a(line.o)
 .bss           0x200062e0        0x0 c:/program files (x86)/codesourcery/sourcery g++ lite/bin/../lib/gcc/arm-none-eabi/4.4.1/../../../../arm-none-eabi/lib/thumb2\libc.a(lib_a-memcmp.o)
 .bss           0x200062e0        0x0 c:/program files (x86)/codesourcery/sourcery g++ lite/bin/../lib/gcc/arm-none-eabi/4.4.1/../../../../arm-none-eabi/lib/thumb2\libc.a(lib_a-memcpy.o)
 .bss           0x200062e0        0x0 c:/program files (x86)/codesourcery/sourcery g++ lite/bin/../lib/gcc/arm-none-eabi/4.4.1/../../../../arm-none-eabi/lib/thumb2\libc.a(lib_a-memset.o)
 .bss           0x200062e0        0x0 c:/program files (x86)/codesourcery/sourcery g++ lite/bin/../lib/gcc/arm-none-eabi/4.4.1/../../../../arm-none-eabi/lib/thumb2\libc.a(lib_a-strcat.o)
 .bss           0x200062e0        0x0 c:/program files (x86)/codesourcery/sourcery g++ lite/bin/../lib/gcc/arm-none-eabi/4.4.1/../../../../arm-none-eabi/lib/thumb2\libc.a(lib_a-strcpy.o)
 .bss           0x200062e0        0x0 c:/program files (x86)/codesourcery/sourcery g++ lite/bin/../lib/gcc/arm-none-eabi/4.4.1/../../../../arm-none-eabi/lib/thumb2\libc.a(lib_a-strlen.o)
 .bss           0x200062e0        0x0 c:/program files (x86)/codesourcery/sourcery g++ lite/bin/../lib/gcc/arm-none-eabi/4.4.1/../../../../arm-none-eabi/lib/thumb2\libc.a(lib_a-strncpy.o)
 *(COMMON)
 COMMON         0x200062e0        0x4 main.o
                0x200062e0                xOLEDQueue
 COMMON         0x200062e4       0x50 ../../../Source/queue.o
                0x200062e4                xQueueRegistry
                0x20006334                _ebss = .
OUTPUT(RTOSDemo.axf elf32-littlearm)

.debug_abbrev   0x00000000      0xe90
 .debug_abbrev  0x00000000      0x153 main.o
 .debug_abbrev  0x00000153       0x6a timertest.o
 .debug_abbrev  0x000001bd       0x87 ./ParTest/ParTest.o
 .debug_abbrev  0x00000244       0xd9 rit128x96x4.o
 .debug_abbrev  0x0000031d       0xc8 osram128x64x4.o
 .debug_abbrev  0x000003e5      0x1df formike128x128x16.o
 .debug_abbrev  0x000005c4       0xfe ../../Common/drivers/LuminaryMicro/ustdlib.o
 .debug_abbrev  0x000006c2       0x67 ./IntQueueTimer.o
 .debug_abbrev  0x00000729       0xca ../../../Source/list.o
 .debug_abbrev  0x000007f3      0x16f ../../../Source/queue.o
 .debug_abbrev  0x00000962      0x194 ../../../Source/tasks.o
 .debug_abbrev  0x00000af6      0x11c ../../../Source/portable/GCC/ARM_CM3/port.o
 .debug_abbrev  0x00000c12      0x167 ../../../Source/portable/MemMang/heap_2.o
 .debug_abbrev  0x00000d79      0x117 startup.o

.debug_info     0x00000000     0x3b5b
 .debug_info    0x00000000      0x322 main.o
 .debug_info    0x00000322       0xf6 timertest.o
 .debug_info    0x00000418       0xd1 ./ParTest/ParTest.o
 .debug_info    0x000004e9      0x457 rit128x96x4.o
 .debug_info    0x00000940      0x434 osram128x64x4.o
 .debug_info    0x00000d74      0x874 formike128x128x16.o
 .debug_info    0x000015e8      0x267 ../../Common/drivers/LuminaryMicro/ustdlib.o
 .debug_info    0x0000184f       0x9f ./IntQueueTimer.o
 .debug_info    0x000018ee      0x2b1 ../../../Source/list.o
 .debug_info    0x00001b9f      0x8b9 ../../../Source/queue.o
 .debug_info    0x00002458     0x10ec ../../../Source/tasks.o
 .debug_info    0x00003544      0x1cf ../../../Source/portable/GCC/ARM_CM3/port.o
 .debug_info    0x00003713      0x2ba ../../../Source/portable/MemMang/heap_2.o
 .debug_info    0x000039cd      0x18e startup.o

.debug_line     0x00000000     0x164f
 .debug_line    0x00000000       0xec main.o
 .debug_line    0x000000ec       0x64 timertest.o
 .debug_line    0x00000150       0x6a ./ParTest/ParTest.o
 .debug_line    0x000001ba      0x1b5 rit128x96x4.o
 .debug_line    0x0000036f      0x1a6 osram128x64x4.o
 .debug_line    0x00000515      0x248 formike128x128x16.o
 .debug_line    0x0000075d      0x181 ../../Common/drivers/LuminaryMicro/ustdlib.o
 .debug_line    0x000008de       0x76 ./IntQueueTimer.o
 .debug_line    0x00000954      0x119 ../../../Source/list.o
 .debug_line    0x00000a6d      0x398 ../../../Source/queue.o
 .debug_line    0x00000e05      0x540 ../../../Source/tasks.o
 .debug_line    0x00001345      0x14c ../../../Source/portable/GCC/ARM_CM3/port.o
 .debug_line    0x00001491      0x125 ../../../Source/portable/MemMang/heap_2.o
 .debug_line    0x000015b6       0x99 startup.o

.debug_frame    0x00000000     0x1244
 .debug_frame   0x00000000       0x88 main.o
 .debug_frame   0x00000088       0x50 timertest.o
 .debug_frame   0x000000d8       0x6c ./ParTest/ParTest.o
 .debug_frame   0x00000144      0x14c rit128x96x4.o
 .debug_frame   0x00000290      0x14c osram128x64x4.o
 .debug_frame   0x000003dc      0x1f8 formike128x128x16.o
 .debug_frame   0x000005d4       0x84 ../../Common/drivers/LuminaryMicro/ustdlib.o
 .debug_frame   0x00000658       0x68 ./IntQueueTimer.o
 .debug_frame   0x000006c0       0x9c ../../../Source/list.o
 .debug_frame   0x0000075c      0x284 ../../../Source/queue.o
 .debug_frame   0x000009e0      0x504 ../../../Source/tasks.o
 .debug_frame   0x00000ee4      0x124 ../../../Source/portable/GCC/ARM_CM3/port.o
 .debug_frame   0x00001008       0x88 ../../../Source/portable/MemMang/heap_2.o
 .debug_frame   0x00001090       0x8c startup.o
 .debug_frame   0x0000111c       0x2c c:/program files (x86)/codesourcery/sourcery g++ lite/bin/../lib/gcc/arm-none-eabi/4.4.1/../../../../arm-none-eabi/lib/thumb2\libc.a(lib_a-memcmp.o)
 .debug_frame   0x00001148       0x38 c:/program files (x86)/codesourcery/sourcery g++ lite/bin/../lib/gcc/arm-none-eabi/4.4.1/../../../../arm-none-eabi/lib/thumb2\libc.a(lib_a-memcpy.o)
 .debug_frame   0x00001180       0x2c c:/program files (x86)/codesourcery/sourcery g++ lite/bin/../lib/gcc/arm-none-eabi/4.4.1/../../../../arm-none-eabi/lib/thumb2\libc.a(lib_a-memset.o)
 .debug_frame   0x000011ac       0x2c c:/program files (x86)/codesourcery/sourcery g++ lite/bin/../lib/gcc/arm-none-eabi/4.4.1/../../../../arm-none-eabi/lib/thumb2\libc.a(lib_a-strcat.o)
 .debug_frame   0x000011d8       0x20 c:/program files (x86)/codesourcery/sourcery g++ lite/bin/../lib/gcc/arm-none-eabi/4.4.1/../../../../arm-none-eabi/lib/thumb2\libc.a(lib_a-strcpy.o)
 .debug_frame   0x000011f8       0x20 c:/program files (x86)/codesourcery/sourcery g++ lite/bin/../lib/gcc/arm-none-eabi/4.4.1/../../../../arm-none-eabi/lib/thumb2\libc.a(lib_a-strlen.o)
 .debug_frame   0x00001218       0x2c c:/program files (x86)/codesourcery/sourcery g++ lite/bin/../lib/gcc/arm-none-eabi/4.4.1/../../../../arm-none-eabi/lib/thumb2\libc.a(lib_a-strncpy.o)

.debug_loc      0x00000000     0x1afb
 .debug_loc     0x00000000       0xd1 main.o
 .debug_loc     0x000000d1       0x6e timertest.o
 .debug_loc     0x0000013f       0x99 ./ParTest/ParTest.o
 .debug_loc     0x000001d8      0x21a rit128x96x4.o
 .debug_loc     0x000003f2      0x21a osram128x64x4.o
 .debug_loc     0x0000060c      0x358 formike128x128x16.o
 .debug_loc     0x00000964       0xbd ../../Common/drivers/LuminaryMicro/ustdlib.o
 .debug_loc     0x00000a21       0x8d ./IntQueueTimer.o
 .debug_loc     0x00000aae      0x113 ../../../Source/list.o
 .debug_loc     0x00000bc1      0x44c ../../../Source/queue.o
 .debug_loc     0x0000100d      0x869 ../../../Source/tasks.o
 .debug_loc     0x00001876      0x170 ../../../Source/portable/GCC/ARM_CM3/port.o
 .debug_loc     0x000019e6       0xc4 ../../../Source/portable/MemMang/heap_2.o
 .debug_loc     0x00001aaa       0x51 startup.o

.debug_pubnames
                0x00000000      0xb7b
 .debug_pubnames
                0x00000000       0x97 main.o
 .debug_pubnames
                0x00000097       0x72 timertest.o
 .debug_pubnames
                0x00000109       0x50 ./ParTest/ParTest.o
 .debug_pubnames
                0x00000159      0x10c rit128x96x4.o
 .debug_pubnames
                0x00000265       0xde osram128x64x4.o
 .debug_pubnames
                0x00000343      0x100 formike128x128x16.o
 .debug_pubnames
                0x00000443       0x3c ../../Common/drivers/LuminaryMicro/ustdlib.o
 .debug_pubnames
                0x0000047f       0x66 ./IntQueueTimer.o
 .debug_pubnames
                0x000004e5       0x71 ../../../Source/list.o
 .debug_pubnames
                0x00000556      0x18c ../../../Source/queue.o
 .debug_pubnames
                0x000006e2      0x2dc ../../../Source/tasks.o
 .debug_pubnames
                0x000009be      0x10d ../../../Source/portable/GCC/ARM_CM3/port.o
 .debug_pubnames
                0x00000acb       0x64 ../../../Source/portable/MemMang/heap_2.o
 .debug_pubnames
                0x00000b2f       0x4c startup.o

.debug_aranges  0x00000000      0x598
 .debug_aranges
                0x00000000       0x38 main.o
 .debug_aranges
                0x00000038       0x28 timertest.o
 .debug_aranges
                0x00000060       0x30 ./ParTest/ParTest.o
 .debug_aranges
                0x00000090       0x68 rit128x96x4.o
 .debug_aranges
                0x000000f8       0x68 osram128x64x4.o
 .debug_aranges
                0x00000160       0x98 formike128x128x16.o
 .debug_aranges
                0x000001f8       0x30 ../../Common/drivers/LuminaryMicro/ustdlib.o
 .debug_aranges
                0x00000228       0x30 ./IntQueueTimer.o
 .debug_aranges
                0x00000258       0x40 ../../../Source/list.o
 .debug_aranges
                0x00000298       0xb8 ../../../Source/queue.o
 .debug_aranges
                0x00000350      0x158 ../../../Source/tasks.o
 .debug_aranges
                0x000004a8       0x70 ../../../Source/portable/GCC/ARM_CM3/port.o
 .debug_aranges
                0x00000518       0x38 ../../../Source/portable/MemMang/heap_2.o
 .debug_aranges
                0x00000550       0x48 startup.o

.debug_ranges   0x00000000      0x528
 .debug_ranges  0x00000000       0x30 main.o
 .debug_ranges  0x00000030       0x20 timertest.o
 .debug_ranges  0x00000050       0x28 ./ParTest/ParTest.o
 .debug_ranges  0x00000078       0x60 rit128x96x4.o
 .debug_ranges  0x000000d8       0x60 osram128x64x4.o
 .debug_ranges  0x00000138       0x90 formike128x128x16.o
 .debug_ranges  0x000001c8       0x28 ../../Common/drivers/LuminaryMicro/ustdlib.o
 .debug_ranges  0x000001f0       0x28 ./IntQueueTimer.o
 .debug_ranges  0x00000218       0x38 ../../../Source/list.o
 .debug_ranges  0x00000250       0xb0 ../../../Source/queue.o
 .debug_ranges  0x00000300      0x150 ../../../Source/tasks.o
 .debug_ranges  0x00000450       0x68 ../../../Source/portable/GCC/ARM_CM3/port.o
 .debug_ranges  0x000004b8       0x30 ../../../Source/portable/MemMang/heap_2.o
 .debug_ranges  0x000004e8       0x40 startup.o

.debug_str      0x00000000     0x1a7d
 .debug_str     0x00000000      0x208 main.o
                                0x24a (size before relaxing)
 .debug_str     0x00000208       0x94 timertest.o
                                0x135 (size before relaxing)
 .debug_str     0x0000029c       0x51 ./ParTest/ParTest.o
                                0x105 (size before relaxing)
 .debug_str     0x000002ed      0x1d1 rit128x96x4.o
                                0x284 (size before relaxing)
 .debug_str     0x000004be      0x12e osram128x64x4.o
                                0x274 (size before relaxing)
 .debug_str     0x000005ec      0x334 formike128x128x16.o
                                0x47f (size before relaxing)
 .debug_str     0x00000920       0xb3 ../../Common/drivers/LuminaryMicro/ustdlib.o
                                0x1c8 (size before relaxing)
 .debug_str     0x000009d3       0x58 ./IntQueueTimer.o
                                 0xf9 (size before relaxing)
 .debug_str     0x00000a2b      0x142 ../../../Source/list.o
                                0x230 (size before relaxing)
 .debug_str     0x00000b6d      0x3c2 ../../../Source/queue.o
                                0x57a (size before relaxing)
 .debug_str     0x00000f2f      0x82e ../../../Source/tasks.o
                                0xa5a (size before relaxing)
 .debug_str     0x0000175d      0x133 ../../../Source/portable/GCC/ARM_CM3/port.o
                                0x1ff (size before relaxing)
 .debug_str     0x00001890      0x161 ../../../Source/portable/MemMang/heap_2.o
                                0x25b (size before relaxing)
 .debug_str     0x000019f1       0x8c startup.o
                                0x102 (size before relaxing)

.comment        0x00000000      0x3c2
 .comment       0x00000000       0x2a main.o
 .comment       0x0000002a       0x2a timertest.o
 .comment       0x00000054       0x2a ./ParTest/ParTest.o
 .comment       0x0000007e       0x2a rit128x96x4.o
 .comment       0x000000a8       0x2a osram128x64x4.o
 .comment       0x000000d2       0x2a formike128x128x16.o
 .comment       0x000000fc       0x2a ../../Common/drivers/LuminaryMicro/ustdlib.o
 .comment       0x00000126       0x2a ./IntQueueTimer.o
 .comment       0x00000150       0x2a ../../../Source/list.o
 .comment       0x0000017a       0x2a ../../../Source/queue.o
 .comment       0x000001a4       0x2a ../../../Source/tasks.o
 .comment       0x000001ce       0x2a ../../../Source/portable/GCC/ARM_CM3/port.o
 .comment       0x000001f8       0x2a ../../../Source/portable/MemMang/heap_2.o
 .comment       0x00000222       0x2a startup.o
 .comment       0x0000024c       0x22 ../../Common/drivers/LuminaryMicro/arm-none-eabi-gcc/libdriver.a(gpio.o)
 .comment       0x0000026e       0x22 ../../Common/drivers/LuminaryMicro/arm-none-eabi-gcc/libdriver.a(interrupt.o)
 .comment       0x00000290       0x22 ../../Common/drivers/LuminaryMicro/arm-none-eabi-gcc/libdriver.a(ssi.o)
 .comment       0x000002b2       0x22 ../../Common/drivers/LuminaryMicro/arm-none-eabi-gcc/libdriver.a(sysctl.o)
 .comment       0x000002d4       0x22 ../../Common/drivers/LuminaryMicro/arm-none-eabi-gcc/libdriver.a(timer.o)
 .comment       0x000002f6       0x22 ../../Common/drivers/LuminaryMicro/arm-none-eabi-gcc/libgr.a(context.o)
 .comment       0x00000318       0x22 ../../Common/drivers/LuminaryMicro/arm-none-eabi-gcc/libgr.a(fontcmss12.o)
 .comment       0x0000033a       0x22 ../../Common/drivers/LuminaryMicro/arm-none-eabi-gcc/libgr.a(image.o)
 .comment       0x0000035c       0x22 ../../Common/drivers/LuminaryMicro/arm-none-eabi-gcc/libgr.a(rectangle.o)
 .comment       0x0000037e       0x22 ../../Common/drivers/LuminaryMicro/arm-none-eabi-gcc/libgr.a(string.o)
 .comment       0x000003a0       0x22 ../../Common/drivers/LuminaryMicro/arm-none-eabi-gcc/libgr.a(line.o)

.ARM.attributes
                0x00000000       0x2f
 .ARM.attributes
                0x00000000       0x31 main.o
 .ARM.attributes
                0x00000031       0x31 timertest.o
 .ARM.attributes
                0x00000062       0x31 ./ParTest/ParTest.o
 .ARM.attributes
                0x00000093       0x31 rit128x96x4.o
 .ARM.attributes
                0x000000c4       0x31 osram128x64x4.o
 .ARM.attributes
                0x000000f5       0x31 formike128x128x16.o
 .ARM.attributes
                0x00000126       0x31 ../../Common/drivers/LuminaryMicro/ustdlib.o
 .ARM.attributes
                0x00000157       0x31 ./IntQueueTimer.o
 .ARM.attributes
                0x00000188       0x31 ../../../Source/list.o
 .ARM.attributes
                0x000001b9       0x31 ../../../Source/queue.o
 .ARM.attributes
                0x000001ea       0x31 ../../../Source/tasks.o
 .ARM.attributes
                0x0000021b       0x31 ../../../Source/portable/GCC/ARM_CM3/port.o
 .ARM.attributes
                0x0000024c       0x31 ../../../Source/portable/MemMang/heap_2.o
 .ARM.attributes
                0x0000027d       0x31 startup.o
 .ARM.attributes
                0x000002ae       0x31 ../../Common/drivers/LuminaryMicro/arm-none-eabi-gcc/libdriver.a(gpio.o)
 .ARM.attributes
                0x000002df       0x31 ../../Common/drivers/LuminaryMicro/arm-none-eabi-gcc/libdriver.a(interrupt.o)
 .ARM.attributes
                0x00000310       0x31 ../../Common/drivers/LuminaryMicro/arm-none-eabi-gcc/libdriver.a(ssi.o)
 .ARM.attributes
                0x00000341       0x31 ../../Common/drivers/LuminaryMicro/arm-none-eabi-gcc/libdriver.a(sysctl.o)
 .ARM.attributes
                0x00000372       0x31 ../../Common/drivers/LuminaryMicro/arm-none-eabi-gcc/libdriver.a(timer.o)
 .ARM.attributes
                0x000003a3       0x21 ../../Common/drivers/LuminaryMicro/arm-none-eabi-gcc/libdriver.a(cpu.o)
 .ARM.attributes
                0x000003c4       0x31 ../../Common/drivers/LuminaryMicro/arm-none-eabi-gcc/libgr.a(context.o)
 .ARM.attributes
                0x000003f5       0x2f ../../Common/drivers/LuminaryMicro/arm-none-eabi-gcc/libgr.a(fontcmss12.o)
 .ARM.attributes
                0x00000424       0x31 ../../Common/drivers/LuminaryMicro/arm-none-eabi-gcc/libgr.a(image.o)
 .ARM.attributes
                0x00000455       0x31 ../../Common/drivers/LuminaryMicro/arm-none-eabi-gcc/libgr.a(rectangle.o)
 .ARM.attributes
                0x00000486       0x31 ../../Common/drivers/LuminaryMicro/arm-none-eabi-gcc/libgr.a(string.o)
 .ARM.attributes
                0x000004b7       0x31 ../../Common/drivers/LuminaryMicro/arm-none-eabi-gcc/libgr.a(line.o)
 .ARM.attributes
                0x000004e8       0x27 c:/program files (x86)/codesourcery/sourcery g++ lite/bin/../lib/gcc/arm-none-eabi/4.4.1/../../../../arm-none-eabi/lib/thumb2\libc.a(lib_a-memcmp.o)
 .ARM.attributes
                0x0000050f       0x27 c:/program files (x86)/codesourcery/sourcery g++ lite/bin/../lib/gcc/arm-none-eabi/4.4.1/../../../../arm-none-eabi/lib/thumb2\libc.a(lib_a-memcpy.o)
 .ARM.attributes
                0x00000536       0x27 c:/program files (x86)/codesourcery/sourcery g++ lite/bin/../lib/gcc/arm-none-eabi/4.4.1/../../../../arm-none-eabi/lib/thumb2\libc.a(lib_a-memset.o)
 .ARM.attributes
                0x0000055d       0x27 c:/program files (x86)/codesourcery/sourcery g++ lite/bin/../lib/gcc/arm-none-eabi/4.4.1/../../../../arm-none-eabi/lib/thumb2\libc.a(lib_a-strcat.o)
 .ARM.attributes
                0x00000584       0x27 c:/program files (x86)/codesourcery/sourcery g++ lite/bin/../lib/gcc/arm-none-eabi/4.4.1/../../../../arm-none-eabi/lib/thumb2\libc.a(lib_a-strcpy.o)
 .ARM.attributes
                0x000005ab       0x27 c:/program files (x86)/codesourcery/sourcery g++ lite/bin/../lib/gcc/arm-none-eabi/4.4.1/../../../../arm-none-eabi/lib/thumb2\libc.a(lib_a-strlen.o)
 .ARM.attributes
                0x000005d2       0x27 c:/program files (x86)/codesourcery/sourcery g++ lite/bin/../lib/gcc/arm-none-eabi/4.4.1/../../../../arm-none-eabi/lib/thumb2\libc.a(lib_a-strncpy.o)
