Archive member included because of file (symbol)

./Drivers/grlib.a(context.o)  ./OLEDDisplay/formike128x128x16.o (GrContextInit)
./Drivers/grlib.a(fontcmss12.o)
                              ./OLEDDisplay/formike128x128x16.o (g_sFontCmss12)
./Drivers/grlib.a(image.o)    ./OLEDDisplay/formike128x128x16.o (GrImageDraw)
./Drivers/grlib.a(rectangle.o)
                              ./OLEDDisplay/formike128x128x16.o (GrRectFill)
./Drivers/grlib.a(string.o)   ./OLEDDisplay/formike128x128x16.o (GrStringDraw)
./Drivers/grlib.a(line.o)     ./Drivers/grlib.a(rectangle.o) (GrLineDrawH)
c:/programme/codesourcery/sourcery g++ lite/bin/../lib/gcc/arm-none-eabi/4.4.1/../../../../arm-none-eabi/lib/thumb2\libc.a(lib_a-memcmp.o)
                              ../../../Source/tasks.o (memcmp)
c:/programme/codesourcery/sourcery g++ lite/bin/../lib/gcc/arm-none-eabi/4.4.1/../../../../arm-none-eabi/lib/thumb2\libc.a(lib_a-memcpy.o)
                              ./API/ustdlib.o (memcpy)
c:/programme/codesourcery/sourcery g++ lite/bin/../lib/gcc/arm-none-eabi/4.4.1/../../../../arm-none-eabi/lib/thumb2\libc.a(lib_a-memset.o)
                              ../../../Source/tasks.o (memset)
c:/programme/codesourcery/sourcery g++ lite/bin/../lib/gcc/arm-none-eabi/4.4.1/../../../../arm-none-eabi/lib/thumb2\libc.a(lib_a-strcat.o)
                              ../../../Source/tasks.o (strcat)
c:/programme/codesourcery/sourcery g++ lite/bin/../lib/gcc/arm-none-eabi/4.4.1/../../../../arm-none-eabi/lib/thumb2\libc.a(lib_a-strcpy.o)
                              c:/programme/codesourcery/sourcery g++ lite/bin/../lib/gcc/arm-none-eabi/4.4.1/../../../../arm-none-eabi/lib/thumb2\libc.a(lib_a-strcat.o) (strcpy)
c:/programme/codesourcery/sourcery g++ lite/bin/../lib/gcc/arm-none-eabi/4.4.1/../../../../arm-none-eabi/lib/thumb2\libc.a(lib_a-strlen.o)
                              ./OLEDDisplay/formike128x128x16.o (strlen)
c:/programme/codesourcery/sourcery g++ lite/bin/../lib/gcc/arm-none-eabi/4.4.1/../../../../arm-none-eabi/lib/thumb2\libc.a(lib_a-strncpy.o)
                              ./API/ustdlib.o (strncpy)

Allocating common symbols
Common symbol       size              file

xOLEDQueue          0x4               main.o
xQueueRegistry      0x50              ../../../Source/queue.o

Memory Configuration

Name             Origin             Length             Attributes
FLASH            0x00000000         0x00040000         xr
SRAM             0x20000000         0x00010000         xrw
*default*        0x00000000         0xffffffff

Linker script and memory map

LOAD ./Drivers/adc.o
LOAD ./Drivers/can.o
LOAD ./Drivers/comp.o
LOAD ./Drivers/cpu.o
LOAD ./Drivers/epi.o
LOAD ./Drivers/ethernet.o
LOAD ./Drivers/flash.o
LOAD ./Drivers/gpio.o
LOAD ./Drivers/hibernate.o
LOAD ./Drivers/i2c.o
LOAD ./Drivers/i2s.o
LOAD ./Drivers/interrupt.o
LOAD ./Drivers/mpu.o
LOAD ./Drivers/pwm.o
LOAD ./Drivers/qei.o
LOAD ./Drivers/ssi.o
LOAD ./Drivers/sysctl.o
LOAD ./Drivers/systick.o
LOAD ./Drivers/timer.o
LOAD ./Drivers/uart.o
LOAD ./Drivers/udma.o
LOAD ./Drivers/usb.o
LOAD ./Drivers/watchdog.o
LOAD ./API/led.o
LOAD ./API/comport.o
LOAD ./API/buttons.o
LOAD ./API/ustdlib.o
LOAD ./OLEDDisplay/rit128x96x4.o
LOAD ./OLEDDisplay/osram128x64x4.o
LOAD ./OLEDDisplay/formike128x128x16.o
LOAD main.o
LOAD ../../../Source/list.o
LOAD ../../../Source/queue.o
LOAD ../../../Source/tasks.o
LOAD ../../../Source/portable/GCC/ARM_CM3/port.o
LOAD ../../../Source/portable/MemMang/heap_2.o
LOAD startup.o
LOAD ./Drivers/grlib.a
START GROUP
LOAD c:/programme/codesourcery/sourcery g++ lite/bin/../lib/gcc/arm-none-eabi/4.4.1/thumb2\libgcc.a
LOAD c:/programme/codesourcery/sourcery g++ lite/bin/../lib/gcc/arm-none-eabi/4.4.1/../../../../arm-none-eabi/lib/thumb2\libc.a
END GROUP

.text           0x00000000    0x12864
 *(.isr_vector)
 .isr_vector    0x00000000       0xf0 startup.o
                0x00000000                g_pfnVectors
 *(.text*)
 .text          0x000000f0      0x8e4 ./Drivers/adc.o
                0x000000f0                ADCIntRegister
                0x0000011c                ADCIntUnregister
                0x00000144                ADCIntDisable
                0x0000017c                ADCIntEnable
                0x000001c0                ADCIntStatus
                0x00000240                ADCIntClear
                0x00000268                ADCSequenceEnable
                0x00000294                ADCSequenceDisable
                0x000002c4                ADCSequenceConfigure
                0x00000348                ADCSequenceStepConfigure
                0x00000478                ADCSequenceOverflow
                0x000004a4                ADCSequenceOverflowClear
                0x000004cc                ADCSequenceUnderflow
                0x000004f8                ADCSequenceUnderflowClear
                0x00000520                ADCSequenceDataGet
                0x00000584                ADCProcessorTrigger
                0x000005c0                ADCSoftwareOversampleConfigure
                0x0000060c                ADCSoftwareOversampleStepConfigure
                0x00000708                ADCSoftwareOversampleDataGet
                0x000007a4                ADCHardwareOversampleConfigure
                0x000007e8                ADCComparatorConfigure
                0x00000810                ADCComparatorRegionSet
                0x00000844                ADCComparatorReset
                0x000008a0                ADCComparatorIntDisable
                0x000008d8                ADCComparatorIntEnable
                0x0000090c                ADCComparatorIntStatus
                0x00000928                ADCComparatorIntClear
                0x00000948                ADCReferenceSet
                0x00000978                ADCReferenceGet
                0x00000998                ADCPhaseDelaySet
                0x000009b8                ADCPhaseDelayGet
 .text          0x000009d4      0xeb4 ./Drivers/can.o
                0x00000bb8                CANInit
                0x00000cac                CANEnable
                0x00000cd0                CANDisable
                0x00000cf4                CANBitTimingGet
                0x00000d74                CANBitRateSet
                0x00000e74                CANBitTimingSet
                0x00000f44                CANIntRegister
                0x00000f70                CANIntUnregister
                0x00000f98                CANIntEnable
                0x00000fc0                CANIntDisable
                0x00000fec                CANIntStatus
                0x0000105c                CANIntClear
                0x000010d4                CANRetrySet
                0x00001114                CANRetryGet
                0x00001140                CANStatusGet
                0x00001220                CANErrCntrGet
                0x00001274                CANMessageSet
                0x00001560                CANMessageGet
                0x0000181c                CANMessageClear
 .text          0x00001888      0x1f0 ./Drivers/comp.o
                0x00001888                ComparatorConfigure
                0x000018b0                ComparatorRefSet
                0x000018d0                ComparatorValueGet
                0x00001908                ComparatorIntRegister
                0x00001954                ComparatorIntUnregister
                0x000019a0                ComparatorIntEnable
                0x000019d4                ComparatorIntDisable
                0x00001a0c                ComparatorIntStatus
                0x00001a54                ComparatorIntClear
 .text          0x00001a78       0x1c ./Drivers/cpu.o
                0x00001a78                CPUcpsid
                0x00001a84                CPUcpsie
                0x00001a90                CPUwfi
 .text          0x00001a94      0x4d0 ./Drivers/epi.o
                0x00001a94                EPIModeSet
                0x00001ab0                EPIDividerSet
                0x00001ad0                EPIConfigSDRAMSet
                0x00001b0c                EPIConfigHB8Set
                0x00001b88                EPIConfigGPModeSet
                0x00001bf4                EPIAddressMapSet
                0x00001c14                EPINonBlockingReadConfigure
                0x00001c50                EPINonBlockingReadStart
                0x00001c7c                EPINonBlockingReadStop
                0x00001ca8                EPINonBlockingReadCount
                0x00001cd4                EPINonBlockingReadAvail
                0x00001cf0                EPINonBlockingReadGet32
                0x00001d54                EPINonBlockingReadGet16
                0x00001db8                EPINonBlockingReadGet8
                0x00001e1c                EPIFIFOConfig
                0x00001e3c                EPIWriteFIFOCountGet
                0x00001e58                EPIIntEnable
                0x00001e84                EPIIntDisable
                0x00001eb4                EPIIntStatus
                0x00001ee4                EPIIntErrorStatus
                0x00001f00                EPIIntErrorClear
                0x00001f20                EPIIntRegister
                0x00001f44                EPIIntUnregister
 .text          0x00001f64      0x928 ./Drivers/ethernet.o
                0x00001f64                EthernetInitExpClk
                0x00001f9c                EthernetConfigSet
                0x00002038                EthernetConfigGet
                0x00002088                EthernetMACAddrSet
                0x00002110                EthernetMACAddrGet
                0x00002194                EthernetEnable
                0x000021f8                EthernetDisable
                0x0000225c                EthernetPacketAvail
                0x00002284                EthernetSpaceAvail
                0x00002468                EthernetPacketGetNonBlocking
                0x000024a0                EthernetPacketGet
                0x0000265c                EthernetPacketPutNonBlocking
                0x00002698                EthernetPacketPut
                0x000026cc                EthernetIntRegister
                0x000026f0                EthernetIntUnregister
                0x00002710                EthernetIntEnable
                0x0000273c                EthernetIntDisable
                0x0000276c                EthernetIntStatus
                0x000027a4                EthernetIntClear
                0x000027c0                EthernetPHYWrite
                0x00002828                EthernetPHYRead
 .text          0x0000288c      0x800 ./Drivers/flash.o
                0x0000288c                FlashUsecGet
                0x000028a8                FlashUsecSet
                0x000028cc                FlashErase
                0x0000293c                FlashProgram
                0x00002a80                FlashProtectGet
                0x00002b7c                FlashProtectSet
                0x00002d88                FlashProtectSave
                0x00002e20                FlashUserGet
                0x00002e8c                FlashUserSet
                0x00002ef4                FlashUserSave
                0x00002fa0                FlashIntRegister
                0x00002fc4                FlashIntUnregister
                0x00002fdc                FlashIntEnable
                0x00003008                FlashIntDisable
                0x00003038                FlashIntStatus
                0x0000306c                FlashIntClear
 .text          0x0000308c      0xfa8 ./Drivers/gpio.o
                0x0000308c                GPIOEISR
                0x00003148                GPIOFISR
                0x00003458                GPIODirModeSet
                0x000034e0                GPIODirModeGet
                0x00003544                GPIOIntTypeSet
                0x00003618                GPIOIntTypeGet
                0x000036a8                GPIOPadConfigSet
                0x000038d8                GPIOPadConfigGet
                0x00003a28                GPIOPinIntEnable
                0x00003a54                GPIOPinIntDisable
                0x00003a84                GPIOPinIntStatus
                0x00003ab8                GPIOPinIntClear
                0x00003adc                GPIOPortIntRegister
                0x00003b94                GPIOPortIntUnregister
                0x00003bbc                GPIOPinRead
                0x00003be4                GPIOPinWrite
                0x00003c10                GPIOPinTypeADC
                0x00003c44                GPIOPinTypeCAN
                0x00003c78                GPIOPinTypeComparator
                0x00003cac                GPIOPinTypeGPIOInput
                0x00003ce0                GPIOPinTypeGPIOOutput
                0x00003d14                GPIOPinTypeGPIOOutputOD
                0x00003d48                GPIOPinTypeI2C
                0x00003d7c                GPIOPinTypePWM
                0x00003db0                GPIOPinTypeQEI
                0x00003de4                GPIOPinTypeSSI
                0x00003e18                GPIOPinTypeTimer
                0x00003e4c                GPIOPinTypeUART
                0x00003e80                GPIOPinTypeUSBDigital
                0x00003eb4                GPIOPinTypeUSBAnalog
                0x00003ee8                GPIOPinTypeI2S
                0x00003f1c                GPIOPinTypeEthernetLED
                0x00003f50                GPIOPinTypeEPI
                0x00003f84                GPIOPinConfigure
 .text          0x00004034      0x5b0 ./Drivers/hibernate.o
                0x00004034                HibernateWriteComplete
                0x0000404c                HibernateEnableExpClk
                0x000040ec                HibernateDisable
                0x00004110                HibernateClockSelect
                0x00004140                HibernateRTCEnable
                0x00004164                HibernateRTCDisable
                0x00004188                HibernateWakeSet
                0x000041b8                HibernateWakeGet
                0x000041d4                HibernateLowBatSet
                0x00004204                HibernateLowBatGet
                0x00004220                HibernateRTCSet
                0x00004274                HibernateRTCGet
                0x0000428c                HibernateRTCMatch0Set
                0x000042e0                HibernateRTCMatch0Get
                0x000042f8                HibernateRTCMatch1Set
                0x0000434c                HibernateRTCMatch1Get
                0x00004364                HibernateRTCTrimSet
                0x000043b8                HibernateRTCTrimGet
                0x000043d0                HibernateDataSet
                0x00004450                HibernateDataGet
                0x0000449c                HibernateRequest
                0x000044c0                HibernateIntEnable
                0x000044ec                HibernateIntDisable
                0x0000451c                HibernateIntRegister
                0x00004540                HibernateIntUnregister
                0x00004558                HibernateIntStatus
                0x00004594                HibernateIntClear
                0x000045c0                HibernateIsActive
 .text          0x000045e4      0x5a4 ./Drivers/i2c.o
                0x000045e4                I2CMasterInitExpClk
                0x00004658                I2CSlaveInit
                0x00004678                I2CMasterEnable
                0x000046a0                I2CSlaveEnable
                0x000046d4                I2CMasterDisable
                0x000046fc                I2CSlaveDisable
                0x00004730                I2CIntRegister
                0x0000476c                I2CIntUnregister
                0x000047a4                I2CMasterIntEnable
                0x000047c4                I2CSlaveIntEnable
                0x000047ec                I2CSlaveIntEnableEx
                0x00004818                I2CMasterIntDisable
                0x00004838                I2CSlaveIntDisable
                0x00004860                I2CSlaveIntDisableEx
                0x00004890                I2CMasterIntStatus
                0x000048d0                I2CSlaveIntStatus
                0x00004910                I2CSlaveIntStatusEx
                0x00004994                I2CMasterIntClear
                0x000049c0                I2CSlaveIntClear
                0x000049e0                I2CSlaveIntClearEx
                0x00004a00                I2CMasterSlaveAddrSet
                0x00004a2c                I2CMasterBusy
                0x00004a5c                I2CMasterBusBusy
                0x00004a8c                I2CMasterControl
                0x00004aac                I2CMasterErr
                0x00004af4                I2CMasterDataPut
                0x00004b14                I2CMasterDataGet
                0x00004b30                I2CSlaveStatus
                0x00004b4c                I2CSlaveDataPut
                0x00004b6c                I2CSlaveDataGet
 .text          0x00004b88      0x574 ./Drivers/i2s.o
                0x00004b88                I2STxEnable
                0x00004bbc                I2STxDisable
                0x00004be4                I2STxDataPut
                0x00004c0c                I2STxDataPutNonBlocking
                0x00004c40                I2STxConfigSet
                0x00004c8c                I2STxFIFOLimitSet
                0x00004cac                I2STxFIFOLimitGet
                0x00004cc8                I2STxFIFOLevelGet
                0x00004ce4                I2SRxEnable
                0x00004d18                I2SRxDisable
                0x00004d40                I2SRxDataGet
                0x00004d70                I2SRxDataGetNonBlocking
                0x00004dac                I2SRxConfigSet
                0x00004e3c                I2SRxFIFOLimitSet
                0x00004e60                I2SRxFIFOLimitGet
                0x00004e8c                I2SRxFIFOLevelGet
                0x00004eac                I2STxRxEnable
                0x00004eec                I2STxRxDisable
                0x00004f14                I2STxRxConfigSet
                0x00004fcc                I2SMasterClockSelect
                0x00005000                I2SIntEnable
                0x0000502c                I2SIntDisable
                0x0000505c                I2SIntStatus
                0x00005094                I2SIntClear
                0x000050b8                I2SIntRegister
                0x000050dc                I2SIntUnregister
 .text          0x000050fc      0x520 ./Drivers/interrupt.o
                0x00005104                IntMasterEnable
                0x00005118                IntMasterDisable
                0x0000512c                IntRegister
                0x000051b8                IntUnregister
                0x000051e0                IntPriorityGroupingSet
                0x00005214                IntPriorityGroupingGet
                0x00005268                IntPrioritySet
                0x000052e0                IntPriorityGet
                0x0000531c                IntEnable
                0x000053f4                IntDisable
                0x000054cc                IntPendSet
                0x00005584                IntPendClear
 .text          0x0000561c      0x194 ./Drivers/mpu.o
                0x0000561c                MPUEnable
                0x00005640                MPUDisable
                0x00005664                MPURegionCountGet
                0x00005684                MPURegionEnable
                0x000056bc                MPURegionDisable
                0x000056f4                MPURegionSet
                0x00005734                MPURegionGet
                0x00005774                MPUIntRegister
                0x00005798                MPUIntUnregister
 .text          0x000057b0      0x7e0 ./Drivers/pwm.o
                0x000057b0                PWMGenConfigure
                0x00005824                PWMGenPeriodSet
                0x0000586c                PWMGenPeriodGet
                0x000058b0                PWMGenEnable
                0x000058d8                PWMGenDisable
                0x00005900                PWMPulseWidthSet
                0x0000596c                PWMPulseWidthGet
                0x000059dc                PWMDeadBandEnable
                0x00005a24                PWMDeadBandDisable
                0x00005a54                PWMSyncUpdate
                0x00005a70                PWMSyncTimeBase
                0x00005a90                PWMOutputState
                0x00005ae0                PWMOutputInvert
                0x00005b30                PWMOutputFaultLevel
                0x00005b80                PWMOutputFault
                0x00005bd0                PWMGenIntRegister
                0x00005c10                PWMGenIntUnregister
                0x00005c4c                PWMFaultIntRegister
                0x00005c70                PWMFaultIntUnregister
                0x00005c90                PWMGenIntTrigEnable
                0x00005cc4                PWMGenIntTrigDisable
                0x00005cfc                PWMGenIntStatus
                0x00005d38                PWMGenIntClear
                0x00005d5c                PWMIntEnable
                0x00005d88                PWMIntDisable
                0x00005db8                PWMFaultIntClear
                0x00005dd8                PWMIntStatus
                0x00005e08                PWMFaultIntClearExt
                0x00005e28                PWMGenFaultConfigure
                0x00005e68                PWMGenFaultTriggerSet
                0x00005ea4                PWMGenFaultTriggerGet
                0x00005edc                PWMGenFaultStatus
                0x00005f34                PWMGenFaultClear
 .text          0x00005f90      0x2b8 ./Drivers/qei.o
                0x00005f90                QEIEnable
                0x00005fb0                QEIDisable
                0x00005fd0                QEIConfigure
                0x00006004                QEIPositionGet
                0x00006020                QEIPositionSet
                0x00006040                QEIDirectionGet
                0x00006070                QEIErrorGet
                0x00006094                QEIVelocityEnable
                0x000060b4                QEIVelocityDisable
                0x000060d4                QEIVelocityConfigure
                0x0000610c                QEIVelocityGet
                0x00006128                QEIIntRegister
                0x00006164                QEIIntUnregister
                0x0000619c                QEIIntEnable
                0x000061c8                QEIIntDisable
                0x000061f8                QEIIntStatus
                0x00006228                QEIIntClear
 .text          0x00006248      0x388 ./Drivers/ssi.o
                0x00006248                SSIConfigSetExpClk
                0x00006304                SSIEnable
                0x0000632c                SSIDisable
                0x00006354                SSIIntRegister
                0x00006390                SSIIntUnregister
                0x000063c8                SSIIntEnable
                0x000063f4                SSIIntDisable
                0x00006424                SSIIntStatus
                0x00006454                SSIIntClear
                0x00006474                SSIDataPut
                0x000064a4                SSIDataPutNonBlocking
                0x000064e0                SSIDataGet
                0x00006510                SSIDataGetNonBlocking
                0x0000654c                SSIDMAEnable
                0x00006578                SSIDMADisable
                0x000065a8                SSIBusy
 .text          0x000065d0     0x10c4 ./Drivers/sysctl.o
                0x000065d0                SysCtlSRAMSizeGet
                0x000065f8                SysCtlFlashSizeGet
                0x00006620                SysCtlPinPresent
                0x00006654                SysCtlPeripheralPresent
                0x000066d4                SysCtlPeripheralReset
                0x0000678c                SysCtlPeripheralEnable
                0x000067e4                SysCtlPeripheralDisable
                0x00006840                SysCtlPeripheralSleepEnable
                0x00006898                SysCtlPeripheralSleepDisable
                0x000068f4                SysCtlPeripheralDeepSleepEnable
                0x0000694c                SysCtlPeripheralDeepSleepDisable
                0x000069a8                SysCtlPeripheralClockGating
                0x000069f4                SysCtlIntRegister
                0x00006a18                SysCtlIntUnregister
                0x00006a30                SysCtlIntEnable
                0x00006a5c                SysCtlIntDisable
                0x00006a8c                SysCtlIntClear
                0x00006aac                SysCtlIntStatus
                0x00006ae0                SysCtlLDOSet
                0x00006b00                SysCtlLDOGet
                0x00006b18                SysCtlLDOConfigSet
                0x00006b38                SysCtlReset
                0x00006b50                SysCtlSleep
                0x00006b5c                SysCtlDeepSleep
                0x00006b98                SysCtlResetCauseGet
                0x00006bb0                SysCtlResetCauseClear
                0x00006be0                SysCtlBrownOutConfigSet
                0x00006c0c                SysCtlDelay
                0x00006c14                SysCtlClockSet
                0x00006eac                SysCtlClockGet
                0x00007238                SysCtlPWMClockSet
                0x00007268                SysCtlPWMClockGet
                0x0000729c                SysCtlADCSpeedSet
                0x000072ec                SysCtlADCSpeedGet
                0x00007308                SysCtlIOSCVerificationSet
                0x00007354                SysCtlMOSCVerificationSet
                0x000073a0                SysCtlPLLVerificationSet
                0x000073ec                SysCtlClkVerificationClear
                0x00007414                SysCtlGPIOAHBEnable
                0x00007448                SysCtlGPIOAHBDisable
                0x00007480                SysCtlUSBPLLEnable
                0x000074a4                SysCtlUSBPLLDisable
                0x000074c8                SysCtlI2SMClkSet
 .text          0x00007694      0x144 ./Drivers/systick.o
                0x00007694                SysTickEnable
                0x000076b8                SysTickDisable
                0x000076dc                SysTickIntRegister
                0x00007710                SysTickIntUnregister
                0x00007738                SysTickIntEnable
                0x0000775c                SysTickIntDisable
                0x00007780                SysTickPeriodSet
                0x000077a4                SysTickPeriodGet
                0x000077c0                SysTickValueGet
 .text          0x000077d8      0x7b4 ./Drivers/timer.o
                0x000077d8                TimerEnable
                0x00007810                TimerDisable
                0x0000784c                TimerConfigure
                0x000078a4                TimerControlLevel
                0x00007900                TimerControlTrigger
                0x0000795c                TimerControlEvent
                0x000079a8                TimerControlStall
                0x00007a04                TimerControlWaitOnTrigger
                0x00007a90                TimerRTCEnable
                0x00007ab8                TimerRTCDisable
                0x00007ae0                TimerPrescaleSet
                0x00007b20                TimerPrescaleGet
                0x00007b50                TimerPrescaleMatchSet
                0x00007b90                TimerPrescaleMatchGet
                0x00007bc0                TimerLoadSet
                0x00007c00                TimerLoadGet
                0x00007c30                TimerValueGet
                0x00007c60                TimerMatchSet
                0x00007ca0                TimerMatchGet
                0x00007cd0                TimerIntRegister
                0x00007d64                TimerIntUnregister
                0x00007df0                TimerIntEnable
                0x00007e1c                TimerIntDisable
                0x00007e4c                TimerIntStatus
                0x00007e7c                TimerIntClear
                0x00007e9c                TimerQuiesce
 .text          0x00007f8c      0x83c ./Drivers/uart.o
                0x00007f8c                UARTParityModeSet
                0x00007fbc                UARTParityModeGet
                0x00007fdc                UARTFIFOLevelSet
                0x00008004                UARTFIFOLevelGet
                0x00008038                UARTConfigSetExpClk
                0x000080e0                UARTConfigGetExpClk
                0x00008150                UARTEnable
                0x00008190                UARTDisable
                0x000081e0                UARTFIFOEnable
                0x00008208                UARTFIFODisable
                0x00008230                UARTEnableSIR
                0x00008278                UARTDisableSIR
                0x000082a0                UARTSmartCardEnable
                0x000082ec                UARTSmartCardDisable
                0x00008314                UARTModemControlSet
                0x0000834c                UARTModemControlClear
                0x00008388                UARTModemControlGet
                0x000083a8                UARTModemStatusGet
                0x000083d0                UARTFlowControlSet
                0x00008400                UARTFlowControlGet
                0x00008420                UARTTxIntModeSet
                0x00008450                UARTTxIntModeGet
                0x00008470                UARTCharsAvail
                0x00008498                UARTSpaceAvail
                0x000084c0                UARTCharGetNonBlocking
                0x000084f0                UARTCharGet
                0x00008518                UARTCharPutNonBlocking
                0x00008550                UARTCharPut
                0x0000857c                UARTBreakCtl
                0x000085bc                UARTBusy
                0x000085e4                UARTIntRegister
                0x00008634                UARTIntUnregister
                0x00008680                UARTIntEnable
                0x000086ac                UARTIntDisable
                0x000086dc                UARTIntStatus
                0x0000870c                UARTIntClear
                0x0000872c                UARTDMAEnable
                0x00008758                UARTDMADisable
                0x00008788                UARTRxErrorGet
                0x000087a8                UARTRxErrorClear
 .text          0x000087c8      0x57c ./Drivers/udma.o
                0x000087c8                uDMAEnable
                0x000087e0                uDMADisable
                0x000087f8                uDMAErrorStatusGet
                0x00008810                uDMAErrorStatusClear
                0x00008828                uDMAChannelEnable
                0x00008850                uDMAChannelDisable
                0x00008878                uDMAChannelIsEnabled
                0x000088ac                uDMAControlBaseSet
                0x000088cc                uDMAControlBaseGet
                0x000088e4                uDMAChannelRequest
                0x0000890c                uDMAChannelAttributeEnable
                0x0000899c                uDMAChannelAttributeDisable
                0x00008a2c                uDMAChannelAttributeGet
                0x00008ad8                uDMAChannelControlSet
                0x00008b24                uDMAChannelTransferSet
                0x00008c0c                uDMAChannelSizeGet
                0x00008c5c                uDMAChannelModeGet
                0x00008cac                uDMAChannelSelectSecondary
                0x00008cd8                uDMAChannelSelectDefault
                0x00008d08                uDMAIntRegister
                0x00008d28                uDMAIntUnregister
 .text          0x00008d44     0x1988 ./Drivers/usb.o
                0x00008dfc                USBHostSuspend
                0x00008e28                USBHostReset
                0x00008e78                USBHostResume
                0x00008ec8                USBHostSpeedGet
                0x00008f10                USBIntStatus
                0x00008fd4                USBIntDisable
                0x000090ac                USBIntEnable
                0x00009174                USBIntDisableControl
                0x000091e4                USBIntEnableControl
                0x0000924c                USBIntStatusControl
                0x000092e4                USBIntDisableEndpoint
                0x0000934c                USBIntEnableEndpoint
                0x000093a8                USBIntStatusEndpoint
                0x000093e0                USBIntRegister
                0x00009404                USBIntUnregister
                0x00009424                USBEndpointStatus
                0x00009468                USBHostEndpointStatusClear
                0x00009500                USBDevEndpointStatusClear
                0x000095f4                USBHostEndpointDataToggle
                0x000096f0                USBEndpointDataToggleClear
                0x00009758                USBDevEndpointStall
                0x000097d8                USBDevEndpointStallClear
                0x00009898                USBDevConnect
                0x000098c4                USBDevDisconnect
                0x000098f0                USBDevAddrSet
                0x0000990c                USBDevAddrGet
                0x00009928                USBHostEndpointConfig
                0x00009ae8                USBDevEndpointConfigSet
                0x00009c14                USBDevEndpointConfigGet
                0x00009d64                USBFIFOConfigSet
                0x00009df8                USBFIFOConfigGet
                0x00009e94                USBEndpointDMAEnable
                0x00009f14                USBEndpointDMADisable
                0x00009f90                USBEndpointDataAvail
                0x00009fe4                USBEndpointDataGet
                0x0000a090                USBDevEndpointDataAck
                0x0000a0ec                USBHostEndpointDataAck
                0x0000a140                USBEndpointDataPut
                0x0000a1c4                USBEndpointDataSend
                0x0000a228                USBFIFOFlush
                0x0000a2ec                USBHostRequestIN
                0x0000a324                USBHostRequestStatus
                0x0000a344                USBHostAddrSet
                0x0000a390                USBHostAddrGet
                0x0000a3d8                USBHostHubAddrSet
                0x0000a424                USBHostHubAddrGet
                0x0000a46c                USBHostPwrConfig
                0x0000a4bc                USBHostPwrFaultEnable
                0x0000a4e8                USBHostPwrFaultDisable
                0x0000a520                USBHostPwrEnable
                0x0000a54c                USBHostPwrDisable
                0x0000a584                USBFrameNumberGet
                0x0000a5a4                USBOTGSessionRequest
                0x0000a5f4                USBFIFOAddrGet
                0x0000a618                USBModeGet
                0x0000a63c                USBEndpointDMAChannel
                0x0000a698                USBHostMode
 .text          0x0000a6cc      0x260 ./Drivers/watchdog.o
                0x0000a6cc                WatchdogRunning
                0x0000a6f0                WatchdogEnable
                0x0000a718                WatchdogResetEnable
                0x0000a740                WatchdogResetDisable
                0x0000a768                WatchdogLock
                0x0000a788                WatchdogUnlock
                0x0000a7ac                WatchdogLockState
                0x0000a7d0                WatchdogReloadSet
                0x0000a7ec                WatchdogReloadGet
                0x0000a804                WatchdogValueGet
                0x0000a820                WatchdogIntRegister
                0x0000a844                WatchdogIntUnregister
                0x0000a864                WatchdogIntEnable
                0x0000a88c                WatchdogIntStatus
                0x0000a8bc                WatchdogIntClear
                0x0000a8dc                WatchdogStallEnable
                0x0000a904                WatchdogStallDisable
 .text          0x0000a92c       0xa8 ./API/led.o
                0x0000a98c                ledSwitch
 .text          0x0000a9d4      0x14c ./API/comport.o
                0x0000aa38                xComOpen
                0x0000aa7c                vComWrite
                0x0000aa94                vComRead
                0x0000aaac                xComGetChar
                0x0000aad0                vComPutChar
                0x0000aaf8                xComWaitForSemaphore
                0x0000ab0c                vComClose
 .text          0x0000ab20      0x2b4 ./API/buttons.o
                0x0000ace4                vButtonTask
                0x0000ad60                xButtonRegisterCallback
                0x0000ad74                xButtonIsPressed
 .text          0x0000add4      0x564 ./API/ustdlib.o
                0x0000add4                uvsnprintf
                0x0000b2d0                usprintf
                0x0000b304                usnprintf
 .text          0x0000b338      0x808 ./OLEDDisplay/rit128x96x4.o
                0x0000b44c                RIT128x96x4Clear
                0x0000b4e0                RIT128x96x4StringDraw
                0x0000b6c4                RIT128x96x4ImageDraw
                0x0000b7b0                RIT128x96x4Enable
                0x0000b84c                RIT128x96x4Disable
                0x0000b8c8                RIT128x96x4Init
                0x0000bacc                RIT128x96x4DisplayOn
                0x0000bb28                RIT128x96x4DisplayOff
 .text          0x0000bb40      0x6f0 ./OLEDDisplay/osram128x64x4.o
                0x0000bc30                OSRAM128x64x4Clear
                0x0000bcac                OSRAM128x64x4StringDraw
                0x0000be90                OSRAM128x64x4ImageDraw
                0x0000bf7c                OSRAM128x64x4Enable
                0x0000c018                OSRAM128x64x4Disable
                0x0000c098                OSRAM128x64x4Init
                0x0000c1bc                OSRAM128x64x4DisplayOn
                0x0000c218                OSRAM128x64x4DisplayOff
 .text          0x0000c230      0xa1c ./OLEDDisplay/formike128x128x16.o
                0x0000c2c4                Formike128x128x16Init
                0x0000c52c                Formike128x128x16BacklightOn
                0x0000c544                Formike128x128x16BacklightOff
                0x0000ca94                vFormike128x128x16Clear
                0x0000cb0c                vFormike128x128x16StringDraw
                0x0000cb6c                vFormike128x128x16Init
                0x0000cc24                vFormike128x128x16ImageDraw
 .text          0x0000cc4c      0x4a8 main.o
                0x0000cc4c                vUARTTask
                0x0000ccc8                vLEDTask
                0x0000ccf4                main
                0x0000d070                vTaskRefresh
                0x0000d0e8                vApplicationStackOverflowHook
 .text          0x0000d0f4      0x17c ../../../Source/list.o
                0x0000d0f4                vListInitialise
                0x0000d13c                vListInitialiseItem
                0x0000d158                vListInsertEnd
                0x0000d1a8                vListInsert
                0x0000d21c                vListRemove
 .text          0x0000d270      0x984 ../../../Source/queue.o
                0x0000d270                xQueueCreate
                0x0000d33c                xQueueCreateMutex
                0x0000d3d4                xQueueGiveMutexRecursive
                0x0000d42c                xQueueTakeMutexRecursive
                0x0000d48c                xQueueGenericSend
                0x0000d5ac                xQueueGenericSendFromISR
                0x0000d644                xQueueGenericReceive
                0x0000d7d4                xQueueReceiveFromISR
                0x0000d870                uxQueueMessagesWaiting
                0x0000d894                uxQueueMessagesWaitingFromISR
                0x0000d8b0                vQueueDelete
                0x0000dac0                xQueueIsQueueEmptyFromISR
                0x0000db14                xQueueIsQueueFullFromISR
                0x0000db3c                vQueueAddToRegistry
 .text          0x0000dbf4     0x172c ../../../Source/tasks.o
                0x0000dbf4                xTaskGenericCreate
                0x0000dda4                vTaskDelete
                0x0000de64                vTaskDelayUntil
                0x0000df78                vTaskDelay
                0x0000e030                uxTaskPriorityGet
                0x0000e068                vTaskPrioritySet
                0x0000e198                vTaskSuspend
                0x0000e21c                xTaskIsTaskSuspended
                0x0000e26c                vTaskResume
                0x0000e318                xTaskResumeFromISR
                0x0000e3d8                vTaskStartScheduler
                0x0000e450                vTaskEndScheduler
                0x0000e474                vTaskSuspendAll
                0x0000e498                xTaskResumeAll
                0x0000e5f8                xTaskGetTickCount
                0x0000e620                uxTaskGetNumberOfTasks
                0x0000e638                vTaskList
                0x0000e768                vTaskStartTrace
                0x0000e7bc                ulTaskEndTrace
                0x0000e800                vTaskIncrementTick
                0x0000e93c                vTaskSwitchContext
                0x0000eb54                vTaskPlaceOnEventList
                0x0000ec28                xTaskRemoveFromEventList
                0x0000ecfc                vTaskSetTimeOutState
                0x0000ed2c                xTaskCheckForTimeOut
                0x0000edd4                vTaskMissedYield
                0x0000f13c                uxTaskGetStackHighWaterMark
                0x0000f198                xTaskGetCurrentTaskHandle
                0x0000f1b8                vTaskPriorityInherit
                0x0000f290                vTaskPriorityDisinherit
 .text          0x0000f320      0x208 ../../../Source/portable/GCC/ARM_CM3/port.o
                0x0000f320                pxPortInitialiseStack
                0x0000f380                vPortSVCHandler
                0x0000f3a0                vPortStartFirstTask
                0x0000f3ac                xPortStartScheduler
                0x0000f400                vPortEndScheduler
                0x0000f40c                vPortYieldFromISR
                0x0000f424                vPortEnterCritical
                0x0000f450                vPortExitCritical
                0x0000f488                xPortPendSVHandler
                0x0000f4c4                xPortSysTickHandler
 .text          0x0000f528      0x270 ../../../Source/portable/MemMang/heap_2.o
                0x0000f528                pvPortMalloc
                0x0000f6ec                vPortFree
                0x0000f774                xPortGetFreeHeapSize
                0x0000f78c                vPortInitialiseBlocks
 .text          0x0000f798       0x8c startup.o
                0x0000f7a4                uipprintf
                0x0000f7b0                ResetISR
 .text          0x0000f824        0x0 ./Drivers/grlib.a(context.o)
 .text.GrContextInit
                0x0000f824       0x24 ./Drivers/grlib.a(context.o)
                0x0000f824                GrContextInit
 .text.GrContextClipRegionSet
                0x0000f848       0x88 ./Drivers/grlib.a(context.o)
                0x0000f848                GrContextClipRegionSet
 .text          0x0000f8d0        0x0 ./Drivers/grlib.a(fontcmss12.o)
 .text          0x0000f8d0        0x0 ./Drivers/grlib.a(image.o)
 .text.GrImageDraw
                0x0000f8d0      0x37c ./Drivers/grlib.a(image.o)
                0x0000f8d0                GrImageDraw
 .text          0x0000fc4c        0x0 ./Drivers/grlib.a(rectangle.o)
 .text.GrRectFill
                0x0000fc4c       0xb4 ./Drivers/grlib.a(rectangle.o)
                0x0000fc4c                GrRectFill
 .text.GrRectDraw
                0x0000fd00       0x64 ./Drivers/grlib.a(rectangle.o)
                0x0000fd00                GrRectDraw
 .text          0x0000fd64        0x0 ./Drivers/grlib.a(string.o)
 .text.GrStringWidthGet
                0x0000fd64       0x58 ./Drivers/grlib.a(string.o)
                0x0000fd64                GrStringWidthGet
 .text.GrStringDraw
                0x0000fdbc      0x34c ./Drivers/grlib.a(string.o)
                0x0000fdbc                GrStringDraw
 .text          0x00010108        0x0 ./Drivers/grlib.a(line.o)
 .text.GrLineDrawH
                0x00010108       0x58 ./Drivers/grlib.a(line.o)
                0x00010108                GrLineDrawH
 .text.GrLineDrawV
                0x00010160       0x58 ./Drivers/grlib.a(line.o)
                0x00010160                GrLineDrawV
 .text.GrClipCodeGet
                0x000101b8       0x38 ./Drivers/grlib.a(line.o)
 .text.GrLineDraw
                0x000101f0      0x19c ./Drivers/grlib.a(line.o)
                0x000101f0                GrLineDraw
 .text          0x0001038c       0x64 c:/programme/codesourcery/sourcery g++ lite/bin/../lib/gcc/arm-none-eabi/4.4.1/../../../../arm-none-eabi/lib/thumb2\libc.a(lib_a-memcmp.o)
                0x0001038c                memcmp
 .text          0x000103f0      0x190 c:/programme/codesourcery/sourcery g++ lite/bin/../lib/gcc/arm-none-eabi/4.4.1/../../../../arm-none-eabi/lib/thumb2\libc.a(lib_a-memcpy.o)
                0x000103f0                memcpy
 .text          0x00010580       0xd4 c:/programme/codesourcery/sourcery g++ lite/bin/../lib/gcc/arm-none-eabi/4.4.1/../../../../arm-none-eabi/lib/thumb2\libc.a(lib_a-memset.o)
                0x00010580                memset
 .text          0x00010654       0x48 c:/programme/codesourcery/sourcery g++ lite/bin/../lib/gcc/arm-none-eabi/4.4.1/../../../../arm-none-eabi/lib/thumb2\libc.a(lib_a-strcat.o)
                0x00010654                strcat
 .text          0x0001069c       0xbc c:/programme/codesourcery/sourcery g++ lite/bin/../lib/gcc/arm-none-eabi/4.4.1/../../../../arm-none-eabi/lib/thumb2\libc.a(lib_a-strcpy.o)
                0x0001069c                strcpy
 .text          0x00010758       0x60 c:/programme/codesourcery/sourcery g++ lite/bin/../lib/gcc/arm-none-eabi/4.4.1/../../../../arm-none-eabi/lib/thumb2\libc.a(lib_a-strlen.o)
                0x00010758                strlen
 .text          0x000107b8       0x78 c:/programme/codesourcery/sourcery g++ lite/bin/../lib/gcc/arm-none-eabi/4.4.1/../../../../arm-none-eabi/lib/thumb2\libc.a(lib_a-strncpy.o)
                0x000107b8                strncpy
 *(.rodata*)
 .rodata.g_usCANBitValues
                0x00010830       0x14 ./Drivers/can.o
 .rodata.g_pulFMPPERegs
                0x00010844       0x10 ./Drivers/flash.o
 .rodata.g_pulFMPRERegs
                0x00010854       0x10 ./Drivers/flash.o
 .rodata.g_pulGPIOBaseAddrs
                0x00010864       0x48 ./Drivers/gpio.o
 .rodata.g_pulPriority
                0x000108ac       0x20 ./Drivers/interrupt.o
 .rodata.g_pulRegs
                0x000108cc       0x48 ./Drivers/interrupt.o
 .rodata.g_pulDCRegs
                0x00010914       0x10 ./Drivers/sysctl.o
 .rodata.g_pulSRCRRegs
                0x00010924        0xc ./Drivers/sysctl.o
 .rodata.g_pulRCGCRegs
                0x00010930        0xc ./Drivers/sysctl.o
 .rodata.g_pulSCGCRegs
                0x0001093c        0xc ./Drivers/sysctl.o
 .rodata.g_pulDCGCRegs
                0x00010948        0xc ./Drivers/sysctl.o
 .rodata.g_pulXtals
                0x00010954       0x5c ./Drivers/sysctl.o
 .rodata        0x000109b0        0xc ./API/buttons.o
 .rodata        0x000109bc       0x1c ./API/ustdlib.o
 .rodata.g_pcHex
                0x000109d8        0x4 ./API/ustdlib.o
 .rodata.g_pucRIT128x96x4VerticalInc
                0x000109dc        0x4 ./OLEDDisplay/rit128x96x4.o
 .rodata.g_pucRIT128x96x4HorizontalInc
                0x000109e0        0x4 ./OLEDDisplay/rit128x96x4.o
 .rodata.g_pucFont
                0x000109e4      0x1e0 ./OLEDDisplay/rit128x96x4.o
 .rodata.g_pucRIT128x96x4Init
                0x00010bc4       0x50 ./OLEDDisplay/rit128x96x4.o
 .rodata.pucCommand1.1758
                0x00010c14        0x4 ./OLEDDisplay/rit128x96x4.o
 .rodata.pucCommand1.1572
                0x00010c18        0x4 ./OLEDDisplay/rit128x96x4.o
 .rodata.pucCommand2.1573
                0x00010c1c        0x4 ./OLEDDisplay/rit128x96x4.o
 .rodata.g_pucOSRAM128x64x4VerticalInc
                0x00010c20        0x4 ./OLEDDisplay/osram128x64x4.o
 .rodata.g_pucOSRAM128x64x4HorizontalInc
                0x00010c24        0x4 ./OLEDDisplay/osram128x64x4.o
 .rodata.g_pucFont
                0x00010c28      0x1e0 ./OLEDDisplay/osram128x64x4.o
 .rodata.g_pucOSRAM128x64x4Init
                0x00010e08       0x50 ./OLEDDisplay/osram128x64x4.o
 .rodata.pucCommand1.1718
                0x00010e58        0x4 ./OLEDDisplay/osram128x64x4.o
 .rodata.pucCommand1.1559
                0x00010e5c        0x4 ./OLEDDisplay/osram128x64x4.o
 .rodata.pucCommand2.1560
                0x00010e60        0x4 ./OLEDDisplay/osram128x64x4.o
 .rodata.g_sFormike128x128x16
                0x00010e64       0x28 ./OLEDDisplay/formike128x128x16.o
                0x00010e64                g_sFormike128x128x16
 .rodata        0x00010e8c       0x14 ./OLEDDisplay/formike128x128x16.o
 .rodata.C.4.2343
                0x00010ea0        0x8 ./OLEDDisplay/formike128x128x16.o
 .rodata.pucBasicBitmap
                0x00010ea8      0xc84 main.o
                0x00010ea8                pucBasicBitmap
 .rodata.pucGrLibBitmap
                0x00011b2c      0x6a8 main.o
                0x00011b2c                pucGrLibBitmap
 .rodata        0x000121d4       0x74 main.o
 .rodata.pcWelcomeMessage
                0x00012248        0x4 main.o
                0x00012248                pcWelcomeMessage
 .rodata        0x0001224c       0x20 ../../../Source/tasks.o
 .rodata.ucExpectedStackBytes.3394
                0x0001226c       0x14 ../../../Source/tasks.o
 .rodata.ulKernelPriority
                0x00012280        0x4 ../../../Source/portable/GCC/ARM_CM3/port.o
                0x00012280                ulKernelPriority
 .rodata.heapSTRUCT_SIZE
                0x00012284        0x2 ../../../Source/portable/MemMang/heap_2.o
 *fill*         0x00012286        0x2 00
 .rodata.g_sFontCmss12
                0x00012288       0xc8 ./Drivers/grlib.a(fontcmss12.o)
                0x00012288                g_sFontCmss12
 .rodata.g_pucCmss12Data
                0x00012350      0x514 ./Drivers/grlib.a(fontcmss12.o)
                0x00012864                _etext = .

.glue_7         0x00012864        0x0
 .glue_7        0x00000000        0x0 linker stubs

.glue_7t        0x00012864        0x0
 .glue_7t       0x00000000        0x0 linker stubs

.vfp11_veneer   0x00012864        0x0
 .vfp11_veneer  0x00000000        0x0 linker stubs

.v4_bx          0x00012864        0x0
 .v4_bx         0x00000000        0x0 linker stubs

.data           0x20000000        0x8 load address 0x00012864
                0x20000000                _data = .
 *(vtable)
 *(.data*)
 .data          0x20000000        0x0 ./Drivers/adc.o
 .data          0x20000000        0x0 ./Drivers/can.o
 .data          0x20000000        0x0 ./Drivers/comp.o
 .data          0x20000000        0x0 ./Drivers/cpu.o
 .data          0x20000000        0x0 ./Drivers/epi.o
 .data          0x20000000        0x0 ./Drivers/ethernet.o
 .data          0x20000000        0x0 ./Drivers/flash.o
 .data          0x20000000        0x0 ./Drivers/gpio.o
 .data          0x20000000        0x0 ./Drivers/hibernate.o
 .data          0x20000000        0x0 ./Drivers/i2c.o
 .data          0x20000000        0x0 ./Drivers/i2s.o
 .data          0x20000000        0x0 ./Drivers/interrupt.o
 .data          0x20000000        0x0 ./Drivers/mpu.o
 .data          0x20000000        0x0 ./Drivers/pwm.o
 .data          0x20000000        0x0 ./Drivers/qei.o
 .data          0x20000000        0x0 ./Drivers/ssi.o
 .data          0x20000000        0x0 ./Drivers/sysctl.o
 .data          0x20000000        0x0 ./Drivers/systick.o
 .data          0x20000000        0x0 ./Drivers/timer.o
 .data          0x20000000        0x0 ./Drivers/uart.o
 .data          0x20000000        0x0 ./Drivers/udma.o
 .data          0x20000000        0x0 ./Drivers/usb.o
 .data          0x20000000        0x0 ./Drivers/watchdog.o
 .data          0x20000000        0x0 ./API/led.o
 .data          0x20000000        0x0 ./API/comport.o
 .data          0x20000000        0x0 ./API/buttons.o
 .data          0x20000000        0x0 ./API/ustdlib.o
 .data          0x20000000        0x0 ./OLEDDisplay/rit128x96x4.o
 .data          0x20000000        0x0 ./OLEDDisplay/osram128x64x4.o
 .data          0x20000000        0x0 ./OLEDDisplay/formike128x128x16.o
 .data          0x20000000        0x0 main.o
 .data          0x20000000        0x0 ../../../Source/list.o
 .data          0x20000000        0x0 ../../../Source/queue.o
 .data          0x20000000        0x0 ../../../Source/tasks.o
 .data.uxPreviousTask
                0x20000000        0x4 ../../../Source/tasks.o
 .data          0x20000004        0x0 ../../../Source/portable/GCC/ARM_CM3/port.o
 .data.uxCriticalNesting
                0x20000004        0x4 ../../../Source/portable/GCC/ARM_CM3/port.o
 .data          0x20000008        0x0 ../../../Source/portable/MemMang/heap_2.o
 .data          0x20000008        0x0 startup.o
 .data          0x20000008        0x0 ./Drivers/grlib.a(context.o)
 .data          0x20000008        0x0 ./Drivers/grlib.a(fontcmss12.o)
 .data          0x20000008        0x0 ./Drivers/grlib.a(image.o)
 .data          0x20000008        0x0 ./Drivers/grlib.a(rectangle.o)
 .data          0x20000008        0x0 ./Drivers/grlib.a(string.o)
 .data          0x20000008        0x0 ./Drivers/grlib.a(line.o)
 .data          0x20000008        0x0 c:/programme/codesourcery/sourcery g++ lite/bin/../lib/gcc/arm-none-eabi/4.4.1/../../../../arm-none-eabi/lib/thumb2\libc.a(lib_a-memcmp.o)
 .data          0x20000008        0x0 c:/programme/codesourcery/sourcery g++ lite/bin/../lib/gcc/arm-none-eabi/4.4.1/../../../../arm-none-eabi/lib/thumb2\libc.a(lib_a-memcpy.o)
 .data          0x20000008        0x0 c:/programme/codesourcery/sourcery g++ lite/bin/../lib/gcc/arm-none-eabi/4.4.1/../../../../arm-none-eabi/lib/thumb2\libc.a(lib_a-memset.o)
 .data          0x20000008        0x0 c:/programme/codesourcery/sourcery g++ lite/bin/../lib/gcc/arm-none-eabi/4.4.1/../../../../arm-none-eabi/lib/thumb2\libc.a(lib_a-strcat.o)
 .data          0x20000008        0x0 c:/programme/codesourcery/sourcery g++ lite/bin/../lib/gcc/arm-none-eabi/4.4.1/../../../../arm-none-eabi/lib/thumb2\libc.a(lib_a-strcpy.o)
 .data          0x20000008        0x0 c:/programme/codesourcery/sourcery g++ lite/bin/../lib/gcc/arm-none-eabi/4.4.1/../../../../arm-none-eabi/lib/thumb2\libc.a(lib_a-strlen.o)
 .data          0x20000008        0x0 c:/programme/codesourcery/sourcery g++ lite/bin/../lib/gcc/arm-none-eabi/4.4.1/../../../../arm-none-eabi/lib/thumb2\libc.a(lib_a-strncpy.o)
                0x20000008                _edata = .

.cs3.region-head.ram
                0x20000008      0x11c load address 0x0001286c
 .cs3.region-head.ram
                0x20000008      0x11c ./Drivers/interrupt.o

.bss            0x20000128     0x6314 load address 0x0001298c
                0x20000128                _bss = .
 *(.bss*)
 .bss           0x20000128        0x0 ./Drivers/adc.o
 .bss.g_pucOversampleFactor
                0x20000128        0x4 ./Drivers/adc.o
 .bss           0x2000012c        0x0 ./Drivers/can.o
 .bss           0x2000012c        0x0 ./Drivers/comp.o
 .bss           0x2000012c        0x0 ./Drivers/cpu.o
 .bss           0x2000012c        0x0 ./Drivers/epi.o
 .bss           0x2000012c        0x0 ./Drivers/ethernet.o
 .bss           0x2000012c        0x0 ./Drivers/flash.o
 .bss           0x2000012c        0x0 ./Drivers/gpio.o
 .bss.xGPIOISRHandler
                0x2000012c       0xf0 ./Drivers/gpio.o
 .bss.isInitialized
                0x2000021c        0x1 ./Drivers/gpio.o
 .bss           0x2000021d        0x0 ./Drivers/hibernate.o
 *fill*         0x2000021d        0x3 00
 .bss.g_ulWriteDelay
                0x20000220        0x4 ./Drivers/hibernate.o
 .bss           0x20000224        0x0 ./Drivers/i2c.o
 .bss           0x20000224        0x0 ./Drivers/i2s.o
 .bss           0x20000224        0x0 ./Drivers/interrupt.o
 .bss           0x20000224        0x0 ./Drivers/mpu.o
 .bss           0x20000224        0x0 ./Drivers/pwm.o
 .bss           0x20000224        0x0 ./Drivers/qei.o
 .bss           0x20000224        0x0 ./Drivers/ssi.o
 .bss           0x20000224        0x0 ./Drivers/sysctl.o
 .bss           0x20000224        0x0 ./Drivers/systick.o
 .bss           0x20000224        0x0 ./Drivers/timer.o
 .bss           0x20000224        0x0 ./Drivers/uart.o
 .bss           0x20000224        0x0 ./Drivers/udma.o
 .bss           0x20000224        0x0 ./Drivers/usb.o
 .bss           0x20000224        0x0 ./Drivers/watchdog.o
 .bss           0x20000224        0x0 ./API/led.o
 .bss.isInitialized
                0x20000224        0x1 ./API/led.o
 .bss           0x20000225        0x0 ./API/comport.o
 .bss.isInitialized
                0x20000225        0x1 ./API/comport.o
 .bss.isOpen    0x20000226        0x1 ./API/comport.o
 .bss           0x20000227        0x0 ./API/buttons.o
 .bss.isInitialized
                0x20000227        0x1 ./API/buttons.o
 .bss.callbackCollection
                0x20000228       0x28 ./API/buttons.o
 .bss.xButtonQueue
                0x20000250        0x4 ./API/buttons.o
 .bss           0x20000254        0x0 ./API/ustdlib.o
 .bss           0x20000254        0x0 ./OLEDDisplay/rit128x96x4.o
 .bss.ulGPIOId  0x20000254        0x4 ./OLEDDisplay/rit128x96x4.o
                0x20000254                ulGPIOId
 .bss.ulGPIOBase
                0x20000258        0x4 ./OLEDDisplay/rit128x96x4.o
                0x20000258                ulGPIOBase
 .bss.ulOLEDDC_PIN
                0x2000025c        0x4 ./OLEDDisplay/rit128x96x4.o
                0x2000025c                ulOLEDDC_PIN
 .bss.ulOLEDEN_PIN
                0x20000260        0x4 ./OLEDDisplay/rit128x96x4.o
                0x20000260                ulOLEDEN_PIN
 .bss.g_bSSIEnabled
                0x20000264        0x1 ./OLEDDisplay/rit128x96x4.o
 *fill*         0x20000265        0x3 00
 .bss.g_pucBuffer
                0x20000268        0x8 ./OLEDDisplay/rit128x96x4.o
 .bss           0x20000270        0x0 ./OLEDDisplay/osram128x64x4.o
 .bss.g_bSSIEnabled
                0x20000270        0x1 ./OLEDDisplay/osram128x64x4.o
 *fill*         0x20000271        0x3 00
 .bss.pucBuffer.1644
                0x20000274        0x8 ./OLEDDisplay/osram128x64x4.o
 .bss.pucBuffer.1576
                0x2000027c        0x8 ./OLEDDisplay/osram128x64x4.o
 .bss.pucZeroBuffer.1563
                0x20000284        0x8 ./OLEDDisplay/osram128x64x4.o
 .bss           0x2000028c        0x0 ./OLEDDisplay/formike128x128x16.o
 .bss.sContext  0x2000028c       0x1c ./OLEDDisplay/formike128x128x16.o
 .bss           0x200002a8        0x0 main.o
 .bss.ulIdleError
                0x200002a8        0x4 main.o
                0x200002a8                ulIdleError
 .bss.cMessage.3235
                0x200002ac       0x1c main.o
 .bss           0x200002c8        0x0 ../../../Source/list.o
 .bss           0x200002c8        0x0 ../../../Source/queue.o
 .bss           0x200002c8        0x0 ../../../Source/tasks.o
 .bss.pxCurrentTCB
                0x200002c8        0x4 ../../../Source/tasks.o
                0x200002c8                pxCurrentTCB
 .bss.pxReadyTasksLists
                0x200002cc       0x64 ../../../Source/tasks.o
 .bss.xDelayedTaskList1
                0x20000330       0x14 ../../../Source/tasks.o
 .bss.xDelayedTaskList2
                0x20000344       0x14 ../../../Source/tasks.o
 .bss.pxDelayedTaskList
                0x20000358        0x4 ../../../Source/tasks.o
 .bss.pxOverflowDelayedTaskList
                0x2000035c        0x4 ../../../Source/tasks.o
 .bss.xPendingReadyList
                0x20000360       0x14 ../../../Source/tasks.o
 .bss.xTasksWaitingTermination
                0x20000374       0x14 ../../../Source/tasks.o
 .bss.uxTasksDeleted
                0x20000388        0x4 ../../../Source/tasks.o
 .bss.xSuspendedTaskList
                0x2000038c       0x14 ../../../Source/tasks.o
 .bss.uxCurrentNumberOfTasks
                0x200003a0        0x4 ../../../Source/tasks.o
 .bss.xTickCount
                0x200003a4        0x4 ../../../Source/tasks.o
 .bss.uxTopUsedPriority
                0x200003a8        0x4 ../../../Source/tasks.o
 .bss.uxTopReadyPriority
                0x200003ac        0x4 ../../../Source/tasks.o
 .bss.xSchedulerRunning
                0x200003b0        0x4 ../../../Source/tasks.o
 .bss.uxSchedulerSuspended
                0x200003b4        0x4 ../../../Source/tasks.o
 .bss.uxMissedTicks
                0x200003b8        0x4 ../../../Source/tasks.o
 .bss.xMissedYield
                0x200003bc        0x4 ../../../Source/tasks.o
 .bss.xNumOfOverflows
                0x200003c0        0x4 ../../../Source/tasks.o
 .bss.uxTaskNumber
                0x200003c4        0x4 ../../../Source/tasks.o
 .bss.pcTraceBuffer
                0x200003c8        0x4 ../../../Source/tasks.o
 .bss.pcTraceBufferStart
                0x200003cc        0x4 ../../../Source/tasks.o
 .bss.pcTraceBufferEnd
                0x200003d0        0x4 ../../../Source/tasks.o
 .bss.xTracing  0x200003d4        0x4 ../../../Source/tasks.o
 .bss.pcStatusString
                0x200003d8       0x34 ../../../Source/tasks.o
 .bss           0x2000040c        0x0 ../../../Source/portable/GCC/ARM_CM3/port.o
 .bss           0x2000040c        0x0 ../../../Source/portable/MemMang/heap_2.o
 *fill*         0x2000040c        0x4 00
 .bss.xHeap     0x20000410     0x5dc0 ../../../Source/portable/MemMang/heap_2.o
 .bss.xStart    0x200061d0        0x8 ../../../Source/portable/MemMang/heap_2.o
 .bss.xEnd      0x200061d8        0x8 ../../../Source/portable/MemMang/heap_2.o
 .bss.xFreeBytesRemaining
                0x200061e0        0x4 ../../../Source/portable/MemMang/heap_2.o
 .bss.xHeapHasBeenInitialised.1974
                0x200061e4        0x4 ../../../Source/portable/MemMang/heap_2.o
 .bss           0x200061e8        0x0 startup.o
 .bss.pulStack  0x200061e8      0x1e0 startup.o
 .bss           0x200063c8        0x0 ./Drivers/grlib.a(context.o)
 .bss           0x200063c8        0x0 ./Drivers/grlib.a(fontcmss12.o)
 .bss           0x200063c8        0x0 ./Drivers/grlib.a(image.o)
 .bss.g_pucDictionary
                0x200063c8       0x20 ./Drivers/grlib.a(image.o)
 .bss           0x200063e8        0x0 ./Drivers/grlib.a(rectangle.o)
 .bss           0x200063e8        0x0 ./Drivers/grlib.a(string.o)
 .bss           0x200063e8        0x0 ./Drivers/grlib.a(line.o)
 .bss           0x200063e8        0x0 c:/programme/codesourcery/sourcery g++ lite/bin/../lib/gcc/arm-none-eabi/4.4.1/../../../../arm-none-eabi/lib/thumb2\libc.a(lib_a-memcmp.o)
 .bss           0x200063e8        0x0 c:/programme/codesourcery/sourcery g++ lite/bin/../lib/gcc/arm-none-eabi/4.4.1/../../../../arm-none-eabi/lib/thumb2\libc.a(lib_a-memcpy.o)
 .bss           0x200063e8        0x0 c:/programme/codesourcery/sourcery g++ lite/bin/../lib/gcc/arm-none-eabi/4.4.1/../../../../arm-none-eabi/lib/thumb2\libc.a(lib_a-memset.o)
 .bss           0x200063e8        0x0 c:/programme/codesourcery/sourcery g++ lite/bin/../lib/gcc/arm-none-eabi/4.4.1/../../../../arm-none-eabi/lib/thumb2\libc.a(lib_a-strcat.o)
 .bss           0x200063e8        0x0 c:/programme/codesourcery/sourcery g++ lite/bin/../lib/gcc/arm-none-eabi/4.4.1/../../../../arm-none-eabi/lib/thumb2\libc.a(lib_a-strcpy.o)
 .bss           0x200063e8        0x0 c:/programme/codesourcery/sourcery g++ lite/bin/../lib/gcc/arm-none-eabi/4.4.1/../../../../arm-none-eabi/lib/thumb2\libc.a(lib_a-strlen.o)
 .bss           0x200063e8        0x0 c:/programme/codesourcery/sourcery g++ lite/bin/../lib/gcc/arm-none-eabi/4.4.1/../../../../arm-none-eabi/lib/thumb2\libc.a(lib_a-strncpy.o)
 *(COMMON)
 COMMON         0x200063e8        0x4 main.o
                0x200063e8                xOLEDQueue
 COMMON         0x200063ec       0x50 ../../../Source/queue.o
                0x200063ec                xQueueRegistry
                0x2000643c                _ebss = .
OUTPUT(RTOSDemo.axf elf32-littlearm)

.debug_abbrev   0x00000000     0x24d5
 .debug_abbrev  0x00000000       0xf3 ./Drivers/adc.o
 .debug_abbrev  0x000000f3      0x154 ./Drivers/can.o
 .debug_abbrev  0x00000247       0xcf ./Drivers/comp.o
 .debug_abbrev  0x00000316       0x5c ./Drivers/cpu.o
 .debug_abbrev  0x00000372       0xc5 ./Drivers/epi.o
 .debug_abbrev  0x00000437      0x115 ./Drivers/ethernet.o
 .debug_abbrev  0x0000054c      0x15e ./Drivers/flash.o
 .debug_abbrev  0x000006aa      0x15b ./Drivers/gpio.o
 .debug_abbrev  0x00000805      0x100 ./Drivers/hibernate.o
 .debug_abbrev  0x00000905       0xd6 ./Drivers/i2c.o
 .debug_abbrev  0x000009db       0xde ./Drivers/i2s.o
 .debug_abbrev  0x00000ab9      0x10b ./Drivers/interrupt.o
 .debug_abbrev  0x00000bc4       0xbc ./Drivers/mpu.o
 .debug_abbrev  0x00000c80       0xc5 ./Drivers/pwm.o
 .debug_abbrev  0x00000d45       0xde ./Drivers/qei.o
 .debug_abbrev  0x00000e23       0xd6 ./Drivers/ssi.o
 .debug_abbrev  0x00000ef9      0x11c ./Drivers/sysctl.o
 .debug_abbrev  0x00001015       0x81 ./Drivers/systick.o
 .debug_abbrev  0x00001096       0xb6 ./Drivers/timer.o
 .debug_abbrev  0x0000114c       0xed ./Drivers/uart.o
 .debug_abbrev  0x00001239      0x150 ./Drivers/udma.o
 .debug_abbrev  0x00001389      0x100 ./Drivers/usb.o
 .debug_abbrev  0x00001489       0xcf ./Drivers/watchdog.o
 .debug_abbrev  0x00001558       0x74 ./API/led.o
 .debug_abbrev  0x000015cc       0xba ./API/comport.o
 .debug_abbrev  0x00001686      0x127 ./API/buttons.o
 .debug_abbrev  0x000017ad       0xfc ./API/ustdlib.o
 .debug_abbrev  0x000018a9       0xd7 ./OLEDDisplay/rit128x96x4.o
 .debug_abbrev  0x00001980       0xc6 ./OLEDDisplay/osram128x64x4.o
 .debug_abbrev  0x00001a46      0x1dd ./OLEDDisplay/formike128x128x16.o
 .debug_abbrev  0x00001c23      0x17d main.o
 .debug_abbrev  0x00001da0       0xc8 ../../../Source/list.o
 .debug_abbrev  0x00001e68      0x16d ../../../Source/queue.o
 .debug_abbrev  0x00001fd5      0x181 ../../../Source/tasks.o
 .debug_abbrev  0x00002156      0x11a ../../../Source/portable/GCC/ARM_CM3/port.o
 .debug_abbrev  0x00002270      0x165 ../../../Source/portable/MemMang/heap_2.o
 .debug_abbrev  0x000023d5      0x100 startup.o

.debug_info     0x00000000     0xc6a8
 .debug_info    0x00000000      0x8cf ./Drivers/adc.o
 .debug_info    0x000008cf      0x98d ./Drivers/can.o
 .debug_info    0x0000125c      0x26b ./Drivers/comp.o
 .debug_info    0x000014c7       0x92 ./Drivers/cpu.o
 .debug_info    0x00001559      0x650 ./Drivers/epi.o
 .debug_info    0x00001ba9      0x666 ./Drivers/ethernet.o
 .debug_info    0x0000220f      0x3f7 ./Drivers/flash.o
 .debug_info    0x00002606      0xa07 ./Drivers/gpio.o
 .debug_info    0x0000300d      0x44b ./Drivers/hibernate.o
 .debug_info    0x00003458      0x67d ./Drivers/i2c.o
 .debug_info    0x00003ad5      0x593 ./Drivers/i2s.o
 .debug_info    0x00004068      0x303 ./Drivers/interrupt.o
 .debug_info    0x0000436b      0x1b8 ./Drivers/mpu.o
 .debug_info    0x00004523      0x94c ./Drivers/pwm.o
 .debug_info    0x00004e6f      0x3cb ./Drivers/qei.o
 .debug_info    0x0000523a      0x445 ./Drivers/ssi.o
 .debug_info    0x0000567f      0x7e8 ./Drivers/sysctl.o
 .debug_info    0x00005e67      0x127 ./Drivers/systick.o
 .debug_info    0x00005f8e      0x681 ./Drivers/timer.o
 .debug_info    0x0000660f      0x913 ./Drivers/uart.o
 .debug_info    0x00006f22      0x4cd ./Drivers/udma.o
 .debug_info    0x000073ef     0x104a ./Drivers/usb.o
 .debug_info    0x00008439      0x340 ./Drivers/watchdog.o
 .debug_info    0x00008779       0x85 ./API/led.o
 .debug_info    0x000087fe      0x3be ./API/comport.o
 .debug_info    0x00008bbc      0x29e ./API/buttons.o
 .debug_info    0x00008e5a      0x263 ./API/ustdlib.o
 .debug_info    0x000090bd      0x453 ./OLEDDisplay/rit128x96x4.o
 .debug_info    0x00009510      0x430 ./OLEDDisplay/osram128x64x4.o
 .debug_info    0x00009940      0x870 ./OLEDDisplay/formike128x128x16.o
 .debug_info    0x0000a1b0      0x402 main.o
 .debug_info    0x0000a5b2      0x2ad ../../../Source/list.o
 .debug_info    0x0000a85f      0x8b5 ../../../Source/queue.o
 .debug_info    0x0000b114      0xf9c ../../../Source/tasks.o
 .debug_info    0x0000c0b0      0x1cb ../../../Source/portable/GCC/ARM_CM3/port.o
 .debug_info    0x0000c27b      0x2b6 ../../../Source/portable/MemMang/heap_2.o
 .debug_info    0x0000c531      0x177 startup.o

.debug_line     0x00000000     0x2d53
 .debug_line    0x00000000      0x188 ./Drivers/adc.o
 .debug_line    0x00000188      0x230 ./Drivers/can.o
 .debug_line    0x000003b8       0x93 ./Drivers/comp.o
 .debug_line    0x0000044b       0x4f ./Drivers/cpu.o
 .debug_line    0x0000049a      0x121 ./Drivers/epi.o
 .debug_line    0x000005bb      0x16a ./Drivers/ethernet.o
 .debug_line    0x00000725      0x136 ./Drivers/flash.o
 .debug_line    0x0000085b      0x1f8 ./Drivers/gpio.o
 .debug_line    0x00000a53      0x118 ./Drivers/hibernate.o
 .debug_line    0x00000b6b      0x13e ./Drivers/i2c.o
 .debug_line    0x00000ca9      0x124 ./Drivers/i2s.o
 .debug_line    0x00000dcd       0xdc ./Drivers/interrupt.o
 .debug_line    0x00000ea9       0x7c ./Drivers/mpu.o
 .debug_line    0x00000f25      0x177 ./Drivers/pwm.o
 .debug_line    0x0000109c       0xc7 ./Drivers/qei.o
 .debug_line    0x00001163       0xd3 ./Drivers/ssi.o
 .debug_line    0x00001236      0x25d ./Drivers/sysctl.o
 .debug_line    0x00001493       0x6f ./Drivers/systick.o
 .debug_line    0x00001502      0x155 ./Drivers/timer.o
 .debug_line    0x00001657      0x18f ./Drivers/uart.o
 .debug_line    0x000017e6      0x10e ./Drivers/udma.o
 .debug_line    0x000018f4      0x343 ./Drivers/usb.o
 .debug_line    0x00001c37       0xc8 ./Drivers/watchdog.o
 .debug_line    0x00001cff       0x62 ./API/led.o
 .debug_line    0x00001d61       0xb5 ./API/comport.o
 .debug_line    0x00001e16       0xd9 ./API/buttons.o
 .debug_line    0x00001eef      0x13e ./API/ustdlib.o
 .debug_line    0x0000202d      0x134 ./OLEDDisplay/rit128x96x4.o
 .debug_line    0x00002161      0x125 ./OLEDDisplay/osram128x64x4.o
 .debug_line    0x00002286      0x172 ./OLEDDisplay/formike128x128x16.o
 .debug_line    0x000023f8      0x130 main.o
 .debug_line    0x00002528       0xdd ../../../Source/list.o
 .debug_line    0x00002605      0x279 ../../../Source/queue.o
 .debug_line    0x0000287e      0x2d7 ../../../Source/tasks.o
 .debug_line    0x00002b55       0xbb ../../../Source/portable/GCC/ARM_CM3/port.o
 .debug_line    0x00002c10       0xee ../../../Source/portable/MemMang/heap_2.o
 .debug_line    0x00002cfe       0x55 startup.o

.debug_frame    0x00000000     0x5260
 .debug_frame   0x00000000      0x37c ./Drivers/adc.o
 .debug_frame   0x0000037c      0x30c ./Drivers/can.o
 .debug_frame   0x00000688      0x114 ./Drivers/comp.o
 .debug_frame   0x0000079c       0x40 ./Drivers/cpu.o
 .debug_frame   0x000007dc      0x29c ./Drivers/epi.o
 .debug_frame   0x00000a78      0x2ac ./Drivers/ethernet.o
 .debug_frame   0x00000d24      0x1d4 ./Drivers/flash.o
 .debug_frame   0x00000ef8      0x454 ./Drivers/gpio.o
 .debug_frame   0x0000134c      0x338 ./Drivers/hibernate.o
 .debug_frame   0x00001684      0x368 ./Drivers/i2c.o
 .debug_frame   0x000019ec      0x2f0 ./Drivers/i2s.o
 .debug_frame   0x00001cdc      0x17c ./Drivers/interrupt.o
 .debug_frame   0x00001e58      0x110 ./Drivers/mpu.o
 .debug_frame   0x00001f68      0x3bc ./Drivers/pwm.o
 .debug_frame   0x00002324      0x1f4 ./Drivers/qei.o
 .debug_frame   0x00002518      0x1d8 ./Drivers/ssi.o
 .debug_frame   0x000026f0      0x4c0 ./Drivers/sysctl.o
 .debug_frame   0x00002bb0      0x110 ./Drivers/systick.o
 .debug_frame   0x00002cc0      0x2f4 ./Drivers/timer.o
 .debug_frame   0x00002fb4      0x47c ./Drivers/uart.o
 .debug_frame   0x00003430      0x264 ./Drivers/udma.o
 .debug_frame   0x00003694      0x694 ./Drivers/usb.o
 .debug_frame   0x00003d28      0x1f4 ./Drivers/watchdog.o
 .debug_frame   0x00003f1c       0x4c ./API/led.o
 .debug_frame   0x00003f68       0xfc ./API/comport.o
 .debug_frame   0x00004064       0xd0 ./API/buttons.o
 .debug_frame   0x00004134       0x84 ./API/ustdlib.o
 .debug_frame   0x000041b8      0x14c ./OLEDDisplay/rit128x96x4.o
 .debug_frame   0x00004304      0x14c ./OLEDDisplay/osram128x64x4.o
 .debug_frame   0x00004450      0x1f8 ./OLEDDisplay/formike128x128x16.o
 .debug_frame   0x00004648       0xe8 main.o
 .debug_frame   0x00004730       0x9c ../../../Source/list.o
 .debug_frame   0x000047cc      0x284 ../../../Source/queue.o
 .debug_frame   0x00004a50      0x4c0 ../../../Source/tasks.o
 .debug_frame   0x00004f10      0x124 ../../../Source/portable/GCC/ARM_CM3/port.o
 .debug_frame   0x00005034       0x88 ../../../Source/portable/MemMang/heap_2.o
 .debug_frame   0x000050bc       0x7c startup.o
 .debug_frame   0x00005138       0x2c c:/programme/codesourcery/sourcery g++ lite/bin/../lib/gcc/arm-none-eabi/4.4.1/../../../../arm-none-eabi/lib/thumb2\libc.a(lib_a-memcmp.o)
 .debug_frame   0x00005164       0x38 c:/programme/codesourcery/sourcery g++ lite/bin/../lib/gcc/arm-none-eabi/4.4.1/../../../../arm-none-eabi/lib/thumb2\libc.a(lib_a-memcpy.o)
 .debug_frame   0x0000519c       0x2c c:/programme/codesourcery/sourcery g++ lite/bin/../lib/gcc/arm-none-eabi/4.4.1/../../../../arm-none-eabi/lib/thumb2\libc.a(lib_a-memset.o)
 .debug_frame   0x000051c8       0x2c c:/programme/codesourcery/sourcery g++ lite/bin/../lib/gcc/arm-none-eabi/4.4.1/../../../../arm-none-eabi/lib/thumb2\libc.a(lib_a-strcat.o)
 .debug_frame   0x000051f4       0x20 c:/programme/codesourcery/sourcery g++ lite/bin/../lib/gcc/arm-none-eabi/4.4.1/../../../../arm-none-eabi/lib/thumb2\libc.a(lib_a-strcpy.o)
 .debug_frame   0x00005214       0x20 c:/programme/codesourcery/sourcery g++ lite/bin/../lib/gcc/arm-none-eabi/4.4.1/../../../../arm-none-eabi/lib/thumb2\libc.a(lib_a-strlen.o)
 .debug_frame   0x00005234       0x2c c:/programme/codesourcery/sourcery g++ lite/bin/../lib/gcc/arm-none-eabi/4.4.1/../../../../arm-none-eabi/lib/thumb2\libc.a(lib_a-strncpy.o)

.debug_loc      0x00000000     0x9080
 .debug_loc     0x00000000      0x6a9 ./Drivers/adc.o
 .debug_loc     0x000006a9      0x528 ./Drivers/can.o
 .debug_loc     0x00000bd1      0x1ef ./Drivers/comp.o
 .debug_loc     0x00000dc0      0x4f1 ./Drivers/epi.o
 .debug_loc     0x000012b1      0x4f1 ./Drivers/ethernet.o
 .debug_loc     0x000017a2      0x34c ./Drivers/flash.o
 .debug_loc     0x00001aee      0x7bc ./Drivers/gpio.o
 .debug_loc     0x000022aa      0x568 ./Drivers/hibernate.o
 .debug_loc     0x00002812      0x672 ./Drivers/i2c.o
 .debug_loc     0x00002e84      0x596 ./Drivers/i2s.o
 .debug_loc     0x0000341a      0x2a7 ./Drivers/interrupt.o
 .debug_loc     0x000036c1      0x1cb ./Drivers/mpu.o
 .debug_loc     0x0000388c      0x717 ./Drivers/pwm.o
 .debug_loc     0x00003fa3      0x3a7 ./Drivers/qei.o
 .debug_loc     0x0000434a      0x370 ./Drivers/ssi.o
 .debug_loc     0x000046ba      0x86a ./Drivers/sysctl.o
 .debug_loc     0x00004f24      0x19b ./Drivers/systick.o
 .debug_loc     0x000050bf      0x596 ./Drivers/timer.o
 .debug_loc     0x00005655      0x898 ./Drivers/uart.o
 .debug_loc     0x00005eed      0x447 ./Drivers/udma.o
 .debug_loc     0x00006334      0xcad ./Drivers/usb.o
 .debug_loc     0x00006fe1      0x3a7 ./Drivers/watchdog.o
 .debug_loc     0x00007388       0x62 ./API/led.o
 .debug_loc     0x000073ea      0x1ac ./API/comport.o
 .debug_loc     0x00007596      0x14a ./API/buttons.o
 .debug_loc     0x000076e0       0xbd ./API/ustdlib.o
 .debug_loc     0x0000779d      0x21a ./OLEDDisplay/rit128x96x4.o
 .debug_loc     0x000079b7      0x21a ./OLEDDisplay/osram128x64x4.o
 .debug_loc     0x00007bd1      0x358 ./OLEDDisplay/formike128x128x16.o
 .debug_loc     0x00007f29      0x178 main.o
 .debug_loc     0x000080a1      0x113 ../../../Source/list.o
 .debug_loc     0x000081b4      0x44c ../../../Source/queue.o
 .debug_loc     0x00008600      0x7fb ../../../Source/tasks.o
 .debug_loc     0x00008dfb      0x170 ../../../Source/portable/GCC/ARM_CM3/port.o
 .debug_loc     0x00008f6b       0xc4 ../../../Source/portable/MemMang/heap_2.o
 .debug_loc     0x0000902f       0x51 startup.o

.debug_pubnames
                0x00000000     0x3a69
 .debug_pubnames
                0x00000000      0x315 ./Drivers/adc.o
 .debug_pubnames
                0x00000315      0x15c ./Drivers/can.o
 .debug_pubnames
                0x00000471       0xec ./Drivers/comp.o
 .debug_pubnames
                0x0000055d       0x37 ./Drivers/cpu.o
 .debug_pubnames
                0x00000594      0x21d ./Drivers/epi.o
 .debug_pubnames
                0x000007b1      0x1fa ./Drivers/ethernet.o
 .debug_pubnames
                0x000009ab      0x13d ./Drivers/flash.o
 .debug_pubnames
                0x00000ae8      0x2d6 ./Drivers/gpio.o
 .debug_pubnames
                0x00000dbe      0x2a1 ./Drivers/hibernate.o
 .debug_pubnames
                0x0000105f      0x293 ./Drivers/i2c.o
 .debug_pubnames
                0x000012f2      0x217 ./Drivers/i2s.o
 .debug_pubnames
                0x00001509       0xf6 ./Drivers/interrupt.o
 .debug_pubnames
                0x000015ff       0xb8 ./Drivers/mpu.o
 .debug_pubnames
                0x000016b7      0x2d1 ./Drivers/pwm.o
 .debug_pubnames
                0x00001988      0x14f ./Drivers/qei.o
 .debug_pubnames
                0x00001ad7      0x133 ./Drivers/ssi.o
 .debug_pubnames
                0x00001c0a      0x41f ./Drivers/sysctl.o
 .debug_pubnames
                0x00002029       0xd0 ./Drivers/systick.o
 .debug_pubnames
                0x000020f9      0x224 ./Drivers/timer.o
 .debug_pubnames
                0x0000231d      0x346 ./Drivers/uart.o
 .debug_pubnames
                0x00002663      0x210 ./Drivers/udma.o
 .debug_pubnames
                0x00002873      0x521 ./Drivers/usb.o
 .debug_pubnames
                0x00002d94      0x189 ./Drivers/watchdog.o
 .debug_pubnames
                0x00002f1d       0x20 ./API/led.o
 .debug_pubnames
                0x00002f3d       0x81 ./API/comport.o
 .debug_pubnames
                0x00002fbe       0x53 ./API/buttons.o
 .debug_pubnames
                0x00003011       0x3c ./API/ustdlib.o
 .debug_pubnames
                0x0000304d      0x10c ./OLEDDisplay/rit128x96x4.o
 .debug_pubnames
                0x00003159       0xde ./OLEDDisplay/osram128x64x4.o
 .debug_pubnames
                0x00003237      0x100 ./OLEDDisplay/formike128x128x16.o
 .debug_pubnames
                0x00003337       0xc3 main.o
 .debug_pubnames
                0x000033fa       0x71 ../../../Source/list.o
 .debug_pubnames
                0x0000346b      0x18c ../../../Source/queue.o
 .debug_pubnames
                0x000035f7      0x2c3 ../../../Source/tasks.o
 .debug_pubnames
                0x000038ba      0x10d ../../../Source/portable/GCC/ARM_CM3/port.o
 .debug_pubnames
                0x000039c7       0x64 ../../../Source/portable/MemMang/heap_2.o
 .debug_pubnames
                0x00003a2b       0x3e startup.o

.debug_aranges  0x00000000      0x4a0
 .debug_aranges
                0x00000000       0x20 ./Drivers/adc.o
 .debug_aranges
                0x00000020       0x20 ./Drivers/can.o
 .debug_aranges
                0x00000040       0x20 ./Drivers/comp.o
 .debug_aranges
                0x00000060       0x20 ./Drivers/cpu.o
 .debug_aranges
                0x00000080       0x20 ./Drivers/epi.o
 .debug_aranges
                0x000000a0       0x20 ./Drivers/ethernet.o
 .debug_aranges
                0x000000c0       0x20 ./Drivers/flash.o
 .debug_aranges
                0x000000e0       0x20 ./Drivers/gpio.o
 .debug_aranges
                0x00000100       0x20 ./Drivers/hibernate.o
 .debug_aranges
                0x00000120       0x20 ./Drivers/i2c.o
 .debug_aranges
                0x00000140       0x20 ./Drivers/i2s.o
 .debug_aranges
                0x00000160       0x20 ./Drivers/interrupt.o
 .debug_aranges
                0x00000180       0x20 ./Drivers/mpu.o
 .debug_aranges
                0x000001a0       0x20 ./Drivers/pwm.o
 .debug_aranges
                0x000001c0       0x20 ./Drivers/qei.o
 .debug_aranges
                0x000001e0       0x20 ./Drivers/ssi.o
 .debug_aranges
                0x00000200       0x20 ./Drivers/sysctl.o
 .debug_aranges
                0x00000220       0x20 ./Drivers/systick.o
 .debug_aranges
                0x00000240       0x20 ./Drivers/timer.o
 .debug_aranges
                0x00000260       0x20 ./Drivers/uart.o
 .debug_aranges
                0x00000280       0x20 ./Drivers/udma.o
 .debug_aranges
                0x000002a0       0x20 ./Drivers/usb.o
 .debug_aranges
                0x000002c0       0x20 ./Drivers/watchdog.o
 .debug_aranges
                0x000002e0       0x20 ./API/led.o
 .debug_aranges
                0x00000300       0x20 ./API/comport.o
 .debug_aranges
                0x00000320       0x20 ./API/buttons.o
 .debug_aranges
                0x00000340       0x20 ./API/ustdlib.o
 .debug_aranges
                0x00000360       0x20 ./OLEDDisplay/rit128x96x4.o
 .debug_aranges
                0x00000380       0x20 ./OLEDDisplay/osram128x64x4.o
 .debug_aranges
                0x000003a0       0x20 ./OLEDDisplay/formike128x128x16.o
 .debug_aranges
                0x000003c0       0x20 main.o
 .debug_aranges
                0x000003e0       0x20 ../../../Source/list.o
 .debug_aranges
                0x00000400       0x20 ../../../Source/queue.o
 .debug_aranges
                0x00000420       0x20 ../../../Source/tasks.o
 .debug_aranges
                0x00000440       0x20 ../../../Source/portable/GCC/ARM_CM3/port.o
 .debug_aranges
                0x00000460       0x20 ../../../Source/portable/MemMang/heap_2.o
 .debug_aranges
                0x00000480       0x20 startup.o

.debug_str      0x00000000     0x4e79
 .debug_str     0x00000000      0x3dd ./Drivers/adc.o
                                0x40c (size before relaxing)
 .debug_str     0x000003dd      0x494 ./Drivers/can.o
                                0x568 (size before relaxing)
 .debug_str     0x00000871       0x61 ./Drivers/comp.o
                                0x17d (size before relaxing)
 .debug_str     0x000008d2       0x2d ./Drivers/cpu.o
                                 0x9e (size before relaxing)
 .debug_str     0x000008ff      0x249 ./Drivers/epi.o
                                0x31a (size before relaxing)
 .debug_str     0x00000b48      0x222 ./Drivers/ethernet.o
                                0x2ff (size before relaxing)
 .debug_str     0x00000d6a      0x1bb ./Drivers/flash.o
                                0x293 (size before relaxing)
 .debug_str     0x00000f25      0x35a ./Drivers/gpio.o
                                0x422 (size before relaxing)
 .debug_str     0x0000127f      0x291 ./Drivers/hibernate.o
                                0x354 (size before relaxing)
 .debug_str     0x00001510      0x257 ./Drivers/i2c.o
                                0x319 (size before relaxing)
 .debug_str     0x00001767      0x1bc ./Drivers/i2s.o
                                0x28a (size before relaxing)
 .debug_str     0x00001923       0xf8 ./Drivers/interrupt.o
                                0x1d8 (size before relaxing)
 .debug_str     0x00001a1b       0xb6 ./Drivers/mpu.o
                                0x14f (size before relaxing)
 .debug_str     0x00001ad1      0x32e ./Drivers/pwm.o
                                0x3f5 (size before relaxing)
 .debug_str     0x00001dff      0x129 ./Drivers/qei.o
                                0x1f7 (size before relaxing)
 .debug_str     0x00001f28      0x140 ./Drivers/ssi.o
                                0x225 (size before relaxing)
 .debug_str     0x00002068      0x448 ./Drivers/sysctl.o
                                0x503 (size before relaxing)
 .debug_str     0x000024b0       0xac ./Drivers/systick.o
                                0x13f (size before relaxing)
 .debug_str     0x0000255c      0x1d7 ./Drivers/timer.o
                                0x2a5 (size before relaxing)
 .debug_str     0x00002733      0x30b ./Drivers/uart.o
                                0x411 (size before relaxing)
 .debug_str     0x00002a3e      0x256 ./Drivers/udma.o
                                0x30b (size before relaxing)
 .debug_str     0x00002c94      0x542 ./Drivers/usb.o
                                0x665 (size before relaxing)
 .debug_str     0x000031d6      0x150 ./Drivers/watchdog.o
                                0x1f2 (size before relaxing)
 .debug_str     0x00003326       0x1a ./API/led.o
                                 0xa3 (size before relaxing)
 .debug_str     0x00003340      0x279 ./API/comport.o
                                0x342 (size before relaxing)
 .debug_str     0x000035b9      0x16b ./API/buttons.o
                                0x247 (size before relaxing)
 .debug_str     0x00003724       0x8c ./API/ustdlib.o
                                0x1a9 (size before relaxing)
 .debug_str     0x000037b0      0x1bf ./OLEDDisplay/rit128x96x4.o
                                0x290 (size before relaxing)
 .debug_str     0x0000396f      0x13a ./OLEDDisplay/osram128x64x4.o
                                0x280 (size before relaxing)
 .debug_str     0x00003aa9      0x327 ./OLEDDisplay/formike128x128x16.o
                                0x48b (size before relaxing)
 .debug_str     0x00003dd0      0x135 main.o
                                0x278 (size before relaxing)
 .debug_str     0x00003f05      0x135 ../../../Source/list.o
                                0x230 (size before relaxing)
 .debug_str     0x0000403a      0x3ad ../../../Source/queue.o
                                0x57a (size before relaxing)
 .debug_str     0x000043e7      0x78e ../../../Source/tasks.o
                                0x9a0 (size before relaxing)
 .debug_str     0x00004b75      0x133 ../../../Source/portable/GCC/ARM_CM3/port.o
                                0x1ff (size before relaxing)
 .debug_str     0x00004ca8      0x161 ../../../Source/portable/MemMang/heap_2.o
                                0x25b (size before relaxing)
 .debug_str     0x00004e09       0x70 startup.o
                                 0xf8 (size before relaxing)

.comment        0x00000000      0x6de
 .comment       0x00000000       0x2a ./Drivers/adc.o
 .comment       0x0000002a       0x2a ./Drivers/can.o
 .comment       0x00000054       0x2a ./Drivers/comp.o
 .comment       0x0000007e       0x2a ./Drivers/cpu.o
 .comment       0x000000a8       0x2a ./Drivers/epi.o
 .comment       0x000000d2       0x2a ./Drivers/ethernet.o
 .comment       0x000000fc       0x2a ./Drivers/flash.o
 .comment       0x00000126       0x2a ./Drivers/gpio.o
 .comment       0x00000150       0x2a ./Drivers/hibernate.o
 .comment       0x0000017a       0x2a ./Drivers/i2c.o
 .comment       0x000001a4       0x2a ./Drivers/i2s.o
 .comment       0x000001ce       0x2a ./Drivers/interrupt.o
 .comment       0x000001f8       0x2a ./Drivers/mpu.o
 .comment       0x00000222       0x2a ./Drivers/pwm.o
 .comment       0x0000024c       0x2a ./Drivers/qei.o
 .comment       0x00000276       0x2a ./Drivers/ssi.o
 .comment       0x000002a0       0x2a ./Drivers/sysctl.o
 .comment       0x000002ca       0x2a ./Drivers/systick.o
 .comment       0x000002f4       0x2a ./Drivers/timer.o
 .comment       0x0000031e       0x2a ./Drivers/uart.o
 .comment       0x00000348       0x2a ./Drivers/udma.o
 .comment       0x00000372       0x2a ./Drivers/usb.o
 .comment       0x0000039c       0x2a ./Drivers/watchdog.o
 .comment       0x000003c6       0x2a ./API/led.o
 .comment       0x000003f0       0x2a ./API/comport.o
 .comment       0x0000041a       0x2a ./API/buttons.o
 .comment       0x00000444       0x2a ./API/ustdlib.o
 .comment       0x0000046e       0x2a ./OLEDDisplay/rit128x96x4.o
 .comment       0x00000498       0x2a ./OLEDDisplay/osram128x64x4.o
 .comment       0x000004c2       0x2a ./OLEDDisplay/formike128x128x16.o
 .comment       0x000004ec       0x2a main.o
 .comment       0x00000516       0x2a ../../../Source/list.o
 .comment       0x00000540       0x2a ../../../Source/queue.o
 .comment       0x0000056a       0x2a ../../../Source/tasks.o
 .comment       0x00000594       0x2a ../../../Source/portable/GCC/ARM_CM3/port.o
 .comment       0x000005be       0x2a ../../../Source/portable/MemMang/heap_2.o
 .comment       0x000005e8       0x2a startup.o
 .comment       0x00000612       0x22 ./Drivers/grlib.a(context.o)
 .comment       0x00000634       0x22 ./Drivers/grlib.a(fontcmss12.o)
 .comment       0x00000656       0x22 ./Drivers/grlib.a(image.o)
 .comment       0x00000678       0x22 ./Drivers/grlib.a(rectangle.o)
 .comment       0x0000069a       0x22 ./Drivers/grlib.a(string.o)
 .comment       0x000006bc       0x22 ./Drivers/grlib.a(line.o)

.ARM.attributes
                0x00000000       0x31
 .ARM.attributes
                0x00000000       0x31 ./Drivers/adc.o
 .ARM.attributes
                0x00000031       0x31 ./Drivers/can.o
 .ARM.attributes
                0x00000062       0x31 ./Drivers/comp.o
 .ARM.attributes
                0x00000093       0x31 ./Drivers/cpu.o
 .ARM.attributes
                0x000000c4       0x31 ./Drivers/epi.o
 .ARM.attributes
                0x000000f5       0x31 ./Drivers/ethernet.o
 .ARM.attributes
                0x00000126       0x31 ./Drivers/flash.o
 .ARM.attributes
                0x00000157       0x31 ./Drivers/gpio.o
 .ARM.attributes
                0x00000188       0x31 ./Drivers/hibernate.o
 .ARM.attributes
                0x000001b9       0x31 ./Drivers/i2c.o
 .ARM.attributes
                0x000001ea       0x31 ./Drivers/i2s.o
 .ARM.attributes
                0x0000021b       0x31 ./Drivers/interrupt.o
 .ARM.attributes
                0x0000024c       0x31 ./Drivers/mpu.o
 .ARM.attributes
                0x0000027d       0x31 ./Drivers/pwm.o
 .ARM.attributes
                0x000002ae       0x31 ./Drivers/qei.o
 .ARM.attributes
                0x000002df       0x31 ./Drivers/ssi.o
 .ARM.attributes
                0x00000310       0x31 ./Drivers/sysctl.o
 .ARM.attributes
                0x00000341       0x31 ./Drivers/systick.o
 .ARM.attributes
                0x00000372       0x31 ./Drivers/timer.o
 .ARM.attributes
                0x000003a3       0x31 ./Drivers/uart.o
 .ARM.attributes
                0x000003d4       0x31 ./Drivers/udma.o
 .ARM.attributes
                0x00000405       0x31 ./Drivers/usb.o
 .ARM.attributes
                0x00000436       0x31 ./Drivers/watchdog.o
 .ARM.attributes
                0x00000467       0x31 ./API/led.o
 .ARM.attributes
                0x00000498       0x31 ./API/comport.o
 .ARM.attributes
                0x000004c9       0x31 ./API/buttons.o
 .ARM.attributes
                0x000004fa       0x31 ./API/ustdlib.o
 .ARM.attributes
                0x0000052b       0x31 ./OLEDDisplay/rit128x96x4.o
 .ARM.attributes
                0x0000055c       0x31 ./OLEDDisplay/osram128x64x4.o
 .ARM.attributes
                0x0000058d       0x31 ./OLEDDisplay/formike128x128x16.o
 .ARM.attributes
                0x000005be       0x31 main.o
 .ARM.attributes
                0x000005ef       0x31 ../../../Source/list.o
 .ARM.attributes
                0x00000620       0x31 ../../../Source/queue.o
 .ARM.attributes
                0x00000651       0x31 ../../../Source/tasks.o
 .ARM.attributes
                0x00000682       0x31 ../../../Source/portable/GCC/ARM_CM3/port.o
 .ARM.attributes
                0x000006b3       0x31 ../../../Source/portable/MemMang/heap_2.o
 .ARM.attributes
                0x000006e4       0x31 startup.o
 .ARM.attributes
                0x00000715       0x31 ./Drivers/grlib.a(context.o)
 .ARM.attributes
                0x00000746       0x2f ./Drivers/grlib.a(fontcmss12.o)
 .ARM.attributes
                0x00000775       0x31 ./Drivers/grlib.a(image.o)
 .ARM.attributes
                0x000007a6       0x31 ./Drivers/grlib.a(rectangle.o)
 .ARM.attributes
                0x000007d7       0x31 ./Drivers/grlib.a(string.o)
 .ARM.attributes
                0x00000808       0x31 ./Drivers/grlib.a(line.o)
 .ARM.attributes
                0x00000839       0x27 c:/programme/codesourcery/sourcery g++ lite/bin/../lib/gcc/arm-none-eabi/4.4.1/../../../../arm-none-eabi/lib/thumb2\libc.a(lib_a-memcmp.o)
 .ARM.attributes
                0x00000860       0x27 c:/programme/codesourcery/sourcery g++ lite/bin/../lib/gcc/arm-none-eabi/4.4.1/../../../../arm-none-eabi/lib/thumb2\libc.a(lib_a-memcpy.o)
 .ARM.attributes
                0x00000887       0x27 c:/programme/codesourcery/sourcery g++ lite/bin/../lib/gcc/arm-none-eabi/4.4.1/../../../../arm-none-eabi/lib/thumb2\libc.a(lib_a-memset.o)
 .ARM.attributes
                0x000008ae       0x27 c:/programme/codesourcery/sourcery g++ lite/bin/../lib/gcc/arm-none-eabi/4.4.1/../../../../arm-none-eabi/lib/thumb2\libc.a(lib_a-strcat.o)
 .ARM.attributes
                0x000008d5       0x27 c:/programme/codesourcery/sourcery g++ lite/bin/../lib/gcc/arm-none-eabi/4.4.1/../../../../arm-none-eabi/lib/thumb2\libc.a(lib_a-strcpy.o)
 .ARM.attributes
                0x000008fc       0x27 c:/programme/codesourcery/sourcery g++ lite/bin/../lib/gcc/arm-none-eabi/4.4.1/../../../../arm-none-eabi/lib/thumb2\libc.a(lib_a-strlen.o)
 .ARM.attributes
                0x00000923       0x27 c:/programme/codesourcery/sourcery g++ lite/bin/../lib/gcc/arm-none-eabi/4.4.1/../../../../arm-none-eabi/lib/thumb2\libc.a(lib_a-strncpy.o)
