Archive member included because of file (symbol)

./Drivers/grlib.a(context.o)  ./OLEDDisplay/formike128x128x16.o (GrContextInit)
./Drivers/grlib.a(fontcmss12.o)
                              ./OLEDDisplay/formike128x128x16.o (g_sFontCmss12)
./Drivers/grlib.a(image.o)    ./OLEDDisplay/formike128x128x16.o (GrImageDraw)
./Drivers/grlib.a(rectangle.o)
                              ./OLEDDisplay/formike128x128x16.o (GrRectFill)
./Drivers/grlib.a(string.o)   ./OLEDDisplay/formike128x128x16.o (GrStringDraw)
./Drivers/grlib.a(line.o)     ./Drivers/grlib.a(rectangle.o) (GrLineDrawH)
c:/programme/codesourcery/sourcery g++ lite/bin/../lib/gcc/arm-none-eabi/4.4.1/../../../../arm-none-eabi/lib/thumb2\libc.a(lib_a-memcmp.o)
                              ../../../Source/tasks.o (memcmp)
c:/programme/codesourcery/sourcery g++ lite/bin/../lib/gcc/arm-none-eabi/4.4.1/../../../../arm-none-eabi/lib/thumb2\libc.a(lib_a-memcpy.o)
                              ./API/ustdlib.o (memcpy)
c:/programme/codesourcery/sourcery g++ lite/bin/../lib/gcc/arm-none-eabi/4.4.1/../../../../arm-none-eabi/lib/thumb2\libc.a(lib_a-memset.o)
                              ./uip/uip_arp.o (memset)
c:/programme/codesourcery/sourcery g++ lite/bin/../lib/gcc/arm-none-eabi/4.4.1/../../../../arm-none-eabi/lib/thumb2\libc.a(lib_a-strcat.o)
                              ../../../Source/tasks.o (strcat)
c:/programme/codesourcery/sourcery g++ lite/bin/../lib/gcc/arm-none-eabi/4.4.1/../../../../arm-none-eabi/lib/thumb2\libc.a(lib_a-strchr.o)
                              ./ethernet/uIP_Task.o (strchr)
c:/programme/codesourcery/sourcery g++ lite/bin/../lib/gcc/arm-none-eabi/4.4.1/../../../../arm-none-eabi/lib/thumb2\libc.a(lib_a-strcpy.o)
                              ./ethernet/uIP_Task.o (strcpy)
c:/programme/codesourcery/sourcery g++ lite/bin/../lib/gcc/arm-none-eabi/4.4.1/../../../../arm-none-eabi/lib/thumb2\libc.a(lib_a-strlen.o)
                              ./OLEDDisplay/formike128x128x16.o (strlen)
c:/programme/codesourcery/sourcery g++ lite/bin/../lib/gcc/arm-none-eabi/4.4.1/../../../../arm-none-eabi/lib/thumb2\libc.a(lib_a-strncpy.o)
                              ./API/ustdlib.o (strncpy)
c:/programme/codesourcery/sourcery g++ lite/bin/../lib/gcc/arm-none-eabi/4.4.1/../../../../arm-none-eabi/lib/thumb2\libc.a(lib_a-strstr.o)
                              ./ethernet/uIP_Task.o (strstr)
c:/programme/codesourcery/sourcery g++ lite/bin/../lib/gcc/arm-none-eabi/4.4.1/../../../../arm-none-eabi/lib/thumb2\libc.a(lib_a-memchr.o)
                              c:/programme/codesourcery/sourcery g++ lite/bin/../lib/gcc/arm-none-eabi/4.4.1/../../../../arm-none-eabi/lib/thumb2\libc.a(lib_a-strstr.o) (memchr)

Allocating common symbols
Common symbol       size              file

uip_len             0x2               ./uip/uip.o
xOLEDQueue          0x4               main.o
uip_sappdata        0x4               ./uip/uip.o
uip_acc32           0x4               ./uip/uip.o
xQueueRegistry      0x50              ../../../Source/queue.o
uip_flags           0x1               ./uip/uip.o
uip_appdata         0x4               ./uip/uip.o
uip_conn            0x4               ./uip/uip.o
uip_conns           0x1220            ./uip/uip.o
uip_listenports     0x50              ./uip/uip.o
uip_draddr          0x4               ./uip/uip.o
uip_stat            0x2c              ./uip/uip.o
uip_netmask         0x4               ./uip/uip.o
uip_hostaddr        0x4               ./uip/uip.o
uip_buf             0x4               ./API/emac.o
uip_slen            0x2               ./uip/uip.o

Memory Configuration

Name             Origin             Length             Attributes
FLASH            0x00000000         0x00040000         xr
SRAM             0x20000000         0x00010000         xrw
*default*        0x00000000         0xffffffff

Linker script and memory map

LOAD ./Drivers/adc.o
LOAD ./Drivers/can.o
LOAD ./Drivers/comp.o
LOAD ./Drivers/cpu.o
LOAD ./Drivers/epi.o
LOAD ./Drivers/ethernet.o
LOAD ./Drivers/flash.o
LOAD ./Drivers/gpio.o
LOAD ./Drivers/hibernate.o
LOAD ./Drivers/i2c.o
LOAD ./Drivers/i2s.o
LOAD ./Drivers/interrupt.o
LOAD ./Drivers/mpu.o
LOAD ./Drivers/pwm.o
LOAD ./Drivers/qei.o
LOAD ./Drivers/ssi.o
LOAD ./Drivers/sysctl.o
LOAD ./Drivers/systick.o
LOAD ./Drivers/timer.o
LOAD ./Drivers/uart.o
LOAD ./Drivers/udma.o
LOAD ./Drivers/usb.o
LOAD ./Drivers/watchdog.o
LOAD ./API/led.o
LOAD ./API/comport.o
LOAD ./API/buttons.o
LOAD ./API/ustdlib.o
LOAD ./API/emac.o
LOAD ./OLEDDisplay/rit128x96x4.o
LOAD ./OLEDDisplay/osram128x64x4.o
LOAD ./OLEDDisplay/formike128x128x16.o
LOAD ./uip/uip_arp.o
LOAD ./uip/psock.o
LOAD ./uip/uip_timer.o
LOAD ./uip/uip.o
LOAD ./ethernet/hello-world.o
LOAD ./ethernet/uIP_Task.o
LOAD main.o
LOAD ../../../Source/list.o
LOAD ../../../Source/queue.o
LOAD ../../../Source/tasks.o
LOAD ../../../Source/portable/GCC/ARM_CM3/port.o
LOAD ../../../Source/portable/MemMang/heap_2.o
LOAD startup.o
LOAD ./Drivers/grlib.a
START GROUP
LOAD c:/programme/codesourcery/sourcery g++ lite/bin/../lib/gcc/arm-none-eabi/4.4.1/thumb2\libgcc.a
LOAD c:/programme/codesourcery/sourcery g++ lite/bin/../lib/gcc/arm-none-eabi/4.4.1/../../../../arm-none-eabi/lib/thumb2\libc.a
END GROUP

.text           0x00000000    0x1753c
 *(.isr_vector)
 .isr_vector    0x00000000       0xf0 startup.o
                0x00000000                g_pfnVectors
 *(.text*)
 .text          0x000000f0        0x0 ./Drivers/adc.o
 .text.ADCIntRegister
                0x000000f0       0x2c ./Drivers/adc.o
                0x000000f0                ADCIntRegister
 .text.ADCIntUnregister
                0x0000011c       0x28 ./Drivers/adc.o
                0x0000011c                ADCIntUnregister
 .text.ADCIntDisable
                0x00000144       0x38 ./Drivers/adc.o
                0x00000144                ADCIntDisable
 .text.ADCIntEnable
                0x0000017c       0x44 ./Drivers/adc.o
                0x0000017c                ADCIntEnable
 .text.ADCIntStatus
                0x000001c0       0x80 ./Drivers/adc.o
                0x000001c0                ADCIntStatus
 .text.ADCIntClear
                0x00000240       0x28 ./Drivers/adc.o
                0x00000240                ADCIntClear
 .text.ADCSequenceEnable
                0x00000268       0x2c ./Drivers/adc.o
                0x00000268                ADCSequenceEnable
 .text.ADCSequenceDisable
                0x00000294       0x30 ./Drivers/adc.o
                0x00000294                ADCSequenceDisable
 .text.ADCSequenceConfigure
                0x000002c4       0x84 ./Drivers/adc.o
                0x000002c4                ADCSequenceConfigure
 .text.ADCSequenceStepConfigure
                0x00000348      0x130 ./Drivers/adc.o
                0x00000348                ADCSequenceStepConfigure
 .text.ADCSequenceOverflow
                0x00000478       0x2c ./Drivers/adc.o
                0x00000478                ADCSequenceOverflow
 .text.ADCSequenceOverflowClear
                0x000004a4       0x28 ./Drivers/adc.o
                0x000004a4                ADCSequenceOverflowClear
 .text.ADCSequenceUnderflow
                0x000004cc       0x2c ./Drivers/adc.o
                0x000004cc                ADCSequenceUnderflow
 .text.ADCSequenceUnderflowClear
                0x000004f8       0x28 ./Drivers/adc.o
                0x000004f8                ADCSequenceUnderflowClear
 .text.ADCSequenceDataGet
                0x00000520       0x64 ./Drivers/adc.o
                0x00000520                ADCSequenceDataGet
 .text.ADCProcessorTrigger
                0x00000584       0x3c ./Drivers/adc.o
                0x00000584                ADCProcessorTrigger
 .text.ADCSoftwareOversampleConfigure
                0x000005c0       0x4c ./Drivers/adc.o
                0x000005c0                ADCSoftwareOversampleConfigure
 .text.ADCSoftwareOversampleStepConfigure
                0x0000060c       0xfc ./Drivers/adc.o
                0x0000060c                ADCSoftwareOversampleStepConfigure
 .text.ADCSoftwareOversampleDataGet
                0x00000708       0x9c ./Drivers/adc.o
                0x00000708                ADCSoftwareOversampleDataGet
 .text.ADCHardwareOversampleConfigure
                0x000007a4       0x44 ./Drivers/adc.o
                0x000007a4                ADCHardwareOversampleConfigure
 .text.ADCComparatorConfigure
                0x000007e8       0x28 ./Drivers/adc.o
                0x000007e8                ADCComparatorConfigure
 .text.ADCComparatorRegionSet
                0x00000810       0x34 ./Drivers/adc.o
                0x00000810                ADCComparatorRegionSet
 .text.ADCComparatorReset
                0x00000844       0x5c ./Drivers/adc.o
                0x00000844                ADCComparatorReset
 .text.ADCComparatorIntDisable
                0x000008a0       0x38 ./Drivers/adc.o
                0x000008a0                ADCComparatorIntDisable
 .text.ADCComparatorIntEnable
                0x000008d8       0x34 ./Drivers/adc.o
                0x000008d8                ADCComparatorIntEnable
 .text.ADCComparatorIntStatus
                0x0000090c       0x1c ./Drivers/adc.o
                0x0000090c                ADCComparatorIntStatus
 .text.ADCComparatorIntClear
                0x00000928       0x20 ./Drivers/adc.o
                0x00000928                ADCComparatorIntClear
 .text.ADCReferenceSet
                0x00000948       0x30 ./Drivers/adc.o
                0x00000948                ADCReferenceSet
 .text.ADCReferenceGet
                0x00000978       0x20 ./Drivers/adc.o
                0x00000978                ADCReferenceGet
 .text.ADCPhaseDelaySet
                0x00000998       0x20 ./Drivers/adc.o
                0x00000998                ADCPhaseDelaySet
 .text.ADCPhaseDelayGet
                0x000009b8       0x1c ./Drivers/adc.o
                0x000009b8                ADCPhaseDelayGet
 .text          0x000009d4        0x0 ./Drivers/can.o
 .text.CANIntNumberGet
                0x000009d4       0x5c ./Drivers/can.o
 .text.CANRegRead
                0x00000a30       0x80 ./Drivers/can.o
 .text.CANRegWrite
                0x00000ab0       0x30 ./Drivers/can.o
 .text.CANDataRegWrite
                0x00000ae0       0x6c ./Drivers/can.o
 .text.CANDataRegRead
                0x00000b4c       0x6c ./Drivers/can.o
 .text.CANInit  0x00000bb8       0xf4 ./Drivers/can.o
                0x00000bb8                CANInit
 .text.CANEnable
                0x00000cac       0x24 ./Drivers/can.o
                0x00000cac                CANEnable
 .text.CANDisable
                0x00000cd0       0x24 ./Drivers/can.o
                0x00000cd0                CANDisable
 .text.CANBitTimingGet
                0x00000cf4       0x80 ./Drivers/can.o
                0x00000cf4                CANBitTimingGet
 .text.CANBitRateSet
                0x00000d74      0x100 ./Drivers/can.o
                0x00000d74                CANBitRateSet
 .text.CANBitTimingSet
                0x00000e74       0xd0 ./Drivers/can.o
                0x00000e74                CANBitTimingSet
 .text.CANIntRegister
                0x00000f44       0x2c ./Drivers/can.o
                0x00000f44                CANIntRegister
 .text.CANIntUnregister
                0x00000f70       0x28 ./Drivers/can.o
                0x00000f70                CANIntUnregister
 .text.CANIntEnable
                0x00000f98       0x28 ./Drivers/can.o
                0x00000f98                CANIntEnable
 .text.CANIntDisable
                0x00000fc0       0x2c ./Drivers/can.o
                0x00000fc0                CANIntDisable
 .text.CANIntStatus
                0x00000fec       0x70 ./Drivers/can.o
                0x00000fec                CANIntStatus
 .text.CANIntClear
                0x0000105c       0x78 ./Drivers/can.o
                0x0000105c                CANIntClear
 .text.CANRetrySet
                0x000010d4       0x40 ./Drivers/can.o
                0x000010d4                CANRetrySet
 .text.CANRetryGet
                0x00001114       0x2c ./Drivers/can.o
                0x00001114                CANRetryGet
 .text.CANStatusGet
                0x00001140       0xe0 ./Drivers/can.o
                0x00001140                CANStatusGet
 .text.CANErrCntrGet
                0x00001220       0x54 ./Drivers/can.o
                0x00001220                CANErrCntrGet
 .text.CANMessageSet
                0x00001274      0x2ec ./Drivers/can.o
                0x00001274                CANMessageSet
 .text.CANMessageGet
                0x00001560      0x2bc ./Drivers/can.o
                0x00001560                CANMessageGet
 .text.CANMessageClear
                0x0000181c       0x6c ./Drivers/can.o
                0x0000181c                CANMessageClear
 .text          0x00001888        0x0 ./Drivers/comp.o
 .text.ComparatorConfigure
                0x00001888       0x28 ./Drivers/comp.o
                0x00001888                ComparatorConfigure
 .text.ComparatorRefSet
                0x000018b0       0x20 ./Drivers/comp.o
                0x000018b0                ComparatorRefSet
 .text.ComparatorValueGet
                0x000018d0       0x38 ./Drivers/comp.o
                0x000018d0                ComparatorValueGet
 .text.ComparatorIntRegister
                0x00001908       0x4c ./Drivers/comp.o
                0x00001908                ComparatorIntRegister
 .text.ComparatorIntUnregister
                0x00001954       0x4c ./Drivers/comp.o
                0x00001954                ComparatorIntUnregister
 .text.ComparatorIntEnable
                0x000019a0       0x34 ./Drivers/comp.o
                0x000019a0                ComparatorIntEnable
 .text.ComparatorIntDisable
                0x000019d4       0x38 ./Drivers/comp.o
                0x000019d4                ComparatorIntDisable
 .text.ComparatorIntStatus
                0x00001a0c       0x48 ./Drivers/comp.o
                0x00001a0c                ComparatorIntStatus
 .text.ComparatorIntClear
                0x00001a54       0x24 ./Drivers/comp.o
                0x00001a54                ComparatorIntClear
 .text          0x00001a78        0x0 ./Drivers/cpu.o
 .text.CPUcpsid
                0x00001a78        0xc ./Drivers/cpu.o
                0x00001a78                CPUcpsid
 .text.CPUcpsie
                0x00001a84        0xc ./Drivers/cpu.o
                0x00001a84                CPUcpsie
 .text.CPUwfi   0x00001a90        0x4 ./Drivers/cpu.o
                0x00001a90                CPUwfi
 .text          0x00001a94        0x0 ./Drivers/epi.o
 .text.EPIModeSet
                0x00001a94       0x1c ./Drivers/epi.o
                0x00001a94                EPIModeSet
 .text.EPIDividerSet
                0x00001ab0       0x20 ./Drivers/epi.o
                0x00001ab0                EPIDividerSet
 .text.EPIConfigSDRAMSet
                0x00001ad0       0x3c ./Drivers/epi.o
                0x00001ad0                EPIConfigSDRAMSet
 .text.EPIConfigHB8Set
                0x00001b0c       0x7c ./Drivers/epi.o
                0x00001b0c                EPIConfigHB8Set
 .text.EPIConfigGPModeSet
                0x00001b88       0x6c ./Drivers/epi.o
                0x00001b88                EPIConfigGPModeSet
 .text.EPIAddressMapSet
                0x00001bf4       0x20 ./Drivers/epi.o
                0x00001bf4                EPIAddressMapSet
 .text.EPINonBlockingReadConfigure
                0x00001c14       0x3c ./Drivers/epi.o
                0x00001c14                EPINonBlockingReadConfigure
 .text.EPINonBlockingReadStart
                0x00001c50       0x2c ./Drivers/epi.o
                0x00001c50                EPINonBlockingReadStart
 .text.EPINonBlockingReadStop
                0x00001c7c       0x2c ./Drivers/epi.o
                0x00001c7c                EPINonBlockingReadStop
 .text.EPINonBlockingReadCount
                0x00001ca8       0x2c ./Drivers/epi.o
                0x00001ca8                EPINonBlockingReadCount
 .text.EPINonBlockingReadAvail
                0x00001cd4       0x1c ./Drivers/epi.o
                0x00001cd4                EPINonBlockingReadAvail
 .text.EPINonBlockingReadGet32
                0x00001cf0       0x64 ./Drivers/epi.o
                0x00001cf0                EPINonBlockingReadGet32
 .text.EPINonBlockingReadGet16
                0x00001d54       0x64 ./Drivers/epi.o
                0x00001d54                EPINonBlockingReadGet16
 .text.EPINonBlockingReadGet8
                0x00001db8       0x64 ./Drivers/epi.o
                0x00001db8                EPINonBlockingReadGet8
 .text.EPIFIFOConfig
                0x00001e1c       0x20 ./Drivers/epi.o
                0x00001e1c                EPIFIFOConfig
 .text.EPIWriteFIFOCountGet
                0x00001e3c       0x1c ./Drivers/epi.o
                0x00001e3c                EPIWriteFIFOCountGet
 .text.EPIIntEnable
                0x00001e58       0x2c ./Drivers/epi.o
                0x00001e58                EPIIntEnable
 .text.EPIIntDisable
                0x00001e84       0x30 ./Drivers/epi.o
                0x00001e84                EPIIntDisable
 .text.EPIIntStatus
                0x00001eb4       0x30 ./Drivers/epi.o
                0x00001eb4                EPIIntStatus
 .text.EPIIntErrorStatus
                0x00001ee4       0x1c ./Drivers/epi.o
                0x00001ee4                EPIIntErrorStatus
 .text.EPIIntErrorClear
                0x00001f00       0x20 ./Drivers/epi.o
                0x00001f00                EPIIntErrorClear
 .text.EPIIntRegister
                0x00001f20       0x24 ./Drivers/epi.o
                0x00001f20                EPIIntRegister
 .text.EPIIntUnregister
                0x00001f44       0x20 ./Drivers/epi.o
                0x00001f44                EPIIntUnregister
 .text          0x00001f64        0x0 ./Drivers/ethernet.o
 .text.EthernetInitExpClk
                0x00001f64       0x38 ./Drivers/ethernet.o
                0x00001f64                EthernetInitExpClk
 .text.EthernetConfigSet
                0x00001f9c       0x9c ./Drivers/ethernet.o
                0x00001f9c                EthernetConfigSet
 .text.EthernetConfigGet
                0x00002038       0x50 ./Drivers/ethernet.o
                0x00002038                EthernetConfigGet
 .text.EthernetMACAddrSet
                0x00002088       0x88 ./Drivers/ethernet.o
                0x00002088                EthernetMACAddrSet
 .text.EthernetMACAddrGet
                0x00002110       0x84 ./Drivers/ethernet.o
                0x00002110                EthernetMACAddrGet
 .text.EthernetEnable
                0x00002194       0x64 ./Drivers/ethernet.o
                0x00002194                EthernetEnable
 .text.EthernetDisable
                0x000021f8       0x64 ./Drivers/ethernet.o
                0x000021f8                EthernetDisable
 .text.EthernetPacketAvail
                0x0000225c       0x28 ./Drivers/ethernet.o
                0x0000225c                EthernetPacketAvail
 .text.EthernetSpaceAvail
                0x00002284       0x30 ./Drivers/ethernet.o
                0x00002284                EthernetSpaceAvail
 .text.EthernetPacketGetInternal
                0x000022b4      0x1b4 ./Drivers/ethernet.o
 .text.EthernetPacketGetNonBlocking
                0x00002468       0x38 ./Drivers/ethernet.o
                0x00002468                EthernetPacketGetNonBlocking
 .text.EthernetPacketGet
                0x000024a0       0x34 ./Drivers/ethernet.o
                0x000024a0                EthernetPacketGet
 .text.EthernetPacketPutInternal
                0x000024d4      0x188 ./Drivers/ethernet.o
 .text.EthernetPacketPutNonBlocking
                0x0000265c       0x3c ./Drivers/ethernet.o
                0x0000265c                EthernetPacketPutNonBlocking
 .text.EthernetPacketPut
                0x00002698       0x34 ./Drivers/ethernet.o
                0x00002698                EthernetPacketPut
 .text.EthernetIntRegister
                0x000026cc       0x24 ./Drivers/ethernet.o
                0x000026cc                EthernetIntRegister
 .text.EthernetIntUnregister
                0x000026f0       0x20 ./Drivers/ethernet.o
                0x000026f0                EthernetIntUnregister
 .text.EthernetIntEnable
                0x00002710       0x2c ./Drivers/ethernet.o
                0x00002710                EthernetIntEnable
 .text.EthernetIntDisable
                0x0000273c       0x30 ./Drivers/ethernet.o
                0x0000273c                EthernetIntDisable
 .text.EthernetIntStatus
                0x0000276c       0x38 ./Drivers/ethernet.o
                0x0000276c                EthernetIntStatus
 .text.EthernetIntClear
                0x000027a4       0x1c ./Drivers/ethernet.o
                0x000027a4                EthernetIntClear
 .text.EthernetPHYWrite
                0x000027c0       0x68 ./Drivers/ethernet.o
                0x000027c0                EthernetPHYWrite
 .text.EthernetPHYRead
                0x00002828       0x64 ./Drivers/ethernet.o
                0x00002828                EthernetPHYRead
 .text          0x0000288c        0x0 ./Drivers/flash.o
 .text.FlashUsecGet
                0x0000288c       0x1c ./Drivers/flash.o
                0x0000288c                FlashUsecGet
 .text.FlashUsecSet
                0x000028a8       0x24 ./Drivers/flash.o
                0x000028a8                FlashUsecSet
 .text.FlashErase
                0x000028cc       0x70 ./Drivers/flash.o
                0x000028cc                FlashErase
 .text.FlashProgram
                0x0000293c      0x144 ./Drivers/flash.o
                0x0000293c                FlashProgram
 .text.FlashProtectGet
                0x00002a80       0xfc ./Drivers/flash.o
                0x00002a80                FlashProtectGet
 .text.FlashProtectSet
                0x00002b7c      0x20c ./Drivers/flash.o
                0x00002b7c                FlashProtectSet
 .text.FlashProtectSave
                0x00002d88       0x98 ./Drivers/flash.o
                0x00002d88                FlashProtectSave
 .text.FlashUserGet
                0x00002e20       0x6c ./Drivers/flash.o
                0x00002e20                FlashUserGet
 .text.FlashUserSet
                0x00002e8c       0x68 ./Drivers/flash.o
                0x00002e8c                FlashUserSet
 .text.FlashUserSave
                0x00002ef4       0xac ./Drivers/flash.o
                0x00002ef4                FlashUserSave
 .text.FlashIntRegister
                0x00002fa0       0x24 ./Drivers/flash.o
                0x00002fa0                FlashIntRegister
 .text.FlashIntUnregister
                0x00002fc4       0x18 ./Drivers/flash.o
                0x00002fc4                FlashIntUnregister
 .text.FlashIntEnable
                0x00002fdc       0x2c ./Drivers/flash.o
                0x00002fdc                FlashIntEnable
 .text.FlashIntDisable
                0x00003008       0x30 ./Drivers/flash.o
                0x00003008                FlashIntDisable
 .text.FlashIntStatus
                0x00003038       0x34 ./Drivers/flash.o
                0x00003038                FlashIntStatus
 .text.FlashIntClear
                0x0000306c       0x20 ./Drivers/flash.o
                0x0000306c                FlashIntClear
 .text          0x0000308c        0x0 ./Drivers/gpio.o
 .text.GPIOE_ISR
                0x0000308c       0xbc ./Drivers/gpio.o
                0x0000308c                GPIOE_ISR
 .text.GPIOF_ISR
                0x00003148       0xbc ./Drivers/gpio.o
                0x00003148                GPIOF_ISR
 .text.vInit    0x00003204       0xbc ./Drivers/gpio.o
 .text.GPIOGetIntNumber
                0x000032c0      0x198 ./Drivers/gpio.o
 .text.GPIODirModeSet
                0x00003458       0x88 ./Drivers/gpio.o
                0x00003458                GPIODirModeSet
 .text.GPIODirModeGet
                0x000034e0       0x64 ./Drivers/gpio.o
                0x000034e0                GPIODirModeGet
 .text.GPIOIntTypeSet
                0x00003544       0xd4 ./Drivers/gpio.o
                0x00003544                GPIOIntTypeSet
 .text.GPIOIntTypeGet
                0x00003618       0x90 ./Drivers/gpio.o
                0x00003618                GPIOIntTypeGet
 .text.GPIOPadConfigSet
                0x000036a8      0x230 ./Drivers/gpio.o
                0x000036a8                GPIOPadConfigSet
 .text.GPIOPadConfigGet
                0x000038d8      0x150 ./Drivers/gpio.o
                0x000038d8                GPIOPadConfigGet
 .text.GPIOPinIntEnable
                0x00003a28       0x2c ./Drivers/gpio.o
                0x00003a28                GPIOPinIntEnable
 .text.GPIOPinIntDisable
                0x00003a54       0x30 ./Drivers/gpio.o
                0x00003a54                GPIOPinIntDisable
 .text.GPIOPinIntStatus
                0x00003a84       0x34 ./Drivers/gpio.o
                0x00003a84                GPIOPinIntStatus
 .text.GPIOPinIntClear
                0x00003ab8       0x24 ./Drivers/gpio.o
                0x00003ab8                GPIOPinIntClear
 .text.GPIOPortIntRegister
                0x00003adc       0xb8 ./Drivers/gpio.o
                0x00003adc                GPIOPortIntRegister
 .text.GPIOPortIntUnregister
                0x00003b94       0x28 ./Drivers/gpio.o
                0x00003b94                GPIOPortIntUnregister
 .text.GPIOPinRead
                0x00003bbc       0x28 ./Drivers/gpio.o
                0x00003bbc                GPIOPinRead
 .text.GPIOPinWrite
                0x00003be4       0x2c ./Drivers/gpio.o
                0x00003be4                GPIOPinWrite
 .text.GPIOPinTypeADC
                0x00003c10       0x34 ./Drivers/gpio.o
                0x00003c10                GPIOPinTypeADC
 .text.GPIOPinTypeCAN
                0x00003c44       0x34 ./Drivers/gpio.o
                0x00003c44                GPIOPinTypeCAN
 .text.GPIOPinTypeComparator
                0x00003c78       0x34 ./Drivers/gpio.o
                0x00003c78                GPIOPinTypeComparator
 .text.GPIOPinTypeGPIOInput
                0x00003cac       0x34 ./Drivers/gpio.o
                0x00003cac                GPIOPinTypeGPIOInput
 .text.GPIOPinTypeGPIOOutput
                0x00003ce0       0x34 ./Drivers/gpio.o
                0x00003ce0                GPIOPinTypeGPIOOutput
 .text.GPIOPinTypeGPIOOutputOD
                0x00003d14       0x34 ./Drivers/gpio.o
                0x00003d14                GPIOPinTypeGPIOOutputOD
 .text.GPIOPinTypeI2C
                0x00003d48       0x34 ./Drivers/gpio.o
                0x00003d48                GPIOPinTypeI2C
 .text.GPIOPinTypePWM
                0x00003d7c       0x34 ./Drivers/gpio.o
                0x00003d7c                GPIOPinTypePWM
 .text.GPIOPinTypeQEI
                0x00003db0       0x34 ./Drivers/gpio.o
                0x00003db0                GPIOPinTypeQEI
 .text.GPIOPinTypeSSI
                0x00003de4       0x34 ./Drivers/gpio.o
                0x00003de4                GPIOPinTypeSSI
 .text.GPIOPinTypeTimer
                0x00003e18       0x34 ./Drivers/gpio.o
                0x00003e18                GPIOPinTypeTimer
 .text.GPIOPinTypeUART
                0x00003e4c       0x34 ./Drivers/gpio.o
                0x00003e4c                GPIOPinTypeUART
 .text.GPIOPinTypeUSBDigital
                0x00003e80       0x34 ./Drivers/gpio.o
                0x00003e80                GPIOPinTypeUSBDigital
 .text.GPIOPinTypeUSBAnalog
                0x00003eb4       0x34 ./Drivers/gpio.o
                0x00003eb4                GPIOPinTypeUSBAnalog
 .text.GPIOPinTypeI2S
                0x00003ee8       0x34 ./Drivers/gpio.o
                0x00003ee8                GPIOPinTypeI2S
 .text.GPIOPinTypeEthernetLED
                0x00003f1c       0x34 ./Drivers/gpio.o
                0x00003f1c                GPIOPinTypeEthernetLED
 .text.GPIOPinTypeEPI
                0x00003f50       0x34 ./Drivers/gpio.o
                0x00003f50                GPIOPinTypeEPI
 .text.GPIOPinConfigure
                0x00003f84       0xb0 ./Drivers/gpio.o
                0x00003f84                GPIOPinConfigure
 .text          0x00004034        0x0 ./Drivers/hibernate.o
 .text.HibernateWriteComplete
                0x00004034       0x18 ./Drivers/hibernate.o
                0x00004034                HibernateWriteComplete
 .text.HibernateEnableExpClk
                0x0000404c       0xa0 ./Drivers/hibernate.o
                0x0000404c                HibernateEnableExpClk
 .text.HibernateDisable
                0x000040ec       0x24 ./Drivers/hibernate.o
                0x000040ec                HibernateDisable
 .text.HibernateClockSelect
                0x00004110       0x30 ./Drivers/hibernate.o
                0x00004110                HibernateClockSelect
 .text.HibernateRTCEnable
                0x00004140       0x24 ./Drivers/hibernate.o
                0x00004140                HibernateRTCEnable
 .text.HibernateRTCDisable
                0x00004164       0x24 ./Drivers/hibernate.o
                0x00004164                HibernateRTCDisable
 .text.HibernateWakeSet
                0x00004188       0x30 ./Drivers/hibernate.o
                0x00004188                HibernateWakeSet
 .text.HibernateWakeGet
                0x000041b8       0x1c ./Drivers/hibernate.o
                0x000041b8                HibernateWakeGet
 .text.HibernateLowBatSet
                0x000041d4       0x30 ./Drivers/hibernate.o
                0x000041d4                HibernateLowBatSet
 .text.HibernateLowBatGet
                0x00004204       0x1c ./Drivers/hibernate.o
                0x00004204                HibernateLowBatGet
 .text.HibernateRTCSet
                0x00004220       0x54 ./Drivers/hibernate.o
                0x00004220                HibernateRTCSet
 .text.HibernateRTCGet
                0x00004274       0x18 ./Drivers/hibernate.o
                0x00004274                HibernateRTCGet
 .text.HibernateRTCMatch0Set
                0x0000428c       0x54 ./Drivers/hibernate.o
                0x0000428c                HibernateRTCMatch0Set
 .text.HibernateRTCMatch0Get
                0x000042e0       0x18 ./Drivers/hibernate.o
                0x000042e0                HibernateRTCMatch0Get
 .text.HibernateRTCMatch1Set
                0x000042f8       0x54 ./Drivers/hibernate.o
                0x000042f8                HibernateRTCMatch1Set
 .text.HibernateRTCMatch1Get
                0x0000434c       0x18 ./Drivers/hibernate.o
                0x0000434c                HibernateRTCMatch1Get
 .text.HibernateRTCTrimSet
                0x00004364       0x54 ./Drivers/hibernate.o
                0x00004364                HibernateRTCTrimSet
 .text.HibernateRTCTrimGet
                0x000043b8       0x18 ./Drivers/hibernate.o
                0x000043b8                HibernateRTCTrimGet
 .text.HibernateDataSet
                0x000043d0       0x80 ./Drivers/hibernate.o
                0x000043d0                HibernateDataSet
 .text.HibernateDataGet
                0x00004450       0x4c ./Drivers/hibernate.o
                0x00004450                HibernateDataGet
 .text.HibernateRequest
                0x0000449c       0x24 ./Drivers/hibernate.o
                0x0000449c                HibernateRequest
 .text.HibernateIntEnable
                0x000044c0       0x2c ./Drivers/hibernate.o
                0x000044c0                HibernateIntEnable
 .text.HibernateIntDisable
                0x000044ec       0x30 ./Drivers/hibernate.o
                0x000044ec                HibernateIntDisable
 .text.HibernateIntRegister
                0x0000451c       0x24 ./Drivers/hibernate.o
                0x0000451c                HibernateIntRegister
 .text.HibernateIntUnregister
                0x00004540       0x18 ./Drivers/hibernate.o
                0x00004540                HibernateIntUnregister
 .text.HibernateIntStatus
                0x00004558       0x3c ./Drivers/hibernate.o
                0x00004558                HibernateIntStatus
 .text.HibernateIntClear
                0x00004594       0x2c ./Drivers/hibernate.o
                0x00004594                HibernateIntClear
 .text.HibernateIsActive
                0x000045c0       0x24 ./Drivers/hibernate.o
                0x000045c0                HibernateIsActive
 .text          0x000045e4        0x0 ./Drivers/i2c.o
 .text.I2CMasterInitExpClk
                0x000045e4       0x74 ./Drivers/i2c.o
                0x000045e4                I2CMasterInitExpClk
 .text.I2CSlaveInit
                0x00004658       0x20 ./Drivers/i2c.o
                0x00004658                I2CSlaveInit
 .text.I2CMasterEnable
                0x00004678       0x28 ./Drivers/i2c.o
                0x00004678                I2CMasterEnable
 .text.I2CSlaveEnable
                0x000046a0       0x34 ./Drivers/i2c.o
                0x000046a0                I2CSlaveEnable
 .text.I2CMasterDisable
                0x000046d4       0x28 ./Drivers/i2c.o
                0x000046d4                I2CMasterDisable
 .text.I2CSlaveDisable
                0x000046fc       0x34 ./Drivers/i2c.o
                0x000046fc                I2CSlaveDisable
 .text.I2CIntRegister
                0x00004730       0x3c ./Drivers/i2c.o
                0x00004730                I2CIntRegister
 .text.I2CIntUnregister
                0x0000476c       0x38 ./Drivers/i2c.o
                0x0000476c                I2CIntUnregister
 .text.I2CMasterIntEnable
                0x000047a4       0x20 ./Drivers/i2c.o
                0x000047a4                I2CMasterIntEnable
 .text.I2CSlaveIntEnable
                0x000047c4       0x28 ./Drivers/i2c.o
                0x000047c4                I2CSlaveIntEnable
 .text.I2CSlaveIntEnableEx
                0x000047ec       0x2c ./Drivers/i2c.o
                0x000047ec                I2CSlaveIntEnableEx
 .text.I2CMasterIntDisable
                0x00004818       0x20 ./Drivers/i2c.o
                0x00004818                I2CMasterIntDisable
 .text.I2CSlaveIntDisable
                0x00004838       0x28 ./Drivers/i2c.o
                0x00004838                I2CSlaveIntDisable
 .text.I2CSlaveIntDisableEx
                0x00004860       0x30 ./Drivers/i2c.o
                0x00004860                I2CSlaveIntDisableEx
 .text.I2CMasterIntStatus
                0x00004890       0x40 ./Drivers/i2c.o
                0x00004890                I2CMasterIntStatus
 .text.I2CSlaveIntStatus
                0x000048d0       0x40 ./Drivers/i2c.o
                0x000048d0                I2CSlaveIntStatus
 .text.I2CSlaveIntStatusEx
                0x00004910       0x84 ./Drivers/i2c.o
                0x00004910                I2CSlaveIntStatusEx
 .text.I2CMasterIntClear
                0x00004994       0x2c ./Drivers/i2c.o
                0x00004994                I2CMasterIntClear
 .text.I2CSlaveIntClear
                0x000049c0       0x20 ./Drivers/i2c.o
                0x000049c0                I2CSlaveIntClear
 .text.I2CSlaveIntClearEx
                0x000049e0       0x20 ./Drivers/i2c.o
                0x000049e0                I2CSlaveIntClearEx
 .text.I2CMasterSlaveAddrSet
                0x00004a00       0x2c ./Drivers/i2c.o
                0x00004a00                I2CMasterSlaveAddrSet
 .text.I2CMasterBusy
                0x00004a2c       0x30 ./Drivers/i2c.o
                0x00004a2c                I2CMasterBusy
 .text.I2CMasterBusBusy
                0x00004a5c       0x30 ./Drivers/i2c.o
                0x00004a5c                I2CMasterBusBusy
 .text.I2CMasterControl
                0x00004a8c       0x20 ./Drivers/i2c.o
                0x00004a8c                I2CMasterControl
 .text.I2CMasterErr
                0x00004aac       0x48 ./Drivers/i2c.o
                0x00004aac                I2CMasterErr
 .text.I2CMasterDataPut
                0x00004af4       0x20 ./Drivers/i2c.o
                0x00004af4                I2CMasterDataPut
 .text.I2CMasterDataGet
                0x00004b14       0x1c ./Drivers/i2c.o
                0x00004b14                I2CMasterDataGet
 .text.I2CSlaveStatus
                0x00004b30       0x1c ./Drivers/i2c.o
                0x00004b30                I2CSlaveStatus
 .text.I2CSlaveDataPut
                0x00004b4c       0x20 ./Drivers/i2c.o
                0x00004b4c                I2CSlaveDataPut
 .text.I2CSlaveDataGet
                0x00004b6c       0x1c ./Drivers/i2c.o
                0x00004b6c                I2CSlaveDataGet
 .text          0x00004b88        0x0 ./Drivers/i2s.o
 .text.I2STxEnable
                0x00004b88       0x34 ./Drivers/i2s.o
                0x00004b88                I2STxEnable
 .text.I2STxDisable
                0x00004bbc       0x28 ./Drivers/i2s.o
                0x00004bbc                I2STxDisable
 .text.I2STxDataPut
                0x00004be4       0x28 ./Drivers/i2s.o
                0x00004be4                I2STxDataPut
 .text.I2STxDataPutNonBlocking
                0x00004c0c       0x34 ./Drivers/i2s.o
                0x00004c0c                I2STxDataPutNonBlocking
 .text.I2STxConfigSet
                0x00004c40       0x4c ./Drivers/i2s.o
                0x00004c40                I2STxConfigSet
 .text.I2STxFIFOLimitSet
                0x00004c8c       0x20 ./Drivers/i2s.o
                0x00004c8c                I2STxFIFOLimitSet
 .text.I2STxFIFOLimitGet
                0x00004cac       0x1c ./Drivers/i2s.o
                0x00004cac                I2STxFIFOLimitGet
 .text.I2STxFIFOLevelGet
                0x00004cc8       0x1c ./Drivers/i2s.o
                0x00004cc8                I2STxFIFOLevelGet
 .text.I2SRxEnable
                0x00004ce4       0x34 ./Drivers/i2s.o
                0x00004ce4                I2SRxEnable
 .text.I2SRxDisable
                0x00004d18       0x28 ./Drivers/i2s.o
                0x00004d18                I2SRxDisable
 .text.I2SRxDataGet
                0x00004d40       0x30 ./Drivers/i2s.o
                0x00004d40                I2SRxDataGet
 .text.I2SRxDataGetNonBlocking
                0x00004d70       0x3c ./Drivers/i2s.o
                0x00004d70                I2SRxDataGetNonBlocking
 .text.I2SRxConfigSet
                0x00004dac       0x90 ./Drivers/i2s.o
                0x00004dac                I2SRxConfigSet
 .text.I2SRxFIFOLimitSet
                0x00004e3c       0x24 ./Drivers/i2s.o
                0x00004e3c                I2SRxFIFOLimitSet
 .text.I2SRxFIFOLimitGet
                0x00004e60       0x2c ./Drivers/i2s.o
                0x00004e60                I2SRxFIFOLimitGet
 .text.I2SRxFIFOLevelGet
                0x00004e8c       0x20 ./Drivers/i2s.o
                0x00004e8c                I2SRxFIFOLevelGet
 .text.I2STxRxEnable
                0x00004eac       0x40 ./Drivers/i2s.o
                0x00004eac                I2STxRxEnable
 .text.I2STxRxDisable
                0x00004eec       0x28 ./Drivers/i2s.o
                0x00004eec                I2STxRxDisable
 .text.I2STxRxConfigSet
                0x00004f14       0xb8 ./Drivers/i2s.o
                0x00004f14                I2STxRxConfigSet
 .text.I2SMasterClockSelect
                0x00004fcc       0x34 ./Drivers/i2s.o
                0x00004fcc                I2SMasterClockSelect
 .text.I2SIntEnable
                0x00005000       0x2c ./Drivers/i2s.o
                0x00005000                I2SIntEnable
 .text.I2SIntDisable
                0x0000502c       0x30 ./Drivers/i2s.o
                0x0000502c                I2SIntDisable
 .text.I2SIntStatus
                0x0000505c       0x38 ./Drivers/i2s.o
                0x0000505c                I2SIntStatus
 .text.I2SIntClear
                0x00005094       0x24 ./Drivers/i2s.o
                0x00005094                I2SIntClear
 .text.I2SIntRegister
                0x000050b8       0x24 ./Drivers/i2s.o
                0x000050b8                I2SIntRegister
 .text.I2SIntUnregister
                0x000050dc       0x20 ./Drivers/i2s.o
                0x000050dc                I2SIntUnregister
 .text          0x000050fc        0x0 ./Drivers/interrupt.o
 .text.IntDefaultHandler
                0x000050fc        0x8 ./Drivers/interrupt.o
 .text.IntMasterEnable
                0x00005104       0x14 ./Drivers/interrupt.o
                0x00005104                IntMasterEnable
 .text.IntMasterDisable
                0x00005118       0x14 ./Drivers/interrupt.o
                0x00005118                IntMasterDisable
 .text.IntRegister
                0x0000512c       0x8c ./Drivers/interrupt.o
                0x0000512c                IntRegister
 .text.IntUnregister
                0x000051b8       0x28 ./Drivers/interrupt.o
                0x000051b8                IntUnregister
 .text.IntPriorityGroupingSet
                0x000051e0       0x34 ./Drivers/interrupt.o
                0x000051e0                IntPriorityGroupingSet
 .text.IntPriorityGroupingGet
                0x00005214       0x54 ./Drivers/interrupt.o
                0x00005214                IntPriorityGroupingGet
 .text.IntPrioritySet
                0x00005268       0x78 ./Drivers/interrupt.o
                0x00005268                IntPrioritySet
 .text.IntPriorityGet
                0x000052e0       0x3c ./Drivers/interrupt.o
                0x000052e0                IntPriorityGet
 .text.IntEnable
                0x0000531c       0xd8 ./Drivers/interrupt.o
                0x0000531c                IntEnable
 .text.IntDisable
                0x000053f4       0xd8 ./Drivers/interrupt.o
                0x000053f4                IntDisable
 .text.IntPendSet
                0x000054cc       0xb8 ./Drivers/interrupt.o
                0x000054cc                IntPendSet
 .text.IntPendClear
                0x00005584       0x98 ./Drivers/interrupt.o
                0x00005584                IntPendClear
 .text          0x0000561c        0x0 ./Drivers/mpu.o
 .text.MPUEnable
                0x0000561c       0x24 ./Drivers/mpu.o
                0x0000561c                MPUEnable
 .text.MPUDisable
                0x00005640       0x24 ./Drivers/mpu.o
                0x00005640                MPUDisable
 .text.MPURegionCountGet
                0x00005664       0x20 ./Drivers/mpu.o
                0x00005664                MPURegionCountGet
 .text.MPURegionEnable
                0x00005684       0x38 ./Drivers/mpu.o
                0x00005684                MPURegionEnable
 .text.MPURegionDisable
                0x000056bc       0x38 ./Drivers/mpu.o
                0x000056bc                MPURegionDisable
 .text.MPURegionSet
                0x000056f4       0x40 ./Drivers/mpu.o
                0x000056f4                MPURegionSet
 .text.MPURegionGet
                0x00005734       0x40 ./Drivers/mpu.o
                0x00005734                MPURegionGet
 .text.MPUIntRegister
                0x00005774       0x24 ./Drivers/mpu.o
                0x00005774                MPUIntRegister
 .text.MPUIntUnregister
                0x00005798       0x18 ./Drivers/mpu.o
                0x00005798                MPUIntUnregister
 .text          0x000057b0        0x0 ./Drivers/pwm.o
 .text.PWMGenConfigure
                0x000057b0       0x74 ./Drivers/pwm.o
                0x000057b0                PWMGenConfigure
 .text.PWMGenPeriodSet
                0x00005824       0x48 ./Drivers/pwm.o
                0x00005824                PWMGenPeriodSet
 .text.PWMGenPeriodGet
                0x0000586c       0x44 ./Drivers/pwm.o
                0x0000586c                PWMGenPeriodGet
 .text.PWMGenEnable
                0x000058b0       0x28 ./Drivers/pwm.o
                0x000058b0                PWMGenEnable
 .text.PWMGenDisable
                0x000058d8       0x28 ./Drivers/pwm.o
                0x000058d8                PWMGenDisable
 .text.PWMPulseWidthSet
                0x00005900       0x6c ./Drivers/pwm.o
                0x00005900                PWMPulseWidthSet
 .text.PWMPulseWidthGet
                0x0000596c       0x70 ./Drivers/pwm.o
                0x0000596c                PWMPulseWidthGet
 .text.PWMDeadBandEnable
                0x000059dc       0x48 ./Drivers/pwm.o
                0x000059dc                PWMDeadBandEnable
 .text.PWMDeadBandDisable
                0x00005a24       0x30 ./Drivers/pwm.o
                0x00005a24                PWMDeadBandDisable
 .text.PWMSyncUpdate
                0x00005a54       0x1c ./Drivers/pwm.o
                0x00005a54                PWMSyncUpdate
 .text.PWMSyncTimeBase
                0x00005a70       0x20 ./Drivers/pwm.o
                0x00005a70                PWMSyncTimeBase
 .text.PWMOutputState
                0x00005a90       0x50 ./Drivers/pwm.o
                0x00005a90                PWMOutputState
 .text.PWMOutputInvert
                0x00005ae0       0x50 ./Drivers/pwm.o
                0x00005ae0                PWMOutputInvert
 .text.PWMOutputFaultLevel
                0x00005b30       0x50 ./Drivers/pwm.o
                0x00005b30                PWMOutputFaultLevel
 .text.PWMOutputFault
                0x00005b80       0x50 ./Drivers/pwm.o
                0x00005b80                PWMOutputFault
 .text.PWMGenIntRegister
                0x00005bd0       0x40 ./Drivers/pwm.o
                0x00005bd0                PWMGenIntRegister
 .text.PWMGenIntUnregister
                0x00005c10       0x3c ./Drivers/pwm.o
                0x00005c10                PWMGenIntUnregister
 .text.PWMFaultIntRegister
                0x00005c4c       0x24 ./Drivers/pwm.o
                0x00005c4c                PWMFaultIntRegister
 .text.PWMFaultIntUnregister
                0x00005c70       0x20 ./Drivers/pwm.o
                0x00005c70                PWMFaultIntUnregister
 .text.PWMGenIntTrigEnable
                0x00005c90       0x34 ./Drivers/pwm.o
                0x00005c90                PWMGenIntTrigEnable
 .text.PWMGenIntTrigDisable
                0x00005cc4       0x38 ./Drivers/pwm.o
                0x00005cc4                PWMGenIntTrigDisable
 .text.PWMGenIntStatus
                0x00005cfc       0x3c ./Drivers/pwm.o
                0x00005cfc                PWMGenIntStatus
 .text.PWMGenIntClear
                0x00005d38       0x24 ./Drivers/pwm.o
                0x00005d38                PWMGenIntClear
 .text.PWMIntEnable
                0x00005d5c       0x2c ./Drivers/pwm.o
                0x00005d5c                PWMIntEnable
 .text.PWMIntDisable
                0x00005d88       0x30 ./Drivers/pwm.o
                0x00005d88                PWMIntDisable
 .text.PWMFaultIntClear
                0x00005db8       0x20 ./Drivers/pwm.o
                0x00005db8                PWMFaultIntClear
 .text.PWMIntStatus
                0x00005dd8       0x30 ./Drivers/pwm.o
                0x00005dd8                PWMIntStatus
 .text.PWMFaultIntClearExt
                0x00005e08       0x20 ./Drivers/pwm.o
                0x00005e08                PWMFaultIntClearExt
 .text.PWMGenFaultConfigure
                0x00005e28       0x40 ./Drivers/pwm.o
                0x00005e28                PWMGenFaultConfigure
 .text.PWMGenFaultTriggerSet
                0x00005e68       0x3c ./Drivers/pwm.o
                0x00005e68                PWMGenFaultTriggerSet
 .text.PWMGenFaultTriggerGet
                0x00005ea4       0x38 ./Drivers/pwm.o
                0x00005ea4                PWMGenFaultTriggerGet
 .text.PWMGenFaultStatus
                0x00005edc       0x58 ./Drivers/pwm.o
                0x00005edc                PWMGenFaultStatus
 .text.PWMGenFaultClear
                0x00005f34       0x5c ./Drivers/pwm.o
                0x00005f34                PWMGenFaultClear
 .text          0x00005f90        0x0 ./Drivers/qei.o
 .text.QEIEnable
                0x00005f90       0x20 ./Drivers/qei.o
                0x00005f90                QEIEnable
 .text.QEIDisable
                0x00005fb0       0x20 ./Drivers/qei.o
                0x00005fb0                QEIDisable
 .text.QEIConfigure
                0x00005fd0       0x34 ./Drivers/qei.o
                0x00005fd0                QEIConfigure
 .text.QEIPositionGet
                0x00006004       0x1c ./Drivers/qei.o
                0x00006004                QEIPositionGet
 .text.QEIPositionSet
                0x00006020       0x20 ./Drivers/qei.o
                0x00006020                QEIPositionSet
 .text.QEIDirectionGet
                0x00006040       0x30 ./Drivers/qei.o
                0x00006040                QEIDirectionGet
 .text.QEIErrorGet
                0x00006070       0x24 ./Drivers/qei.o
                0x00006070                QEIErrorGet
 .text.QEIVelocityEnable
                0x00006094       0x20 ./Drivers/qei.o
                0x00006094                QEIVelocityEnable
 .text.QEIVelocityDisable
                0x000060b4       0x20 ./Drivers/qei.o
                0x000060b4                QEIVelocityDisable
 .text.QEIVelocityConfigure
                0x000060d4       0x38 ./Drivers/qei.o
                0x000060d4                QEIVelocityConfigure
 .text.QEIVelocityGet
                0x0000610c       0x1c ./Drivers/qei.o
                0x0000610c                QEIVelocityGet
 .text.QEIIntRegister
                0x00006128       0x3c ./Drivers/qei.o
                0x00006128                QEIIntRegister
 .text.QEIIntUnregister
                0x00006164       0x38 ./Drivers/qei.o
                0x00006164                QEIIntUnregister
 .text.QEIIntEnable
                0x0000619c       0x2c ./Drivers/qei.o
                0x0000619c                QEIIntEnable
 .text.QEIIntDisable
                0x000061c8       0x30 ./Drivers/qei.o
                0x000061c8                QEIIntDisable
 .text.QEIIntStatus
                0x000061f8       0x30 ./Drivers/qei.o
                0x000061f8                QEIIntStatus
 .text.QEIIntClear
                0x00006228       0x20 ./Drivers/qei.o
                0x00006228                QEIIntClear
 .text          0x00006248        0x0 ./Drivers/ssi.o
 .text.SSIConfigSetExpClk
                0x00006248       0xbc ./Drivers/ssi.o
                0x00006248                SSIConfigSetExpClk
 .text.SSIEnable
                0x00006304       0x28 ./Drivers/ssi.o
                0x00006304                SSIEnable
 .text.SSIDisable
                0x0000632c       0x28 ./Drivers/ssi.o
                0x0000632c                SSIDisable
 .text.SSIIntRegister
                0x00006354       0x3c ./Drivers/ssi.o
                0x00006354                SSIIntRegister
 .text.SSIIntUnregister
                0x00006390       0x38 ./Drivers/ssi.o
                0x00006390                SSIIntUnregister
 .text.SSIIntEnable
                0x000063c8       0x2c ./Drivers/ssi.o
                0x000063c8                SSIIntEnable
 .text.SSIIntDisable
                0x000063f4       0x30 ./Drivers/ssi.o
                0x000063f4                SSIIntDisable
 .text.SSIIntStatus
                0x00006424       0x30 ./Drivers/ssi.o
                0x00006424                SSIIntStatus
 .text.SSIIntClear
                0x00006454       0x20 ./Drivers/ssi.o
                0x00006454                SSIIntClear
 .text.SSIDataPut
                0x00006474       0x30 ./Drivers/ssi.o
                0x00006474                SSIDataPut
 .text.SSIDataPutNonBlocking
                0x000064a4       0x3c ./Drivers/ssi.o
                0x000064a4                SSIDataPutNonBlocking
 .text.SSIDataGet
                0x000064e0       0x30 ./Drivers/ssi.o
                0x000064e0                SSIDataGet
 .text.SSIDataGetNonBlocking
                0x00006510       0x3c ./Drivers/ssi.o
                0x00006510                SSIDataGetNonBlocking
 .text.SSIDMAEnable
                0x0000654c       0x2c ./Drivers/ssi.o
                0x0000654c                SSIDMAEnable
 .text.SSIDMADisable
                0x00006578       0x30 ./Drivers/ssi.o
                0x00006578                SSIDMADisable
 .text.SSIBusy  0x000065a8       0x28 ./Drivers/ssi.o
                0x000065a8                SSIBusy
 .text          0x000065d0        0x0 ./Drivers/sysctl.o
 .text.SysCtlSRAMSizeGet
                0x000065d0       0x28 ./Drivers/sysctl.o
                0x000065d0                SysCtlSRAMSizeGet
 .text.SysCtlFlashSizeGet
                0x000065f8       0x28 ./Drivers/sysctl.o
                0x000065f8                SysCtlFlashSizeGet
 .text.SysCtlPinPresent
                0x00006620       0x34 ./Drivers/sysctl.o
                0x00006620                SysCtlPinPresent
 .text.SysCtlPeripheralPresent
                0x00006654       0x80 ./Drivers/sysctl.o
                0x00006654                SysCtlPeripheralPresent
 .text.SysCtlPeripheralReset
                0x000066d4       0xb8 ./Drivers/sysctl.o
                0x000066d4                SysCtlPeripheralReset
 .text.SysCtlPeripheralEnable
                0x0000678c       0x58 ./Drivers/sysctl.o
                0x0000678c                SysCtlPeripheralEnable
 .text.SysCtlPeripheralDisable
                0x000067e4       0x5c ./Drivers/sysctl.o
                0x000067e4                SysCtlPeripheralDisable
 .text.SysCtlPeripheralSleepEnable
                0x00006840       0x58 ./Drivers/sysctl.o
                0x00006840                SysCtlPeripheralSleepEnable
 .text.SysCtlPeripheralSleepDisable
                0x00006898       0x5c ./Drivers/sysctl.o
                0x00006898                SysCtlPeripheralSleepDisable
 .text.SysCtlPeripheralDeepSleepEnable
                0x000068f4       0x58 ./Drivers/sysctl.o
                0x000068f4                SysCtlPeripheralDeepSleepEnable
 .text.SysCtlPeripheralDeepSleepDisable
                0x0000694c       0x5c ./Drivers/sysctl.o
                0x0000694c                SysCtlPeripheralDeepSleepDisable
 .text.SysCtlPeripheralClockGating
                0x000069a8       0x4c ./Drivers/sysctl.o
                0x000069a8                SysCtlPeripheralClockGating
 .text.SysCtlIntRegister
                0x000069f4       0x24 ./Drivers/sysctl.o
                0x000069f4                SysCtlIntRegister
 .text.SysCtlIntUnregister
                0x00006a18       0x18 ./Drivers/sysctl.o
                0x00006a18                SysCtlIntUnregister
 .text.SysCtlIntEnable
                0x00006a30       0x2c ./Drivers/sysctl.o
                0x00006a30                SysCtlIntEnable
 .text.SysCtlIntDisable
                0x00006a5c       0x30 ./Drivers/sysctl.o
                0x00006a5c                SysCtlIntDisable
 .text.SysCtlIntClear
                0x00006a8c       0x20 ./Drivers/sysctl.o
                0x00006a8c                SysCtlIntClear
 .text.SysCtlIntStatus
                0x00006aac       0x34 ./Drivers/sysctl.o
                0x00006aac                SysCtlIntStatus
 .text.SysCtlLDOSet
                0x00006ae0       0x20 ./Drivers/sysctl.o
                0x00006ae0                SysCtlLDOSet
 .text.SysCtlLDOGet
                0x00006b00       0x18 ./Drivers/sysctl.o
                0x00006b00                SysCtlLDOGet
 .text.SysCtlLDOConfigSet
                0x00006b18       0x20 ./Drivers/sysctl.o
                0x00006b18                SysCtlLDOConfigSet
 .text.SysCtlReset
                0x00006b38       0x18 ./Drivers/sysctl.o
                0x00006b38                SysCtlReset
 .text.SysCtlSleep
                0x00006b50        0xc ./Drivers/sysctl.o
                0x00006b50                SysCtlSleep
 .text.SysCtlDeepSleep
                0x00006b5c       0x3c ./Drivers/sysctl.o
                0x00006b5c                SysCtlDeepSleep
 .text.SysCtlResetCauseGet
                0x00006b98       0x18 ./Drivers/sysctl.o
                0x00006b98                SysCtlResetCauseGet
 .text.SysCtlResetCauseClear
                0x00006bb0       0x30 ./Drivers/sysctl.o
                0x00006bb0                SysCtlResetCauseClear
 .text.SysCtlBrownOutConfigSet
                0x00006be0       0x2c ./Drivers/sysctl.o
                0x00006be0                SysCtlBrownOutConfigSet
 .text.SysCtlDelay
                0x00006c0c        0x8 ./Drivers/sysctl.o
                0x00006c0c                SysCtlDelay
 .text.SysCtlClockSet
                0x00006c14      0x298 ./Drivers/sysctl.o
                0x00006c14                SysCtlClockSet
 .text.SysCtlClockGet
                0x00006eac      0x38c ./Drivers/sysctl.o
                0x00006eac                SysCtlClockGet
 .text.SysCtlPWMClockSet
                0x00007238       0x30 ./Drivers/sysctl.o
                0x00007238                SysCtlPWMClockSet
 .text.SysCtlPWMClockGet
                0x00007268       0x34 ./Drivers/sysctl.o
                0x00007268                SysCtlPWMClockGet
 .text.SysCtlADCSpeedSet
                0x0000729c       0x50 ./Drivers/sysctl.o
                0x0000729c                SysCtlADCSpeedSet
 .text.SysCtlADCSpeedGet
                0x000072ec       0x1c ./Drivers/sysctl.o
                0x000072ec                SysCtlADCSpeedGet
 .text.SysCtlIOSCVerificationSet
                0x00007308       0x4c ./Drivers/sysctl.o
                0x00007308                SysCtlIOSCVerificationSet
 .text.SysCtlMOSCVerificationSet
                0x00007354       0x4c ./Drivers/sysctl.o
                0x00007354                SysCtlMOSCVerificationSet
 .text.SysCtlPLLVerificationSet
                0x000073a0       0x4c ./Drivers/sysctl.o
                0x000073a0                SysCtlPLLVerificationSet
 .text.SysCtlClkVerificationClear
                0x000073ec       0x28 ./Drivers/sysctl.o
                0x000073ec                SysCtlClkVerificationClear
 .text.SysCtlGPIOAHBEnable
                0x00007414       0x34 ./Drivers/sysctl.o
                0x00007414                SysCtlGPIOAHBEnable
 .text.SysCtlGPIOAHBDisable
                0x00007448       0x38 ./Drivers/sysctl.o
                0x00007448                SysCtlGPIOAHBDisable
 .text.SysCtlUSBPLLEnable
                0x00007480       0x24 ./Drivers/sysctl.o
                0x00007480                SysCtlUSBPLLEnable
 .text.SysCtlUSBPLLDisable
                0x000074a4       0x24 ./Drivers/sysctl.o
                0x000074a4                SysCtlUSBPLLDisable
 .text.SysCtlI2SMClkSet
                0x000074c8      0x1cc ./Drivers/sysctl.o
                0x000074c8                SysCtlI2SMClkSet
 .text          0x00007694        0x0 ./Drivers/systick.o
 .text.SysTickEnable
                0x00007694       0x24 ./Drivers/systick.o
                0x00007694                SysTickEnable
 .text.SysTickDisable
                0x000076b8       0x24 ./Drivers/systick.o
                0x000076b8                SysTickDisable
 .text.SysTickIntRegister
                0x000076dc       0x34 ./Drivers/systick.o
                0x000076dc                SysTickIntRegister
 .text.SysTickIntUnregister
                0x00007710       0x28 ./Drivers/systick.o
                0x00007710                SysTickIntUnregister
 .text.SysTickIntEnable
                0x00007738       0x24 ./Drivers/systick.o
                0x00007738                SysTickIntEnable
 .text.SysTickIntDisable
                0x0000775c       0x24 ./Drivers/systick.o
                0x0000775c                SysTickIntDisable
 .text.SysTickPeriodSet
                0x00007780       0x24 ./Drivers/systick.o
                0x00007780                SysTickPeriodSet
 .text.SysTickPeriodGet
                0x000077a4       0x1c ./Drivers/systick.o
                0x000077a4                SysTickPeriodGet
 .text.SysTickValueGet
                0x000077c0       0x18 ./Drivers/systick.o
                0x000077c0                SysTickValueGet
 .text          0x000077d8        0x0 ./Drivers/timer.o
 .text.TimerEnable
                0x000077d8       0x38 ./Drivers/timer.o
                0x000077d8                TimerEnable
 .text.TimerDisable
                0x00007810       0x3c ./Drivers/timer.o
                0x00007810                TimerDisable
 .text.TimerConfigure
                0x0000784c       0x58 ./Drivers/timer.o
                0x0000784c                TimerConfigure
 .text.TimerControlLevel
                0x000078a4       0x5c ./Drivers/timer.o
                0x000078a4                TimerControlLevel
 .text.TimerControlTrigger
                0x00007900       0x5c ./Drivers/timer.o
                0x00007900                TimerControlTrigger
 .text.TimerControlEvent
                0x0000795c       0x4c ./Drivers/timer.o
                0x0000795c                TimerControlEvent
 .text.TimerControlStall
                0x000079a8       0x5c ./Drivers/timer.o
                0x000079a8                TimerControlStall
 .text.TimerControlWaitOnTrigger
                0x00007a04       0x8c ./Drivers/timer.o
                0x00007a04                TimerControlWaitOnTrigger
 .text.TimerRTCEnable
                0x00007a90       0x28 ./Drivers/timer.o
                0x00007a90                TimerRTCEnable
 .text.TimerRTCDisable
                0x00007ab8       0x28 ./Drivers/timer.o
                0x00007ab8                TimerRTCDisable
 .text.TimerPrescaleSet
                0x00007ae0       0x40 ./Drivers/timer.o
                0x00007ae0                TimerPrescaleSet
 .text.TimerPrescaleGet
                0x00007b20       0x30 ./Drivers/timer.o
                0x00007b20                TimerPrescaleGet
 .text.TimerPrescaleMatchSet
                0x00007b50       0x40 ./Drivers/timer.o
                0x00007b50                TimerPrescaleMatchSet
 .text.TimerPrescaleMatchGet
                0x00007b90       0x30 ./Drivers/timer.o
                0x00007b90                TimerPrescaleMatchGet
 .text.TimerLoadSet
                0x00007bc0       0x40 ./Drivers/timer.o
                0x00007bc0                TimerLoadSet
 .text.TimerLoadGet
                0x00007c00       0x30 ./Drivers/timer.o
                0x00007c00                TimerLoadGet
 .text.TimerValueGet
                0x00007c30       0x30 ./Drivers/timer.o
                0x00007c30                TimerValueGet
 .text.TimerMatchSet
                0x00007c60       0x40 ./Drivers/timer.o
                0x00007c60                TimerMatchSet
 .text.TimerMatchGet
                0x00007ca0       0x30 ./Drivers/timer.o
                0x00007ca0                TimerMatchGet
 .text.TimerIntRegister
                0x00007cd0       0x94 ./Drivers/timer.o
                0x00007cd0                TimerIntRegister
 .text.TimerIntUnregister
                0x00007d64       0x8c ./Drivers/timer.o
                0x00007d64                TimerIntUnregister
 .text.TimerIntEnable
                0x00007df0       0x2c ./Drivers/timer.o
                0x00007df0                TimerIntEnable
 .text.TimerIntDisable
                0x00007e1c       0x30 ./Drivers/timer.o
                0x00007e1c                TimerIntDisable
 .text.TimerIntStatus
                0x00007e4c       0x30 ./Drivers/timer.o
                0x00007e4c                TimerIntStatus
 .text.TimerIntClear
                0x00007e7c       0x20 ./Drivers/timer.o
                0x00007e7c                TimerIntClear
 .text.TimerQuiesce
                0x00007e9c       0xf0 ./Drivers/timer.o
                0x00007e9c                TimerQuiesce
 .text          0x00007f8c        0x0 ./Drivers/uart.o
 .text.UARTParityModeSet
                0x00007f8c       0x30 ./Drivers/uart.o
                0x00007f8c                UARTParityModeSet
 .text.UARTParityModeGet
                0x00007fbc       0x20 ./Drivers/uart.o
                0x00007fbc                UARTParityModeGet
 .text.UARTFIFOLevelSet
                0x00007fdc       0x28 ./Drivers/uart.o
                0x00007fdc                UARTFIFOLevelSet
 .text.UARTFIFOLevelGet
                0x00008004       0x34 ./Drivers/uart.o
                0x00008004                UARTFIFOLevelGet
 .text.UARTConfigSetExpClk
                0x00008038       0xa8 ./Drivers/uart.o
                0x00008038                UARTConfigSetExpClk
 .text.UARTConfigGetExpClk
                0x000080e0       0x70 ./Drivers/uart.o
                0x000080e0                UARTConfigGetExpClk
 .text.UARTEnable
                0x00008150       0x40 ./Drivers/uart.o
                0x00008150                UARTEnable
 .text.UARTDisable
                0x00008190       0x50 ./Drivers/uart.o
                0x00008190                UARTDisable
 .text.UARTFIFOEnable
                0x000081e0       0x28 ./Drivers/uart.o
                0x000081e0                UARTFIFOEnable
 .text.UARTFIFODisable
                0x00008208       0x28 ./Drivers/uart.o
                0x00008208                UARTFIFODisable
 .text.UARTEnableSIR
                0x00008230       0x48 ./Drivers/uart.o
                0x00008230                UARTEnableSIR
 .text.UARTDisableSIR
                0x00008278       0x28 ./Drivers/uart.o
                0x00008278                UARTDisableSIR
 .text.UARTSmartCardEnable
                0x000082a0       0x4c ./Drivers/uart.o
                0x000082a0                UARTSmartCardEnable
 .text.UARTSmartCardDisable
                0x000082ec       0x28 ./Drivers/uart.o
                0x000082ec                UARTSmartCardDisable
 .text.UARTModemControlSet
                0x00008314       0x38 ./Drivers/uart.o
                0x00008314                UARTModemControlSet
 .text.UARTModemControlClear
                0x0000834c       0x3c ./Drivers/uart.o
                0x0000834c                UARTModemControlClear
 .text.UARTModemControlGet
                0x00008388       0x20 ./Drivers/uart.o
                0x00008388                UARTModemControlGet
 .text.UARTModemStatusGet
                0x000083a8       0x28 ./Drivers/uart.o
                0x000083a8                UARTModemStatusGet
 .text.UARTFlowControlSet
                0x000083d0       0x30 ./Drivers/uart.o
                0x000083d0                UARTFlowControlSet
 .text.UARTFlowControlGet
                0x00008400       0x20 ./Drivers/uart.o
                0x00008400                UARTFlowControlGet
 .text.UARTTxIntModeSet
                0x00008420       0x30 ./Drivers/uart.o
                0x00008420                UARTTxIntModeSet
 .text.UARTTxIntModeGet
                0x00008450       0x20 ./Drivers/uart.o
                0x00008450                UARTTxIntModeGet
 .text.UARTCharsAvail
                0x00008470       0x28 ./Drivers/uart.o
                0x00008470                UARTCharsAvail
 .text.UARTSpaceAvail
                0x00008498       0x28 ./Drivers/uart.o
                0x00008498                UARTSpaceAvail
 .text.UARTCharGetNonBlocking
                0x000084c0       0x30 ./Drivers/uart.o
                0x000084c0                UARTCharGetNonBlocking
 .text.UARTCharGet
                0x000084f0       0x28 ./Drivers/uart.o
                0x000084f0                UARTCharGet
 .text.UARTCharPutNonBlocking
                0x00008518       0x38 ./Drivers/uart.o
                0x00008518                UARTCharPutNonBlocking
 .text.UARTCharPut
                0x00008550       0x2c ./Drivers/uart.o
                0x00008550                UARTCharPut
 .text.UARTBreakCtl
                0x0000857c       0x40 ./Drivers/uart.o
                0x0000857c                UARTBreakCtl
 .text.UARTBusy
                0x000085bc       0x28 ./Drivers/uart.o
                0x000085bc                UARTBusy
 .text.UARTIntRegister
                0x000085e4       0x50 ./Drivers/uart.o
                0x000085e4                UARTIntRegister
 .text.UARTIntUnregister
                0x00008634       0x4c ./Drivers/uart.o
                0x00008634                UARTIntUnregister
 .text.UARTIntEnable
                0x00008680       0x2c ./Drivers/uart.o
                0x00008680                UARTIntEnable
 .text.UARTIntDisable
                0x000086ac       0x30 ./Drivers/uart.o
                0x000086ac                UARTIntDisable
 .text.UARTIntStatus
                0x000086dc       0x30 ./Drivers/uart.o
                0x000086dc                UARTIntStatus
 .text.UARTIntClear
                0x0000870c       0x20 ./Drivers/uart.o
                0x0000870c                UARTIntClear
 .text.UARTDMAEnable
                0x0000872c       0x2c ./Drivers/uart.o
                0x0000872c                UARTDMAEnable
 .text.UARTDMADisable
                0x00008758       0x30 ./Drivers/uart.o
                0x00008758                UARTDMADisable
 .text.UARTRxErrorGet
                0x00008788       0x20 ./Drivers/uart.o
                0x00008788                UARTRxErrorGet
 .text.UARTRxErrorClear
                0x000087a8       0x20 ./Drivers/uart.o
                0x000087a8                UARTRxErrorClear
 .text          0x000087c8        0x0 ./Drivers/udma.o
 .text.uDMAEnable
                0x000087c8       0x18 ./Drivers/udma.o
                0x000087c8                uDMAEnable
 .text.uDMADisable
                0x000087e0       0x18 ./Drivers/udma.o
                0x000087e0                uDMADisable
 .text.uDMAErrorStatusGet
                0x000087f8       0x18 ./Drivers/udma.o
                0x000087f8                uDMAErrorStatusGet
 .text.uDMAErrorStatusClear
                0x00008810       0x18 ./Drivers/udma.o
                0x00008810                uDMAErrorStatusClear
 .text.uDMAChannelEnable
                0x00008828       0x28 ./Drivers/udma.o
                0x00008828                uDMAChannelEnable
 .text.uDMAChannelDisable
                0x00008850       0x28 ./Drivers/udma.o
                0x00008850                uDMAChannelDisable
 .text.uDMAChannelIsEnabled
                0x00008878       0x34 ./Drivers/udma.o
                0x00008878                uDMAChannelIsEnabled
 .text.uDMAControlBaseSet
                0x000088ac       0x20 ./Drivers/udma.o
                0x000088ac                uDMAControlBaseSet
 .text.uDMAControlBaseGet
                0x000088cc       0x18 ./Drivers/udma.o
                0x000088cc                uDMAControlBaseGet
 .text.uDMAChannelRequest
                0x000088e4       0x28 ./Drivers/udma.o
                0x000088e4                uDMAChannelRequest
 .text.uDMAChannelAttributeEnable
                0x0000890c       0x90 ./Drivers/udma.o
                0x0000890c                uDMAChannelAttributeEnable
 .text.uDMAChannelAttributeDisable
                0x0000899c       0x90 ./Drivers/udma.o
                0x0000899c                uDMAChannelAttributeDisable
 .text.uDMAChannelAttributeGet
                0x00008a2c       0xac ./Drivers/udma.o
                0x00008a2c                uDMAChannelAttributeGet
 .text.uDMAChannelControlSet
                0x00008ad8       0x4c ./Drivers/udma.o
                0x00008ad8                uDMAChannelControlSet
 .text.uDMAChannelTransferSet
                0x00008b24       0xe8 ./Drivers/udma.o
                0x00008b24                uDMAChannelTransferSet
 .text.uDMAChannelSizeGet
                0x00008c0c       0x50 ./Drivers/udma.o
                0x00008c0c                uDMAChannelSizeGet
 .text.uDMAChannelModeGet
                0x00008c5c       0x50 ./Drivers/udma.o
                0x00008c5c                uDMAChannelModeGet
 .text.uDMAChannelSelectSecondary
                0x00008cac       0x2c ./Drivers/udma.o
                0x00008cac                uDMAChannelSelectSecondary
 .text.uDMAChannelSelectDefault
                0x00008cd8       0x30 ./Drivers/udma.o
                0x00008cd8                uDMAChannelSelectDefault
 .text.uDMAIntRegister
                0x00008d08       0x20 ./Drivers/udma.o
                0x00008d08                uDMAIntRegister
 .text.uDMAIntUnregister
                0x00008d28       0x1c ./Drivers/udma.o
                0x00008d28                uDMAIntUnregister
 .text          0x00008d44        0x0 ./Drivers/usb.o
 .text.USBIndexWrite
                0x00008d44       0x5c ./Drivers/usb.o
 .text.USBIndexRead
                0x00008da0       0x5c ./Drivers/usb.o
 .text.USBHostSuspend
                0x00008dfc       0x2c ./Drivers/usb.o
                0x00008dfc                USBHostSuspend
 .text.USBHostReset
                0x00008e28       0x50 ./Drivers/usb.o
                0x00008e28                USBHostReset
 .text.USBHostResume
                0x00008e78       0x50 ./Drivers/usb.o
                0x00008e78                USBHostResume
 .text.USBHostSpeedGet
                0x00008ec8       0x48 ./Drivers/usb.o
                0x00008ec8                USBHostSpeedGet
 .text.USBIntStatus
                0x00008f10       0xc4 ./Drivers/usb.o
                0x00008f10                USBIntStatus
 .text.USBIntDisable
                0x00008fd4       0xd8 ./Drivers/usb.o
                0x00008fd4                USBIntDisable
 .text.USBIntEnable
                0x000090ac       0xc8 ./Drivers/usb.o
                0x000090ac                USBIntEnable
 .text.USBIntDisableControl
                0x00009174       0x70 ./Drivers/usb.o
                0x00009174                USBIntDisableControl
 .text.USBIntEnableControl
                0x000091e4       0x68 ./Drivers/usb.o
                0x000091e4                USBIntEnableControl
 .text.USBIntStatusControl
                0x0000924c       0x98 ./Drivers/usb.o
                0x0000924c                USBIntStatusControl
 .text.USBIntDisableEndpoint
                0x000092e4       0x68 ./Drivers/usb.o
                0x000092e4                USBIntDisableEndpoint
 .text.USBIntEnableEndpoint
                0x0000934c       0x5c ./Drivers/usb.o
                0x0000934c                USBIntEnableEndpoint
 .text.USBIntStatusEndpoint
                0x000093a8       0x38 ./Drivers/usb.o
                0x000093a8                USBIntStatusEndpoint
 .text.USBIntRegister
                0x000093e0       0x24 ./Drivers/usb.o
                0x000093e0                USBIntRegister
 .text.USBIntUnregister
                0x00009404       0x20 ./Drivers/usb.o
                0x00009404                USBIntUnregister
 .text.USBEndpointStatus
                0x00009424       0x44 ./Drivers/usb.o
                0x00009424                USBEndpointStatus
 .text.USBHostEndpointStatusClear
                0x00009468       0x98 ./Drivers/usb.o
                0x00009468                USBHostEndpointStatusClear
 .text.USBDevEndpointStatusClear
                0x00009500       0xf4 ./Drivers/usb.o
                0x00009500                USBDevEndpointStatusClear
 .text.USBHostEndpointDataToggle
                0x000095f4       0xfc ./Drivers/usb.o
                0x000095f4                USBHostEndpointDataToggle
 .text.USBEndpointDataToggleClear
                0x000096f0       0x68 ./Drivers/usb.o
                0x000096f0                USBEndpointDataToggleClear
 .text.USBDevEndpointStall
                0x00009758       0x80 ./Drivers/usb.o
                0x00009758                USBDevEndpointStall
 .text.USBDevEndpointStallClear
                0x000097d8       0xc0 ./Drivers/usb.o
                0x000097d8                USBDevEndpointStallClear
 .text.USBDevConnect
                0x00009898       0x2c ./Drivers/usb.o
                0x00009898                USBDevConnect
 .text.USBDevDisconnect
                0x000098c4       0x2c ./Drivers/usb.o
                0x000098c4                USBDevDisconnect
 .text.USBDevAddrSet
                0x000098f0       0x1c ./Drivers/usb.o
                0x000098f0                USBDevAddrSet
 .text.USBDevAddrGet
                0x0000990c       0x1c ./Drivers/usb.o
                0x0000990c                USBDevAddrGet
 .text.USBHostEndpointConfig
                0x00009928      0x1c0 ./Drivers/usb.o
                0x00009928                USBHostEndpointConfig
 .text.USBDevEndpointConfigSet
                0x00009ae8      0x12c ./Drivers/usb.o
                0x00009ae8                USBDevEndpointConfigSet
 .text.USBDevEndpointConfigGet
                0x00009c14      0x150 ./Drivers/usb.o
                0x00009c14                USBDevEndpointConfigGet
 .text.USBFIFOConfigSet
                0x00009d64       0x94 ./Drivers/usb.o
                0x00009d64                USBFIFOConfigSet
 .text.USBFIFOConfigGet
                0x00009df8       0x9c ./Drivers/usb.o
                0x00009df8                USBFIFOConfigGet
 .text.USBEndpointDMAEnable
                0x00009e94       0x80 ./Drivers/usb.o
                0x00009e94                USBEndpointDMAEnable
 .text.USBEndpointDMADisable
                0x00009f14       0x7c ./Drivers/usb.o
                0x00009f14                USBEndpointDMADisable
 .text.USBEndpointDataAvail
                0x00009f90       0x54 ./Drivers/usb.o
                0x00009f90                USBEndpointDataAvail
 .text.USBEndpointDataGet
                0x00009fe4       0xac ./Drivers/usb.o
                0x00009fe4                USBEndpointDataGet
 .text.USBDevEndpointDataAck
                0x0000a090       0x5c ./Drivers/usb.o
                0x0000a090                USBDevEndpointDataAck
 .text.USBHostEndpointDataAck
                0x0000a0ec       0x54 ./Drivers/usb.o
                0x0000a0ec                USBHostEndpointDataAck
 .text.USBEndpointDataPut
                0x0000a140       0x84 ./Drivers/usb.o
                0x0000a140                USBEndpointDataPut
 .text.USBEndpointDataSend
                0x0000a1c4       0x64 ./Drivers/usb.o
                0x0000a1c4                USBEndpointDataSend
 .text.USBFIFOFlush
                0x0000a228       0xc4 ./Drivers/usb.o
                0x0000a228                USBFIFOFlush
 .text.USBHostRequestIN
                0x0000a2ec       0x38 ./Drivers/usb.o
                0x0000a2ec                USBHostRequestIN
 .text.USBHostRequestStatus
                0x0000a324       0x20 ./Drivers/usb.o
                0x0000a324                USBHostRequestStatus
 .text.USBHostAddrSet
                0x0000a344       0x4c ./Drivers/usb.o
                0x0000a344                USBHostAddrSet
 .text.USBHostAddrGet
                0x0000a390       0x48 ./Drivers/usb.o
                0x0000a390                USBHostAddrGet
 .text.USBHostHubAddrSet
                0x0000a3d8       0x4c ./Drivers/usb.o
                0x0000a3d8                USBHostHubAddrSet
 .text.USBHostHubAddrGet
                0x0000a424       0x48 ./Drivers/usb.o
                0x0000a424                USBHostHubAddrGet
 .text.USBHostPwrConfig
                0x0000a46c       0x50 ./Drivers/usb.o
                0x0000a46c                USBHostPwrConfig
 .text.USBHostPwrFaultEnable
                0x0000a4bc       0x2c ./Drivers/usb.o
                0x0000a4bc                USBHostPwrFaultEnable
 .text.USBHostPwrFaultDisable
                0x0000a4e8       0x38 ./Drivers/usb.o
                0x0000a4e8                USBHostPwrFaultDisable
 .text.USBHostPwrEnable
                0x0000a520       0x2c ./Drivers/usb.o
                0x0000a520                USBHostPwrEnable
 .text.USBHostPwrDisable
                0x0000a54c       0x38 ./Drivers/usb.o
                0x0000a54c                USBHostPwrDisable
 .text.USBFrameNumberGet
                0x0000a584       0x20 ./Drivers/usb.o
                0x0000a584                USBFrameNumberGet
 .text.USBOTGSessionRequest
                0x0000a5a4       0x50 ./Drivers/usb.o
                0x0000a5a4                USBOTGSessionRequest
 .text.USBFIFOAddrGet
                0x0000a5f4       0x24 ./Drivers/usb.o
[...]
 .debug_pubnames
                0x00003e2c       0x64 ../../../Source/portable/MemMang/heap_2.o
 .debug_pubnames
                0x00003e90       0x3e startup.o

.debug_aranges  0x00000000     0x1b98
 .debug_aranges
                0x00000000      0x110 ./Drivers/adc.o
 .debug_aranges
                0x00000110       0xd8 ./Drivers/can.o
 .debug_aranges
                0x000001e8       0x60 ./Drivers/comp.o
 .debug_aranges
                0x00000248       0x30 ./Drivers/cpu.o
 .debug_aranges
                0x00000278       0xd0 ./Drivers/epi.o
 .debug_aranges
                0x00000348       0xd0 ./Drivers/ethernet.o
 .debug_aranges
                0x00000418       0x98 ./Drivers/flash.o
 .debug_aranges
                0x000004b0      0x138 ./Drivers/gpio.o
 .debug_aranges
                0x000005e8       0xf8 ./Drivers/hibernate.o
 .debug_aranges
                0x000006e0      0x108 ./Drivers/i2c.o
 .debug_aranges
                0x000007e8       0xe8 ./Drivers/i2s.o
 .debug_aranges
                0x000008d0       0x80 ./Drivers/interrupt.o
 .debug_aranges
                0x00000950       0x60 ./Drivers/mpu.o
 .debug_aranges
                0x000009b0      0x120 ./Drivers/pwm.o
 .debug_aranges
                0x00000ad0       0xa0 ./Drivers/qei.o
 .debug_aranges
                0x00000b70       0x98 ./Drivers/ssi.o
 .debug_aranges
                0x00000c08      0x170 ./Drivers/sysctl.o
 .debug_aranges
                0x00000d78       0x60 ./Drivers/systick.o
 .debug_aranges
                0x00000dd8       0xe8 ./Drivers/timer.o
 .debug_aranges
                0x00000ec0      0x158 ./Drivers/uart.o
 .debug_aranges
                0x00001018       0xc0 ./Drivers/udma.o
 .debug_aranges
                0x000010d8      0x1f0 ./Drivers/usb.o
 .debug_aranges
                0x000012c8       0xa0 ./Drivers/watchdog.o
 .debug_aranges
                0x00001368       0x28 ./API/led.o
 .debug_aranges
                0x00001390       0x58 ./API/comport.o
 .debug_aranges
                0x000013e8       0x48 ./API/buttons.o
 .debug_aranges
                0x00001430       0x30 ./API/ustdlib.o
 .debug_aranges
                0x00001460       0x50 ./API/emac.o
 .debug_aranges
                0x000014b0       0x68 ./OLEDDisplay/rit128x96x4.o
 .debug_aranges
                0x00001518       0x68 ./OLEDDisplay/osram128x64x4.o
 .debug_aranges
                0x00001580       0x98 ./OLEDDisplay/formike128x128x16.o
 .debug_aranges
                0x00001618       0x48 ./uip/uip_arp.o
 .debug_aranges
                0x00001660       0x78 ./uip/psock.o
 .debug_aranges
                0x000016d8       0x38 ./uip/uip_timer.o
 .debug_aranges
                0x00001710       0x98 ./uip/uip.o
 .debug_aranges
                0x000017a8       0x30 ./ethernet/hello-world.o
 .debug_aranges
                0x000017d8       0x48 ./ethernet/uIP_Task.o
 .debug_aranges
                0x00001820       0x50 main.o
 .debug_aranges
                0x00001870       0x40 ../../../Source/list.o
 .debug_aranges
                0x000018b0       0xb8 ../../../Source/queue.o
 .debug_aranges
                0x00001968      0x148 ../../../Source/tasks.o
 .debug_aranges
                0x00001ab0       0x70 ../../../Source/portable/GCC/ARM_CM3/port.o
 .debug_aranges
                0x00001b20       0x38 ../../../Source/portable/MemMang/heap_2.o
 .debug_aranges
                0x00001b58       0x40 startup.o

.debug_ranges   0x00000000     0x1a38
 .debug_ranges  0x00000000      0x108 ./Drivers/adc.o
 .debug_ranges  0x00000108       0xd0 ./Drivers/can.o
 .debug_ranges  0x000001d8       0x58 ./Drivers/comp.o
 .debug_ranges  0x00000230       0x28 ./Drivers/cpu.o
 .debug_ranges  0x00000258       0xc8 ./Drivers/epi.o
 .debug_ranges  0x00000320       0xc8 ./Drivers/ethernet.o
 .debug_ranges  0x000003e8       0x90 ./Drivers/flash.o
 .debug_ranges  0x00000478      0x130 ./Drivers/gpio.o
 .debug_ranges  0x000005a8       0xf0 ./Drivers/hibernate.o
 .debug_ranges  0x00000698      0x100 ./Drivers/i2c.o
 .debug_ranges  0x00000798       0xe0 ./Drivers/i2s.o
 .debug_ranges  0x00000878       0x78 ./Drivers/interrupt.o
 .debug_ranges  0x000008f0       0x58 ./Drivers/mpu.o
 .debug_ranges  0x00000948      0x118 ./Drivers/pwm.o
 .debug_ranges  0x00000a60       0x98 ./Drivers/qei.o
 .debug_ranges  0x00000af8       0x90 ./Drivers/ssi.o
 .debug_ranges  0x00000b88      0x168 ./Drivers/sysctl.o
 .debug_ranges  0x00000cf0       0x58 ./Drivers/systick.o
 .debug_ranges  0x00000d48       0xe0 ./Drivers/timer.o
 .debug_ranges  0x00000e28      0x150 ./Drivers/uart.o
 .debug_ranges  0x00000f78       0xb8 ./Drivers/udma.o
 .debug_ranges  0x00001030      0x1e8 ./Drivers/usb.o
 .debug_ranges  0x00001218       0x98 ./Drivers/watchdog.o
 .debug_ranges  0x000012b0       0x20 ./API/led.o
 .debug_ranges  0x000012d0       0x50 ./API/comport.o
 .debug_ranges  0x00001320       0x40 ./API/buttons.o
 .debug_ranges  0x00001360       0x28 ./API/ustdlib.o
 .debug_ranges  0x00001388       0x48 ./API/emac.o
 .debug_ranges  0x000013d0       0x60 ./OLEDDisplay/rit128x96x4.o
 .debug_ranges  0x00001430       0x60 ./OLEDDisplay/osram128x64x4.o
 .debug_ranges  0x00001490       0x90 ./OLEDDisplay/formike128x128x16.o
 .debug_ranges  0x00001520       0x40 ./uip/uip_arp.o
 .debug_ranges  0x00001560       0x70 ./uip/psock.o
 .debug_ranges  0x000015d0       0x30 ./uip/uip_timer.o
 .debug_ranges  0x00001600       0x90 ./uip/uip.o
 .debug_ranges  0x00001690       0x28 ./ethernet/hello-world.o
 .debug_ranges  0x000016b8       0x40 ./ethernet/uIP_Task.o
 .debug_ranges  0x000016f8       0x48 main.o
 .debug_ranges  0x00001740       0x38 ../../../Source/list.o
 .debug_ranges  0x00001778       0xb0 ../../../Source/queue.o
 .debug_ranges  0x00001828      0x140 ../../../Source/tasks.o
 .debug_ranges  0x00001968       0x68 ../../../Source/portable/GCC/ARM_CM3/port.o
 .debug_ranges  0x000019d0       0x30 ../../../Source/portable/MemMang/heap_2.o
 .debug_ranges  0x00001a00       0x38 startup.o

.debug_str      0x00000000     0x575d
 .debug_str     0x00000000      0x3dd ./Drivers/adc.o
                                0x40c (size before relaxing)
 .debug_str     0x000003dd      0x494 ./Drivers/can.o
                                0x568 (size before relaxing)
 .debug_str     0x00000871       0x61 ./Drivers/comp.o
                                0x17d (size before relaxing)
 .debug_str     0x000008d2       0x2d ./Drivers/cpu.o
                                 0x9e (size before relaxing)
 .debug_str     0x000008ff      0x249 ./Drivers/epi.o
                                0x31a (size before relaxing)
 .debug_str     0x00000b48      0x222 ./Drivers/ethernet.o
                                0x2ff (size before relaxing)
 .debug_str     0x00000d6a      0x1bb ./Drivers/flash.o
                                0x293 (size before relaxing)
 .debug_str     0x00000f25      0x35c ./Drivers/gpio.o
                                0x424 (size before relaxing)
 .debug_str     0x00001281      0x291 ./Drivers/hibernate.o
                                0x354 (size before relaxing)
 .debug_str     0x00001512      0x257 ./Drivers/i2c.o
                                0x319 (size before relaxing)
 .debug_str     0x00001769      0x1bc ./Drivers/i2s.o
                                0x28a (size before relaxing)
 .debug_str     0x00001925       0xf8 ./Drivers/interrupt.o
                                0x1d8 (size before relaxing)
 .debug_str     0x00001a1d       0xb6 ./Drivers/mpu.o
                                0x14f (size before relaxing)
 .debug_str     0x00001ad3      0x32e ./Drivers/pwm.o
                                0x3f5 (size before relaxing)
 .debug_str     0x00001e01      0x129 ./Drivers/qei.o
                                0x1f7 (size before relaxing)
 .debug_str     0x00001f2a      0x140 ./Drivers/ssi.o
                                0x225 (size before relaxing)
 .debug_str     0x0000206a      0x448 ./Drivers/sysctl.o
                                0x503 (size before relaxing)
 .debug_str     0x000024b2       0xac ./Drivers/systick.o
                                0x13f (size before relaxing)
 .debug_str     0x0000255e      0x1d7 ./Drivers/timer.o
                                0x2a5 (size before relaxing)
 .debug_str     0x00002735      0x30b ./Drivers/uart.o
                                0x411 (size before relaxing)
 .debug_str     0x00002a40      0x256 ./Drivers/udma.o
                                0x30b (size before relaxing)
 .debug_str     0x00002c96      0x542 ./Drivers/usb.o
                                0x665 (size before relaxing)
 .debug_str     0x000031d8      0x150 ./Drivers/watchdog.o
                                0x1f2 (size before relaxing)
 .debug_str     0x00003328       0x1a ./API/led.o
                                 0xa3 (size before relaxing)
 .debug_str     0x00003342      0x279 ./API/comport.o
                                0x342 (size before relaxing)
 .debug_str     0x000035bb      0x16b ./API/buttons.o
                                0x247 (size before relaxing)
 .debug_str     0x00003726       0x8c ./API/ustdlib.o
                                0x1a9 (size before relaxing)
 .debug_str     0x000037b2      0x11e ./API/emac.o
                                0x261 (size before relaxing)
 .debug_str     0x000038d0      0x1bf ./OLEDDisplay/rit128x96x4.o
                                0x290 (size before relaxing)
 .debug_str     0x00003a8f      0x13a ./OLEDDisplay/osram128x64x4.o
                                0x280 (size before relaxing)
 .debug_str     0x00003bc9      0x327 ./OLEDDisplay/formike128x128x16.o
                                0x48b (size before relaxing)
 .debug_str     0x00003ef0      0x1c8 ./uip/uip_arp.o
                                0x2e4 (size before relaxing)
 .debug_str     0x000040b8      0x1b4 ./uip/psock.o
                                0x30a (size before relaxing)
 .debug_str     0x0000426c       0x58 ./uip/uip_timer.o
                                 0xeb (size before relaxing)
 .debug_str     0x000042c4      0x2db ./uip/uip.o
                                0x5d0 (size before relaxing)
 .debug_str     0x0000459f       0x4e ./ethernet/hello-world.o
                                0x26c (size before relaxing)
 .debug_str     0x000045ed       0xcd ./ethernet/uIP_Task.o
                                0x3c0 (size before relaxing)
 .debug_str     0x000046ba      0x135 main.o
                                0x278 (size before relaxing)
 .debug_str     0x000047ef      0x135 ../../../Source/list.o
                                0x230 (size before relaxing)
 .debug_str     0x00004924      0x3ad ../../../Source/queue.o
                                0x57a (size before relaxing)
 .debug_str     0x00004cd1      0x78e ../../../Source/tasks.o
                                0x9a0 (size before relaxing)
 .debug_str     0x0000545f      0x133 ../../../Source/portable/GCC/ARM_CM3/port.o
                                0x1ff (size before relaxing)
 .debug_str     0x00005592      0x161 ../../../Source/portable/MemMang/heap_2.o
                                0x25b (size before relaxing)
 .debug_str     0x000056f3       0x6a startup.o
                                 0xf8 (size before relaxing)

.comment        0x00000000      0x804
 .comment       0x00000000       0x2a ./Drivers/adc.o
 .comment       0x0000002a       0x2a ./Drivers/can.o
 .comment       0x00000054       0x2a ./Drivers/comp.o
 .comment       0x0000007e       0x2a ./Drivers/cpu.o
 .comment       0x000000a8       0x2a ./Drivers/epi.o
 .comment       0x000000d2       0x2a ./Drivers/ethernet.o
 .comment       0x000000fc       0x2a ./Drivers/flash.o
 .comment       0x00000126       0x2a ./Drivers/gpio.o
 .comment       0x00000150       0x2a ./Drivers/hibernate.o
 .comment       0x0000017a       0x2a ./Drivers/i2c.o
 .comment       0x000001a4       0x2a ./Drivers/i2s.o
 .comment       0x000001ce       0x2a ./Drivers/interrupt.o
 .comment       0x000001f8       0x2a ./Drivers/mpu.o
 .comment       0x00000222       0x2a ./Drivers/pwm.o
 .comment       0x0000024c       0x2a ./Drivers/qei.o
 .comment       0x00000276       0x2a ./Drivers/ssi.o
 .comment       0x000002a0       0x2a ./Drivers/sysctl.o
 .comment       0x000002ca       0x2a ./Drivers/systick.o
 .comment       0x000002f4       0x2a ./Drivers/timer.o
 .comment       0x0000031e       0x2a ./Drivers/uart.o
 .comment       0x00000348       0x2a ./Drivers/udma.o
 .comment       0x00000372       0x2a ./Drivers/usb.o
 .comment       0x0000039c       0x2a ./Drivers/watchdog.o
 .comment       0x000003c6       0x2a ./API/led.o
 .comment       0x000003f0       0x2a ./API/comport.o
 .comment       0x0000041a       0x2a ./API/buttons.o
 .comment       0x00000444       0x2a ./API/ustdlib.o
 .comment       0x0000046e       0x2a ./API/emac.o
 .comment       0x00000498       0x2a ./OLEDDisplay/rit128x96x4.o
 .comment       0x000004c2       0x2a ./OLEDDisplay/osram128x64x4.o
 .comment       0x000004ec       0x2a ./OLEDDisplay/formike128x128x16.o
 .comment       0x00000516       0x2a ./uip/uip_arp.o
 .comment       0x00000540       0x2a ./uip/psock.o
 .comment       0x0000056a       0x2a ./uip/uip_timer.o
 .comment       0x00000594       0x2a ./uip/uip.o
 .comment       0x000005be       0x2a ./ethernet/hello-world.o
 .comment       0x000005e8       0x2a ./ethernet/uIP_Task.o
 .comment       0x00000612       0x2a main.o
 .comment       0x0000063c       0x2a ../../../Source/list.o
 .comment       0x00000666       0x2a ../../../Source/queue.o
 .comment       0x00000690       0x2a ../../../Source/tasks.o
 .comment       0x000006ba       0x2a ../../../Source/portable/GCC/ARM_CM3/port.o
 .comment       0x000006e4       0x2a ../../../Source/portable/MemMang/heap_2.o
 .comment       0x0000070e       0x2a startup.o
 .comment       0x00000738       0x22 ./Drivers/grlib.a(context.o)
 .comment       0x0000075a       0x22 ./Drivers/grlib.a(fontcmss12.o)
 .comment       0x0000077c       0x22 ./Drivers/grlib.a(image.o)
 .comment       0x0000079e       0x22 ./Drivers/grlib.a(rectangle.o)
 .comment       0x000007c0       0x22 ./Drivers/grlib.a(string.o)
 .comment       0x000007e2       0x22 ./Drivers/grlib.a(line.o)

.ARM.attributes
                0x00000000       0x31
 .ARM.attributes
                0x00000000       0x31 ./Drivers/adc.o
 .ARM.attributes
                0x00000031       0x31 ./Drivers/can.o
 .ARM.attributes
                0x00000062       0x31 ./Drivers/comp.o
 .ARM.attributes
                0x00000093       0x31 ./Drivers/cpu.o
 .ARM.attributes
                0x000000c4       0x31 ./Drivers/epi.o
 .ARM.attributes
                0x000000f5       0x31 ./Drivers/ethernet.o
 .ARM.attributes
                0x00000126       0x31 ./Drivers/flash.o
 .ARM.attributes
                0x00000157       0x31 ./Drivers/gpio.o
 .ARM.attributes
                0x00000188       0x31 ./Drivers/hibernate.o
 .ARM.attributes
                0x000001b9       0x31 ./Drivers/i2c.o
 .ARM.attributes
                0x000001ea       0x31 ./Drivers/i2s.o
 .ARM.attributes
                0x0000021b       0x31 ./Drivers/interrupt.o
 .ARM.attributes
                0x0000024c       0x31 ./Drivers/mpu.o
 .ARM.attributes
                0x0000027d       0x31 ./Drivers/pwm.o
 .ARM.attributes
                0x000002ae       0x31 ./Drivers/qei.o
 .ARM.attributes
                0x000002df       0x31 ./Drivers/ssi.o
 .ARM.attributes
                0x00000310       0x31 ./Drivers/sysctl.o
 .ARM.attributes
                0x00000341       0x31 ./Drivers/systick.o
 .ARM.attributes
                0x00000372       0x31 ./Drivers/timer.o
 .ARM.attributes
                0x000003a3       0x31 ./Drivers/uart.o
 .ARM.attributes
                0x000003d4       0x31 ./Drivers/udma.o
 .ARM.attributes
                0x00000405       0x31 ./Drivers/usb.o
 .ARM.attributes
                0x00000436       0x31 ./Drivers/watchdog.o
 .ARM.attributes
                0x00000467       0x31 ./API/led.o
 .ARM.attributes
                0x00000498       0x31 ./API/comport.o
 .ARM.attributes
                0x000004c9       0x31 ./API/buttons.o
 .ARM.attributes
                0x000004fa       0x31 ./API/ustdlib.o
 .ARM.attributes
                0x0000052b       0x31 ./API/emac.o
 .ARM.attributes
                0x0000055c       0x31 ./OLEDDisplay/rit128x96x4.o
 .ARM.attributes
                0x0000058d       0x31 ./OLEDDisplay/osram128x64x4.o
 .ARM.attributes
                0x000005be       0x31 ./OLEDDisplay/formike128x128x16.o
 .ARM.attributes
                0x000005ef       0x31 ./uip/uip_arp.o
 .ARM.attributes
                0x00000620       0x31 ./uip/psock.o
 .ARM.attributes
                0x00000651       0x31 ./uip/uip_timer.o
 .ARM.attributes
                0x00000682       0x31 ./uip/uip.o
 .ARM.attributes
                0x000006b3       0x31 ./ethernet/hello-world.o
 .ARM.attributes
                0x000006e4       0x31 ./ethernet/uIP_Task.o
 .ARM.attributes
                0x00000715       0x31 main.o
 .ARM.attributes
                0x00000746       0x31 ../../../Source/list.o
 .ARM.attributes
                0x00000777       0x31 ../../../Source/queue.o
 .ARM.attributes
                0x000007a8       0x31 ../../../Source/tasks.o
 .ARM.attributes
                0x000007d9       0x31 ../../../Source/portable/GCC/ARM_CM3/port.o
 .ARM.attributes
                0x0000080a       0x31 ../../../Source/portable/MemMang/heap_2.o
 .ARM.attributes
                0x0000083b       0x31 startup.o
 .ARM.attributes
                0x0000086c       0x31 ./Drivers/grlib.a(context.o)
 .ARM.attributes
                0x0000089d       0x2f ./Drivers/grlib.a(fontcmss12.o)
 .ARM.attributes
                0x000008cc       0x31 ./Drivers/grlib.a(image.o)
 .ARM.attributes
                0x000008fd       0x31 ./Drivers/grlib.a(rectangle.o)
 .ARM.attributes
                0x0000092e       0x31 ./Drivers/grlib.a(string.o)
 .ARM.attributes
                0x0000095f       0x31 ./Drivers/grlib.a(line.o)
 .ARM.attributes
                0x00000990       0x27 c:/programme/codesourcery/sourcery g++ lite/bin/../lib/gcc/arm-none-eabi/4.4.1/../../../../arm-none-eabi/lib/thumb2\libc.a(lib_a-memcmp.o)
 .ARM.attributes
                0x000009b7       0x27 c:/programme/codesourcery/sourcery g++ lite/bin/../lib/gcc/arm-none-eabi/4.4.1/../../../../arm-none-eabi/lib/thumb2\libc.a(lib_a-memcpy.o)
 .ARM.attributes
                0x000009de       0x27 c:/programme/codesourcery/sourcery g++ lite/bin/../lib/gcc/arm-none-eabi/4.4.1/../../../../arm-none-eabi/lib/thumb2\libc.a(lib_a-memset.o)
 .ARM.attributes
                0x00000a05       0x27 c:/programme/codesourcery/sourcery g++ lite/bin/../lib/gcc/arm-none-eabi/4.4.1/../../../../arm-none-eabi/lib/thumb2\libc.a(lib_a-strcat.o)
 .ARM.attributes
                0x00000a2c       0x27 c:/programme/codesourcery/sourcery g++ lite/bin/../lib/gcc/arm-none-eabi/4.4.1/../../../../arm-none-eabi/lib/thumb2\libc.a(lib_a-strchr.o)
 .ARM.attributes
                0x00000a53       0x27 c:/programme/codesourcery/sourcery g++ lite/bin/../lib/gcc/arm-none-eabi/4.4.1/../../../../arm-none-eabi/lib/thumb2\libc.a(lib_a-strcpy.o)
 .ARM.attributes
                0x00000a7a       0x27 c:/programme/codesourcery/sourcery g++ lite/bin/../lib/gcc/arm-none-eabi/4.4.1/../../../../arm-none-eabi/lib/thumb2\libc.a(lib_a-strlen.o)
 .ARM.attributes
                0x00000aa1       0x27 c:/programme/codesourcery/sourcery g++ lite/bin/../lib/gcc/arm-none-eabi/4.4.1/../../../../arm-none-eabi/lib/thumb2\libc.a(lib_a-strncpy.o)
 .ARM.attributes
                0x00000ac8       0x27 c:/programme/codesourcery/sourcery g++ lite/bin/../lib/gcc/arm-none-eabi/4.4.1/../../../../arm-none-eabi/lib/thumb2\libc.a(lib_a-strstr.o)
 .ARM.attributes
                0x00000aef       0x27 c:/programme/codesourcery/sourcery g++ lite/bin/../lib/gcc/arm-none-eabi/4.4.1/../../../../arm-none-eabi/lib/thumb2\libc.a(lib_a-memchr.o)
