Archive member included because of file (symbol)

./Drivers/grlib.a(context.o)  ./OLEDDisplay/formike128x128x16.o (GrContextInit)
./Drivers/grlib.a(fontcmss12.o)
                              ./OLEDDisplay/formike128x128x16.o (g_sFontCmss12)
./Drivers/grlib.a(image.o)    ./OLEDDisplay/formike128x128x16.o (GrImageDraw)
./Drivers/grlib.a(rectangle.o)
                              ./OLEDDisplay/formike128x128x16.o (GrRectFill)
./Drivers/grlib.a(string.o)   ./OLEDDisplay/formike128x128x16.o (GrStringDraw)
./Drivers/grlib.a(line.o)     ./Drivers/grlib.a(rectangle.o) (GrLineDrawH)
c:/programme/codesourcery/sourcery g++ lite/bin/../lib/gcc/arm-none-eabi/4.4.1/../../../../arm-none-eabi/lib/thumb2\libc.a(lib_a-memcmp.o)
                              ../../../Source/tasks.o (memcmp)
c:/programme/codesourcery/sourcery g++ lite/bin/../lib/gcc/arm-none-eabi/4.4.1/../../../../arm-none-eabi/lib/thumb2\libc.a(lib_a-memcpy.o)
                              ./API/ustdlib.o (memcpy)
c:/programme/codesourcery/sourcery g++ lite/bin/../lib/gcc/arm-none-eabi/4.4.1/../../../../arm-none-eabi/lib/thumb2\libc.a(lib_a-memset.o)
                              ../../../Source/tasks.o (memset)
c:/programme/codesourcery/sourcery g++ lite/bin/../lib/gcc/arm-none-eabi/4.4.1/../../../../arm-none-eabi/lib/thumb2\libc.a(lib_a-strcat.o)
                              ../../../Source/tasks.o (strcat)
c:/programme/codesourcery/sourcery g++ lite/bin/../lib/gcc/arm-none-eabi/4.4.1/../../../../arm-none-eabi/lib/thumb2\libc.a(lib_a-strcpy.o)
                              c:/programme/codesourcery/sourcery g++ lite/bin/../lib/gcc/arm-none-eabi/4.4.1/../../../../arm-none-eabi/lib/thumb2\libc.a(lib_a-strcat.o) (strcpy)
c:/programme/codesourcery/sourcery g++ lite/bin/../lib/gcc/arm-none-eabi/4.4.1/../../../../arm-none-eabi/lib/thumb2\libc.a(lib_a-strlen.o)
                              ./OLEDDisplay/formike128x128x16.o (strlen)
c:/programme/codesourcery/sourcery g++ lite/bin/../lib/gcc/arm-none-eabi/4.4.1/../../../../arm-none-eabi/lib/thumb2\libc.a(lib_a-strncpy.o)
                              ./API/ustdlib.o (strncpy)

Allocating common symbols
Common symbol       size              file

xOLEDQueue          0x4               main.o
xQueueRegistry      0x50              ../../../Source/queue.o

Memory Configuration

Name             Origin             Length             Attributes
FLASH            0x00000000         0x00040000         xr
SRAM             0x20000000         0x00010000         xrw
*default*        0x00000000         0xffffffff

Linker script and memory map

LOAD ./Drivers/adc.o
LOAD ./Drivers/can.o
LOAD ./Drivers/comp.o
LOAD ./Drivers/cpu.o
LOAD ./Drivers/epi.o
LOAD ./Drivers/ethernet.o
LOAD ./Drivers/flash.o
LOAD ./Drivers/gpio.o
LOAD ./Drivers/hibernate.o
LOAD ./Drivers/i2c.o
LOAD ./Drivers/i2s.o
LOAD ./Drivers/interrupt.o
LOAD ./Drivers/mpu.o
LOAD ./Drivers/pwm.o
LOAD ./Drivers/qei.o
LOAD ./Drivers/ssi.o
LOAD ./Drivers/sysctl.o
LOAD ./Drivers/systick.o
LOAD ./Drivers/timer.o
LOAD ./Drivers/uart.o
LOAD ./Drivers/udma.o
LOAD ./Drivers/usb.o
LOAD ./Drivers/watchdog.o
LOAD ./API/led.o
LOAD ./API/comport.o
LOAD ./API/buttons.o
LOAD ./API/ustdlib.o
LOAD ./OLEDDisplay/rit128x96x4.o
LOAD ./OLEDDisplay/osram128x64x4.o
LOAD ./OLEDDisplay/formike128x128x16.o
LOAD main.o
LOAD ../../../Source/list.o
LOAD ../../../Source/queue.o
LOAD ../../../Source/tasks.o
LOAD ../../../Source/portable/GCC/ARM_CM3/port.o
LOAD ../../../Source/portable/MemMang/heap_2.o
LOAD startup.o
LOAD ./Drivers/grlib.a
START GROUP
LOAD c:/programme/codesourcery/sourcery g++ lite/bin/../lib/gcc/arm-none-eabi/4.4.1/thumb2\libgcc.a
LOAD c:/programme/codesourcery/sourcery g++ lite/bin/../lib/gcc/arm-none-eabi/4.4.1/../../../../arm-none-eabi/lib/thumb2\libc.a
END GROUP

.text           0x00000000    0x125f8
 *(.isr_vector)
 .isr_vector    0x00000000       0xf0 startup.o
                0x00000000                g_pfnVectors
 *(.text*)
 .text          0x000000f0      0x8e4 ./Drivers/adc.o
                0x000000f0                ADCIntRegister
                0x0000011c                ADCIntUnregister
                0x00000144                ADCIntDisable
                0x0000017c                ADCIntEnable
                0x000001c0                ADCIntStatus
                0x00000240                ADCIntClear
                0x00000268                ADCSequenceEnable
                0x00000294                ADCSequenceDisable
                0x000002c4                ADCSequenceConfigure
                0x00000348                ADCSequenceStepConfigure
                0x00000478                ADCSequenceOverflow
                0x000004a4                ADCSequenceOverflowClear
                0x000004cc                ADCSequenceUnderflow
                0x000004f8                ADCSequenceUnderflowClear
                0x00000520                ADCSequenceDataGet
                0x00000584                ADCProcessorTrigger
                0x000005c0                ADCSoftwareOversampleConfigure
                0x0000060c                ADCSoftwareOversampleStepConfigure
                0x00000708                ADCSoftwareOversampleDataGet
                0x000007a4                ADCHardwareOversampleConfigure
                0x000007e8                ADCComparatorConfigure
                0x00000810                ADCComparatorRegionSet
                0x00000844                ADCComparatorReset
                0x000008a0                ADCComparatorIntDisable
                0x000008d8                ADCComparatorIntEnable
                0x0000090c                ADCComparatorIntStatus
                0x00000928                ADCComparatorIntClear
                0x00000948                ADCReferenceSet
                0x00000978                ADCReferenceGet
                0x00000998                ADCPhaseDelaySet
                0x000009b8                ADCPhaseDelayGet
 .text          0x000009d4      0xeb4 ./Drivers/can.o
                0x00000bb8                CANInit
                0x00000cac                CANEnable
                0x00000cd0                CANDisable
                0x00000cf4                CANBitTimingGet
                0x00000d74                CANBitRateSet
                0x00000e74                CANBitTimingSet
                0x00000f44                CANIntRegister
                0x00000f70                CANIntUnregister
                0x00000f98                CANIntEnable
                0x00000fc0                CANIntDisable
                0x00000fec                CANIntStatus
                0x0000105c                CANIntClear
                0x000010d4                CANRetrySet
                0x00001114                CANRetryGet
                0x00001140                CANStatusGet
                0x00001220                CANErrCntrGet
                0x00001274                CANMessageSet
                0x00001560                CANMessageGet
                0x0000181c                CANMessageClear
 .text          0x00001888      0x1f0 ./Drivers/comp.o
                0x00001888                ComparatorConfigure
                0x000018b0                ComparatorRefSet
                0x000018d0                ComparatorValueGet
                0x00001908                ComparatorIntRegister
                0x00001954                ComparatorIntUnregister
                0x000019a0                ComparatorIntEnable
                0x000019d4                ComparatorIntDisable
                0x00001a0c                ComparatorIntStatus
                0x00001a54                ComparatorIntClear
 .text          0x00001a78       0x1c ./Drivers/cpu.o
                0x00001a78                CPUcpsid
                0x00001a84                CPUcpsie
                0x00001a90                CPUwfi
 .text          0x00001a94      0x4d0 ./Drivers/epi.o
                0x00001a94                EPIModeSet
                0x00001ab0                EPIDividerSet
                0x00001ad0                EPIConfigSDRAMSet
                0x00001b0c                EPIConfigHB8Set
                0x00001b88                EPIConfigGPModeSet
                0x00001bf4                EPIAddressMapSet
                0x00001c14                EPINonBlockingReadConfigure
                0x00001c50                EPINonBlockingReadStart
                0x00001c7c                EPINonBlockingReadStop
                0x00001ca8                EPINonBlockingReadCount
                0x00001cd4                EPINonBlockingReadAvail
                0x00001cf0                EPINonBlockingReadGet32
                0x00001d54                EPINonBlockingReadGet16
                0x00001db8                EPINonBlockingReadGet8
                0x00001e1c                EPIFIFOConfig
                0x00001e3c                EPIWriteFIFOCountGet
                0x00001e58                EPIIntEnable
                0x00001e84                EPIIntDisable
                0x00001eb4                EPIIntStatus
                0x00001ee4                EPIIntErrorStatus
                0x00001f00                EPIIntErrorClear
                0x00001f20                EPIIntRegister
                0x00001f44                EPIIntUnregister
 .text          0x00001f64      0x928 ./Drivers/ethernet.o
                0x00001f64                EthernetInitExpClk
                0x00001f9c                EthernetConfigSet
                0x00002038                EthernetConfigGet
                0x00002088                EthernetMACAddrSet
                0x00002110                EthernetMACAddrGet
                0x00002194                EthernetEnable
                0x000021f8                EthernetDisable
                0x0000225c                EthernetPacketAvail
                0x00002284                EthernetSpaceAvail
                0x00002468                EthernetPacketGetNonBlocking
                0x000024a0                EthernetPacketGet
                0x0000265c                EthernetPacketPutNonBlocking
                0x00002698                EthernetPacketPut
                0x000026cc                EthernetIntRegister
                0x000026f0                EthernetIntUnregister
                0x00002710                EthernetIntEnable
                0x0000273c                EthernetIntDisable
                0x0000276c                EthernetIntStatus
                0x000027a4                EthernetIntClear
                0x000027c0                EthernetPHYWrite
                0x00002828                EthernetPHYRead
 .text          0x0000288c      0x800 ./Drivers/flash.o
                0x0000288c                FlashUsecGet
                0x000028a8                FlashUsecSet
                0x000028cc                FlashErase
                0x0000293c                FlashProgram
                0x00002a80                FlashProtectGet
                0x00002b7c                FlashProtectSet
                0x00002d88                FlashProtectSave
                0x00002e20                FlashUserGet
                0x00002e8c                FlashUserSet
                0x00002ef4                FlashUserSave
                0x00002fa0                FlashIntRegister
                0x00002fc4                FlashIntUnregister
                0x00002fdc                FlashIntEnable
                0x00003008                FlashIntDisable
                0x00003038                FlashIntStatus
                0x0000306c                FlashIntClear
 .text          0x0000308c      0xce8 ./Drivers/gpio.o
                0x00003224                GPIODirModeSet
                0x000032ac                GPIODirModeGet
                0x00003310                GPIOIntTypeSet
                0x000033e4                GPIOIntTypeGet
                0x00003474                GPIOPadConfigSet
                0x000036a4                GPIOPadConfigGet
                0x000037f4                GPIOPinIntEnable
                0x00003820                GPIOPinIntDisable
                0x00003850                GPIOPinIntStatus
                0x00003884                GPIOPinIntClear
                0x000038a8                GPIOPortIntRegister
                0x000038d4                GPIOPortIntUnregister
                0x000038fc                GPIOPinRead
                0x00003924                GPIOPinWrite
                0x00003950                GPIOPinTypeADC
                0x00003984                GPIOPinTypeCAN
                0x000039b8                GPIOPinTypeComparator
                0x000039ec                GPIOPinTypeGPIOInput
                0x00003a20                GPIOPinTypeGPIOOutput
                0x00003a54                GPIOPinTypeGPIOOutputOD
                0x00003a88                GPIOPinTypeI2C
                0x00003abc                GPIOPinTypePWM
                0x00003af0                GPIOPinTypeQEI
                0x00003b24                GPIOPinTypeSSI
                0x00003b58                GPIOPinTypeTimer
                0x00003b8c                GPIOPinTypeUART
                0x00003bc0                GPIOPinTypeUSBDigital
                0x00003bf4                GPIOPinTypeUSBAnalog
                0x00003c28                GPIOPinTypeI2S
                0x00003c5c                GPIOPinTypeEthernetLED
                0x00003c90                GPIOPinTypeEPI
                0x00003cc4                GPIOPinConfigure
 .text          0x00003d74      0x5b0 ./Drivers/hibernate.o
                0x00003d74                HibernateWriteComplete
                0x00003d8c                HibernateEnableExpClk
                0x00003e2c                HibernateDisable
                0x00003e50                HibernateClockSelect
                0x00003e80                HibernateRTCEnable
                0x00003ea4                HibernateRTCDisable
                0x00003ec8                HibernateWakeSet
                0x00003ef8                HibernateWakeGet
                0x00003f14                HibernateLowBatSet
                0x00003f44                HibernateLowBatGet
                0x00003f60                HibernateRTCSet
                0x00003fb4                HibernateRTCGet
                0x00003fcc                HibernateRTCMatch0Set
                0x00004020                HibernateRTCMatch0Get
                0x00004038                HibernateRTCMatch1Set
                0x0000408c                HibernateRTCMatch1Get
                0x000040a4                HibernateRTCTrimSet
                0x000040f8                HibernateRTCTrimGet
                0x00004110                HibernateDataSet
                0x00004190                HibernateDataGet
                0x000041dc                HibernateRequest
                0x00004200                HibernateIntEnable
                0x0000422c                HibernateIntDisable
                0x0000425c                HibernateIntRegister
                0x00004280                HibernateIntUnregister
                0x00004298                HibernateIntStatus
                0x000042d4                HibernateIntClear
                0x00004300                HibernateIsActive
 .text          0x00004324      0x5a4 ./Drivers/i2c.o
                0x00004324                I2CMasterInitExpClk
                0x00004398                I2CSlaveInit
                0x000043b8                I2CMasterEnable
                0x000043e0                I2CSlaveEnable
                0x00004414                I2CMasterDisable
                0x0000443c                I2CSlaveDisable
                0x00004470                I2CIntRegister
                0x000044ac                I2CIntUnregister
                0x000044e4                I2CMasterIntEnable
                0x00004504                I2CSlaveIntEnable
                0x0000452c                I2CSlaveIntEnableEx
                0x00004558                I2CMasterIntDisable
                0x00004578                I2CSlaveIntDisable
                0x000045a0                I2CSlaveIntDisableEx
                0x000045d0                I2CMasterIntStatus
                0x00004610                I2CSlaveIntStatus
                0x00004650                I2CSlaveIntStatusEx
                0x000046d4                I2CMasterIntClear
                0x00004700                I2CSlaveIntClear
                0x00004720                I2CSlaveIntClearEx
                0x00004740                I2CMasterSlaveAddrSet
                0x0000476c                I2CMasterBusy
                0x0000479c                I2CMasterBusBusy
                0x000047cc                I2CMasterControl
                0x000047ec                I2CMasterErr
                0x00004834                I2CMasterDataPut
                0x00004854                I2CMasterDataGet
                0x00004870                I2CSlaveStatus
                0x0000488c                I2CSlaveDataPut
                0x000048ac                I2CSlaveDataGet
 .text          0x000048c8      0x574 ./Drivers/i2s.o
                0x000048c8                I2STxEnable
                0x000048fc                I2STxDisable
                0x00004924                I2STxDataPut
                0x0000494c                I2STxDataPutNonBlocking
                0x00004980                I2STxConfigSet
                0x000049cc                I2STxFIFOLimitSet
                0x000049ec                I2STxFIFOLimitGet
                0x00004a08                I2STxFIFOLevelGet
                0x00004a24                I2SRxEnable
                0x00004a58                I2SRxDisable
                0x00004a80                I2SRxDataGet
                0x00004ab0                I2SRxDataGetNonBlocking
                0x00004aec                I2SRxConfigSet
                0x00004b7c                I2SRxFIFOLimitSet
                0x00004ba0                I2SRxFIFOLimitGet
                0x00004bcc                I2SRxFIFOLevelGet
                0x00004bec                I2STxRxEnable
                0x00004c2c                I2STxRxDisable
                0x00004c54                I2STxRxConfigSet
                0x00004d0c                I2SMasterClockSelect
                0x00004d40                I2SIntEnable
                0x00004d6c                I2SIntDisable
                0x00004d9c                I2SIntStatus
                0x00004dd4                I2SIntClear
                0x00004df8                I2SIntRegister
                0x00004e1c                I2SIntUnregister
 .text          0x00004e3c      0x520 ./Drivers/interrupt.o
                0x00004e44                IntMasterEnable
                0x00004e58                IntMasterDisable
                0x00004e6c                IntRegister
                0x00004ef8                IntUnregister
                0x00004f20                IntPriorityGroupingSet
                0x00004f54                IntPriorityGroupingGet
                0x00004fa8                IntPrioritySet
                0x00005020                IntPriorityGet
                0x0000505c                IntEnable
                0x00005134                IntDisable
                0x0000520c                IntPendSet
                0x000052c4                IntPendClear
 .text          0x0000535c      0x194 ./Drivers/mpu.o
                0x0000535c                MPUEnable
                0x00005380                MPUDisable
                0x000053a4                MPURegionCountGet
                0x000053c4                MPURegionEnable
                0x000053fc                MPURegionDisable
                0x00005434                MPURegionSet
                0x00005474                MPURegionGet
                0x000054b4                MPUIntRegister
                0x000054d8                MPUIntUnregister
 .text          0x000054f0      0x7e0 ./Drivers/pwm.o
                0x000054f0                PWMGenConfigure
                0x00005564                PWMGenPeriodSet
                0x000055ac                PWMGenPeriodGet
                0x000055f0                PWMGenEnable
                0x00005618                PWMGenDisable
                0x00005640                PWMPulseWidthSet
                0x000056ac                PWMPulseWidthGet
                0x0000571c                PWMDeadBandEnable
                0x00005764                PWMDeadBandDisable
                0x00005794                PWMSyncUpdate
                0x000057b0                PWMSyncTimeBase
                0x000057d0                PWMOutputState
                0x00005820                PWMOutputInvert
                0x00005870                PWMOutputFaultLevel
                0x000058c0                PWMOutputFault
                0x00005910                PWMGenIntRegister
                0x00005950                PWMGenIntUnregister
                0x0000598c                PWMFaultIntRegister
                0x000059b0                PWMFaultIntUnregister
                0x000059d0                PWMGenIntTrigEnable
                0x00005a04                PWMGenIntTrigDisable
                0x00005a3c                PWMGenIntStatus
                0x00005a78                PWMGenIntClear
                0x00005a9c                PWMIntEnable
                0x00005ac8                PWMIntDisable
                0x00005af8                PWMFaultIntClear
                0x00005b18                PWMIntStatus
                0x00005b48                PWMFaultIntClearExt
                0x00005b68                PWMGenFaultConfigure
                0x00005ba8                PWMGenFaultTriggerSet
                0x00005be4                PWMGenFaultTriggerGet
                0x00005c1c                PWMGenFaultStatus
                0x00005c74                PWMGenFaultClear
 .text          0x00005cd0      0x2b8 ./Drivers/qei.o
                0x00005cd0                QEIEnable
                0x00005cf0                QEIDisable
                0x00005d10                QEIConfigure
                0x00005d44                QEIPositionGet
                0x00005d60                QEIPositionSet
                0x00005d80                QEIDirectionGet
                0x00005db0                QEIErrorGet
                0x00005dd4                QEIVelocityEnable
                0x00005df4                QEIVelocityDisable
                0x00005e14                QEIVelocityConfigure
                0x00005e4c                QEIVelocityGet
                0x00005e68                QEIIntRegister
                0x00005ea4                QEIIntUnregister
                0x00005edc                QEIIntEnable
                0x00005f08                QEIIntDisable
                0x00005f38                QEIIntStatus
                0x00005f68                QEIIntClear
 .text          0x00005f88      0x388 ./Drivers/ssi.o
                0x00005f88                SSIConfigSetExpClk
                0x00006044                SSIEnable
                0x0000606c                SSIDisable
                0x00006094                SSIIntRegister
                0x000060d0                SSIIntUnregister
                0x00006108                SSIIntEnable
                0x00006134                SSIIntDisable
                0x00006164                SSIIntStatus
                0x00006194                SSIIntClear
                0x000061b4                SSIDataPut
                0x000061e4                SSIDataPutNonBlocking
                0x00006220                SSIDataGet
                0x00006250                SSIDataGetNonBlocking
                0x0000628c                SSIDMAEnable
                0x000062b8                SSIDMADisable
                0x000062e8                SSIBusy
 .text          0x00006310     0x10c4 ./Drivers/sysctl.o
                0x00006310                SysCtlSRAMSizeGet
                0x00006338                SysCtlFlashSizeGet
                0x00006360                SysCtlPinPresent
                0x00006394                SysCtlPeripheralPresent
                0x00006414                SysCtlPeripheralReset
                0x000064cc                SysCtlPeripheralEnable
                0x00006524                SysCtlPeripheralDisable
                0x00006580                SysCtlPeripheralSleepEnable
                0x000065d8                SysCtlPeripheralSleepDisable
                0x00006634                SysCtlPeripheralDeepSleepEnable
                0x0000668c                SysCtlPeripheralDeepSleepDisable
                0x000066e8                SysCtlPeripheralClockGating
                0x00006734                SysCtlIntRegister
                0x00006758                SysCtlIntUnregister
                0x00006770                SysCtlIntEnable
                0x0000679c                SysCtlIntDisable
                0x000067cc                SysCtlIntClear
                0x000067ec                SysCtlIntStatus
                0x00006820                SysCtlLDOSet
                0x00006840                SysCtlLDOGet
                0x00006858                SysCtlLDOConfigSet
                0x00006878                SysCtlReset
                0x00006890                SysCtlSleep
                0x0000689c                SysCtlDeepSleep
                0x000068d8                SysCtlResetCauseGet
                0x000068f0                SysCtlResetCauseClear
                0x00006920                SysCtlBrownOutConfigSet
                0x0000694c                SysCtlDelay
                0x00006954                SysCtlClockSet
                0x00006bec                SysCtlClockGet
                0x00006f78                SysCtlPWMClockSet
                0x00006fa8                SysCtlPWMClockGet
                0x00006fdc                SysCtlADCSpeedSet
                0x0000702c                SysCtlADCSpeedGet
                0x00007048                SysCtlIOSCVerificationSet
                0x00007094                SysCtlMOSCVerificationSet
                0x000070e0                SysCtlPLLVerificationSet
                0x0000712c                SysCtlClkVerificationClear
                0x00007154                SysCtlGPIOAHBEnable
                0x00007188                SysCtlGPIOAHBDisable
                0x000071c0                SysCtlUSBPLLEnable
                0x000071e4                SysCtlUSBPLLDisable
                0x00007208                SysCtlI2SMClkSet
 .text          0x000073d4      0x144 ./Drivers/systick.o
                0x000073d4                SysTickEnable
                0x000073f8                SysTickDisable
                0x0000741c                SysTickIntRegister
                0x00007450                SysTickIntUnregister
                0x00007478                SysTickIntEnable
                0x0000749c                SysTickIntDisable
                0x000074c0                SysTickPeriodSet
                0x000074e4                SysTickPeriodGet
                0x00007500                SysTickValueGet
 .text          0x00007518      0x7b4 ./Drivers/timer.o
                0x00007518                TimerEnable
                0x00007550                TimerDisable
                0x0000758c                TimerConfigure
                0x000075e4                TimerControlLevel
                0x00007640                TimerControlTrigger
                0x0000769c                TimerControlEvent
                0x000076e8                TimerControlStall
                0x00007744                TimerControlWaitOnTrigger
                0x000077d0                TimerRTCEnable
                0x000077f8                TimerRTCDisable
                0x00007820                TimerPrescaleSet
                0x00007860                TimerPrescaleGet
                0x00007890                TimerPrescaleMatchSet
                0x000078d0                TimerPrescaleMatchGet
                0x00007900                TimerLoadSet
                0x00007940                TimerLoadGet
                0x00007970                TimerValueGet
                0x000079a0                TimerMatchSet
                0x000079e0                TimerMatchGet
                0x00007a10                TimerIntRegister
                0x00007aa4                TimerIntUnregister
                0x00007b30                TimerIntEnable
                0x00007b5c                TimerIntDisable
                0x00007b8c                TimerIntStatus
                0x00007bbc                TimerIntClear
                0x00007bdc                TimerQuiesce
 .text          0x00007ccc      0x83c ./Drivers/uart.o
                0x00007ccc                UARTParityModeSet
                0x00007cfc                UARTParityModeGet
                0x00007d1c                UARTFIFOLevelSet
                0x00007d44                UARTFIFOLevelGet
                0x00007d78                UARTConfigSetExpClk
                0x00007e20                UARTConfigGetExpClk
                0x00007e90                UARTEnable
                0x00007ed0                UARTDisable
                0x00007f20                UARTFIFOEnable
                0x00007f48                UARTFIFODisable
                0x00007f70                UARTEnableSIR
                0x00007fb8                UARTDisableSIR
                0x00007fe0                UARTSmartCardEnable
                0x0000802c                UARTSmartCardDisable
                0x00008054                UARTModemControlSet
                0x0000808c                UARTModemControlClear
                0x000080c8                UARTModemControlGet
                0x000080e8                UARTModemStatusGet
                0x00008110                UARTFlowControlSet
                0x00008140                UARTFlowControlGet
                0x00008160                UARTTxIntModeSet
                0x00008190                UARTTxIntModeGet
                0x000081b0                UARTCharsAvail
                0x000081d8                UARTSpaceAvail
                0x00008200                UARTCharGetNonBlocking
                0x00008230                UARTCharGet
                0x00008258                UARTCharPutNonBlocking
                0x00008290                UARTCharPut
                0x000082bc                UARTBreakCtl
                0x000082fc                UARTBusy
                0x00008324                UARTIntRegister
                0x00008374                UARTIntUnregister
                0x000083c0                UARTIntEnable
                0x000083ec                UARTIntDisable
                0x0000841c                UARTIntStatus
                0x0000844c                UARTIntClear
                0x0000846c                UARTDMAEnable
                0x00008498                UARTDMADisable
                0x000084c8                UARTRxErrorGet
                0x000084e8                UARTRxErrorClear
 .text          0x00008508      0x57c ./Drivers/udma.o
                0x00008508                uDMAEnable
                0x00008520                uDMADisable
                0x00008538                uDMAErrorStatusGet
                0x00008550                uDMAErrorStatusClear
                0x00008568                uDMAChannelEnable
                0x00008590                uDMAChannelDisable
                0x000085b8                uDMAChannelIsEnabled
                0x000085ec                uDMAControlBaseSet
                0x0000860c                uDMAControlBaseGet
                0x00008624                uDMAChannelRequest
                0x0000864c                uDMAChannelAttributeEnable
                0x000086dc                uDMAChannelAttributeDisable
                0x0000876c                uDMAChannelAttributeGet
                0x00008818                uDMAChannelControlSet
                0x00008864                uDMAChannelTransferSet
                0x0000894c                uDMAChannelSizeGet
                0x0000899c                uDMAChannelModeGet
                0x000089ec                uDMAChannelSelectSecondary
                0x00008a18                uDMAChannelSelectDefault
                0x00008a48                uDMAIntRegister
                0x00008a68                uDMAIntUnregister
 .text          0x00008a84     0x1988 ./Drivers/usb.o
                0x00008b3c                USBHostSuspend
                0x00008b68                USBHostReset
                0x00008bb8                USBHostResume
                0x00008c08                USBHostSpeedGet
                0x00008c50                USBIntStatus
                0x00008d14                USBIntDisable
                0x00008dec                USBIntEnable
                0x00008eb4                USBIntDisableControl
                0x00008f24                USBIntEnableControl
                0x00008f8c                USBIntStatusControl
                0x00009024                USBIntDisableEndpoint
                0x0000908c                USBIntEnableEndpoint
                0x000090e8                USBIntStatusEndpoint
                0x00009120                USBIntRegister
                0x00009144                USBIntUnregister
                0x00009164                USBEndpointStatus
                0x000091a8                USBHostEndpointStatusClear
                0x00009240                USBDevEndpointStatusClear
                0x00009334                USBHostEndpointDataToggle
                0x00009430                USBEndpointDataToggleClear
                0x00009498                USBDevEndpointStall
                0x00009518                USBDevEndpointStallClear
                0x000095d8                USBDevConnect
                0x00009604                USBDevDisconnect
                0x00009630                USBDevAddrSet
                0x0000964c                USBDevAddrGet
                0x00009668                USBHostEndpointConfig
                0x00009828                USBDevEndpointConfigSet
                0x00009954                USBDevEndpointConfigGet
                0x00009aa4                USBFIFOConfigSet
                0x00009b38                USBFIFOConfigGet
                0x00009bd4                USBEndpointDMAEnable
                0x00009c54                USBEndpointDMADisable
                0x00009cd0                USBEndpointDataAvail
                0x00009d24                USBEndpointDataGet
                0x00009dd0                USBDevEndpointDataAck
                0x00009e2c                USBHostEndpointDataAck
                0x00009e80                USBEndpointDataPut
                0x00009f04                USBEndpointDataSend
                0x00009f68                USBFIFOFlush
                0x0000a02c                USBHostRequestIN
                0x0000a064                USBHostRequestStatus
                0x0000a084                USBHostAddrSet
                0x0000a0d0                USBHostAddrGet
                0x0000a118                USBHostHubAddrSet
                0x0000a164                USBHostHubAddrGet
                0x0000a1ac                USBHostPwrConfig
                0x0000a1fc                USBHostPwrFaultEnable
                0x0000a228                USBHostPwrFaultDisable
                0x0000a260                USBHostPwrEnable
                0x0000a28c                USBHostPwrDisable
                0x0000a2c4                USBFrameNumberGet
                0x0000a2e4                USBOTGSessionRequest
                0x0000a334                USBFIFOAddrGet
                0x0000a358                USBModeGet
                0x0000a37c                USBEndpointDMAChannel
                0x0000a3d8                USBHostMode
 .text          0x0000a40c      0x260 ./Drivers/watchdog.o
                0x0000a40c                WatchdogRunning
                0x0000a430                WatchdogEnable
                0x0000a458                WatchdogResetEnable
                0x0000a480                WatchdogResetDisable
                0x0000a4a8                WatchdogLock
                0x0000a4c8                WatchdogUnlock
                0x0000a4ec                WatchdogLockState
                0x0000a510                WatchdogReloadSet
                0x0000a52c                WatchdogReloadGet
                0x0000a544                WatchdogValueGet
                0x0000a560                WatchdogIntRegister
                0x0000a584                WatchdogIntUnregister
                0x0000a5a4                WatchdogIntEnable
                0x0000a5cc                WatchdogIntStatus
                0x0000a5fc                WatchdogIntClear
                0x0000a61c                WatchdogStallEnable
                0x0000a644                WatchdogStallDisable
 .text          0x0000a66c       0xa8 ./API/led.o
                0x0000a6cc                ledSwitch
 .text          0x0000a714      0x14c ./API/comport.o
                0x0000a778                xComOpen
                0x0000a7bc                vComWrite
                0x0000a7d4                vComRead
                0x0000a7ec                xComGetChar
                0x0000a810                vComPutChar
                0x0000a838                xComWaitForSemaphore
                0x0000a84c                vComClose
 .text          0x0000a860      0x178 ./API/buttons.o
                0x0000a964                xButtonRegisterCallback
                0x0000a978                xButtonIsPressed
 .text          0x0000a9d8      0x564 ./API/ustdlib.o
                0x0000a9d8                uvsnprintf
                0x0000aed4                usprintf
                0x0000af08                usnprintf
 .text          0x0000af3c      0x808 ./OLEDDisplay/rit128x96x4.o
                0x0000b050                RIT128x96x4Clear
                0x0000b0e4                RIT128x96x4StringDraw
                0x0000b2c8                RIT128x96x4ImageDraw
                0x0000b3b4                RIT128x96x4Enable
                0x0000b450                RIT128x96x4Disable
                0x0000b4cc                RIT128x96x4Init
                0x0000b6d0                RIT128x96x4DisplayOn
                0x0000b72c                RIT128x96x4DisplayOff
 .text          0x0000b744      0x6f0 ./OLEDDisplay/osram128x64x4.o
                0x0000b834                OSRAM128x64x4Clear
                0x0000b8b0                OSRAM128x64x4StringDraw
                0x0000ba94                OSRAM128x64x4ImageDraw
                0x0000bb80                OSRAM128x64x4Enable
                0x0000bc1c                OSRAM128x64x4Disable
                0x0000bc9c                OSRAM128x64x4Init
                0x0000bdc0                OSRAM128x64x4DisplayOn
                0x0000be1c                OSRAM128x64x4DisplayOff
 .text          0x0000be34      0xa1c ./OLEDDisplay/formike128x128x16.o
                0x0000bec8                Formike128x128x16Init
                0x0000c130                Formike128x128x16BacklightOn
                0x0000c148                Formike128x128x16BacklightOff
                0x0000c698                vFormike128x128x16Clear
                0x0000c710                vFormike128x128x16StringDraw
                0x0000c770                vFormike128x128x16Init
                0x0000c828                vFormike128x128x16ImageDraw
 .text          0x0000c850      0x614 main.o
                0x0000c850                vUARTTask
                0x0000c8cc                vLEDTask
                0x0000c8f8                vButtonTask
                0x0000ca64                main
                0x0000cde0                vTaskRefresh
                0x0000ce58                vApplicationStackOverflowHook
 .text          0x0000ce64      0x17c ../../../Source/list.o
                0x0000ce64                vListInitialise
                0x0000ceac                vListInitialiseItem
                0x0000cec8                vListInsertEnd
                0x0000cf18                vListInsert
                0x0000cf8c                vListRemove
 .text          0x0000cfe0      0x984 ../../../Source/queue.o
                0x0000cfe0                xQueueCreate
                0x0000d0ac                xQueueCreateMutex
                0x0000d144                xQueueGiveMutexRecursive
                0x0000d19c                xQueueTakeMutexRecursive
                0x0000d1fc                xQueueGenericSend
                0x0000d31c                xQueueGenericSendFromISR
                0x0000d3b4                xQueueGenericReceive
                0x0000d544                xQueueReceiveFromISR
                0x0000d5e0                uxQueueMessagesWaiting
                0x0000d604                uxQueueMessagesWaitingFromISR
                0x0000d620                vQueueDelete
                0x0000d830                xQueueIsQueueEmptyFromISR
                0x0000d884                xQueueIsQueueFullFromISR
                0x0000d8ac                vQueueAddToRegistry
 .text          0x0000d964     0x172c ../../../Source/tasks.o
                0x0000d964                xTaskGenericCreate
                0x0000db14                vTaskDelete
                0x0000dbd4                vTaskDelayUntil
                0x0000dce8                vTaskDelay
                0x0000dda0                uxTaskPriorityGet
                0x0000ddd8                vTaskPrioritySet
                0x0000df08                vTaskSuspend
                0x0000df8c                xTaskIsTaskSuspended
                0x0000dfdc                vTaskResume
                0x0000e088                xTaskResumeFromISR
                0x0000e148                vTaskStartScheduler
                0x0000e1c0                vTaskEndScheduler
                0x0000e1e4                vTaskSuspendAll
                0x0000e208                xTaskResumeAll
                0x0000e368                xTaskGetTickCount
                0x0000e390                uxTaskGetNumberOfTasks
                0x0000e3a8                vTaskList
                0x0000e4d8                vTaskStartTrace
                0x0000e52c                ulTaskEndTrace
                0x0000e570                vTaskIncrementTick
                0x0000e6ac                vTaskSwitchContext
                0x0000e8c4                vTaskPlaceOnEventList
                0x0000e998                xTaskRemoveFromEventList
                0x0000ea6c                vTaskSetTimeOutState
                0x0000ea9c                xTaskCheckForTimeOut
                0x0000eb44                vTaskMissedYield
                0x0000eeac                uxTaskGetStackHighWaterMark
                0x0000ef08                xTaskGetCurrentTaskHandle
                0x0000ef28                vTaskPriorityInherit
                0x0000f000                vTaskPriorityDisinherit
 .text          0x0000f090      0x208 ../../../Source/portable/GCC/ARM_CM3/port.o
                0x0000f090                pxPortInitialiseStack
                0x0000f0f0                vPortSVCHandler
                0x0000f110                vPortStartFirstTask
                0x0000f11c                xPortStartScheduler
                0x0000f170                vPortEndScheduler
                0x0000f17c                vPortYieldFromISR
                0x0000f194                vPortEnterCritical
                0x0000f1c0                vPortExitCritical
                0x0000f1f8                xPortPendSVHandler
                0x0000f234                xPortSysTickHandler
 .text          0x0000f298      0x270 ../../../Source/portable/MemMang/heap_2.o
                0x0000f298                pvPortMalloc
                0x0000f45c                vPortFree
                0x0000f4e4                xPortGetFreeHeapSize
                0x0000f4fc                vPortInitialiseBlocks
 .text          0x0000f508       0x8c startup.o
                0x0000f514                uipprintf
                0x0000f520                ResetISR
 .text          0x0000f594        0x0 ./Drivers/grlib.a(context.o)
 .text.GrContextInit
                0x0000f594       0x24 ./Drivers/grlib.a(context.o)
                0x0000f594                GrContextInit
 .text.GrContextClipRegionSet
                0x0000f5b8       0x88 ./Drivers/grlib.a(context.o)
                0x0000f5b8                GrContextClipRegionSet
 .text          0x0000f640        0x0 ./Drivers/grlib.a(fontcmss12.o)
 .text          0x0000f640        0x0 ./Drivers/grlib.a(image.o)
 .text.GrImageDraw
                0x0000f640      0x37c ./Drivers/grlib.a(image.o)
                0x0000f640                GrImageDraw
 .text          0x0000f9bc        0x0 ./Drivers/grlib.a(rectangle.o)
 .text.GrRectFill
                0x0000f9bc       0xb4 ./Drivers/grlib.a(rectangle.o)
                0x0000f9bc                GrRectFill
 .text.GrRectDraw
                0x0000fa70       0x64 ./Drivers/grlib.a(rectangle.o)
                0x0000fa70                GrRectDraw
 .text          0x0000fad4        0x0 ./Drivers/grlib.a(string.o)
 .text.GrStringWidthGet
                0x0000fad4       0x58 ./Drivers/grlib.a(string.o)
                0x0000fad4                GrStringWidthGet
 .text.GrStringDraw
                0x0000fb2c      0x34c ./Drivers/grlib.a(string.o)
                0x0000fb2c                GrStringDraw
 .text          0x0000fe78        0x0 ./Drivers/grlib.a(line.o)
 .text.GrLineDrawH
                0x0000fe78       0x58 ./Drivers/grlib.a(line.o)
                0x0000fe78                GrLineDrawH
 .text.GrLineDrawV
                0x0000fed0       0x58 ./Drivers/grlib.a(line.o)
                0x0000fed0                GrLineDrawV
 .text.GrClipCodeGet
                0x0000ff28       0x38 ./Drivers/grlib.a(line.o)
 .text.GrLineDraw
                0x0000ff60      0x19c ./Drivers/grlib.a(line.o)
                0x0000ff60                GrLineDraw
 .text          0x000100fc       0x64 c:/programme/codesourcery/sourcery g++ lite/bin/../lib/gcc/arm-none-eabi/4.4.1/../../../../arm-none-eabi/lib/thumb2\libc.a(lib_a-memcmp.o)
                0x000100fc                memcmp
 .text          0x00010160      0x190 c:/programme/codesourcery/sourcery g++ lite/bin/../lib/gcc/arm-none-eabi/4.4.1/../../../../arm-none-eabi/lib/thumb2\libc.a(lib_a-memcpy.o)
                0x00010160                memcpy
 .text          0x000102f0       0xd4 c:/programme/codesourcery/sourcery g++ lite/bin/../lib/gcc/arm-none-eabi/4.4.1/../../../../arm-none-eabi/lib/thumb2\libc.a(lib_a-memset.o)
                0x000102f0                memset
 .text          0x000103c4       0x48 c:/programme/codesourcery/sourcery g++ lite/bin/../lib/gcc/arm-none-eabi/4.4.1/../../../../arm-none-eabi/lib/thumb2\libc.a(lib_a-strcat.o)
                0x000103c4                strcat
 .text          0x0001040c       0xbc c:/programme/codesourcery/sourcery g++ lite/bin/../lib/gcc/arm-none-eabi/4.4.1/../../../../arm-none-eabi/lib/thumb2\libc.a(lib_a-strcpy.o)
                0x0001040c                strcpy
 .text          0x000104c8       0x60 c:/programme/codesourcery/sourcery g++ lite/bin/../lib/gcc/arm-none-eabi/4.4.1/../../../../arm-none-eabi/lib/thumb2\libc.a(lib_a-strlen.o)
                0x000104c8                strlen
 .text          0x00010528       0x78 c:/programme/codesourcery/sourcery g++ lite/bin/../lib/gcc/arm-none-eabi/4.4.1/../../../../arm-none-eabi/lib/thumb2\libc.a(lib_a-strncpy.o)
                0x00010528                strncpy
 *(.rodata*)
 .rodata.g_usCANBitValues
                0x000105a0       0x14 ./Drivers/can.o
 .rodata.g_pulFMPPERegs
                0x000105b4       0x10 ./Drivers/flash.o
 .rodata.g_pulFMPRERegs
                0x000105c4       0x10 ./Drivers/flash.o
 .rodata.g_pulGPIOBaseAddrs
                0x000105d4       0x48 ./Drivers/gpio.o
 .rodata.g_pulPriority
                0x0001061c       0x20 ./Drivers/interrupt.o
 .rodata.g_pulRegs
                0x0001063c       0x48 ./Drivers/interrupt.o
 .rodata.g_pulDCRegs
                0x00010684       0x10 ./Drivers/sysctl.o
 .rodata.g_pulSRCRRegs
                0x00010694        0xc ./Drivers/sysctl.o
 .rodata.g_pulRCGCRegs
                0x000106a0        0xc ./Drivers/sysctl.o
 .rodata.g_pulSCGCRegs
                0x000106ac        0xc ./Drivers/sysctl.o
 .rodata.g_pulDCGCRegs
                0x000106b8        0xc ./Drivers/sysctl.o
 .rodata.g_pulXtals
                0x000106c4       0x5c ./Drivers/sysctl.o
 .rodata        0x00010720       0x1c ./API/ustdlib.o
 .rodata.g_pcHex
                0x0001073c        0x4 ./API/ustdlib.o
 .rodata.g_pucRIT128x96x4VerticalInc
                0x00010740        0x4 ./OLEDDisplay/rit128x96x4.o
 .rodata.g_pucRIT128x96x4HorizontalInc
                0x00010744        0x4 ./OLEDDisplay/rit128x96x4.o
 .rodata.g_pucFont
                0x00010748      0x1e0 ./OLEDDisplay/rit128x96x4.o
 .rodata.g_pucRIT128x96x4Init
                0x00010928       0x50 ./OLEDDisplay/rit128x96x4.o
 .rodata.pucCommand1.1758
                0x00010978        0x4 ./OLEDDisplay/rit128x96x4.o
 .rodata.pucCommand1.1572
                0x0001097c        0x4 ./OLEDDisplay/rit128x96x4.o
 .rodata.pucCommand2.1573
                0x00010980        0x4 ./OLEDDisplay/rit128x96x4.o
 .rodata.g_pucOSRAM128x64x4VerticalInc
                0x00010984        0x4 ./OLEDDisplay/osram128x64x4.o
 .rodata.g_pucOSRAM128x64x4HorizontalInc
                0x00010988        0x4 ./OLEDDisplay/osram128x64x4.o
 .rodata.g_pucFont
                0x0001098c      0x1e0 ./OLEDDisplay/osram128x64x4.o
 .rodata.g_pucOSRAM128x64x4Init
                0x00010b6c       0x50 ./OLEDDisplay/osram128x64x4.o
 .rodata.pucCommand1.1718
                0x00010bbc        0x4 ./OLEDDisplay/osram128x64x4.o
 .rodata.pucCommand1.1559
                0x00010bc0        0x4 ./OLEDDisplay/osram128x64x4.o
 .rodata.pucCommand2.1560
                0x00010bc4        0x4 ./OLEDDisplay/osram128x64x4.o
 .rodata.g_sFormike128x128x16
                0x00010bc8       0x28 ./OLEDDisplay/formike128x128x16.o
                0x00010bc8                g_sFormike128x128x16
 .rodata        0x00010bf0       0x14 ./OLEDDisplay/formike128x128x16.o
 .rodata.C.4.2343
                0x00010c04        0x8 ./OLEDDisplay/formike128x128x16.o
 .rodata.pucBasicBitmap
                0x00010c0c      0xc84 main.o
                0x00010c0c                pucBasicBitmap
 .rodata.pucGrLibBitmap
                0x00011890      0x6a8 main.o
                0x00011890                pucGrLibBitmap
 .rodata        0x00011f38       0xa4 main.o
 .rodata.pcWelcomeMessage
                0x00011fdc        0x4 main.o
                0x00011fdc                pcWelcomeMessage
 .rodata        0x00011fe0       0x20 ../../../Source/tasks.o
 .rodata.ucExpectedStackBytes.3394
                0x00012000       0x14 ../../../Source/tasks.o
 .rodata.ulKernelPriority
                0x00012014        0x4 ../../../Source/portable/GCC/ARM_CM3/port.o
                0x00012014                ulKernelPriority
 .rodata.heapSTRUCT_SIZE
                0x00012018        0x2 ../../../Source/portable/MemMang/heap_2.o
 *fill*         0x0001201a        0x2 00
 .rodata.g_sFontCmss12
                0x0001201c       0xc8 ./Drivers/grlib.a(fontcmss12.o)
                0x0001201c                g_sFontCmss12
 .rodata.g_pucCmss12Data
                0x000120e4      0x514 ./Drivers/grlib.a(fontcmss12.o)
                0x000125f8                _etext = .

.glue_7         0x000125f8        0x0
 .glue_7        0x00000000        0x0 linker stubs

.glue_7t        0x000125f8        0x0
 .glue_7t       0x00000000        0x0 linker stubs

.vfp11_veneer   0x000125f8        0x0
 .vfp11_veneer  0x00000000        0x0 linker stubs

.v4_bx          0x000125f8        0x0
 .v4_bx         0x00000000        0x0 linker stubs

.data           0x20000000        0x8 load address 0x000125f8
                0x20000000                _data = .
 *(vtable)
 *(.data*)
 .data          0x20000000        0x0 ./Drivers/adc.o
 .data          0x20000000        0x0 ./Drivers/can.o
 .data          0x20000000        0x0 ./Drivers/comp.o
 .data          0x20000000        0x0 ./Drivers/cpu.o
 .data          0x20000000        0x0 ./Drivers/epi.o
 .data          0x20000000        0x0 ./Drivers/ethernet.o
 .data          0x20000000        0x0 ./Drivers/flash.o
 .data          0x20000000        0x0 ./Drivers/gpio.o
 .data          0x20000000        0x0 ./Drivers/hibernate.o
 .data          0x20000000        0x0 ./Drivers/i2c.o
 .data          0x20000000        0x0 ./Drivers/i2s.o
 .data          0x20000000        0x0 ./Drivers/interrupt.o
 .data          0x20000000        0x0 ./Drivers/mpu.o
 .data          0x20000000        0x0 ./Drivers/pwm.o
 .data          0x20000000        0x0 ./Drivers/qei.o
 .data          0x20000000        0x0 ./Drivers/ssi.o
 .data          0x20000000        0x0 ./Drivers/sysctl.o
 .data          0x20000000        0x0 ./Drivers/systick.o
 .data          0x20000000        0x0 ./Drivers/timer.o
 .data          0x20000000        0x0 ./Drivers/uart.o
 .data          0x20000000        0x0 ./Drivers/udma.o
 .data          0x20000000        0x0 ./Drivers/usb.o
 .data          0x20000000        0x0 ./Drivers/watchdog.o
 .data          0x20000000        0x0 ./API/led.o
 .data          0x20000000        0x0 ./API/comport.o
 .data          0x20000000        0x0 ./API/buttons.o
 .data          0x20000000        0x0 ./API/ustdlib.o
 .data          0x20000000        0x0 ./OLEDDisplay/rit128x96x4.o
 .data          0x20000000        0x0 ./OLEDDisplay/osram128x64x4.o
 .data          0x20000000        0x0 ./OLEDDisplay/formike128x128x16.o
 .data          0x20000000        0x0 main.o
 .data          0x20000000        0x0 ../../../Source/list.o
 .data          0x20000000        0x0 ../../../Source/queue.o
 .data          0x20000000        0x0 ../../../Source/tasks.o
 .data.uxPreviousTask
                0x20000000        0x4 ../../../Source/tasks.o
 .data          0x20000004        0x0 ../../../Source/portable/GCC/ARM_CM3/port.o
 .data.uxCriticalNesting
                0x20000004        0x4 ../../../Source/portable/GCC/ARM_CM3/port.o
 .data          0x20000008        0x0 ../../../Source/portable/MemMang/heap_2.o
 .data          0x20000008        0x0 startup.o
 .data          0x20000008        0x0 ./Drivers/grlib.a(context.o)
 .data          0x20000008        0x0 ./Drivers/grlib.a(fontcmss12.o)
 .data          0x20000008        0x0 ./Drivers/grlib.a(image.o)
 .data          0x20000008        0x0 ./Drivers/grlib.a(rectangle.o)
 .data          0x20000008        0x0 ./Drivers/grlib.a(string.o)
 .data          0x20000008        0x0 ./Drivers/grlib.a(line.o)
 .data          0x20000008        0x0 c:/programme/codesourcery/sourcery g++ lite/bin/../lib/gcc/arm-none-eabi/4.4.1/../../../../arm-none-eabi/lib/thumb2\libc.a(lib_a-memcmp.o)
 .data          0x20000008        0x0 c:/programme/codesourcery/sourcery g++ lite/bin/../lib/gcc/arm-none-eabi/4.4.1/../../../../arm-none-eabi/lib/thumb2\libc.a(lib_a-memcpy.o)
 .data          0x20000008        0x0 c:/programme/codesourcery/sourcery g++ lite/bin/../lib/gcc/arm-none-eabi/4.4.1/../../../../arm-none-eabi/lib/thumb2\libc.a(lib_a-memset.o)
 .data          0x20000008        0x0 c:/programme/codesourcery/sourcery g++ lite/bin/../lib/gcc/arm-none-eabi/4.4.1/../../../../arm-none-eabi/lib/thumb2\libc.a(lib_a-strcat.o)
 .data          0x20000008        0x0 c:/programme/codesourcery/sourcery g++ lite/bin/../lib/gcc/arm-none-eabi/4.4.1/../../../../arm-none-eabi/lib/thumb2\libc.a(lib_a-strcpy.o)
 .data          0x20000008        0x0 c:/programme/codesourcery/sourcery g++ lite/bin/../lib/gcc/arm-none-eabi/4.4.1/../../../../arm-none-eabi/lib/thumb2\libc.a(lib_a-strlen.o)
 .data          0x20000008        0x0 c:/programme/codesourcery/sourcery g++ lite/bin/../lib/gcc/arm-none-eabi/4.4.1/../../../../arm-none-eabi/lib/thumb2\libc.a(lib_a-strncpy.o)
                0x20000008                _edata = .

.cs3.region-head.ram
                0x20000008      0x11c load address 0x00012600
 .cs3.region-head.ram
                0x20000008      0x11c ./Drivers/interrupt.o

.bss            0x20000128     0x621c load address 0x00012720
                0x20000128                _bss = .
 *(.bss*)
 .bss           0x20000128        0x0 ./Drivers/adc.o
 .bss.g_pucOversampleFactor
                0x20000128        0x4 ./Drivers/adc.o
 .bss           0x2000012c        0x0 ./Drivers/can.o
 .bss           0x2000012c        0x0 ./Drivers/comp.o
 .bss           0x2000012c        0x0 ./Drivers/cpu.o
 .bss           0x2000012c        0x0 ./Drivers/epi.o
 .bss           0x2000012c        0x0 ./Drivers/ethernet.o
 .bss           0x2000012c        0x0 ./Drivers/flash.o
 .bss           0x2000012c        0x0 ./Drivers/gpio.o
 .bss           0x2000012c        0x0 ./Drivers/hibernate.o
 .bss.g_ulWriteDelay
                0x2000012c        0x4 ./Drivers/hibernate.o
 .bss           0x20000130        0x0 ./Drivers/i2c.o
 .bss           0x20000130        0x0 ./Drivers/i2s.o
 .bss           0x20000130        0x0 ./Drivers/interrupt.o
 .bss           0x20000130        0x0 ./Drivers/mpu.o
 .bss           0x20000130        0x0 ./Drivers/pwm.o
 .bss           0x20000130        0x0 ./Drivers/qei.o
 .bss           0x20000130        0x0 ./Drivers/ssi.o
 .bss           0x20000130        0x0 ./Drivers/sysctl.o
 .bss           0x20000130        0x0 ./Drivers/systick.o
 .bss           0x20000130        0x0 ./Drivers/timer.o
 .bss           0x20000130        0x0 ./Drivers/uart.o
 .bss           0x20000130        0x0 ./Drivers/udma.o
 .bss           0x20000130        0x0 ./Drivers/usb.o
 .bss           0x20000130        0x0 ./Drivers/watchdog.o
 .bss           0x20000130        0x0 ./API/led.o
 .bss.isInitialized
                0x20000130        0x1 ./API/led.o
 .bss           0x20000131        0x0 ./API/comport.o
 .bss.isInitialized
                0x20000131        0x1 ./API/comport.o
 .bss.isOpen    0x20000132        0x1 ./API/comport.o
 .bss           0x20000133        0x0 ./API/buttons.o
 .bss.isInitialized
                0x20000133        0x1 ./API/buttons.o
 .bss.callbackCollection
                0x20000134       0x28 ./API/buttons.o
 .bss           0x2000015c        0x0 ./API/ustdlib.o
 .bss           0x2000015c        0x0 ./OLEDDisplay/rit128x96x4.o
 .bss.ulGPIOId  0x2000015c        0x4 ./OLEDDisplay/rit128x96x4.o
                0x2000015c                ulGPIOId
 .bss.ulGPIOBase
                0x20000160        0x4 ./OLEDDisplay/rit128x96x4.o
                0x20000160                ulGPIOBase
 .bss.ulOLEDDC_PIN
                0x20000164        0x4 ./OLEDDisplay/rit128x96x4.o
                0x20000164                ulOLEDDC_PIN
 .bss.ulOLEDEN_PIN
                0x20000168        0x4 ./OLEDDisplay/rit128x96x4.o
                0x20000168                ulOLEDEN_PIN
 .bss.g_bSSIEnabled
                0x2000016c        0x1 ./OLEDDisplay/rit128x96x4.o
 *fill*         0x2000016d        0x3 00
 .bss.g_pucBuffer
                0x20000170        0x8 ./OLEDDisplay/rit128x96x4.o
 .bss           0x20000178        0x0 ./OLEDDisplay/osram128x64x4.o
 .bss.g_bSSIEnabled
                0x20000178        0x1 ./OLEDDisplay/osram128x64x4.o
 *fill*         0x20000179        0x3 00
 .bss.pucBuffer.1644
                0x2000017c        0x8 ./OLEDDisplay/osram128x64x4.o
 .bss.pucBuffer.1576
                0x20000184        0x8 ./OLEDDisplay/osram128x64x4.o
 .bss.pucZeroBuffer.1563
                0x2000018c        0x8 ./OLEDDisplay/osram128x64x4.o
 .bss           0x20000194        0x0 ./OLEDDisplay/formike128x128x16.o
 .bss.sContext  0x20000194       0x1c ./OLEDDisplay/formike128x128x16.o
 .bss           0x200001b0        0x0 main.o
 .bss.ulIdleError
                0x200001b0        0x4 main.o
                0x200001b0                ulIdleError
 .bss.cMessage.3265
                0x200001b4       0x1c main.o
 .bss           0x200001d0        0x0 ../../../Source/list.o
 .bss           0x200001d0        0x0 ../../../Source/queue.o
 .bss           0x200001d0        0x0 ../../../Source/tasks.o
 .bss.pxCurrentTCB
                0x200001d0        0x4 ../../../Source/tasks.o
                0x200001d0                pxCurrentTCB
 .bss.pxReadyTasksLists
                0x200001d4       0x64 ../../../Source/tasks.o
 .bss.xDelayedTaskList1
                0x20000238       0x14 ../../../Source/tasks.o
 .bss.xDelayedTaskList2
                0x2000024c       0x14 ../../../Source/tasks.o
 .bss.pxDelayedTaskList
                0x20000260        0x4 ../../../Source/tasks.o
 .bss.pxOverflowDelayedTaskList
                0x20000264        0x4 ../../../Source/tasks.o
 .bss.xPendingReadyList
                0x20000268       0x14 ../../../Source/tasks.o
 .bss.xTasksWaitingTermination
                0x2000027c       0x14 ../../../Source/tasks.o
 .bss.uxTasksDeleted
                0x20000290        0x4 ../../../Source/tasks.o
 .bss.xSuspendedTaskList
                0x20000294       0x14 ../../../Source/tasks.o
 .bss.uxCurrentNumberOfTasks
                0x200002a8        0x4 ../../../Source/tasks.o
 .bss.xTickCount
                0x200002ac        0x4 ../../../Source/tasks.o
 .bss.uxTopUsedPriority
                0x200002b0        0x4 ../../../Source/tasks.o
 .bss.uxTopReadyPriority
                0x200002b4        0x4 ../../../Source/tasks.o
 .bss.xSchedulerRunning
                0x200002b8        0x4 ../../../Source/tasks.o
 .bss.uxSchedulerSuspended
                0x200002bc        0x4 ../../../Source/tasks.o
 .bss.uxMissedTicks
                0x200002c0        0x4 ../../../Source/tasks.o
 .bss.xMissedYield
                0x200002c4        0x4 ../../../Source/tasks.o
 .bss.xNumOfOverflows
                0x200002c8        0x4 ../../../Source/tasks.o
 .bss.uxTaskNumber
                0x200002cc        0x4 ../../../Source/tasks.o
 .bss.pcTraceBuffer
                0x200002d0        0x4 ../../../Source/tasks.o
 .bss.pcTraceBufferStart
                0x200002d4        0x4 ../../../Source/tasks.o
 .bss.pcTraceBufferEnd
                0x200002d8        0x4 ../../../Source/tasks.o
 .bss.xTracing  0x200002dc        0x4 ../../../Source/tasks.o
 .bss.pcStatusString
                0x200002e0       0x34 ../../../Source/tasks.o
 .bss           0x20000314        0x0 ../../../Source/portable/GCC/ARM_CM3/port.o
 .bss           0x20000314        0x0 ../../../Source/portable/MemMang/heap_2.o
 *fill*         0x20000314        0x4 00
 .bss.xHeap     0x20000318     0x5dc0 ../../../Source/portable/MemMang/heap_2.o
 .bss.xStart    0x200060d8        0x8 ../../../Source/portable/MemMang/heap_2.o
 .bss.xEnd      0x200060e0        0x8 ../../../Source/portable/MemMang/heap_2.o
 .bss.xFreeBytesRemaining
                0x200060e8        0x4 ../../../Source/portable/MemMang/heap_2.o
 .bss.xHeapHasBeenInitialised.1974
                0x200060ec        0x4 ../../../Source/portable/MemMang/heap_2.o
 .bss           0x200060f0        0x0 startup.o
 .bss.pulStack  0x200060f0      0x1e0 startup.o
 .bss           0x200062d0        0x0 ./Drivers/grlib.a(context.o)
 .bss           0x200062d0        0x0 ./Drivers/grlib.a(fontcmss12.o)
 .bss           0x200062d0        0x0 ./Drivers/grlib.a(image.o)
 .bss.g_pucDictionary
                0x200062d0       0x20 ./Drivers/grlib.a(image.o)
 .bss           0x200062f0        0x0 ./Drivers/grlib.a(rectangle.o)
 .bss           0x200062f0        0x0 ./Drivers/grlib.a(string.o)
 .bss           0x200062f0        0x0 ./Drivers/grlib.a(line.o)
 .bss           0x200062f0        0x0 c:/programme/codesourcery/sourcery g++ lite/bin/../lib/gcc/arm-none-eabi/4.4.1/../../../../arm-none-eabi/lib/thumb2\libc.a(lib_a-memcmp.o)
 .bss           0x200062f0        0x0 c:/programme/codesourcery/sourcery g++ lite/bin/../lib/gcc/arm-none-eabi/4.4.1/../../../../arm-none-eabi/lib/thumb2\libc.a(lib_a-memcpy.o)
 .bss           0x200062f0        0x0 c:/programme/codesourcery/sourcery g++ lite/bin/../lib/gcc/arm-none-eabi/4.4.1/../../../../arm-none-eabi/lib/thumb2\libc.a(lib_a-memset.o)
 .bss           0x200062f0        0x0 c:/programme/codesourcery/sourcery g++ lite/bin/../lib/gcc/arm-none-eabi/4.4.1/../../../../arm-none-eabi/lib/thumb2\libc.a(lib_a-strcat.o)
 .bss           0x200062f0        0x0 c:/programme/codesourcery/sourcery g++ lite/bin/../lib/gcc/arm-none-eabi/4.4.1/../../../../arm-none-eabi/lib/thumb2\libc.a(lib_a-strcpy.o)
 .bss           0x200062f0        0x0 c:/programme/codesourcery/sourcery g++ lite/bin/../lib/gcc/arm-none-eabi/4.4.1/../../../../arm-none-eabi/lib/thumb2\libc.a(lib_a-strlen.o)
 .bss           0x200062f0        0x0 c:/programme/codesourcery/sourcery g++ lite/bin/../lib/gcc/arm-none-eabi/4.4.1/../../../../arm-none-eabi/lib/thumb2\libc.a(lib_a-strncpy.o)
 *(COMMON)
 COMMON         0x200062f0        0x4 main.o
                0x200062f0                xOLEDQueue
 COMMON         0x200062f4       0x50 ../../../Source/queue.o
                0x200062f4                xQueueRegistry
                0x20006344                _ebss = .
OUTPUT(RTOSDemo.axf elf32-littlearm)

.debug_abbrev   0x00000000     0x2450
 .debug_abbrev  0x00000000       0xf3 ./Drivers/adc.o
 .debug_abbrev  0x000000f3      0x154 ./Drivers/can.o
 .debug_abbrev  0x00000247       0xcf ./Drivers/comp.o
 .debug_abbrev  0x00000316       0x5c ./Drivers/cpu.o
 .debug_abbrev  0x00000372       0xc5 ./Drivers/epi.o
 .debug_abbrev  0x00000437      0x115 ./Drivers/ethernet.o
 .debug_abbrev  0x0000054c      0x15e ./Drivers/flash.o
 .debug_abbrev  0x000006aa       0xf8 ./Drivers/gpio.o
 .debug_abbrev  0x000007a2      0x100 ./Drivers/hibernate.o
 .debug_abbrev  0x000008a2       0xd6 ./Drivers/i2c.o
 .debug_abbrev  0x00000978       0xde ./Drivers/i2s.o
 .debug_abbrev  0x00000a56      0x10b ./Drivers/interrupt.o
 .debug_abbrev  0x00000b61       0xbc ./Drivers/mpu.o
 .debug_abbrev  0x00000c1d       0xc5 ./Drivers/pwm.o
 .debug_abbrev  0x00000ce2       0xde ./Drivers/qei.o
 .debug_abbrev  0x00000dc0       0xd6 ./Drivers/ssi.o
 .debug_abbrev  0x00000e96      0x11c ./Drivers/sysctl.o
 .debug_abbrev  0x00000fb2       0x81 ./Drivers/systick.o
 .debug_abbrev  0x00001033       0xb6 ./Drivers/timer.o
 .debug_abbrev  0x000010e9       0xed ./Drivers/uart.o
 .debug_abbrev  0x000011d6      0x150 ./Drivers/udma.o
 .debug_abbrev  0x00001326      0x100 ./Drivers/usb.o
 .debug_abbrev  0x00001426       0xcf ./Drivers/watchdog.o
 .debug_abbrev  0x000014f5       0x74 ./API/led.o
 .debug_abbrev  0x00001569       0xba ./API/comport.o
 .debug_abbrev  0x00001623       0xef ./API/buttons.o
 .debug_abbrev  0x00001712       0xfc ./API/ustdlib.o
 .debug_abbrev  0x0000180e       0xd7 ./OLEDDisplay/rit128x96x4.o
 .debug_abbrev  0x000018e5       0xc6 ./OLEDDisplay/osram128x64x4.o
 .debug_abbrev  0x000019ab      0x1dd ./OLEDDisplay/formike128x128x16.o
 .debug_abbrev  0x00001b88      0x193 main.o
 .debug_abbrev  0x00001d1b       0xc8 ../../../Source/list.o
 .debug_abbrev  0x00001de3      0x16d ../../../Source/queue.o
 .debug_abbrev  0x00001f50      0x181 ../../../Source/tasks.o
 .debug_abbrev  0x000020d1      0x11a ../../../Source/portable/GCC/ARM_CM3/port.o
 .debug_abbrev  0x000021eb      0x165 ../../../Source/portable/MemMang/heap_2.o
 .debug_abbrev  0x00002350      0x100 startup.o

.debug_info     0x00000000     0xc50e
 .debug_info    0x00000000      0x8cf ./Drivers/adc.o
 .debug_info    0x000008cf      0x98d ./Drivers/can.o
 .debug_info    0x0000125c      0x26b ./Drivers/comp.o
 .debug_info    0x000014c7       0x92 ./Drivers/cpu.o
 .debug_info    0x00001559      0x650 ./Drivers/epi.o
 .debug_info    0x00001ba9      0x666 ./Drivers/ethernet.o
 .debug_info    0x0000220f      0x3f7 ./Drivers/flash.o
 .debug_info    0x00002606      0x8d9 ./Drivers/gpio.o
 .debug_info    0x00002edf      0x44b ./Drivers/hibernate.o
 .debug_info    0x0000332a      0x67d ./Drivers/i2c.o
 .debug_info    0x000039a7      0x593 ./Drivers/i2s.o
 .debug_info    0x00003f3a      0x303 ./Drivers/interrupt.o
 .debug_info    0x0000423d      0x1b8 ./Drivers/mpu.o
 .debug_info    0x000043f5      0x94c ./Drivers/pwm.o
 .debug_info    0x00004d41      0x3cb ./Drivers/qei.o
 .debug_info    0x0000510c      0x445 ./Drivers/ssi.o
 .debug_info    0x00005551      0x7e8 ./Drivers/sysctl.o
 .debug_info    0x00005d39      0x127 ./Drivers/systick.o
 .debug_info    0x00005e60      0x681 ./Drivers/timer.o
 .debug_info    0x000064e1      0x913 ./Drivers/uart.o
 .debug_info    0x00006df4      0x4cd ./Drivers/udma.o
 .debug_info    0x000072c1     0x104a ./Drivers/usb.o
 .debug_info    0x0000830b      0x340 ./Drivers/watchdog.o
 .debug_info    0x0000864b       0x85 ./API/led.o
 .debug_info    0x000086d0      0x3be ./API/comport.o
 .debug_info    0x00008a8e      0x1a7 ./API/buttons.o
 .debug_info    0x00008c35      0x263 ./API/ustdlib.o
 .debug_info    0x00008e98      0x453 ./OLEDDisplay/rit128x96x4.o
 .debug_info    0x000092eb      0x430 ./OLEDDisplay/osram128x64x4.o
 .debug_info    0x0000971b      0x870 ./OLEDDisplay/formike128x128x16.o
 .debug_info    0x00009f8b      0x48d main.o
 .debug_info    0x0000a418      0x2ad ../../../Source/list.o
 .debug_info    0x0000a6c5      0x8b5 ../../../Source/queue.o
 .debug_info    0x0000af7a      0xf9c ../../../Source/tasks.o
 .debug_info    0x0000bf16      0x1cb ../../../Source/portable/GCC/ARM_CM3/port.o
 .debug_info    0x0000c0e1      0x2b6 ../../../Source/portable/MemMang/heap_2.o
 .debug_info    0x0000c397      0x177 startup.o

.debug_line     0x00000000     0x2cfb
 .debug_line    0x00000000      0x188 ./Drivers/adc.o
 .debug_line    0x00000188      0x230 ./Drivers/can.o
 .debug_line    0x000003b8       0x93 ./Drivers/comp.o
 .debug_line    0x0000044b       0x4f ./Drivers/cpu.o
 .debug_line    0x0000049a      0x121 ./Drivers/epi.o
 .debug_line    0x000005bb      0x16a ./Drivers/ethernet.o
 .debug_line    0x00000725      0x136 ./Drivers/flash.o
 .debug_line    0x0000085b      0x1c9 ./Drivers/gpio.o
 .debug_line    0x00000a24      0x118 ./Drivers/hibernate.o
 .debug_line    0x00000b3c      0x13e ./Drivers/i2c.o
 .debug_line    0x00000c7a      0x124 ./Drivers/i2s.o
 .debug_line    0x00000d9e       0xdc ./Drivers/interrupt.o
 .debug_line    0x00000e7a       0x7c ./Drivers/mpu.o
 .debug_line    0x00000ef6      0x177 ./Drivers/pwm.o
 .debug_line    0x0000106d       0xc7 ./Drivers/qei.o
 .debug_line    0x00001134       0xd3 ./Drivers/ssi.o
 .debug_line    0x00001207      0x25d ./Drivers/sysctl.o
 .debug_line    0x00001464       0x6f ./Drivers/systick.o
 .debug_line    0x000014d3      0x155 ./Drivers/timer.o
 .debug_line    0x00001628      0x18f ./Drivers/uart.o
 .debug_line    0x000017b7      0x10e ./Drivers/udma.o
 .debug_line    0x000018c5      0x343 ./Drivers/usb.o
 .debug_line    0x00001c08       0xc8 ./Drivers/watchdog.o
 .debug_line    0x00001cd0       0x62 ./API/led.o
 .debug_line    0x00001d32       0xb5 ./API/comport.o
 .debug_line    0x00001de7       0x86 ./API/buttons.o
 .debug_line    0x00001e6d      0x13e ./API/ustdlib.o
 .debug_line    0x00001fab      0x134 ./OLEDDisplay/rit128x96x4.o
 .debug_line    0x000020df      0x125 ./OLEDDisplay/osram128x64x4.o
 .debug_line    0x00002204      0x172 ./OLEDDisplay/formike128x128x16.o
 .debug_line    0x00002376      0x15a main.o
 .debug_line    0x000024d0       0xdd ../../../Source/list.o
 .debug_line    0x000025ad      0x279 ../../../Source/queue.o
 .debug_line    0x00002826      0x2d7 ../../../Source/tasks.o
 .debug_line    0x00002afd       0xbb ../../../Source/portable/GCC/ARM_CM3/port.o
 .debug_line    0x00002bb8       0xee ../../../Source/portable/MemMang/heap_2.o
 .debug_line    0x00002ca6       0x55 startup.o

.debug_frame    0x00000000     0x51e4
 .debug_frame   0x00000000      0x37c ./Drivers/adc.o
 .debug_frame   0x0000037c      0x30c ./Drivers/can.o
 .debug_frame   0x00000688      0x114 ./Drivers/comp.o
 .debug_frame   0x0000079c       0x40 ./Drivers/cpu.o
 .debug_frame   0x000007dc      0x29c ./Drivers/epi.o
 .debug_frame   0x00000a78      0x2ac ./Drivers/ethernet.o
 .debug_frame   0x00000d24      0x1d4 ./Drivers/flash.o
 .debug_frame   0x00000ef8      0x3f8 ./Drivers/gpio.o
 .debug_frame   0x000012f0      0x338 ./Drivers/hibernate.o
 .debug_frame   0x00001628      0x368 ./Drivers/i2c.o
 .debug_frame   0x00001990      0x2f0 ./Drivers/i2s.o
 .debug_frame   0x00001c80      0x17c ./Drivers/interrupt.o
 .debug_frame   0x00001dfc      0x110 ./Drivers/mpu.o
 .debug_frame   0x00001f0c      0x3bc ./Drivers/pwm.o
 .debug_frame   0x000022c8      0x1f4 ./Drivers/qei.o
 .debug_frame   0x000024bc      0x1d8 ./Drivers/ssi.o
 .debug_frame   0x00002694      0x4c0 ./Drivers/sysctl.o
 .debug_frame   0x00002b54      0x110 ./Drivers/systick.o
 .debug_frame   0x00002c64      0x2f4 ./Drivers/timer.o
 .debug_frame   0x00002f58      0x47c ./Drivers/uart.o
 .debug_frame   0x000033d4      0x264 ./Drivers/udma.o
 .debug_frame   0x00003638      0x694 ./Drivers/usb.o
 .debug_frame   0x00003ccc      0x1f4 ./Drivers/watchdog.o
 .debug_frame   0x00003ec0       0x4c ./API/led.o
 .debug_frame   0x00003f0c       0xfc ./API/comport.o
 .debug_frame   0x00004008       0x8c ./API/buttons.o
 .debug_frame   0x00004094       0x84 ./API/ustdlib.o
 .debug_frame   0x00004118      0x14c ./OLEDDisplay/rit128x96x4.o
 .debug_frame   0x00004264      0x14c ./OLEDDisplay/osram128x64x4.o
 .debug_frame   0x000043b0      0x1f8 ./OLEDDisplay/formike128x128x16.o
 .debug_frame   0x000045a8      0x10c main.o
 .debug_frame   0x000046b4       0x9c ../../../Source/list.o
 .debug_frame   0x00004750      0x284 ../../../Source/queue.o
 .debug_frame   0x000049d4      0x4c0 ../../../Source/tasks.o
 .debug_frame   0x00004e94      0x124 ../../../Source/portable/GCC/ARM_CM3/port.o
 .debug_frame   0x00004fb8       0x88 ../../../Source/portable/MemMang/heap_2.o
 .debug_frame   0x00005040       0x7c startup.o
 .debug_frame   0x000050bc       0x2c c:/programme/codesourcery/sourcery g++ lite/bin/../lib/gcc/arm-none-eabi/4.4.1/../../../../arm-none-eabi/lib/thumb2\libc.a(lib_a-memcmp.o)
 .debug_frame   0x000050e8       0x38 c:/programme/codesourcery/sourcery g++ lite/bin/../lib/gcc/arm-none-eabi/4.4.1/../../../../arm-none-eabi/lib/thumb2\libc.a(lib_a-memcpy.o)
 .debug_frame   0x00005120       0x2c c:/programme/codesourcery/sourcery g++ lite/bin/../lib/gcc/arm-none-eabi/4.4.1/../../../../arm-none-eabi/lib/thumb2\libc.a(lib_a-memset.o)
 .debug_frame   0x0000514c       0x2c c:/programme/codesourcery/sourcery g++ lite/bin/../lib/gcc/arm-none-eabi/4.4.1/../../../../arm-none-eabi/lib/thumb2\libc.a(lib_a-strcat.o)
 .debug_frame   0x00005178       0x20 c:/programme/codesourcery/sourcery g++ lite/bin/../lib/gcc/arm-none-eabi/4.4.1/../../../../arm-none-eabi/lib/thumb2\libc.a(lib_a-strcpy.o)
 .debug_frame   0x00005198       0x20 c:/programme/codesourcery/sourcery g++ lite/bin/../lib/gcc/arm-none-eabi/4.4.1/../../../../arm-none-eabi/lib/thumb2\libc.a(lib_a-strlen.o)
 .debug_frame   0x000051b8       0x2c c:/programme/codesourcery/sourcery g++ lite/bin/../lib/gcc/arm-none-eabi/4.4.1/../../../../arm-none-eabi/lib/thumb2\libc.a(lib_a-strncpy.o)

.debug_loc      0x00000000     0x8f9a
 .debug_loc     0x00000000      0x6a9 ./Drivers/adc.o
 .debug_loc     0x000006a9      0x528 ./Drivers/can.o
 .debug_loc     0x00000bd1      0x1ef ./Drivers/comp.o
 .debug_loc     0x00000dc0      0x4f1 ./Drivers/epi.o
 .debug_loc     0x000012b1      0x4f1 ./Drivers/ethernet.o
 .debug_loc     0x000017a2      0x34c ./Drivers/flash.o
 .debug_loc     0x00001aee      0x717 ./Drivers/gpio.o
 .debug_loc     0x00002205      0x568 ./Drivers/hibernate.o
 .debug_loc     0x0000276d      0x672 ./Drivers/i2c.o
 .debug_loc     0x00002ddf      0x596 ./Drivers/i2s.o
 .debug_loc     0x00003375      0x2a7 ./Drivers/interrupt.o
 .debug_loc     0x0000361c      0x1cb ./Drivers/mpu.o
 .debug_loc     0x000037e7      0x717 ./Drivers/pwm.o
 .debug_loc     0x00003efe      0x3a7 ./Drivers/qei.o
 .debug_loc     0x000042a5      0x370 ./Drivers/ssi.o
 .debug_loc     0x00004615      0x86a ./Drivers/sysctl.o
 .debug_loc     0x00004e7f      0x19b ./Drivers/systick.o
 .debug_loc     0x0000501a      0x596 ./Drivers/timer.o
 .debug_loc     0x000055b0      0x898 ./Drivers/uart.o
 .debug_loc     0x00005e48      0x447 ./Drivers/udma.o
 .debug_loc     0x0000628f      0xcad ./Drivers/usb.o
 .debug_loc     0x00006f3c      0x3a7 ./Drivers/watchdog.o
 .debug_loc     0x000072e3       0x62 ./API/led.o
 .debug_loc     0x00007345      0x1ac ./API/comport.o
 .debug_loc     0x000074f1       0xd0 ./API/buttons.o
 .debug_loc     0x000075c1       0xbd ./API/ustdlib.o
 .debug_loc     0x0000767e      0x21a ./OLEDDisplay/rit128x96x4.o
 .debug_loc     0x00007898      0x21a ./OLEDDisplay/osram128x64x4.o
 .debug_loc     0x00007ab2      0x358 ./OLEDDisplay/formike128x128x16.o
 .debug_loc     0x00007e0a      0x1b1 main.o
 .debug_loc     0x00007fbb      0x113 ../../../Source/list.o
 .debug_loc     0x000080ce      0x44c ../../../Source/queue.o
 .debug_loc     0x0000851a      0x7fb ../../../Source/tasks.o
 .debug_loc     0x00008d15      0x170 ../../../Source/portable/GCC/ARM_CM3/port.o
 .debug_loc     0x00008e85       0xc4 ../../../Source/portable/MemMang/heap_2.o
 .debug_loc     0x00008f49       0x51 startup.o

.debug_pubnames
                0x00000000     0x3a4f
 .debug_pubnames
                0x00000000      0x315 ./Drivers/adc.o
 .debug_pubnames
                0x00000315      0x15c ./Drivers/can.o
 .debug_pubnames
                0x00000471       0xec ./Drivers/comp.o
 .debug_pubnames
                0x0000055d       0x37 ./Drivers/cpu.o
 .debug_pubnames
                0x00000594      0x21d ./Drivers/epi.o
 .debug_pubnames
                0x000007b1      0x1fa ./Drivers/ethernet.o
 .debug_pubnames
                0x000009ab      0x13d ./Drivers/flash.o
 .debug_pubnames
                0x00000ae8      0x2bc ./Drivers/gpio.o
 .debug_pubnames
                0x00000da4      0x2a1 ./Drivers/hibernate.o
 .debug_pubnames
                0x00001045      0x293 ./Drivers/i2c.o
 .debug_pubnames
                0x000012d8      0x217 ./Drivers/i2s.o
 .debug_pubnames
                0x000014ef       0xf6 ./Drivers/interrupt.o
 .debug_pubnames
                0x000015e5       0xb8 ./Drivers/mpu.o
 .debug_pubnames
                0x0000169d      0x2d1 ./Drivers/pwm.o
 .debug_pubnames
                0x0000196e      0x14f ./Drivers/qei.o
 .debug_pubnames
                0x00001abd      0x133 ./Drivers/ssi.o
 .debug_pubnames
                0x00001bf0      0x41f ./Drivers/sysctl.o
 .debug_pubnames
                0x0000200f       0xd0 ./Drivers/systick.o
 .debug_pubnames
                0x000020df      0x224 ./Drivers/timer.o
 .debug_pubnames
                0x00002303      0x346 ./Drivers/uart.o
 .debug_pubnames
                0x00002649      0x210 ./Drivers/udma.o
 .debug_pubnames
                0x00002859      0x521 ./Drivers/usb.o
 .debug_pubnames
                0x00002d7a      0x189 ./Drivers/watchdog.o
 .debug_pubnames
                0x00002f03       0x20 ./API/led.o
 .debug_pubnames
                0x00002f23       0x81 ./API/comport.o
 .debug_pubnames
                0x00002fa4       0x43 ./API/buttons.o
 .debug_pubnames
                0x00002fe7       0x3c ./API/ustdlib.o
 .debug_pubnames
                0x00003023      0x10c ./OLEDDisplay/rit128x96x4.o
 .debug_pubnames
                0x0000312f       0xde ./OLEDDisplay/osram128x64x4.o
 .debug_pubnames
                0x0000320d      0x100 ./OLEDDisplay/formike128x128x16.o
 .debug_pubnames
                0x0000330d       0xd3 main.o
 .debug_pubnames
                0x000033e0       0x71 ../../../Source/list.o
 .debug_pubnames
                0x00003451      0x18c ../../../Source/queue.o
 .debug_pubnames
                0x000035dd      0x2c3 ../../../Source/tasks.o
 .debug_pubnames
                0x000038a0      0x10d ../../../Source/portable/GCC/ARM_CM3/port.o
 .debug_pubnames
                0x000039ad       0x64 ../../../Source/portable/MemMang/heap_2.o
 .debug_pubnames
                0x00003a11       0x3e startup.o

.debug_aranges  0x00000000      0x4a0
 .debug_aranges
                0x00000000       0x20 ./Drivers/adc.o
 .debug_aranges
                0x00000020       0x20 ./Drivers/can.o
 .debug_aranges
                0x00000040       0x20 ./Drivers/comp.o
 .debug_aranges
                0x00000060       0x20 ./Drivers/cpu.o
 .debug_aranges
                0x00000080       0x20 ./Drivers/epi.o
 .debug_aranges
                0x000000a0       0x20 ./Drivers/ethernet.o
 .debug_aranges
                0x000000c0       0x20 ./Drivers/flash.o
 .debug_aranges
                0x000000e0       0x20 ./Drivers/gpio.o
 .debug_aranges
                0x00000100       0x20 ./Drivers/hibernate.o
 .debug_aranges
                0x00000120       0x20 ./Drivers/i2c.o
 .debug_aranges
                0x00000140       0x20 ./Drivers/i2s.o
 .debug_aranges
                0x00000160       0x20 ./Drivers/interrupt.o
 .debug_aranges
                0x00000180       0x20 ./Drivers/mpu.o
 .debug_aranges
                0x000001a0       0x20 ./Drivers/pwm.o
 .debug_aranges
                0x000001c0       0x20 ./Drivers/qei.o
 .debug_aranges
                0x000001e0       0x20 ./Drivers/ssi.o
 .debug_aranges
                0x00000200       0x20 ./Drivers/sysctl.o
 .debug_aranges
                0x00000220       0x20 ./Drivers/systick.o
 .debug_aranges
                0x00000240       0x20 ./Drivers/timer.o
 .debug_aranges
                0x00000260       0x20 ./Drivers/uart.o
 .debug_aranges
                0x00000280       0x20 ./Drivers/udma.o
 .debug_aranges
                0x000002a0       0x20 ./Drivers/usb.o
 .debug_aranges
                0x000002c0       0x20 ./Drivers/watchdog.o
 .debug_aranges
                0x000002e0       0x20 ./API/led.o
 .debug_aranges
                0x00000300       0x20 ./API/comport.o
 .debug_aranges
                0x00000320       0x20 ./API/buttons.o
 .debug_aranges
                0x00000340       0x20 ./API/ustdlib.o
 .debug_aranges
                0x00000360       0x20 ./OLEDDisplay/rit128x96x4.o
 .debug_aranges
                0x00000380       0x20 ./OLEDDisplay/osram128x64x4.o
 .debug_aranges
                0x000003a0       0x20 ./OLEDDisplay/formike128x128x16.o
 .debug_aranges
                0x000003c0       0x20 main.o
 .debug_aranges
                0x000003e0       0x20 ../../../Source/list.o
 .debug_aranges
                0x00000400       0x20 ../../../Source/queue.o
 .debug_aranges
                0x00000420       0x20 ../../../Source/tasks.o
 .debug_aranges
                0x00000440       0x20 ../../../Source/portable/GCC/ARM_CM3/port.o
 .debug_aranges
                0x00000460       0x20 ../../../Source/portable/MemMang/heap_2.o
 .debug_aranges
                0x00000480       0x20 startup.o

.debug_str      0x00000000     0x4e00
 .debug_str     0x00000000      0x3dd ./Drivers/adc.o
                                0x40c (size before relaxing)
 .debug_str     0x000003dd      0x494 ./Drivers/can.o
                                0x568 (size before relaxing)
 .debug_str     0x00000871       0x61 ./Drivers/comp.o
                                0x17d (size before relaxing)
 .debug_str     0x000008d2       0x2d ./Drivers/cpu.o
                                 0x9e (size before relaxing)
 .debug_str     0x000008ff      0x249 ./Drivers/epi.o
                                0x31a (size before relaxing)
 .debug_str     0x00000b48      0x222 ./Drivers/ethernet.o
                                0x2ff (size before relaxing)
 .debug_str     0x00000d6a      0x1bb ./Drivers/flash.o
                                0x293 (size before relaxing)
 .debug_str     0x00000f25      0x301 ./Drivers/gpio.o
                                0x3c9 (size before relaxing)
 .debug_str     0x00001226      0x291 ./Drivers/hibernate.o
                                0x354 (size before relaxing)
 .debug_str     0x000014b7      0x257 ./Drivers/i2c.o
                                0x319 (size before relaxing)
 .debug_str     0x0000170e      0x1bc ./Drivers/i2s.o
                                0x28a (size before relaxing)
 .debug_str     0x000018ca       0xf8 ./Drivers/interrupt.o
                                0x1d8 (size before relaxing)
 .debug_str     0x000019c2       0xb6 ./Drivers/mpu.o
                                0x14f (size before relaxing)
 .debug_str     0x00001a78      0x32e ./Drivers/pwm.o
                                0x3f5 (size before relaxing)
 .debug_str     0x00001da6      0x129 ./Drivers/qei.o
                                0x1f7 (size before relaxing)
 .debug_str     0x00001ecf      0x140 ./Drivers/ssi.o
                                0x225 (size before relaxing)
 .debug_str     0x0000200f      0x448 ./Drivers/sysctl.o
                                0x503 (size before relaxing)
 .debug_str     0x00002457       0xac ./Drivers/systick.o
                                0x13f (size before relaxing)
 .debug_str     0x00002503      0x1d7 ./Drivers/timer.o
                                0x2a5 (size before relaxing)
 .debug_str     0x000026da      0x30b ./Drivers/uart.o
                                0x411 (size before relaxing)
 .debug_str     0x000029e5      0x256 ./Drivers/udma.o
                                0x30b (size before relaxing)
 .debug_str     0x00002c3b      0x542 ./Drivers/usb.o
                                0x665 (size before relaxing)
 .debug_str     0x0000317d      0x150 ./Drivers/watchdog.o
                                0x1f2 (size before relaxing)
 .debug_str     0x000032cd       0x28 ./API/led.o
                                 0xa3 (size before relaxing)
 .debug_str     0x000032f5      0x279 ./API/comport.o
                                0x342 (size before relaxing)
 .debug_str     0x0000356e       0xf5 ./API/buttons.o
                                0x1ca (size before relaxing)
 .debug_str     0x00003663       0x8c ./API/ustdlib.o
                                0x1a9 (size before relaxing)
 .debug_str     0x000036ef      0x1bf ./OLEDDisplay/rit128x96x4.o
                                0x290 (size before relaxing)
 .debug_str     0x000038ae      0x13a ./OLEDDisplay/osram128x64x4.o
                                0x280 (size before relaxing)
 .debug_str     0x000039e8      0x327 ./OLEDDisplay/formike128x128x16.o
                                0x48b (size before relaxing)
 .debug_str     0x00003d0f      0x17d main.o
                                0x2d2 (size before relaxing)
 .debug_str     0x00003e8c      0x135 ../../../Source/list.o
                                0x230 (size before relaxing)
 .debug_str     0x00003fc1      0x3ad ../../../Source/queue.o
                                0x57a (size before relaxing)
 .debug_str     0x0000436e      0x78e ../../../Source/tasks.o
                                0x9a0 (size before relaxing)
 .debug_str     0x00004afc      0x133 ../../../Source/portable/GCC/ARM_CM3/port.o
                                0x1ff (size before relaxing)
 .debug_str     0x00004c2f      0x161 ../../../Source/portable/MemMang/heap_2.o
                                0x25b (size before relaxing)
 .debug_str     0x00004d90       0x70 startup.o
                                 0xf8 (size before relaxing)

.comment        0x00000000      0x6de
 .comment       0x00000000       0x2a ./Drivers/adc.o
 .comment       0x0000002a       0x2a ./Drivers/can.o
 .comment       0x00000054       0x2a ./Drivers/comp.o
 .comment       0x0000007e       0x2a ./Drivers/cpu.o
 .comment       0x000000a8       0x2a ./Drivers/epi.o
 .comment       0x000000d2       0x2a ./Drivers/ethernet.o
 .comment       0x000000fc       0x2a ./Drivers/flash.o
 .comment       0x00000126       0x2a ./Drivers/gpio.o
 .comment       0x00000150       0x2a ./Drivers/hibernate.o
 .comment       0x0000017a       0x2a ./Drivers/i2c.o
 .comment       0x000001a4       0x2a ./Drivers/i2s.o
 .comment       0x000001ce       0x2a ./Drivers/interrupt.o
 .comment       0x000001f8       0x2a ./Drivers/mpu.o
 .comment       0x00000222       0x2a ./Drivers/pwm.o
 .comment       0x0000024c       0x2a ./Drivers/qei.o
 .comment       0x00000276       0x2a ./Drivers/ssi.o
 .comment       0x000002a0       0x2a ./Drivers/sysctl.o
 .comment       0x000002ca       0x2a ./Drivers/systick.o
 .comment       0x000002f4       0x2a ./Drivers/timer.o
 .comment       0x0000031e       0x2a ./Drivers/uart.o
 .comment       0x00000348       0x2a ./Drivers/udma.o
 .comment       0x00000372       0x2a ./Drivers/usb.o
 .comment       0x0000039c       0x2a ./Drivers/watchdog.o
 .comment       0x000003c6       0x2a ./API/led.o
 .comment       0x000003f0       0x2a ./API/comport.o
 .comment       0x0000041a       0x2a ./API/buttons.o
 .comment       0x00000444       0x2a ./API/ustdlib.o
 .comment       0x0000046e       0x2a ./OLEDDisplay/rit128x96x4.o
 .comment       0x00000498       0x2a ./OLEDDisplay/osram128x64x4.o
 .comment       0x000004c2       0x2a ./OLEDDisplay/formike128x128x16.o
 .comment       0x000004ec       0x2a main.o
 .comment       0x00000516       0x2a ../../../Source/list.o
 .comment       0x00000540       0x2a ../../../Source/queue.o
 .comment       0x0000056a       0x2a ../../../Source/tasks.o
 .comment       0x00000594       0x2a ../../../Source/portable/GCC/ARM_CM3/port.o
 .comment       0x000005be       0x2a ../../../Source/portable/MemMang/heap_2.o
 .comment       0x000005e8       0x2a startup.o
 .comment       0x00000612       0x22 ./Drivers/grlib.a(context.o)
 .comment       0x00000634       0x22 ./Drivers/grlib.a(fontcmss12.o)
 .comment       0x00000656       0x22 ./Drivers/grlib.a(image.o)
 .comment       0x00000678       0x22 ./Drivers/grlib.a(rectangle.o)
 .comment       0x0000069a       0x22 ./Drivers/grlib.a(string.o)
 .comment       0x000006bc       0x22 ./Drivers/grlib.a(line.o)

.ARM.attributes
                0x00000000       0x31
 .ARM.attributes
                0x00000000       0x31 ./Drivers/adc.o
 .ARM.attributes
                0x00000031       0x31 ./Drivers/can.o
 .ARM.attributes
                0x00000062       0x31 ./Drivers/comp.o
 .ARM.attributes
                0x00000093       0x31 ./Drivers/cpu.o
 .ARM.attributes
                0x000000c4       0x31 ./Drivers/epi.o
 .ARM.attributes
                0x000000f5       0x31 ./Drivers/ethernet.o
 .ARM.attributes
                0x00000126       0x31 ./Drivers/flash.o
 .ARM.attributes
                0x00000157       0x31 ./Drivers/gpio.o
 .ARM.attributes
                0x00000188       0x31 ./Drivers/hibernate.o
 .ARM.attributes
                0x000001b9       0x31 ./Drivers/i2c.o
 .ARM.attributes
                0x000001ea       0x31 ./Drivers/i2s.o
 .ARM.attributes
                0x0000021b       0x31 ./Drivers/interrupt.o
 .ARM.attributes
                0x0000024c       0x31 ./Drivers/mpu.o
 .ARM.attributes
                0x0000027d       0x31 ./Drivers/pwm.o
 .ARM.attributes
                0x000002ae       0x31 ./Drivers/qei.o
 .ARM.attributes
                0x000002df       0x31 ./Drivers/ssi.o
 .ARM.attributes
                0x00000310       0x31 ./Drivers/sysctl.o
 .ARM.attributes
                0x00000341       0x31 ./Drivers/systick.o
 .ARM.attributes
                0x00000372       0x31 ./Drivers/timer.o
 .ARM.attributes
                0x000003a3       0x31 ./Drivers/uart.o
 .ARM.attributes
                0x000003d4       0x31 ./Drivers/udma.o
 .ARM.attributes
                0x00000405       0x31 ./Drivers/usb.o
 .ARM.attributes
                0x00000436       0x31 ./Drivers/watchdog.o
 .ARM.attributes
                0x00000467       0x31 ./API/led.o
 .ARM.attributes
                0x00000498       0x31 ./API/comport.o
 .ARM.attributes
                0x000004c9       0x31 ./API/buttons.o
 .ARM.attributes
                0x000004fa       0x31 ./API/ustdlib.o
 .ARM.attributes
                0x0000052b       0x31 ./OLEDDisplay/rit128x96x4.o
 .ARM.attributes
                0x0000055c       0x31 ./OLEDDisplay/osram128x64x4.o
 .ARM.attributes
                0x0000058d       0x31 ./OLEDDisplay/formike128x128x16.o
 .ARM.attributes
                0x000005be       0x31 main.o
 .ARM.attributes
                0x000005ef       0x31 ../../../Source/list.o
 .ARM.attributes
                0x00000620       0x31 ../../../Source/queue.o
 .ARM.attributes
                0x00000651       0x31 ../../../Source/tasks.o
 .ARM.attributes
                0x00000682       0x31 ../../../Source/portable/GCC/ARM_CM3/port.o
 .ARM.attributes
                0x000006b3       0x31 ../../../Source/portable/MemMang/heap_2.o
 .ARM.attributes
                0x000006e4       0x31 startup.o
 .ARM.attributes
                0x00000715       0x31 ./Drivers/grlib.a(context.o)
 .ARM.attributes
                0x00000746       0x2f ./Drivers/grlib.a(fontcmss12.o)
 .ARM.attributes
                0x00000775       0x31 ./Drivers/grlib.a(image.o)
 .ARM.attributes
                0x000007a6       0x31 ./Drivers/grlib.a(rectangle.o)
 .ARM.attributes
                0x000007d7       0x31 ./Drivers/grlib.a(string.o)
 .ARM.attributes
                0x00000808       0x31 ./Drivers/grlib.a(line.o)
 .ARM.attributes
                0x00000839       0x27 c:/programme/codesourcery/sourcery g++ lite/bin/../lib/gcc/arm-none-eabi/4.4.1/../../../../arm-none-eabi/lib/thumb2\libc.a(lib_a-memcmp.o)
 .ARM.attributes
                0x00000860       0x27 c:/programme/codesourcery/sourcery g++ lite/bin/../lib/gcc/arm-none-eabi/4.4.1/../../../../arm-none-eabi/lib/thumb2\libc.a(lib_a-memcpy.o)
 .ARM.attributes
                0x00000887       0x27 c:/programme/codesourcery/sourcery g++ lite/bin/../lib/gcc/arm-none-eabi/4.4.1/../../../../arm-none-eabi/lib/thumb2\libc.a(lib_a-memset.o)
 .ARM.attributes
                0x000008ae       0x27 c:/programme/codesourcery/sourcery g++ lite/bin/../lib/gcc/arm-none-eabi/4.4.1/../../../../arm-none-eabi/lib/thumb2\libc.a(lib_a-strcat.o)
 .ARM.attributes
                0x000008d5       0x27 c:/programme/codesourcery/sourcery g++ lite/bin/../lib/gcc/arm-none-eabi/4.4.1/../../../../arm-none-eabi/lib/thumb2\libc.a(lib_a-strcpy.o)
 .ARM.attributes
                0x000008fc       0x27 c:/programme/codesourcery/sourcery g++ lite/bin/../lib/gcc/arm-none-eabi/4.4.1/../../../../arm-none-eabi/lib/thumb2\libc.a(lib_a-strlen.o)
 .ARM.attributes
                0x00000923       0x27 c:/programme/codesourcery/sourcery g++ lite/bin/../lib/gcc/arm-none-eabi/4.4.1/../../../../arm-none-eabi/lib/thumb2\libc.a(lib_a-strncpy.o)
