Archive member included because of file (symbol)

./Drivers/grlib.a(context.o)  ./OLEDDisplay/formike128x128x16.o (GrContextInit)
./Drivers/grlib.a(fontcmss12.o)
                              ./OLEDDisplay/formike128x128x16.o (g_sFontCmss12)
./Drivers/grlib.a(image.o)    ./OLEDDisplay/formike128x128x16.o (GrImageDraw)
./Drivers/grlib.a(rectangle.o)
                              ./OLEDDisplay/formike128x128x16.o (GrRectFill)
./Drivers/grlib.a(string.o)   ./OLEDDisplay/formike128x128x16.o (GrStringDraw)
./Drivers/grlib.a(line.o)     ./Drivers/grlib.a(rectangle.o) (GrLineDrawH)
c:/program files (x86)/codesourcery/sourcery g++ lite/bin/../lib/gcc/arm-none-eabi/4.4.1/../../../../arm-none-eabi/lib/thumb2\libc.a(lib_a-memcmp.o)
                              ../../../Source/tasks.o (memcmp)
c:/program files (x86)/codesourcery/sourcery g++ lite/bin/../lib/gcc/arm-none-eabi/4.4.1/../../../../arm-none-eabi/lib/thumb2\libc.a(lib_a-memcpy.o)
                              ./API/ustdlib.o (memcpy)
c:/program files (x86)/codesourcery/sourcery g++ lite/bin/../lib/gcc/arm-none-eabi/4.4.1/../../../../arm-none-eabi/lib/thumb2\libc.a(lib_a-memset.o)
                              ../../../Source/tasks.o (memset)
c:/program files (x86)/codesourcery/sourcery g++ lite/bin/../lib/gcc/arm-none-eabi/4.4.1/../../../../arm-none-eabi/lib/thumb2\libc.a(lib_a-strcat.o)
                              ../../../Source/tasks.o (strcat)
c:/program files (x86)/codesourcery/sourcery g++ lite/bin/../lib/gcc/arm-none-eabi/4.4.1/../../../../arm-none-eabi/lib/thumb2\libc.a(lib_a-strcpy.o)
                              c:/program files (x86)/codesourcery/sourcery g++ lite/bin/../lib/gcc/arm-none-eabi/4.4.1/../../../../arm-none-eabi/lib/thumb2\libc.a(lib_a-strcat.o) (strcpy)
c:/program files (x86)/codesourcery/sourcery g++ lite/bin/../lib/gcc/arm-none-eabi/4.4.1/../../../../arm-none-eabi/lib/thumb2\libc.a(lib_a-strlen.o)
                              ./OLEDDisplay/formike128x128x16.o (strlen)
c:/program files (x86)/codesourcery/sourcery g++ lite/bin/../lib/gcc/arm-none-eabi/4.4.1/../../../../arm-none-eabi/lib/thumb2\libc.a(lib_a-strncpy.o)
                              ./API/ustdlib.o (strncpy)

Allocating common symbols
Common symbol       size              file

xOLEDQueue          0x4               main.o
xQueueRegistry      0x50              ../../../Source/queue.o

Discarded input sections

 .text          0x00000000      0x8e4 ./Drivers/adc.o
 .data          0x00000000        0x0 ./Drivers/adc.o
 .bss           0x00000000        0x0 ./Drivers/adc.o
 .bss.g_pucOversampleFactor
                0x00000000        0x4 ./Drivers/adc.o
 .text          0x00000000      0xeb4 ./Drivers/can.o
 .data          0x00000000        0x0 ./Drivers/can.o
 .bss           0x00000000        0x0 ./Drivers/can.o
 .rodata.g_usCANBitValues
                0x00000000       0x14 ./Drivers/can.o
 .text          0x00000000      0x1f0 ./Drivers/comp.o
 .data          0x00000000        0x0 ./Drivers/comp.o
 .bss           0x00000000        0x0 ./Drivers/comp.o
 .data          0x00000000        0x0 ./Drivers/cpu.o
 .bss           0x00000000        0x0 ./Drivers/cpu.o
 .text          0x00000000      0x4d0 ./Drivers/epi.o
 .data          0x00000000        0x0 ./Drivers/epi.o
 .bss           0x00000000        0x0 ./Drivers/epi.o
 .text          0x00000000      0x928 ./Drivers/ethernet.o
 .data          0x00000000        0x0 ./Drivers/ethernet.o
 .bss           0x00000000        0x0 ./Drivers/ethernet.o
 .text          0x00000000      0x800 ./Drivers/flash.o
 .data          0x00000000        0x0 ./Drivers/flash.o
 .bss           0x00000000        0x0 ./Drivers/flash.o
 .rodata.g_pulFMPPERegs
                0x00000000       0x10 ./Drivers/flash.o
 .rodata.g_pulFMPRERegs
                0x00000000       0x10 ./Drivers/flash.o
 .data          0x00000000        0x0 ./Drivers/gpio.o
 .bss           0x00000000        0x0 ./Drivers/gpio.o
 .text          0x00000000      0x5b0 ./Drivers/hibernate.o
 .data          0x00000000        0x0 ./Drivers/hibernate.o
 .bss           0x00000000        0x0 ./Drivers/hibernate.o
 .bss.g_ulWriteDelay
                0x00000000        0x4 ./Drivers/hibernate.o
 .text          0x00000000      0x5a4 ./Drivers/i2c.o
 .data          0x00000000        0x0 ./Drivers/i2c.o
 .bss           0x00000000        0x0 ./Drivers/i2c.o
 .text          0x00000000      0x574 ./Drivers/i2s.o
 .data          0x00000000        0x0 ./Drivers/i2s.o
 .bss           0x00000000        0x0 ./Drivers/i2s.o
 .data          0x00000000        0x0 ./Drivers/interrupt.o
 .bss           0x00000000        0x0 ./Drivers/interrupt.o
 .text          0x00000000      0x194 ./Drivers/mpu.o
 .data          0x00000000        0x0 ./Drivers/mpu.o
 .bss           0x00000000        0x0 ./Drivers/mpu.o
 .text          0x00000000      0x7e0 ./Drivers/pwm.o
 .data          0x00000000        0x0 ./Drivers/pwm.o
 .bss           0x00000000        0x0 ./Drivers/pwm.o
 .text          0x00000000      0x2b8 ./Drivers/qei.o
 .data          0x00000000        0x0 ./Drivers/qei.o
 .bss           0x00000000        0x0 ./Drivers/qei.o
 .data          0x00000000        0x0 ./Drivers/ssi.o
 .bss           0x00000000        0x0 ./Drivers/ssi.o
 .data          0x00000000        0x0 ./Drivers/sysctl.o
 .bss           0x00000000        0x0 ./Drivers/sysctl.o
 .text          0x00000000      0x144 ./Drivers/systick.o
 .data          0x00000000        0x0 ./Drivers/systick.o
 .bss           0x00000000        0x0 ./Drivers/systick.o
 .text          0x00000000      0x7b4 ./Drivers/timer.o
 .data          0x00000000        0x0 ./Drivers/timer.o
 .bss           0x00000000        0x0 ./Drivers/timer.o
 .data          0x00000000        0x0 ./Drivers/uart.o
 .bss           0x00000000        0x0 ./Drivers/uart.o
 .text          0x00000000      0x57c ./Drivers/udma.o
 .data          0x00000000        0x0 ./Drivers/udma.o
 .bss           0x00000000        0x0 ./Drivers/udma.o
 .text          0x00000000     0x1988 ./Drivers/usb.o
 .data          0x00000000        0x0 ./Drivers/usb.o
 .bss           0x00000000        0x0 ./Drivers/usb.o
 .text          0x00000000      0x260 ./Drivers/watchdog.o
 .data          0x00000000        0x0 ./Drivers/watchdog.o
 .bss           0x00000000        0x0 ./Drivers/watchdog.o
 .data          0x00000000        0x0 ./API/led.o
 .bss           0x00000000        0x0 ./API/led.o
 .data          0x00000000        0x0 ./API/comport.o
 .bss           0x00000000        0x0 ./API/comport.o
 .bss.isOpen    0x00000000        0x1 ./API/comport.o
 .text          0x00000000       0x4c ./API/buttons.o
 .data          0x00000000        0x0 ./API/buttons.o
 .bss           0x00000000        0x0 ./API/buttons.o
 .bss.isInitialized
                0x00000000        0x1 ./API/buttons.o
 .bss.callbackCollection
                0x00000000       0x28 ./API/buttons.o
 .data          0x00000000        0x0 ./API/ustdlib.o
 .bss           0x00000000        0x0 ./API/ustdlib.o
 .data          0x00000000        0x0 ./OLEDDisplay/rit128x96x4.o
 .bss           0x00000000        0x0 ./OLEDDisplay/rit128x96x4.o
 .data          0x00000000        0x0 ./OLEDDisplay/osram128x64x4.o
 .bss           0x00000000        0x0 ./OLEDDisplay/osram128x64x4.o
 .data          0x00000000        0x0 ./OLEDDisplay/formike128x128x16.o
 .bss           0x00000000        0x0 ./OLEDDisplay/formike128x128x16.o
 .data          0x00000000        0x0 main.o
 .bss           0x00000000        0x0 main.o
 .bss.ulIdleError
                0x00000000        0x4 main.o
 .data          0x00000000        0x0 ../../../Source/list.o
 .bss           0x00000000        0x0 ../../../Source/list.o
 .data          0x00000000        0x0 ../../../Source/queue.o
 .bss           0x00000000        0x0 ../../../Source/queue.o
 .data          0x00000000        0x0 ../../../Source/tasks.o
 .bss           0x00000000        0x0 ../../../Source/tasks.o
 .data          0x00000000        0x0 ../../../Source/portable/GCC/ARM_CM3/port.o
 .bss           0x00000000        0x0 ../../../Source/portable/GCC/ARM_CM3/port.o
 .rodata.ulKernelPriority
                0x00000000        0x4 ../../../Source/portable/GCC/ARM_CM3/port.o
 .data          0x00000000        0x0 ../../../Source/portable/MemMang/heap_2.o
 .bss           0x00000000        0x0 ../../../Source/portable/MemMang/heap_2.o
 .data          0x00000000        0x0 startup.o
 .bss           0x00000000        0x0 startup.o
 .text          0x00000000        0x0 ./Drivers/grlib.a(context.o)
 .data          0x00000000        0x0 ./Drivers/grlib.a(context.o)
 .bss           0x00000000        0x0 ./Drivers/grlib.a(context.o)
 .text.GrContextClipRegionSet
                0x00000000       0x88 ./Drivers/grlib.a(context.o)
 .text          0x00000000        0x0 ./Drivers/grlib.a(fontcmss12.o)
 .data          0x00000000        0x0 ./Drivers/grlib.a(fontcmss12.o)
 .bss           0x00000000        0x0 ./Drivers/grlib.a(fontcmss12.o)
 .text          0x00000000        0x0 ./Drivers/grlib.a(image.o)
 .data          0x00000000        0x0 ./Drivers/grlib.a(image.o)
 .bss           0x00000000        0x0 ./Drivers/grlib.a(image.o)
 .text          0x00000000        0x0 ./Drivers/grlib.a(rectangle.o)
 .data          0x00000000        0x0 ./Drivers/grlib.a(rectangle.o)
 .bss           0x00000000        0x0 ./Drivers/grlib.a(rectangle.o)
 .text.GrRectDraw
                0x00000000       0x64 ./Drivers/grlib.a(rectangle.o)
 .text          0x00000000        0x0 ./Drivers/grlib.a(string.o)
 .data          0x00000000        0x0 ./Drivers/grlib.a(string.o)
 .bss           0x00000000        0x0 ./Drivers/grlib.a(string.o)
 .text.GrStringWidthGet
                0x00000000       0x58 ./Drivers/grlib.a(string.o)
 .text          0x00000000        0x0 ./Drivers/grlib.a(line.o)
 .data          0x00000000        0x0 ./Drivers/grlib.a(line.o)
 .bss           0x00000000        0x0 ./Drivers/grlib.a(line.o)
 .text.GrLineDrawV
                0x00000000       0x58 ./Drivers/grlib.a(line.o)
 .text.GrClipCodeGet
                0x00000000       0x38 ./Drivers/grlib.a(line.o)
 .text.GrLineDraw
                0x00000000      0x19c ./Drivers/grlib.a(line.o)
 .data          0x00000000        0x0 c:/program files (x86)/codesourcery/sourcery g++ lite/bin/../lib/gcc/arm-none-eabi/4.4.1/../../../../arm-none-eabi/lib/thumb2\libc.a(lib_a-memcmp.o)
 .bss           0x00000000        0x0 c:/program files (x86)/codesourcery/sourcery g++ lite/bin/../lib/gcc/arm-none-eabi/4.4.1/../../../../arm-none-eabi/lib/thumb2\libc.a(lib_a-memcmp.o)
 .data          0x00000000        0x0 c:/program files (x86)/codesourcery/sourcery g++ lite/bin/../lib/gcc/arm-none-eabi/4.4.1/../../../../arm-none-eabi/lib/thumb2\libc.a(lib_a-memcpy.o)
 .bss           0x00000000        0x0 c:/program files (x86)/codesourcery/sourcery g++ lite/bin/../lib/gcc/arm-none-eabi/4.4.1/../../../../arm-none-eabi/lib/thumb2\libc.a(lib_a-memcpy.o)
 .data          0x00000000        0x0 c:/program files (x86)/codesourcery/sourcery g++ lite/bin/../lib/gcc/arm-none-eabi/4.4.1/../../../../arm-none-eabi/lib/thumb2\libc.a(lib_a-memset.o)
 .bss           0x00000000        0x0 c:/program files (x86)/codesourcery/sourcery g++ lite/bin/../lib/gcc/arm-none-eabi/4.4.1/../../../../arm-none-eabi/lib/thumb2\libc.a(lib_a-memset.o)
 .data          0x00000000        0x0 c:/program files (x86)/codesourcery/sourcery g++ lite/bin/../lib/gcc/arm-none-eabi/4.4.1/../../../../arm-none-eabi/lib/thumb2\libc.a(lib_a-strcat.o)
 .bss           0x00000000        0x0 c:/program files (x86)/codesourcery/sourcery g++ lite/bin/../lib/gcc/arm-none-eabi/4.4.1/../../../../arm-none-eabi/lib/thumb2\libc.a(lib_a-strcat.o)
 .data          0x00000000        0x0 c:/program files (x86)/codesourcery/sourcery g++ lite/bin/../lib/gcc/arm-none-eabi/4.4.1/../../../../arm-none-eabi/lib/thumb2\libc.a(lib_a-strcpy.o)
 .bss           0x00000000        0x0 c:/program files (x86)/codesourcery/sourcery g++ lite/bin/../lib/gcc/arm-none-eabi/4.4.1/../../../../arm-none-eabi/lib/thumb2\libc.a(lib_a-strcpy.o)
 .data          0x00000000        0x0 c:/program files (x86)/codesourcery/sourcery g++ lite/bin/../lib/gcc/arm-none-eabi/4.4.1/../../../../arm-none-eabi/lib/thumb2\libc.a(lib_a-strlen.o)
 .bss           0x00000000        0x0 c:/program files (x86)/codesourcery/sourcery g++ lite/bin/../lib/gcc/arm-none-eabi/4.4.1/../../../../arm-none-eabi/lib/thumb2\libc.a(lib_a-strlen.o)
 .data          0x00000000        0x0 c:/program files (x86)/codesourcery/sourcery g++ lite/bin/../lib/gcc/arm-none-eabi/4.4.1/../../../../arm-none-eabi/lib/thumb2\libc.a(lib_a-strncpy.o)
 .bss           0x00000000        0x0 c:/program files (x86)/codesourcery/sourcery g++ lite/bin/../lib/gcc/arm-none-eabi/4.4.1/../../../../arm-none-eabi/lib/thumb2\libc.a(lib_a-strncpy.o)

Memory Configuration

Name             Origin             Length             Attributes
FLASH            0x00000000         0x00040000         xr
SRAM             0x20000000         0x00010000         xrw
*default*        0x00000000         0xffffffff

Linker script and memory map

LOAD ./Drivers/adc.o
LOAD ./Drivers/can.o
LOAD ./Drivers/comp.o
LOAD ./Drivers/cpu.o
LOAD ./Drivers/epi.o
LOAD ./Drivers/ethernet.o
LOAD ./Drivers/flash.o
LOAD ./Drivers/gpio.o
LOAD ./Drivers/hibernate.o
LOAD ./Drivers/i2c.o
LOAD ./Drivers/i2s.o
LOAD ./Drivers/interrupt.o
LOAD ./Drivers/mpu.o
LOAD ./Drivers/pwm.o
LOAD ./Drivers/qei.o
LOAD ./Drivers/ssi.o
LOAD ./Drivers/sysctl.o
LOAD ./Drivers/systick.o
LOAD ./Drivers/timer.o
LOAD ./Drivers/uart.o
LOAD ./Drivers/udma.o
LOAD ./Drivers/usb.o
LOAD ./Drivers/watchdog.o
LOAD ./API/led.o
LOAD ./API/comport.o
LOAD ./API/buttons.o
LOAD ./API/ustdlib.o
LOAD ./OLEDDisplay/rit128x96x4.o
LOAD ./OLEDDisplay/osram128x64x4.o
LOAD ./OLEDDisplay/formike128x128x16.o
LOAD main.o
LOAD ../../../Source/list.o
LOAD ../../../Source/queue.o
LOAD ../../../Source/tasks.o
LOAD ../../../Source/portable/GCC/ARM_CM3/port.o
LOAD ../../../Source/portable/MemMang/heap_2.o
LOAD startup.o
LOAD ./Drivers/grlib.a
START GROUP
LOAD c:/program files (x86)/codesourcery/sourcery g++ lite/bin/../lib/gcc/arm-none-eabi/4.4.1/thumb2\libgcc.a
LOAD c:/program files (x86)/codesourcery/sourcery g++ lite/bin/../lib/gcc/arm-none-eabi/4.4.1/../../../../arm-none-eabi/lib/thumb2\libc.a
END GROUP

.text           0x00000000     0xa82c
 *(.isr_vector)
 .isr_vector    0x00000000       0xf0 startup.o
                0x00000000                g_pfnVectors
 *(.text*)
 .text          0x000000f0       0x1c ./Drivers/cpu.o
                0x000000f0                CPUcpsid
                0x000000fc                CPUcpsie
                0x00000108                CPUwfi
 .text          0x0000010c      0xce8 ./Drivers/gpio.o
                0x000002a4                GPIODirModeSet
                0x0000032c                GPIODirModeGet
                0x00000390                GPIOIntTypeSet
                0x00000464                GPIOIntTypeGet
                0x000004f4                GPIOPadConfigSet
                0x00000724                GPIOPadConfigGet
                0x00000874                GPIOPinIntEnable
                0x000008a0                GPIOPinIntDisable
                0x000008d0                GPIOPinIntStatus
                0x00000904                GPIOPinIntClear
                0x00000928                GPIOPortIntRegister
                0x00000954                GPIOPortIntUnregister
                0x0000097c                GPIOPinRead
                0x000009a4                GPIOPinWrite
                0x000009d0                GPIOPinTypeADC
                0x00000a04                GPIOPinTypeCAN
                0x00000a38                GPIOPinTypeComparator
                0x00000a6c                GPIOPinTypeGPIOInput
                0x00000aa0                GPIOPinTypeGPIOOutput
                0x00000ad4                GPIOPinTypeGPIOOutputOD
                0x00000b08                GPIOPinTypeI2C
                0x00000b3c                GPIOPinTypePWM
                0x00000b70                GPIOPinTypeQEI
                0x00000ba4                GPIOPinTypeSSI
                0x00000bd8                GPIOPinTypeTimer
                0x00000c0c                GPIOPinTypeUART
                0x00000c40                GPIOPinTypeUSBDigital
                0x00000c74                GPIOPinTypeUSBAnalog
                0x00000ca8                GPIOPinTypeI2S
                0x00000cdc                GPIOPinTypeEthernetLED
                0x00000d10                GPIOPinTypeEPI
                0x00000d44                GPIOPinConfigure
 .text          0x00000df4      0x520 ./Drivers/interrupt.o
                0x00000dfc                IntMasterEnable
                0x00000e10                IntMasterDisable
                0x00000e24                IntRegister
                0x00000eb0                IntUnregister
                0x00000ed8                IntPriorityGroupingSet
                0x00000f0c                IntPriorityGroupingGet
                0x00000f60                IntPrioritySet
                0x00000fd8                IntPriorityGet
                0x00001014                IntEnable
                0x000010ec                IntDisable
                0x000011c4                IntPendSet
                0x0000127c                IntPendClear
 .text          0x00001314      0x388 ./Drivers/ssi.o
                0x00001314                SSIConfigSetExpClk
                0x000013d0                SSIEnable
                0x000013f8                SSIDisable
                0x00001420                SSIIntRegister
                0x0000145c                SSIIntUnregister
                0x00001494                SSIIntEnable
                0x000014c0                SSIIntDisable
                0x000014f0                SSIIntStatus
                0x00001520                SSIIntClear
                0x00001540                SSIDataPut
                0x00001570                SSIDataPutNonBlocking
                0x000015ac                SSIDataGet
                0x000015dc                SSIDataGetNonBlocking
                0x00001618                SSIDMAEnable
                0x00001644                SSIDMADisable
                0x00001674                SSIBusy
 .text          0x0000169c     0x10c4 ./Drivers/sysctl.o
                0x0000169c                SysCtlSRAMSizeGet
                0x000016c4                SysCtlFlashSizeGet
                0x000016ec                SysCtlPinPresent
                0x00001720                SysCtlPeripheralPresent
                0x000017a0                SysCtlPeripheralReset
                0x00001858                SysCtlPeripheralEnable
                0x000018b0                SysCtlPeripheralDisable
                0x0000190c                SysCtlPeripheralSleepEnable
                0x00001964                SysCtlPeripheralSleepDisable
                0x000019c0                SysCtlPeripheralDeepSleepEnable
                0x00001a18                SysCtlPeripheralDeepSleepDisable
                0x00001a74                SysCtlPeripheralClockGating
                0x00001ac0                SysCtlIntRegister
                0x00001ae4                SysCtlIntUnregister
                0x00001afc                SysCtlIntEnable
                0x00001b28                SysCtlIntDisable
                0x00001b58                SysCtlIntClear
                0x00001b78                SysCtlIntStatus
                0x00001bac                SysCtlLDOSet
                0x00001bcc                SysCtlLDOGet
                0x00001be4                SysCtlLDOConfigSet
                0x00001c04                SysCtlReset
                0x00001c1c                SysCtlSleep
                0x00001c28                SysCtlDeepSleep
                0x00001c64                SysCtlResetCauseGet
                0x00001c7c                SysCtlResetCauseClear
                0x00001cac                SysCtlBrownOutConfigSet
                0x00001cd8                SysCtlDelay
                0x00001ce0                SysCtlClockSet
                0x00001f78                SysCtlClockGet
                0x00002304                SysCtlPWMClockSet
                0x00002334                SysCtlPWMClockGet
                0x00002368                SysCtlADCSpeedSet
                0x000023b8                SysCtlADCSpeedGet
                0x000023d4                SysCtlIOSCVerificationSet
                0x00002420                SysCtlMOSCVerificationSet
                0x0000246c                SysCtlPLLVerificationSet
                0x000024b8                SysCtlClkVerificationClear
                0x000024e0                SysCtlGPIOAHBEnable
                0x00002514                SysCtlGPIOAHBDisable
                0x0000254c                SysCtlUSBPLLEnable
                0x00002570                SysCtlUSBPLLDisable
                0x00002594                SysCtlI2SMClkSet
 .text          0x00002760      0x83c ./Drivers/uart.o
                0x00002760                UARTParityModeSet
                0x00002790                UARTParityModeGet
                0x000027b0                UARTFIFOLevelSet
                0x000027d8                UARTFIFOLevelGet
                0x0000280c                UARTConfigSetExpClk
                0x000028b4                UARTConfigGetExpClk
                0x00002924                UARTEnable
                0x00002964                UARTDisable
                0x000029b4                UARTFIFOEnable
                0x000029dc                UARTFIFODisable
                0x00002a04                UARTEnableSIR
                0x00002a4c                UARTDisableSIR
                0x00002a74                UARTSmartCardEnable
                0x00002ac0                UARTSmartCardDisable
                0x00002ae8                UARTModemControlSet
                0x00002b20                UARTModemControlClear
                0x00002b5c                UARTModemControlGet
                0x00002b7c                UARTModemStatusGet
                0x00002ba4                UARTFlowControlSet
                0x00002bd4                UARTFlowControlGet
                0x00002bf4                UARTTxIntModeSet
                0x00002c24                UARTTxIntModeGet
                0x00002c44                UARTCharsAvail
                0x00002c6c                UARTSpaceAvail
                0x00002c94                UARTCharGetNonBlocking
                0x00002cc4                UARTCharGet
                0x00002cec                UARTCharPutNonBlocking
                0x00002d24                UARTCharPut
                0x00002d50                UARTBreakCtl
                0x00002d90                UARTBusy
                0x00002db8                UARTIntRegister
                0x00002e08                UARTIntUnregister
                0x00002e54                UARTIntEnable
                0x00002e80                UARTIntDisable
                0x00002eb0                UARTIntStatus
                0x00002ee0                UARTIntClear
                0x00002f00                UARTDMAEnable
                0x00002f2c                UARTDMADisable
                0x00002f5c                UARTRxErrorGet
                0x00002f7c                UARTRxErrorClear
 .text          0x00002f9c       0xa8 ./API/led.o
                0x00002ffc                ledSwitch
 .text          0x00003044      0x14c ./API/comport.o
                0x000030a8                xComOpen
                0x000030ec                vComWrite
                0x00003104                vComRead
                0x0000311c                xComGetChar
                0x00003140                vComPutChar
                0x00003168                xComWaitForSemaphore
                0x0000317c                vComClose
 .text          0x00003190      0x564 ./API/ustdlib.o
                0x00003190                uvsnprintf
                0x0000368c                usprintf
                0x000036c0                usnprintf
 .text          0x000036f4      0x808 ./OLEDDisplay/rit128x96x4.o
                0x00003808                RIT128x96x4Clear
                0x0000389c                RIT128x96x4StringDraw
                0x00003a80                RIT128x96x4ImageDraw
                0x00003b6c                RIT128x96x4Enable
                0x00003c08                RIT128x96x4Disable
                0x00003c84                RIT128x96x4Init
                0x00003e88                RIT128x96x4DisplayOn
                0x00003ee4                RIT128x96x4DisplayOff
 .text          0x00003efc      0x6f0 ./OLEDDisplay/osram128x64x4.o
                0x00003fec                OSRAM128x64x4Clear
                0x00004068                OSRAM128x64x4StringDraw
                0x0000424c                OSRAM128x64x4ImageDraw
                0x00004338                OSRAM128x64x4Enable
                0x000043d4                OSRAM128x64x4Disable
                0x00004454                OSRAM128x64x4Init
                0x00004578                OSRAM128x64x4DisplayOn
                0x000045d4                OSRAM128x64x4DisplayOff
 .text          0x000045ec      0xa1c ./OLEDDisplay/formike128x128x16.o
                0x00004680                Formike128x128x16Init
                0x000048e8                Formike128x128x16BacklightOn
                0x00004900                Formike128x128x16BacklightOff
                0x00004e50                vFormike128x128x16Clear
                0x00004ec8                vFormike128x128x16StringDraw
                0x00004f28                vFormike128x128x16Init
                0x00004fe0                vFormike128x128x16ImageDraw
 .text          0x00005008      0x470 main.o
                0x00005008                vUARTTask
                0x00005084                vLEDTask
                0x000050b0                main
                0x000053f4                vTaskRefresh
                0x0000546c                vApplicationStackOverflowHook
 .text          0x00005478      0x17c ../../../Source/list.o
                0x00005478                vListInitialise
                0x000054c0                vListInitialiseItem
                0x000054dc                vListInsertEnd
                0x0000552c                vListInsert
                0x000055a0                vListRemove
 .text          0x000055f4      0x984 ../../../Source/queue.o
                0x000055f4                xQueueCreate
                0x000056c0                xQueueCreateMutex
                0x00005758                xQueueGiveMutexRecursive
                0x000057b0                xQueueTakeMutexRecursive
                0x00005810                xQueueGenericSend
                0x00005930                xQueueGenericSendFromISR
                0x000059c8                xQueueGenericReceive
                0x00005b58                xQueueReceiveFromISR
                0x00005bf4                uxQueueMessagesWaiting
                0x00005c18                uxQueueMessagesWaitingFromISR
                0x00005c34                vQueueDelete
                0x00005e44                xQueueIsQueueEmptyFromISR
                0x00005e98                xQueueIsQueueFullFromISR
                0x00005ec0                vQueueAddToRegistry
 .text          0x00005f78     0x172c ../../../Source/tasks.o
                0x00005f78                xTaskGenericCreate
                0x00006128                vTaskDelete
                0x000061e8                vTaskDelayUntil
                0x000062fc                vTaskDelay
                0x000063b4                uxTaskPriorityGet
                0x000063ec                vTaskPrioritySet
                0x0000651c                vTaskSuspend
                0x000065a0                xTaskIsTaskSuspended
                0x000065f0                vTaskResume
                0x0000669c                xTaskResumeFromISR
                0x0000675c                vTaskStartScheduler
                0x000067d4                vTaskEndScheduler
                0x000067f8                vTaskSuspendAll
                0x0000681c                xTaskResumeAll
                0x0000697c                xTaskGetTickCount
                0x000069a4                uxTaskGetNumberOfTasks
                0x000069bc                vTaskList
                0x00006aec                vTaskStartTrace
                0x00006b40                ulTaskEndTrace
                0x00006b84                vTaskIncrementTick
                0x00006cc0                vTaskSwitchContext
                0x00006ed8                vTaskPlaceOnEventList
                0x00006fac                xTaskRemoveFromEventList
                0x00007080                vTaskSetTimeOutState
                0x000070b0                xTaskCheckForTimeOut
                0x00007158                vTaskMissedYield
                0x000074c0                uxTaskGetStackHighWaterMark
                0x0000751c                xTaskGetCurrentTaskHandle
                0x0000753c                vTaskPriorityInherit
                0x00007614                vTaskPriorityDisinherit
 .text          0x000076a4      0x208 ../../../Source/portable/GCC/ARM_CM3/port.o
                0x000076a4                pxPortInitialiseStack
                0x00007704                vPortSVCHandler
                0x00007724                vPortStartFirstTask
                0x00007730                xPortStartScheduler
                0x00007784                vPortEndScheduler
                0x00007790                vPortYieldFromISR
                0x000077a8                vPortEnterCritical
                0x000077d4                vPortExitCritical
                0x0000780c                xPortPendSVHandler
                0x00007848                xPortSysTickHandler
 .text          0x000078ac      0x270 ../../../Source/portable/MemMang/heap_2.o
                0x000078ac                pvPortMalloc
                0x00007a70                vPortFree
                0x00007af8                xPortGetFreeHeapSize
                0x00007b10                vPortInitialiseBlocks
 .text          0x00007b1c       0x8c startup.o
                0x00007b28                uipprintf
                0x00007b34                ResetISR
 .text.GrContextInit
                0x00007ba8       0x24 ./Drivers/grlib.a(context.o)
                0x00007ba8                GrContextInit
 .text.GrImageDraw
                0x00007bcc      0x37c ./Drivers/grlib.a(image.o)
                0x00007bcc                GrImageDraw
 .text.GrRectFill
                0x00007f48       0xb4 ./Drivers/grlib.a(rectangle.o)
                0x00007f48                GrRectFill
 .text.GrStringDraw
                0x00007ffc      0x34c ./Drivers/grlib.a(string.o)
                0x00007ffc                GrStringDraw
 .text.GrLineDrawH
                0x00008348       0x58 ./Drivers/grlib.a(line.o)
                0x00008348                GrLineDrawH
 .text          0x000083a0       0x64 c:/program files (x86)/codesourcery/sourcery g++ lite/bin/../lib/gcc/arm-none-eabi/4.4.1/../../../../arm-none-eabi/lib/thumb2\libc.a(lib_a-memcmp.o)
                0x000083a0                memcmp
 .text          0x00008404      0x190 c:/program files (x86)/codesourcery/sourcery g++ lite/bin/../lib/gcc/arm-none-eabi/4.4.1/../../../../arm-none-eabi/lib/thumb2\libc.a(lib_a-memcpy.o)
                0x00008404                memcpy
 .text          0x00008594       0xd4 c:/program files (x86)/codesourcery/sourcery g++ lite/bin/../lib/gcc/arm-none-eabi/4.4.1/../../../../arm-none-eabi/lib/thumb2\libc.a(lib_a-memset.o)
                0x00008594                memset
 .text          0x00008668       0x48 c:/program files (x86)/codesourcery/sourcery g++ lite/bin/../lib/gcc/arm-none-eabi/4.4.1/../../../../arm-none-eabi/lib/thumb2\libc.a(lib_a-strcat.o)
                0x00008668                strcat
 .text          0x000086b0       0xbc c:/program files (x86)/codesourcery/sourcery g++ lite/bin/../lib/gcc/arm-none-eabi/4.4.1/../../../../arm-none-eabi/lib/thumb2\libc.a(lib_a-strcpy.o)
                0x000086b0                strcpy
 .text          0x0000876c       0x60 c:/program files (x86)/codesourcery/sourcery g++ lite/bin/../lib/gcc/arm-none-eabi/4.4.1/../../../../arm-none-eabi/lib/thumb2\libc.a(lib_a-strlen.o)
                0x0000876c                strlen
 .text          0x000087cc       0x78 c:/program files (x86)/codesourcery/sourcery g++ lite/bin/../lib/gcc/arm-none-eabi/4.4.1/../../../../arm-none-eabi/lib/thumb2\libc.a(lib_a-strncpy.o)
                0x000087cc                strncpy
 *(.rodata*)
 .rodata.g_pulGPIOBaseAddrs
                0x00008844       0x48 ./Drivers/gpio.o
 .rodata.g_pulPriority
                0x0000888c       0x20 ./Drivers/interrupt.o
 .rodata.g_pulRegs
                0x000088ac       0x48 ./Drivers/interrupt.o
 .rodata.g_pulDCRegs
                0x000088f4       0x10 ./Drivers/sysctl.o
 .rodata.g_pulSRCRRegs
                0x00008904        0xc ./Drivers/sysctl.o
 .rodata.g_pulRCGCRegs
                0x00008910        0xc ./Drivers/sysctl.o
 .rodata.g_pulSCGCRegs
                0x0000891c        0xc ./Drivers/sysctl.o
 .rodata.g_pulDCGCRegs
                0x00008928        0xc ./Drivers/sysctl.o
 .rodata.g_pulXtals
                0x00008934       0x5c ./Drivers/sysctl.o
 .rodata        0x00008990       0x1c ./API/ustdlib.o
 .rodata.g_pcHex
                0x000089ac        0x4 ./API/ustdlib.o
 .rodata.g_pucRIT128x96x4VerticalInc
                0x000089b0        0x4 ./OLEDDisplay/rit128x96x4.o
 .rodata.g_pucRIT128x96x4HorizontalInc
                0x000089b4        0x4 ./OLEDDisplay/rit128x96x4.o
 .rodata.g_pucFont
                0x000089b8      0x1e0 ./OLEDDisplay/rit128x96x4.o
 .rodata.g_pucRIT128x96x4Init
                0x00008b98       0x50 ./OLEDDisplay/rit128x96x4.o
 .rodata.pucCommand1.1758
                0x00008be8        0x4 ./OLEDDisplay/rit128x96x4.o
 .rodata.pucCommand1.1572
                0x00008bec        0x4 ./OLEDDisplay/rit128x96x4.o
 .rodata.pucCommand2.1573
                0x00008bf0        0x4 ./OLEDDisplay/rit128x96x4.o
 .rodata.g_pucOSRAM128x64x4VerticalInc
                0x00008bf4        0x4 ./OLEDDisplay/osram128x64x4.o
 .rodata.g_pucOSRAM128x64x4HorizontalInc
                0x00008bf8        0x4 ./OLEDDisplay/osram128x64x4.o
 .rodata.g_pucFont
                0x00008bfc      0x1e0 ./OLEDDisplay/osram128x64x4.o
 .rodata.g_pucOSRAM128x64x4Init
                0x00008ddc       0x50 ./OLEDDisplay/osram128x64x4.o
 .rodata.pucCommand1.1718
                0x00008e2c        0x4 ./OLEDDisplay/osram128x64x4.o
 .rodata.pucCommand1.1559
                0x00008e30        0x4 ./OLEDDisplay/osram128x64x4.o
 .rodata.pucCommand2.1560
                0x00008e34        0x4 ./OLEDDisplay/osram128x64x4.o
 .rodata.g_sFormike128x128x16
                0x00008e38       0x28 ./OLEDDisplay/formike128x128x16.o
                0x00008e38                g_sFormike128x128x16
 .rodata        0x00008e60       0x14 ./OLEDDisplay/formike128x128x16.o
 .rodata.C.4.2343
                0x00008e74        0x8 ./OLEDDisplay/formike128x128x16.o
 .rodata.pucBasicBitmap
                0x00008e7c      0xc84 main.o
                0x00008e7c                pucBasicBitmap
 .rodata.pucGrLibBitmap
                0x00009b00      0x6a8 main.o
                0x00009b00                pucGrLibBitmap
 .rodata        0x0000a1a8       0x6c main.o
 .rodata.pcWelcomeMessage
                0x0000a214        0x4 main.o
                0x0000a214                pcWelcomeMessage
 .rodata        0x0000a218       0x20 ../../../Source/tasks.o
 .rodata.ucExpectedStackBytes.3394
                0x0000a238       0x14 ../../../Source/tasks.o
 .rodata.heapSTRUCT_SIZE
                0x0000a24c        0x2 ../../../Source/portable/MemMang/heap_2.o
 *fill*         0x0000a24e        0x2 00
 .rodata.g_sFontCmss12
                0x0000a250       0xc8 ./Drivers/grlib.a(fontcmss12.o)
                0x0000a250                g_sFontCmss12
 .rodata.g_pucCmss12Data
                0x0000a318      0x514 ./Drivers/grlib.a(fontcmss12.o)
                0x0000a82c                _etext = .

.glue_7         0x0000a82c        0x0
 .glue_7        0x00000000        0x0 linker stubs

.glue_7t        0x0000a82c        0x0
 .glue_7t       0x00000000        0x0 linker stubs

.vfp11_veneer   0x0000a82c        0x0
 .vfp11_veneer  0x00000000        0x0 linker stubs

.v4_bx          0x0000a82c        0x0
 .v4_bx         0x00000000        0x0 linker stubs

.data           0x20000000        0x8 load address 0x0000a82c
                0x20000000                _data = .
 *(vtable)
 *(.data*)
 .data.uxPreviousTask
                0x20000000        0x4 ../../../Source/tasks.o
 .data.uxCriticalNesting
                0x20000004        0x4 ../../../Source/portable/GCC/ARM_CM3/port.o
                0x20000008                _edata = .

.cs3.region-head.ram
                0x20000008      0x11c load address 0x0000a834
 .cs3.region-head.ram
                0x20000008      0x11c ./Drivers/interrupt.o

.bss            0x20000128     0x61e4 load address 0x0000a954
                0x20000128                _bss = .
 *(.bss*)
 .bss.isInitialized
                0x20000128        0x1 ./API/led.o
 .bss.isInitialized
                0x20000129        0x1 ./API/comport.o
 *fill*         0x2000012a        0x2 00
 .bss.ulGPIOId  0x2000012c        0x4 ./OLEDDisplay/rit128x96x4.o
                0x2000012c                ulGPIOId
 .bss.ulGPIOBase
                0x20000130        0x4 ./OLEDDisplay/rit128x96x4.o
                0x20000130                ulGPIOBase
 .bss.ulOLEDDC_PIN
                0x20000134        0x4 ./OLEDDisplay/rit128x96x4.o
                0x20000134                ulOLEDDC_PIN
 .bss.ulOLEDEN_PIN
                0x20000138        0x4 ./OLEDDisplay/rit128x96x4.o
                0x20000138                ulOLEDEN_PIN
 .bss.g_bSSIEnabled
                0x2000013c        0x1 ./OLEDDisplay/rit128x96x4.o
 *fill*         0x2000013d        0x3 00
 .bss.g_pucBuffer
                0x20000140        0x8 ./OLEDDisplay/rit128x96x4.o
 .bss.g_bSSIEnabled
                0x20000148        0x1 ./OLEDDisplay/osram128x64x4.o
 *fill*         0x20000149        0x3 00
 .bss.pucBuffer.1644
                0x2000014c        0x8 ./OLEDDisplay/osram128x64x4.o
 .bss.pucBuffer.1576
                0x20000154        0x8 ./OLEDDisplay/osram128x64x4.o
 .bss.pucZeroBuffer.1563
                0x2000015c        0x8 ./OLEDDisplay/osram128x64x4.o
 .bss.sContext  0x20000164       0x1c ./OLEDDisplay/formike128x128x16.o
 .bss.cMessage.3058
                0x20000180       0x1c main.o
 .bss.pxCurrentTCB
                0x2000019c        0x4 ../../../Source/tasks.o
                0x2000019c                pxCurrentTCB
 .bss.pxReadyTasksLists
                0x200001a0       0x64 ../../../Source/tasks.o
 .bss.xDelayedTaskList1
                0x20000204       0x14 ../../../Source/tasks.o
 .bss.xDelayedTaskList2
                0x20000218       0x14 ../../../Source/tasks.o
 .bss.pxDelayedTaskList
                0x2000022c        0x4 ../../../Source/tasks.o
 .bss.pxOverflowDelayedTaskList
                0x20000230        0x4 ../../../Source/tasks.o
 .bss.xPendingReadyList
                0x20000234       0x14 ../../../Source/tasks.o
 .bss.xTasksWaitingTermination
                0x20000248       0x14 ../../../Source/tasks.o
 .bss.uxTasksDeleted
                0x2000025c        0x4 ../../../Source/tasks.o
 .bss.xSuspendedTaskList
                0x20000260       0x14 ../../../Source/tasks.o
 .bss.uxCurrentNumberOfTasks
                0x20000274        0x4 ../../../Source/tasks.o
 .bss.xTickCount
                0x20000278        0x4 ../../../Source/tasks.o
 .bss.uxTopUsedPriority
                0x2000027c        0x4 ../../../Source/tasks.o
 .bss.uxTopReadyPriority
                0x20000280        0x4 ../../../Source/tasks.o
 .bss.xSchedulerRunning
                0x20000284        0x4 ../../../Source/tasks.o
 .bss.uxSchedulerSuspended
                0x20000288        0x4 ../../../Source/tasks.o
 .bss.uxMissedTicks
                0x2000028c        0x4 ../../../Source/tasks.o
 .bss.xMissedYield
                0x20000290        0x4 ../../../Source/tasks.o
 .bss.xNumOfOverflows
                0x20000294        0x4 ../../../Source/tasks.o
 .bss.uxTaskNumber
                0x20000298        0x4 ../../../Source/tasks.o
 .bss.pcTraceBuffer
                0x2000029c        0x4 ../../../Source/tasks.o
 .bss.pcTraceBufferStart
                0x200002a0        0x4 ../../../Source/tasks.o
 .bss.pcTraceBufferEnd
                0x200002a4        0x4 ../../../Source/tasks.o
 .bss.xTracing  0x200002a8        0x4 ../../../Source/tasks.o
 .bss.pcStatusString
                0x200002ac       0x34 ../../../Source/tasks.o
 .bss.xHeap     0x200002e0     0x5dc0 ../../../Source/portable/MemMang/heap_2.o
 .bss.xStart    0x200060a0        0x8 ../../../Source/portable/MemMang/heap_2.o
 .bss.xEnd      0x200060a8        0x8 ../../../Source/portable/MemMang/heap_2.o
 .bss.xFreeBytesRemaining
                0x200060b0        0x4 ../../../Source/portable/MemMang/heap_2.o
 .bss.xHeapHasBeenInitialised.1974
                0x200060b4        0x4 ../../../Source/portable/MemMang/heap_2.o
 .bss.pulStack  0x200060b8      0x1e0 startup.o
 .bss.g_pucDictionary
                0x20006298       0x20 ./Drivers/grlib.a(image.o)
 *(COMMON)
 COMMON         0x200062b8        0x4 main.o
                0x200062b8                xOLEDQueue
 COMMON         0x200062bc       0x50 ../../../Source/queue.o
                0x200062bc                xQueueRegistry
                0x2000630c                _ebss = .
OUTPUT(RTOSDemo.axf elf32-littlearm)

.debug_abbrev   0x00000000     0x2427
 .debug_abbrev  0x00000000       0xf3 ./Drivers/adc.o
 .debug_abbrev  0x000000f3      0x154 ./Drivers/can.o
 .debug_abbrev  0x00000247       0xcf ./Drivers/comp.o
 .debug_abbrev  0x00000316       0x5c ./Drivers/cpu.o
 .debug_abbrev  0x00000372       0xc5 ./Drivers/epi.o
 .debug_abbrev  0x00000437      0x115 ./Drivers/ethernet.o
 .debug_abbrev  0x0000054c      0x15e ./Drivers/flash.o
 .debug_abbrev  0x000006aa       0xf8 ./Drivers/gpio.o
 .debug_abbrev  0x000007a2      0x100 ./Drivers/hibernate.o
 .debug_abbrev  0x000008a2       0xd6 ./Drivers/i2c.o
 .debug_abbrev  0x00000978       0xde ./Drivers/i2s.o
 .debug_abbrev  0x00000a56      0x10b ./Drivers/interrupt.o
 .debug_abbrev  0x00000b61       0xbc ./Drivers/mpu.o
 .debug_abbrev  0x00000c1d       0xc5 ./Drivers/pwm.o
 .debug_abbrev  0x00000ce2       0xde ./Drivers/qei.o
 .debug_abbrev  0x00000dc0       0xd6 ./Drivers/ssi.o
 .debug_abbrev  0x00000e96      0x11c ./Drivers/sysctl.o
 .debug_abbrev  0x00000fb2       0x81 ./Drivers/systick.o
 .debug_abbrev  0x00001033       0xb6 ./Drivers/timer.o
 .debug_abbrev  0x000010e9       0xed ./Drivers/uart.o
 .debug_abbrev  0x000011d6      0x150 ./Drivers/udma.o
 .debug_abbrev  0x00001326      0x100 ./Drivers/usb.o
 .debug_abbrev  0x00001426       0xcf ./Drivers/watchdog.o
 .debug_abbrev  0x000014f5       0x74 ./API/led.o
 .debug_abbrev  0x00001569       0xba ./API/comport.o
 .debug_abbrev  0x00001623       0xdc ./API/buttons.o
 .debug_abbrev  0x000016ff       0xfc ./API/ustdlib.o
 .debug_abbrev  0x000017fb       0xd7 ./OLEDDisplay/rit128x96x4.o
 .debug_abbrev  0x000018d2       0xc6 ./OLEDDisplay/osram128x64x4.o
 .debug_abbrev  0x00001998      0x1dd ./OLEDDisplay/formike128x128x16.o
 .debug_abbrev  0x00001b75      0x17d main.o
 .debug_abbrev  0x00001cf2       0xc8 ../../../Source/list.o
 .debug_abbrev  0x00001dba      0x16d ../../../Source/queue.o
 .debug_abbrev  0x00001f27      0x181 ../../../Source/tasks.o
 .debug_abbrev  0x000020a8      0x11a ../../../Source/portable/GCC/ARM_CM3/port.o
 .debug_abbrev  0x000021c2      0x165 ../../../Source/portable/MemMang/heap_2.o
 .debug_abbrev  0x00002327      0x100 startup.o

.debug_info     0x00000000     0xc3f0
 .debug_info    0x00000000      0x8cf ./Drivers/adc.o
 .debug_info    0x000008cf      0x98d ./Drivers/can.o
 .debug_info    0x0000125c      0x26b ./Drivers/comp.o
 .debug_info    0x000014c7       0x92 ./Drivers/cpu.o
 .debug_info    0x00001559      0x650 ./Drivers/epi.o
 .debug_info    0x00001ba9      0x666 ./Drivers/ethernet.o
 .debug_info    0x0000220f      0x3f7 ./Drivers/flash.o
 .debug_info    0x00002606      0x8d9 ./Drivers/gpio.o
 .debug_info    0x00002edf      0x44b ./Drivers/hibernate.o
 .debug_info    0x0000332a      0x67d ./Drivers/i2c.o
 .debug_info    0x000039a7      0x593 ./Drivers/i2s.o
 .debug_info    0x00003f3a      0x303 ./Drivers/interrupt.o
 .debug_info    0x0000423d      0x1b8 ./Drivers/mpu.o
 .debug_info    0x000043f5      0x94c ./Drivers/pwm.o
 .debug_info    0x00004d41      0x3cb ./Drivers/qei.o
 .debug_info    0x0000510c      0x445 ./Drivers/ssi.o
 .debug_info    0x00005551      0x7e8 ./Drivers/sysctl.o
 .debug_info    0x00005d39      0x127 ./Drivers/systick.o
 .debug_info    0x00005e60      0x681 ./Drivers/timer.o
 .debug_info    0x000064e1      0x913 ./Drivers/uart.o
 .debug_info    0x00006df4      0x4cd ./Drivers/udma.o
 .debug_info    0x000072c1     0x104a ./Drivers/usb.o
 .debug_info    0x0000830b      0x340 ./Drivers/watchdog.o
 .debug_info    0x0000864b       0x85 ./API/led.o
 .debug_info    0x000086d0      0x3be ./API/comport.o
 .debug_info    0x00008a8e      0x114 ./API/buttons.o
 .debug_info    0x00008ba2      0x263 ./API/ustdlib.o
 .debug_info    0x00008e05      0x453 ./OLEDDisplay/rit128x96x4.o
 .debug_info    0x00009258      0x430 ./OLEDDisplay/osram128x64x4.o
 .debug_info    0x00009688      0x870 ./OLEDDisplay/formike128x128x16.o
 .debug_info    0x00009ef8      0x402 main.o
 .debug_info    0x0000a2fa      0x2ad ../../../Source/list.o
 .debug_info    0x0000a5a7      0x8b5 ../../../Source/queue.o
 .debug_info    0x0000ae5c      0xf9c ../../../Source/tasks.o
 .debug_info    0x0000bdf8      0x1cb ../../../Source/portable/GCC/ARM_CM3/port.o
 .debug_info    0x0000bfc3      0x2b6 ../../../Source/portable/MemMang/heap_2.o
 .debug_info    0x0000c279      0x177 startup.o

.debug_line     0x00000000     0x2cce
 .debug_line    0x00000000      0x188 ./Drivers/adc.o
 .debug_line    0x00000188      0x230 ./Drivers/can.o
 .debug_line    0x000003b8       0x93 ./Drivers/comp.o
 .debug_line    0x0000044b       0x4f ./Drivers/cpu.o
 .debug_line    0x0000049a      0x121 ./Drivers/epi.o
 .debug_line    0x000005bb      0x16a ./Drivers/ethernet.o
 .debug_line    0x00000725      0x136 ./Drivers/flash.o
 .debug_line    0x0000085b      0x1c9 ./Drivers/gpio.o
 .debug_line    0x00000a24      0x118 ./Drivers/hibernate.o
 .debug_line    0x00000b3c      0x13e ./Drivers/i2c.o
 .debug_line    0x00000c7a      0x124 ./Drivers/i2s.o
 .debug_line    0x00000d9e       0xdc ./Drivers/interrupt.o
 .debug_line    0x00000e7a       0x7c ./Drivers/mpu.o
 .debug_line    0x00000ef6      0x177 ./Drivers/pwm.o
 .debug_line    0x0000106d       0xc7 ./Drivers/qei.o
 .debug_line    0x00001134       0xd3 ./Drivers/ssi.o
 .debug_line    0x00001207      0x25d ./Drivers/sysctl.o
 .debug_line    0x00001464       0x6f ./Drivers/systick.o
 .debug_line    0x000014d3      0x155 ./Drivers/timer.o
 .debug_line    0x00001628      0x18f ./Drivers/uart.o
 .debug_line    0x000017b7      0x10e ./Drivers/udma.o
 .debug_line    0x000018c5      0x343 ./Drivers/usb.o
 .debug_line    0x00001c08       0xc8 ./Drivers/watchdog.o
 .debug_line    0x00001cd0       0x62 ./API/led.o
 .debug_line    0x00001d32       0xb5 ./API/comport.o
 .debug_line    0x00001de7       0x69 ./API/buttons.o
 .debug_line    0x00001e50      0x148 ./API/ustdlib.o
 .debug_line    0x00001f98      0x134 ./OLEDDisplay/rit128x96x4.o
 .debug_line    0x000020cc      0x125 ./OLEDDisplay/osram128x64x4.o
 .debug_line    0x000021f1      0x172 ./OLEDDisplay/formike128x128x16.o
 .debug_line    0x00002363      0x12e main.o
 .debug_line    0x00002491       0xdd ../../../Source/list.o
 .debug_line    0x0000256e      0x283 ../../../Source/queue.o
 .debug_line    0x000027f1      0x2d5 ../../../Source/tasks.o
 .debug_line    0x00002ac6       0xbb ../../../Source/portable/GCC/ARM_CM3/port.o
 .debug_line    0x00002b81       0xf8 ../../../Source/portable/MemMang/heap_2.o
 .debug_line    0x00002c79       0x55 startup.o

.debug_frame    0x00000000     0x5180
 .debug_frame   0x00000000      0x37c ./Drivers/adc.o
 .debug_frame   0x0000037c      0x30c ./Drivers/can.o
 .debug_frame   0x00000688      0x114 ./Drivers/comp.o
 .debug_frame   0x0000079c       0x40 ./Drivers/cpu.o
 .debug_frame   0x000007dc      0x29c ./Drivers/epi.o
 .debug_frame   0x00000a78      0x2ac ./Drivers/ethernet.o
 .debug_frame   0x00000d24      0x1d4 ./Drivers/flash.o
 .debug_frame   0x00000ef8      0x3f8 ./Drivers/gpio.o
 .debug_frame   0x000012f0      0x338 ./Drivers/hibernate.o
 .debug_frame   0x00001628      0x368 ./Drivers/i2c.o
 .debug_frame   0x00001990      0x2f0 ./Drivers/i2s.o
 .debug_frame   0x00001c80      0x17c ./Drivers/interrupt.o
 .debug_frame   0x00001dfc      0x110 ./Drivers/mpu.o
 .debug_frame   0x00001f0c      0x3bc ./Drivers/pwm.o
 .debug_frame   0x000022c8      0x1f4 ./Drivers/qei.o
 .debug_frame   0x000024bc      0x1d8 ./Drivers/ssi.o
 .debug_frame   0x00002694      0x4c0 ./Drivers/sysctl.o
 .debug_frame   0x00002b54      0x110 ./Drivers/systick.o
 .debug_frame   0x00002c64      0x2f4 ./Drivers/timer.o
 .debug_frame   0x00002f58      0x47c ./Drivers/uart.o
 .debug_frame   0x000033d4      0x264 ./Drivers/udma.o
 .debug_frame   0x00003638      0x694 ./Drivers/usb.o
 .debug_frame   0x00003ccc      0x1f4 ./Drivers/watchdog.o
 .debug_frame   0x00003ec0       0x4c ./API/led.o
 .debug_frame   0x00003f0c       0xfc ./API/comport.o
 .debug_frame   0x00004008       0x4c ./API/buttons.o
 .debug_frame   0x00004054       0x84 ./API/ustdlib.o
 .debug_frame   0x000040d8      0x14c ./OLEDDisplay/rit128x96x4.o
 .debug_frame   0x00004224      0x14c ./OLEDDisplay/osram128x64x4.o
 .debug_frame   0x00004370      0x1f8 ./OLEDDisplay/formike128x128x16.o
 .debug_frame   0x00004568       0xe8 main.o
 .debug_frame   0x00004650       0x9c ../../../Source/list.o
 .debug_frame   0x000046ec      0x284 ../../../Source/queue.o
 .debug_frame   0x00004970      0x4c0 ../../../Source/tasks.o
 .debug_frame   0x00004e30      0x124 ../../../Source/portable/GCC/ARM_CM3/port.o
 .debug_frame   0x00004f54       0x88 ../../../Source/portable/MemMang/heap_2.o
 .debug_frame   0x00004fdc       0x7c startup.o
 .debug_frame   0x00005058       0x2c c:/program files (x86)/codesourcery/sourcery g++ lite/bin/../lib/gcc/arm-none-eabi/4.4.1/../../../../arm-none-eabi/lib/thumb2\libc.a(lib_a-memcmp.o)
 .debug_frame   0x00005084       0x38 c:/program files (x86)/codesourcery/sourcery g++ lite/bin/../lib/gcc/arm-none-eabi/4.4.1/../../../../arm-none-eabi/lib/thumb2\libc.a(lib_a-memcpy.o)
 .debug_frame   0x000050bc       0x2c c:/program files (x86)/codesourcery/sourcery g++ lite/bin/../lib/gcc/arm-none-eabi/4.4.1/../../../../arm-none-eabi/lib/thumb2\libc.a(lib_a-memset.o)
 .debug_frame   0x000050e8       0x2c c:/program files (x86)/codesourcery/sourcery g++ lite/bin/../lib/gcc/arm-none-eabi/4.4.1/../../../../arm-none-eabi/lib/thumb2\libc.a(lib_a-strcat.o)
 .debug_frame   0x00005114       0x20 c:/program files (x86)/codesourcery/sourcery g++ lite/bin/../lib/gcc/arm-none-eabi/4.4.1/../../../../arm-none-eabi/lib/thumb2\libc.a(lib_a-strcpy.o)
 .debug_frame   0x00005134       0x20 c:/program files (x86)/codesourcery/sourcery g++ lite/bin/../lib/gcc/arm-none-eabi/4.4.1/../../../../arm-none-eabi/lib/thumb2\libc.a(lib_a-strlen.o)
 .debug_frame   0x00005154       0x2c c:/program files (x86)/codesourcery/sourcery g++ lite/bin/../lib/gcc/arm-none-eabi/4.4.1/../../../../arm-none-eabi/lib/thumb2\libc.a(lib_a-strncpy.o)

.debug_loc      0x00000000     0x8eff
 .debug_loc     0x00000000      0x6a9 ./Drivers/adc.o
 .debug_loc     0x000006a9      0x528 ./Drivers/can.o
 .debug_loc     0x00000bd1      0x1ef ./Drivers/comp.o
 .debug_loc     0x00000dc0      0x4f1 ./Drivers/epi.o
 .debug_loc     0x000012b1      0x4f1 ./Drivers/ethernet.o
 .debug_loc     0x000017a2      0x34c ./Drivers/flash.o
 .debug_loc     0x00001aee      0x717 ./Drivers/gpio.o
 .debug_loc     0x00002205      0x568 ./Drivers/hibernate.o
 .debug_loc     0x0000276d      0x672 ./Drivers/i2c.o
 .debug_loc     0x00002ddf      0x596 ./Drivers/i2s.o
 .debug_loc     0x00003375      0x2a7 ./Drivers/interrupt.o
 .debug_loc     0x0000361c      0x1cb ./Drivers/mpu.o
 .debug_loc     0x000037e7      0x717 ./Drivers/pwm.o
 .debug_loc     0x00003efe      0x3a7 ./Drivers/qei.o
 .debug_loc     0x000042a5      0x370 ./Drivers/ssi.o
 .debug_loc     0x00004615      0x86a ./Drivers/sysctl.o
 .debug_loc     0x00004e7f      0x19b ./Drivers/systick.o
 .debug_loc     0x0000501a      0x596 ./Drivers/timer.o
 .debug_loc     0x000055b0      0x898 ./Drivers/uart.o
 .debug_loc     0x00005e48      0x447 ./Drivers/udma.o
 .debug_loc     0x0000628f      0xcad ./Drivers/usb.o
 .debug_loc     0x00006f3c      0x3a7 ./Drivers/watchdog.o
 .debug_loc     0x000072e3       0x62 ./API/led.o
 .debug_loc     0x00007345      0x1ac ./API/comport.o
 .debug_loc     0x000074f1       0x6e ./API/buttons.o
 .debug_loc     0x0000755f       0xbd ./API/ustdlib.o
 .debug_loc     0x0000761c      0x21a ./OLEDDisplay/rit128x96x4.o
 .debug_loc     0x00007836      0x21a ./OLEDDisplay/osram128x64x4.o
 .debug_loc     0x00007a50      0x358 ./OLEDDisplay/formike128x128x16.o
 .debug_loc     0x00007da8      0x178 main.o
 .debug_loc     0x00007f20      0x113 ../../../Source/list.o
 .debug_loc     0x00008033      0x44c ../../../Source/queue.o
 .debug_loc     0x0000847f      0x7fb ../../../Source/tasks.o
 .debug_loc     0x00008c7a      0x170 ../../../Source/portable/GCC/ARM_CM3/port.o
 .debug_loc     0x00008dea       0xc4 ../../../Source/portable/MemMang/heap_2.o
 .debug_loc     0x00008eae       0x51 startup.o

.debug_pubnames
                0x00000000     0x3a2a
 .debug_pubnames
                0x00000000      0x315 ./Drivers/adc.o
 .debug_pubnames
                0x00000315      0x15c ./Drivers/can.o
 .debug_pubnames
                0x00000471       0xec ./Drivers/comp.o
 .debug_pubnames
                0x0000055d       0x37 ./Drivers/cpu.o
 .debug_pubnames
                0x00000594      0x21d ./Drivers/epi.o
 .debug_pubnames
                0x000007b1      0x1fa ./Drivers/ethernet.o
 .debug_pubnames
                0x000009ab      0x13d ./Drivers/flash.o
 .debug_pubnames
                0x00000ae8      0x2bc ./Drivers/gpio.o
 .debug_pubnames
                0x00000da4      0x2a1 ./Drivers/hibernate.o
 .debug_pubnames
                0x00001045      0x293 ./Drivers/i2c.o
 .debug_pubnames
                0x000012d8      0x217 ./Drivers/i2s.o
 .debug_pubnames
                0x000014ef       0xf6 ./Drivers/interrupt.o
 .debug_pubnames
                0x000015e5       0xb8 ./Drivers/mpu.o
 .debug_pubnames
                0x0000169d      0x2d1 ./Drivers/pwm.o
 .debug_pubnames
                0x0000196e      0x14f ./Drivers/qei.o
 .debug_pubnames
                0x00001abd      0x133 ./Drivers/ssi.o
 .debug_pubnames
                0x00001bf0      0x41f ./Drivers/sysctl.o
 .debug_pubnames
                0x0000200f       0xd0 ./Drivers/systick.o
 .debug_pubnames
                0x000020df      0x224 ./Drivers/timer.o
 .debug_pubnames
                0x00002303      0x346 ./Drivers/uart.o
 .debug_pubnames
                0x00002649      0x210 ./Drivers/udma.o
 .debug_pubnames
                0x00002859      0x521 ./Drivers/usb.o
 .debug_pubnames
                0x00002d7a      0x189 ./Drivers/watchdog.o
 .debug_pubnames
                0x00002f03       0x20 ./API/led.o
 .debug_pubnames
                0x00002f23       0x81 ./API/comport.o
 .debug_pubnames
                0x00002fa4       0x2e ./API/buttons.o
 .debug_pubnames
                0x00002fd2       0x3c ./API/ustdlib.o
 .debug_pubnames
                0x0000300e      0x10c ./OLEDDisplay/rit128x96x4.o
 .debug_pubnames
                0x0000311a       0xde ./OLEDDisplay/osram128x64x4.o
 .debug_pubnames
                0x000031f8      0x100 ./OLEDDisplay/formike128x128x16.o
 .debug_pubnames
                0x000032f8       0xc3 main.o
 .debug_pubnames
                0x000033bb       0x71 ../../../Source/list.o
 .debug_pubnames
                0x0000342c      0x18c ../../../Source/queue.o
 .debug_pubnames
                0x000035b8      0x2c3 ../../../Source/tasks.o
 .debug_pubnames
                0x0000387b      0x10d ../../../Source/portable/GCC/ARM_CM3/port.o
 .debug_pubnames
                0x00003988       0x64 ../../../Source/portable/MemMang/heap_2.o
 .debug_pubnames
                0x000039ec       0x3e startup.o

.debug_aranges  0x00000000      0x4a0
 .debug_aranges
                0x00000000       0x20 ./Drivers/adc.o
 .debug_aranges
                0x00000020       0x20 ./Drivers/can.o
 .debug_aranges
                0x00000040       0x20 ./Drivers/comp.o
 .debug_aranges
                0x00000060       0x20 ./Drivers/cpu.o
 .debug_aranges
                0x00000080       0x20 ./Drivers/epi.o
 .debug_aranges
                0x000000a0       0x20 ./Drivers/ethernet.o
 .debug_aranges
                0x000000c0       0x20 ./Drivers/flash.o
 .debug_aranges
                0x000000e0       0x20 ./Drivers/gpio.o
 .debug_aranges
                0x00000100       0x20 ./Drivers/hibernate.o
 .debug_aranges
                0x00000120       0x20 ./Drivers/i2c.o
 .debug_aranges
                0x00000140       0x20 ./Drivers/i2s.o
 .debug_aranges
                0x00000160       0x20 ./Drivers/interrupt.o
 .debug_aranges
                0x00000180       0x20 ./Drivers/mpu.o
 .debug_aranges
                0x000001a0       0x20 ./Drivers/pwm.o
 .debug_aranges
                0x000001c0       0x20 ./Drivers/qei.o
 .debug_aranges
                0x000001e0       0x20 ./Drivers/ssi.o
 .debug_aranges
                0x00000200       0x20 ./Drivers/sysctl.o
 .debug_aranges
                0x00000220       0x20 ./Drivers/systick.o
 .debug_aranges
                0x00000240       0x20 ./Drivers/timer.o
 .debug_aranges
                0x00000260       0x20 ./Drivers/uart.o
 .debug_aranges
                0x00000280       0x20 ./Drivers/udma.o
 .debug_aranges
                0x000002a0       0x20 ./Drivers/usb.o
 .debug_aranges
                0x000002c0       0x20 ./Drivers/watchdog.o
 .debug_aranges
                0x000002e0       0x20 ./API/led.o
 .debug_aranges
                0x00000300       0x20 ./API/comport.o
 .debug_aranges
                0x00000320       0x20 ./API/buttons.o
 .debug_aranges
                0x00000340       0x20 ./API/ustdlib.o
 .debug_aranges
                0x00000360       0x20 ./OLEDDisplay/rit128x96x4.o
 .debug_aranges
                0x00000380       0x20 ./OLEDDisplay/osram128x64x4.o
 .debug_aranges
                0x000003a0       0x20 ./OLEDDisplay/formike128x128x16.o
 .debug_aranges
                0x000003c0       0x20 main.o
 .debug_aranges
                0x000003e0       0x20 ../../../Source/list.o
 .debug_aranges
                0x00000400       0x20 ../../../Source/queue.o
 .debug_aranges
                0x00000420       0x20 ../../../Source/tasks.o
 .debug_aranges
                0x00000440       0x20 ../../../Source/portable/GCC/ARM_CM3/port.o
 .debug_aranges
                0x00000460       0x20 ../../../Source/portable/MemMang/heap_2.o
 .debug_aranges
                0x00000480       0x20 startup.o

.debug_str      0x00000000     0x4dbf
 .debug_str     0x00000000      0x3dd ./Drivers/adc.o
                                0x40c (size before relaxing)
 .debug_str     0x000003dd      0x494 ./Drivers/can.o
                                0x568 (size before relaxing)
 .debug_str     0x00000871       0x61 ./Drivers/comp.o
                                0x17d (size before relaxing)
 .debug_str     0x000008d2       0x2d ./Drivers/cpu.o
                                 0x9e (size before relaxing)
 .debug_str     0x000008ff      0x249 ./Drivers/epi.o
                                0x31a (size before relaxing)
 .debug_str     0x00000b48      0x222 ./Drivers/ethernet.o
                                0x2ff (size before relaxing)
 .debug_str     0x00000d6a      0x1bb ./Drivers/flash.o
                                0x293 (size before relaxing)
 .debug_str     0x00000f25      0x301 ./Drivers/gpio.o
                                0x3c9 (size before relaxing)
 .debug_str     0x00001226      0x291 ./Drivers/hibernate.o
                                0x354 (size before relaxing)
 .debug_str     0x000014b7      0x257 ./Drivers/i2c.o
                                0x319 (size before relaxing)
 .debug_str     0x0000170e      0x1bc ./Drivers/i2s.o
                                0x28a (size before relaxing)
 .debug_str     0x000018ca       0xf8 ./Drivers/interrupt.o
                                0x1d8 (size before relaxing)
 .debug_str     0x000019c2       0xb6 ./Drivers/mpu.o
                                0x14f (size before relaxing)
 .debug_str     0x00001a78      0x32e ./Drivers/pwm.o
                                0x3f5 (size before relaxing)
 .debug_str     0x00001da6      0x129 ./Drivers/qei.o
                                0x1f7 (size before relaxing)
 .debug_str     0x00001ecf      0x140 ./Drivers/ssi.o
                                0x225 (size before relaxing)
 .debug_str     0x0000200f      0x448 ./Drivers/sysctl.o
                                0x503 (size before relaxing)
 .debug_str     0x00002457       0xac ./Drivers/systick.o
                                0x13f (size before relaxing)
 .debug_str     0x00002503      0x1d7 ./Drivers/timer.o
                                0x2a5 (size before relaxing)
 .debug_str     0x000026da      0x30b ./Drivers/uart.o
                                0x411 (size before relaxing)
 .debug_str     0x000029e5      0x256 ./Drivers/udma.o
                                0x30b (size before relaxing)
 .debug_str     0x00002c3b      0x542 ./Drivers/usb.o
                                0x665 (size before relaxing)
 .debug_str     0x0000317d      0x150 ./Drivers/watchdog.o
                                0x1f2 (size before relaxing)
 .debug_str     0x000032cd       0x28 ./API/led.o
                                 0xa3 (size before relaxing)
 .debug_str     0x000032f5      0x279 ./API/comport.o
                                0x342 (size before relaxing)
 .debug_str     0x0000356e       0x91 ./API/buttons.o
                                0x11a (size before relaxing)
 .debug_str     0x000035ff       0xbb ./API/ustdlib.o
                                0x1a9 (size before relaxing)
 .debug_str     0x000036ba      0x1bf ./OLEDDisplay/rit128x96x4.o
                                0x290 (size before relaxing)
 .debug_str     0x00003879      0x13a ./OLEDDisplay/osram128x64x4.o
                                0x280 (size before relaxing)
 .debug_str     0x000039b3      0x327 ./OLEDDisplay/formike128x128x16.o
                                0x48b (size before relaxing)
 .debug_str     0x00003cda      0x171 main.o
                                0x278 (size before relaxing)
 .debug_str     0x00003e4b      0x135 ../../../Source/list.o
                                0x230 (size before relaxing)
 .debug_str     0x00003f80      0x3ad ../../../Source/queue.o
                                0x57a (size before relaxing)
 .debug_str     0x0000432d      0x78e ../../../Source/tasks.o
                                0x9a0 (size before relaxing)
 .debug_str     0x00004abb      0x133 ../../../Source/portable/GCC/ARM_CM3/port.o
                                0x1ff (size before relaxing)
 .debug_str     0x00004bee      0x161 ../../../Source/portable/MemMang/heap_2.o
                                0x25b (size before relaxing)
 .debug_str     0x00004d4f       0x70 startup.o
                                 0xf8 (size before relaxing)

.comment        0x00000000      0x6de
 .comment       0x00000000       0x2a ./Drivers/adc.o
 .comment       0x0000002a       0x2a ./Drivers/can.o
 .comment       0x00000054       0x2a ./Drivers/comp.o
 .comment       0x0000007e       0x2a ./Drivers/cpu.o
 .comment       0x000000a8       0x2a ./Drivers/epi.o
 .comment       0x000000d2       0x2a ./Drivers/ethernet.o
 .comment       0x000000fc       0x2a ./Drivers/flash.o
 .comment       0x00000126       0x2a ./Drivers/gpio.o
 .comment       0x00000150       0x2a ./Drivers/hibernate.o
 .comment       0x0000017a       0x2a ./Drivers/i2c.o
 .comment       0x000001a4       0x2a ./Drivers/i2s.o
 .comment       0x000001ce       0x2a ./Drivers/interrupt.o
 .comment       0x000001f8       0x2a ./Drivers/mpu.o
 .comment       0x00000222       0x2a ./Drivers/pwm.o
 .comment       0x0000024c       0x2a ./Drivers/qei.o
 .comment       0x00000276       0x2a ./Drivers/ssi.o
 .comment       0x000002a0       0x2a ./Drivers/sysctl.o
 .comment       0x000002ca       0x2a ./Drivers/systick.o
 .comment       0x000002f4       0x2a ./Drivers/timer.o
 .comment       0x0000031e       0x2a ./Drivers/uart.o
 .comment       0x00000348       0x2a ./Drivers/udma.o
 .comment       0x00000372       0x2a ./Drivers/usb.o
 .comment       0x0000039c       0x2a ./Drivers/watchdog.o
 .comment       0x000003c6       0x2a ./API/led.o
 .comment       0x000003f0       0x2a ./API/comport.o
 .comment       0x0000041a       0x2a ./API/buttons.o
 .comment       0x00000444       0x2a ./API/ustdlib.o
 .comment       0x0000046e       0x2a ./OLEDDisplay/rit128x96x4.o
 .comment       0x00000498       0x2a ./OLEDDisplay/osram128x64x4.o
 .comment       0x000004c2       0x2a ./OLEDDisplay/formike128x128x16.o
 .comment       0x000004ec       0x2a main.o
 .comment       0x00000516       0x2a ../../../Source/list.o
 .comment       0x00000540       0x2a ../../../Source/queue.o
 .comment       0x0000056a       0x2a ../../../Source/tasks.o
 .comment       0x00000594       0x2a ../../../Source/portable/GCC/ARM_CM3/port.o
 .comment       0x000005be       0x2a ../../../Source/portable/MemMang/heap_2.o
 .comment       0x000005e8       0x2a startup.o
 .comment       0x00000612       0x22 ./Drivers/grlib.a(context.o)
 .comment       0x00000634       0x22 ./Drivers/grlib.a(fontcmss12.o)
 .comment       0x00000656       0x22 ./Drivers/grlib.a(image.o)
 .comment       0x00000678       0x22 ./Drivers/grlib.a(rectangle.o)
 .comment       0x0000069a       0x22 ./Drivers/grlib.a(string.o)
 .comment       0x000006bc       0x22 ./Drivers/grlib.a(line.o)

.ARM.attributes
                0x00000000       0x31
 .ARM.attributes
                0x00000000       0x31 ./Drivers/adc.o
 .ARM.attributes
                0x00000031       0x31 ./Drivers/can.o
 .ARM.attributes
                0x00000062       0x31 ./Drivers/comp.o
 .ARM.attributes
                0x00000093       0x31 ./Drivers/cpu.o
 .ARM.attributes
                0x000000c4       0x31 ./Drivers/epi.o
 .ARM.attributes
                0x000000f5       0x31 ./Drivers/ethernet.o
 .ARM.attributes
                0x00000126       0x31 ./Drivers/flash.o
 .ARM.attributes
                0x00000157       0x31 ./Drivers/gpio.o
 .ARM.attributes
                0x00000188       0x31 ./Drivers/hibernate.o
 .ARM.attributes
                0x000001b9       0x31 ./Drivers/i2c.o
 .ARM.attributes
                0x000001ea       0x31 ./Drivers/i2s.o
 .ARM.attributes
                0x0000021b       0x31 ./Drivers/interrupt.o
 .ARM.attributes
                0x0000024c       0x31 ./Drivers/mpu.o
 .ARM.attributes
                0x0000027d       0x31 ./Drivers/pwm.o
 .ARM.attributes
                0x000002ae       0x31 ./Drivers/qei.o
 .ARM.attributes
                0x000002df       0x31 ./Drivers/ssi.o
 .ARM.attributes
                0x00000310       0x31 ./Drivers/sysctl.o
 .ARM.attributes
                0x00000341       0x31 ./Drivers/systick.o
 .ARM.attributes
                0x00000372       0x31 ./Drivers/timer.o
 .ARM.attributes
                0x000003a3       0x31 ./Drivers/uart.o
 .ARM.attributes
                0x000003d4       0x31 ./Drivers/udma.o
 .ARM.attributes
                0x00000405       0x31 ./Drivers/usb.o
 .ARM.attributes
                0x00000436       0x31 ./Drivers/watchdog.o
 .ARM.attributes
                0x00000467       0x31 ./API/led.o
 .ARM.attributes
                0x00000498       0x31 ./API/comport.o
 .ARM.attributes
                0x000004c9       0x31 ./API/buttons.o
 .ARM.attributes
                0x000004fa       0x31 ./API/ustdlib.o
 .ARM.attributes
                0x0000052b       0x31 ./OLEDDisplay/rit128x96x4.o
 .ARM.attributes
                0x0000055c       0x31 ./OLEDDisplay/osram128x64x4.o
 .ARM.attributes
                0x0000058d       0x31 ./OLEDDisplay/formike128x128x16.o
 .ARM.attributes
                0x000005be       0x31 main.o
 .ARM.attributes
                0x000005ef       0x31 ../../../Source/list.o
 .ARM.attributes
                0x00000620       0x31 ../../../Source/queue.o
 .ARM.attributes
                0x00000651       0x31 ../../../Source/tasks.o
 .ARM.attributes
                0x00000682       0x31 ../../../Source/portable/GCC/ARM_CM3/port.o
 .ARM.attributes
                0x000006b3       0x31 ../../../Source/portable/MemMang/heap_2.o
 .ARM.attributes
                0x000006e4       0x31 startup.o
 .ARM.attributes
                0x00000715       0x31 ./Drivers/grlib.a(context.o)
 .ARM.attributes
                0x00000746       0x2f ./Drivers/grlib.a(fontcmss12.o)
 .ARM.attributes
                0x00000775       0x31 ./Drivers/grlib.a(image.o)
 .ARM.attributes
                0x000007a6       0x31 ./Drivers/grlib.a(rectangle.o)
 .ARM.attributes
                0x000007d7       0x31 ./Drivers/grlib.a(string.o)
 .ARM.attributes
                0x00000808       0x31 ./Drivers/grlib.a(line.o)
 .ARM.attributes
                0x00000839       0x27 c:/program files (x86)/codesourcery/sourcery g++ lite/bin/../lib/gcc/arm-none-eabi/4.4.1/../../../../arm-none-eabi/lib/thumb2\libc.a(lib_a-memcmp.o)
 .ARM.attributes
                0x00000860       0x27 c:/program files (x86)/codesourcery/sourcery g++ lite/bin/../lib/gcc/arm-none-eabi/4.4.1/../../../../arm-none-eabi/lib/thumb2\libc.a(lib_a-memcpy.o)
 .ARM.attributes
                0x00000887       0x27 c:/program files (x86)/codesourcery/sourcery g++ lite/bin/../lib/gcc/arm-none-eabi/4.4.1/../../../../arm-none-eabi/lib/thumb2\libc.a(lib_a-memset.o)
 .ARM.attributes
                0x000008ae       0x27 c:/program files (x86)/codesourcery/sourcery g++ lite/bin/../lib/gcc/arm-none-eabi/4.4.1/../../../../arm-none-eabi/lib/thumb2\libc.a(lib_a-strcat.o)
 .ARM.attributes
                0x000008d5       0x27 c:/program files (x86)/codesourcery/sourcery g++ lite/bin/../lib/gcc/arm-none-eabi/4.4.1/../../../../arm-none-eabi/lib/thumb2\libc.a(lib_a-strcpy.o)
 .ARM.attributes
                0x000008fc       0x27 c:/program files (x86)/codesourcery/sourcery g++ lite/bin/../lib/gcc/arm-none-eabi/4.4.1/../../../../arm-none-eabi/lib/thumb2\libc.a(lib_a-strlen.o)
 .ARM.attributes
                0x00000923       0x27 c:/program files (x86)/codesourcery/sourcery g++ lite/bin/../lib/gcc/arm-none-eabi/4.4.1/../../../../arm-none-eabi/lib/thumb2\libc.a(lib_a-strncpy.o)
